{'gpuid': [0], 'mixed_precision': False, 'iters_lev0': 6, 'lev0': True, 'flow': True, 'p_siamese': True, 'CNN16': True, 'log_every': 10, 'dataset': 'zod', 'orig_label': False, 'cross_area': False, 'batch_size': 16, 'lr': 0.00035, 'num_steps': 76000, 'scheduler': 'OneCycle', 'loss_w': [0.1, 30.0, 100000.0], 'temperature': 4.0, 'augment': False, 'ori_noise': 45.0, 'orien': True, 'restore_ckpt': None, 'model': None, 'wdecay': 0.0005, 'epsilon': 1e-07, 'clip': 1.0, 'gamma': 0.85, 'name': 'zod_train', 'validation': None, 'image_size': 512, 'zoom': 20, 'IMG_FREQ': 20000, 'SUM_FREQ': 100, 'use_augmentation': True, 'image_area_dg_m': 51.2, 'image_area_zod_m': 100, 'max_translation': 15.0, 'max_rot_deg': 20.0, 'z_range': [-2.5, 3.0], 'BEV_grid_resolution': 0.1, 'lidar_dataset_root': '/work/vita/datasets/zod', 'aerial_img_dataset_root': '/work/vita/datasets/zod_crossview_processed_100m', 'version': 'full', 'config': '/home/finckh/VITA/HC-Net/models/config/ZOD/train.json', 'best_dis': 100000000.0, 'start_step': 0}
[31m2026-01-09 14:36:50[0m
Loaded pretrained weights for efficientnet-b0
Parameter Count: 7754186
Loading train split : 23 drives
Loading val split : 6 drives
Training with 47407 samples, validation with 10393 samples.
Using 12 dataloader workers every process
Best distance so far 100000000.0.
[34mLog will be saved to:./watch/zod/zod_train_20260109_144301.log[0m
Epoch: [0/25], Batch: 0/2963, Loss: 3514.698, Trans_L2_m: 15.889, Yaw_err_deg: 12.461
Epoch: [0/25], Batch: 10/2963, Loss: 3091.296, Trans_L2_m: 18.038, Yaw_err_deg: 9.773
Epoch: [0/25], Batch: 20/2963, Loss: 2373.351, Trans_L2_m: 14.030, Yaw_err_deg: 8.131
Epoch: [0/25], Batch: 30/2963, Loss: 2401.794, Trans_L2_m: 13.963, Yaw_err_deg: 9.553
Epoch: [0/25], Batch: 40/2963, Loss: 2133.352, Trans_L2_m: 14.280, Yaw_err_deg: 8.081
Epoch: [0/25], Batch: 50/2963, Loss: 2714.574, Trans_L2_m: 14.477, Yaw_err_deg: 12.033
Epoch: [0/25], Batch: 60/2963, Loss: 2550.585, Trans_L2_m: 16.815, Yaw_err_deg: 8.663
Epoch: [0/25], Batch: 70/2963, Loss: 2961.539, Trans_L2_m: 17.500, Yaw_err_deg: 10.405
Epoch: [0/25], Batch: 80/2963, Loss: 3123.238, Trans_L2_m: 18.261, Yaw_err_deg: 10.093
Epoch: [0/25], Batch: 90/2963, Loss: 2153.423, Trans_L2_m: 15.699, Yaw_err_deg: 7.412
Epoch: [0/25], Batch: 100/2963, Loss: 2508.205, Trans_L2_m: 15.329, Yaw_err_deg: 10.592
Epoch: [0/25], Batch: 110/2963, Loss: 2439.381, Trans_L2_m: 14.468, Yaw_err_deg: 11.666
Epoch: [0/25], Batch: 120/2963, Loss: 2605.364, Trans_L2_m: 16.320, Yaw_err_deg: 9.811
Epoch: [0/25], Batch: 130/2963, Loss: 2775.661, Trans_L2_m: 14.299, Yaw_err_deg: 12.365
Epoch: [0/25], Batch: 140/2963, Loss: 2310.105, Trans_L2_m: 14.982, Yaw_err_deg: 7.700
Epoch: [0/25], Batch: 150/2963, Loss: 2640.748, Trans_L2_m: 14.834, Yaw_err_deg: 11.143
Epoch: [0/25], Batch: 160/2963, Loss: 2657.963, Trans_L2_m: 14.284, Yaw_err_deg: 12.734
Epoch: [0/25], Batch: 170/2963, Loss: 1438.987, Trans_L2_m: 12.838, Yaw_err_deg: 5.431
Epoch: [0/25], Batch: 180/2963, Loss: 2198.104, Trans_L2_m: 14.637, Yaw_err_deg: 8.125
Epoch: [0/25], Batch: 190/2963, Loss: 2205.762, Trans_L2_m: 13.162, Yaw_err_deg: 10.011
Epoch: [0/25], Batch: 200/2963, Loss: 2310.948, Trans_L2_m: 14.690, Yaw_err_deg: 9.900
Epoch: [0/25], Batch: 210/2963, Loss: 2587.578, Trans_L2_m: 15.122, Yaw_err_deg: 10.755
Epoch: [0/25], Batch: 220/2963, Loss: 2634.666, Trans_L2_m: 15.123, Yaw_err_deg: 12.413
Epoch: [0/25], Batch: 230/2963, Loss: 2083.806, Trans_L2_m: 13.484, Yaw_err_deg: 10.019
Epoch: [0/25], Batch: 240/2963, Loss: 2475.809, Trans_L2_m: 14.773, Yaw_err_deg: 10.439
Epoch: [0/25], Batch: 250/2963, Loss: 2725.756, Trans_L2_m: 15.552, Yaw_err_deg: 12.290
Epoch: [0/25], Batch: 260/2963, Loss: 2724.865, Trans_L2_m: 16.345, Yaw_err_deg: 11.318
Epoch: [0/25], Batch: 270/2963, Loss: 2206.846, Trans_L2_m: 11.924, Yaw_err_deg: 11.173
Epoch: [0/25], Batch: 280/2963, Loss: 2280.713, Trans_L2_m: 15.349, Yaw_err_deg: 8.544
Epoch: [0/25], Batch: 290/2963, Loss: 2549.678, Trans_L2_m: 12.857, Yaw_err_deg: 13.060
Epoch: [0/25], Batch: 300/2963, Loss: 2107.978, Trans_L2_m: 11.993, Yaw_err_deg: 11.525
Epoch: [0/25], Batch: 310/2963, Loss: 2262.861, Trans_L2_m: 13.428, Yaw_err_deg: 10.457
Epoch: [0/25], Batch: 320/2963, Loss: 1969.112, Trans_L2_m: 12.190, Yaw_err_deg: 10.115
Epoch: [0/25], Batch: 330/2963, Loss: 2005.743, Trans_L2_m: 13.459, Yaw_err_deg: 9.612
Epoch: [0/25], Batch: 340/2963, Loss: 2722.266, Trans_L2_m: 15.467, Yaw_err_deg: 12.227
Epoch: [0/25], Batch: 350/2963, Loss: 2021.181, Trans_L2_m: 14.516, Yaw_err_deg: 7.471
Epoch: [0/25], Batch: 360/2963, Loss: 2090.498, Trans_L2_m: 12.987, Yaw_err_deg: 9.891
Epoch: [0/25], Batch: 370/2963, Loss: 2439.140, Trans_L2_m: 15.772, Yaw_err_deg: 9.405
Epoch: [0/25], Batch: 380/2963, Loss: 1823.785, Trans_L2_m: 13.576, Yaw_err_deg: 7.079
Epoch: [0/25], Batch: 390/2963, Loss: 1992.561, Trans_L2_m: 12.623, Yaw_err_deg: 9.227
Epoch: [0/25], Batch: 400/2963, Loss: 2356.443, Trans_L2_m: 15.832, Yaw_err_deg: 7.886
Epoch: [0/25], Batch: 410/2963, Loss: 1953.010, Trans_L2_m: 11.439, Yaw_err_deg: 10.256
Epoch: [0/25], Batch: 420/2963, Loss: 2349.869, Trans_L2_m: 13.530, Yaw_err_deg: 10.503
Epoch: [0/25], Batch: 430/2963, Loss: 1905.260, Trans_L2_m: 10.942, Yaw_err_deg: 10.340
Epoch: [0/25], Batch: 440/2963, Loss: 2021.531, Trans_L2_m: 12.436, Yaw_err_deg: 9.321
Epoch: [0/25], Batch: 450/2963, Loss: 2151.528, Trans_L2_m: 13.118, Yaw_err_deg: 11.033
Epoch: [0/25], Batch: 460/2963, Loss: 2064.615, Trans_L2_m: 12.486, Yaw_err_deg: 10.712
Epoch: [0/25], Batch: 470/2963, Loss: 1790.093, Trans_L2_m: 11.705, Yaw_err_deg: 9.669
Epoch: [0/25], Batch: 480/2963, Loss: 2613.526, Trans_L2_m: 14.336, Yaw_err_deg: 10.427
Epoch: [0/25], Batch: 490/2963, Loss: 2442.008, Trans_L2_m: 14.208, Yaw_err_deg: 10.356
Epoch: [0/25], Batch: 500/2963, Loss: 2512.083, Trans_L2_m: 15.107, Yaw_err_deg: 10.005
Epoch: [0/25], Batch: 510/2963, Loss: 2006.634, Trans_L2_m: 12.649, Yaw_err_deg: 10.124
Epoch: [0/25], Batch: 520/2963, Loss: 2324.841, Trans_L2_m: 14.249, Yaw_err_deg: 9.433
Epoch: [0/25], Batch: 530/2963, Loss: 2454.749, Trans_L2_m: 13.328, Yaw_err_deg: 11.291
Epoch: [0/25], Batch: 540/2963, Loss: 2714.573, Trans_L2_m: 14.540, Yaw_err_deg: 12.223
Epoch: [0/25], Batch: 550/2963, Loss: 1854.123, Trans_L2_m: 12.172, Yaw_err_deg: 9.190
Epoch: [0/25], Batch: 560/2963, Loss: 1905.215, Trans_L2_m: 12.636, Yaw_err_deg: 8.114
Epoch: [0/25], Batch: 570/2963, Loss: 1760.187, Trans_L2_m: 10.702, Yaw_err_deg: 10.119
Epoch: [0/25], Batch: 580/2963, Loss: 1997.231, Trans_L2_m: 12.882, Yaw_err_deg: 8.632
Epoch: [0/25], Batch: 590/2963, Loss: 2473.489, Trans_L2_m: 14.943, Yaw_err_deg: 10.884
Epoch: [0/25], Batch: 600/2963, Loss: 2546.822, Trans_L2_m: 13.709, Yaw_err_deg: 12.880
Epoch: [0/25], Batch: 610/2963, Loss: 2339.334, Trans_L2_m: 13.422, Yaw_err_deg: 10.966
Epoch: [0/25], Batch: 620/2963, Loss: 2135.309, Trans_L2_m: 13.263, Yaw_err_deg: 10.180
Epoch: [0/25], Batch: 630/2963, Loss: 2220.866, Trans_L2_m: 13.230, Yaw_err_deg: 10.292
Epoch: [0/25], Batch: 640/2963, Loss: 1961.216, Trans_L2_m: 10.029, Yaw_err_deg: 11.590
Epoch: [0/25], Batch: 650/2963, Loss: 2071.617, Trans_L2_m: 11.541, Yaw_err_deg: 10.522
Epoch: [0/25], Batch: 660/2963, Loss: 2052.833, Trans_L2_m: 12.846, Yaw_err_deg: 10.149
Epoch: [0/25], Batch: 670/2963, Loss: 2068.719, Trans_L2_m: 13.052, Yaw_err_deg: 9.261
Epoch: [0/25], Batch: 680/2963, Loss: 2119.287, Trans_L2_m: 13.149, Yaw_err_deg: 9.439
Epoch: [0/25], Batch: 690/2963, Loss: 2688.971, Trans_L2_m: 12.898, Yaw_err_deg: 13.076
Epoch: [0/25], Batch: 700/2963, Loss: 1786.784, Trans_L2_m: 11.305, Yaw_err_deg: 9.456
Epoch: [0/25], Batch: 710/2963, Loss: 2414.170, Trans_L2_m: 12.777, Yaw_err_deg: 12.099
Epoch: [0/25], Batch: 720/2963, Loss: 2041.037, Trans_L2_m: 12.375, Yaw_err_deg: 9.322
Epoch: [0/25], Batch: 730/2963, Loss: 1587.970, Trans_L2_m: 10.537, Yaw_err_deg: 9.286
Epoch: [0/25], Batch: 740/2963, Loss: 2378.404, Trans_L2_m: 13.782, Yaw_err_deg: 10.917
Epoch: [0/25], Batch: 750/2963, Loss: 2321.384, Trans_L2_m: 12.719, Yaw_err_deg: 10.382
Epoch: [0/25], Batch: 760/2963, Loss: 2045.490, Trans_L2_m: 11.081, Yaw_err_deg: 11.325
Epoch: [0/25], Batch: 770/2963, Loss: 1698.603, Trans_L2_m: 10.730, Yaw_err_deg: 8.807
Epoch: [0/25], Batch: 780/2963, Loss: 1884.331, Trans_L2_m: 12.147, Yaw_err_deg: 8.754
Epoch: [0/25], Batch: 790/2963, Loss: 1987.331, Trans_L2_m: 11.423, Yaw_err_deg: 9.449
Epoch: [0/25], Batch: 800/2963, Loss: 2127.364, Trans_L2_m: 13.437, Yaw_err_deg: 9.481
Epoch: [0/25], Batch: 810/2963, Loss: 1964.564, Trans_L2_m: 11.476, Yaw_err_deg: 9.630
Epoch: [0/25], Batch: 820/2963, Loss: 2070.067, Trans_L2_m: 11.412, Yaw_err_deg: 10.387
Epoch: [0/25], Batch: 830/2963, Loss: 1817.164, Trans_L2_m: 10.238, Yaw_err_deg: 10.356
Epoch: [0/25], Batch: 840/2963, Loss: 2137.145, Trans_L2_m: 12.373, Yaw_err_deg: 10.841
Epoch: [0/25], Batch: 850/2963, Loss: 1772.843, Trans_L2_m: 10.093, Yaw_err_deg: 9.039
Epoch: [0/25], Batch: 860/2963, Loss: 2052.318, Trans_L2_m: 10.578, Yaw_err_deg: 11.928
Epoch: [0/25], Batch: 870/2963, Loss: 1727.670, Trans_L2_m: 11.563, Yaw_err_deg: 7.999
Epoch: [0/25], Batch: 880/2963, Loss: 1614.139, Trans_L2_m: 10.951, Yaw_err_deg: 8.217
Epoch: [0/25], Batch: 890/2963, Loss: 1902.539, Trans_L2_m: 11.926, Yaw_err_deg: 9.790
Epoch: [0/25], Batch: 900/2963, Loss: 1937.337, Trans_L2_m: 13.020, Yaw_err_deg: 7.736
Epoch: [0/25], Batch: 910/2963, Loss: 1720.490, Trans_L2_m: 11.695, Yaw_err_deg: 7.652
Epoch: [0/25], Batch: 920/2963, Loss: 1954.094, Trans_L2_m: 11.844, Yaw_err_deg: 9.038
Epoch: [0/25], Batch: 930/2963, Loss: 1872.822, Trans_L2_m: 10.948, Yaw_err_deg: 11.000
Epoch: [0/25], Batch: 940/2963, Loss: 1828.201, Trans_L2_m: 9.826, Yaw_err_deg: 10.026
Epoch: [0/25], Batch: 950/2963, Loss: 1643.437, Trans_L2_m: 10.950, Yaw_err_deg: 7.292
Epoch: [0/25], Batch: 960/2963, Loss: 2093.301, Trans_L2_m: 12.565, Yaw_err_deg: 10.217
Epoch: [0/25], Batch: 970/2963, Loss: 1858.238, Trans_L2_m: 11.897, Yaw_err_deg: 8.391
Epoch: [0/25], Batch: 980/2963, Loss: 2279.298, Trans_L2_m: 13.265, Yaw_err_deg: 11.281
Epoch: [0/25], Batch: 990/2963, Loss: 2417.952, Trans_L2_m: 12.370, Yaw_err_deg: 12.688
Epoch: [0/25], Batch: 1000/2963, Loss: 1929.852, Trans_L2_m: 10.325, Yaw_err_deg: 10.557
Epoch: [0/25], Batch: 1010/2963, Loss: 2172.350, Trans_L2_m: 13.907, Yaw_err_deg: 10.180
Epoch: [0/25], Batch: 1020/2963, Loss: 2312.516, Trans_L2_m: 13.598, Yaw_err_deg: 11.618
Epoch: [0/25], Batch: 1030/2963, Loss: 1695.843, Trans_L2_m: 9.997, Yaw_err_deg: 9.029
Epoch: [0/25], Batch: 1040/2963, Loss: 1959.221, Trans_L2_m: 10.929, Yaw_err_deg: 10.422
Epoch: [0/25], Batch: 1050/2963, Loss: 2241.671, Trans_L2_m: 12.879, Yaw_err_deg: 9.805
Epoch: [0/25], Batch: 1060/2963, Loss: 2475.155, Trans_L2_m: 10.747, Yaw_err_deg: 13.405
Epoch: [0/25], Batch: 1070/2963, Loss: 2078.665, Trans_L2_m: 12.579, Yaw_err_deg: 9.632
Epoch: [0/25], Batch: 1080/2963, Loss: 1547.848, Trans_L2_m: 9.451, Yaw_err_deg: 7.952
Epoch: [0/25], Batch: 1090/2963, Loss: 2066.509, Trans_L2_m: 11.890, Yaw_err_deg: 11.063
Epoch: [0/25], Batch: 1100/2963, Loss: 2200.398, Trans_L2_m: 12.755, Yaw_err_deg: 11.083
Epoch: [0/25], Batch: 1110/2963, Loss: 2319.373, Trans_L2_m: 10.207, Yaw_err_deg: 13.343
Epoch: [0/25], Batch: 1120/2963, Loss: 1486.245, Trans_L2_m: 9.475, Yaw_err_deg: 8.379
Epoch: [0/25], Batch: 1130/2963, Loss: 2352.859, Trans_L2_m: 12.307, Yaw_err_deg: 10.419
Epoch: [0/25], Batch: 1140/2963, Loss: 1864.238, Trans_L2_m: 11.575, Yaw_err_deg: 9.521
Epoch: [0/25], Batch: 1150/2963, Loss: 2413.775, Trans_L2_m: 12.958, Yaw_err_deg: 10.976
Epoch: [0/25], Batch: 1160/2963, Loss: 2664.422, Trans_L2_m: 14.703, Yaw_err_deg: 12.525
Epoch: [0/25], Batch: 1170/2963, Loss: 1796.887, Trans_L2_m: 12.876, Yaw_err_deg: 7.654
Epoch: [0/25], Batch: 1180/2963, Loss: 1893.354, Trans_L2_m: 11.941, Yaw_err_deg: 9.765
Epoch: [0/25], Batch: 1190/2963, Loss: 1831.231, Trans_L2_m: 10.751, Yaw_err_deg: 8.858
Epoch: [0/25], Batch: 1200/2963, Loss: 1658.422, Trans_L2_m: 11.397, Yaw_err_deg: 6.567
Epoch: [0/25], Batch: 1210/2963, Loss: 1797.180, Trans_L2_m: 11.519, Yaw_err_deg: 8.724
Epoch: [0/25], Batch: 1220/2963, Loss: 2075.028, Trans_L2_m: 12.940, Yaw_err_deg: 9.032
Epoch: [0/25], Batch: 1230/2963, Loss: 2003.609, Trans_L2_m: 11.259, Yaw_err_deg: 10.100
Epoch: [0/25], Batch: 1240/2963, Loss: 1710.548, Trans_L2_m: 9.655, Yaw_err_deg: 9.778
Epoch: [0/25], Batch: 1250/2963, Loss: 2007.704, Trans_L2_m: 12.939, Yaw_err_deg: 9.569
Epoch: [0/25], Batch: 1260/2963, Loss: 1848.427, Trans_L2_m: 12.464, Yaw_err_deg: 8.002
Epoch: [0/25], Batch: 1270/2963, Loss: 1788.752, Trans_L2_m: 10.845, Yaw_err_deg: 9.303
Epoch: [0/25], Batch: 1280/2963, Loss: 2169.027, Trans_L2_m: 11.235, Yaw_err_deg: 10.893
Epoch: [0/25], Batch: 1290/2963, Loss: 2058.073, Trans_L2_m: 13.214, Yaw_err_deg: 9.020
Epoch: [0/25], Batch: 1300/2963, Loss: 2005.689, Trans_L2_m: 11.435, Yaw_err_deg: 9.880
Epoch: [0/25], Batch: 1310/2963, Loss: 1940.643, Trans_L2_m: 10.102, Yaw_err_deg: 11.442
Epoch: [0/25], Batch: 1320/2963, Loss: 2087.262, Trans_L2_m: 13.041, Yaw_err_deg: 9.238
Epoch: [0/25], Batch: 1330/2963, Loss: 1749.072, Trans_L2_m: 12.995, Yaw_err_deg: 7.152
Epoch: [0/25], Batch: 1340/2963, Loss: 1640.888, Trans_L2_m: 10.733, Yaw_err_deg: 8.211
Epoch: [0/25], Batch: 1350/2963, Loss: 2111.453, Trans_L2_m: 12.202, Yaw_err_deg: 10.318
Epoch: [0/25], Batch: 1360/2963, Loss: 1791.779, Trans_L2_m: 11.093, Yaw_err_deg: 9.336
Epoch: [0/25], Batch: 1370/2963, Loss: 1943.837, Trans_L2_m: 11.395, Yaw_err_deg: 9.372
Epoch: [0/25], Batch: 1380/2963, Loss: 1375.874, Trans_L2_m: 10.473, Yaw_err_deg: 5.449
Epoch: [0/25], Batch: 1390/2963, Loss: 2108.821, Trans_L2_m: 12.784, Yaw_err_deg: 8.237
Epoch: [0/25], Batch: 1400/2963, Loss: 1813.137, Trans_L2_m: 11.947, Yaw_err_deg: 8.643
Epoch: [0/25], Batch: 1410/2963, Loss: 1576.884, Trans_L2_m: 10.750, Yaw_err_deg: 6.929
Epoch: [0/25], Batch: 1420/2963, Loss: 1858.779, Trans_L2_m: 10.909, Yaw_err_deg: 10.079
Epoch: [0/25], Batch: 1430/2963, Loss: 1734.283, Trans_L2_m: 10.802, Yaw_err_deg: 8.703
Epoch: [0/25], Batch: 1440/2963, Loss: 2221.177, Trans_L2_m: 13.831, Yaw_err_deg: 7.790
Epoch: [0/25], Batch: 1450/2963, Loss: 1827.960, Trans_L2_m: 11.412, Yaw_err_deg: 7.349
Epoch: [0/25], Batch: 1460/2963, Loss: 2203.837, Trans_L2_m: 13.844, Yaw_err_deg: 8.028
Epoch: [0/25], Batch: 1470/2963, Loss: 1107.704, Trans_L2_m: 8.469, Yaw_err_deg: 7.292
Epoch: [0/25], Batch: 1480/2963, Loss: 1732.976, Trans_L2_m: 10.897, Yaw_err_deg: 9.033
Epoch: [0/25], Batch: 1490/2963, Loss: 1807.000, Trans_L2_m: 13.039, Yaw_err_deg: 6.872
Epoch: [0/25], Batch: 1500/2963, Loss: 1706.735, Trans_L2_m: 12.382, Yaw_err_deg: 7.820
Epoch: [0/25], Batch: 1510/2963, Loss: 1634.891, Trans_L2_m: 9.054, Yaw_err_deg: 10.124
Epoch: [0/25], Batch: 1520/2963, Loss: 1601.402, Trans_L2_m: 12.003, Yaw_err_deg: 6.475
Epoch: [0/25], Batch: 1530/2963, Loss: 1859.693, Trans_L2_m: 11.905, Yaw_err_deg: 7.190
Epoch: [0/25], Batch: 1540/2963, Loss: 1621.930, Trans_L2_m: 11.387, Yaw_err_deg: 7.453
Epoch: [0/25], Batch: 1550/2963, Loss: 2329.328, Trans_L2_m: 11.960, Yaw_err_deg: 12.591
Epoch: [0/25], Batch: 1560/2963, Loss: 1881.497, Trans_L2_m: 13.196, Yaw_err_deg: 7.967
Epoch: [0/25], Batch: 1570/2963, Loss: 1709.745, Trans_L2_m: 11.089, Yaw_err_deg: 7.786
Epoch: [0/25], Batch: 1580/2963, Loss: 1718.791, Trans_L2_m: 10.723, Yaw_err_deg: 7.818
Epoch: [0/25], Batch: 1590/2963, Loss: 1750.422, Trans_L2_m: 12.593, Yaw_err_deg: 6.787
Epoch: [0/25], Batch: 1600/2963, Loss: 1858.243, Trans_L2_m: 12.027, Yaw_err_deg: 7.970
Epoch: [0/25], Batch: 1610/2963, Loss: 1697.757, Trans_L2_m: 9.693, Yaw_err_deg: 8.263
Epoch: [0/25], Batch: 1620/2963, Loss: 1584.917, Trans_L2_m: 9.608, Yaw_err_deg: 7.718
Epoch: [0/25], Batch: 1630/2963, Loss: 1287.091, Trans_L2_m: 8.607, Yaw_err_deg: 7.086
Epoch: [0/25], Batch: 1640/2963, Loss: 1901.574, Trans_L2_m: 14.155, Yaw_err_deg: 4.802
Epoch: [0/25], Batch: 1650/2963, Loss: 1442.708, Trans_L2_m: 10.766, Yaw_err_deg: 5.726
Epoch: [0/25], Batch: 1660/2963, Loss: 1618.928, Trans_L2_m: 12.271, Yaw_err_deg: 6.849
Epoch: [0/25], Batch: 1670/2963, Loss: 1456.390, Trans_L2_m: 9.765, Yaw_err_deg: 7.012
Epoch: [0/25], Batch: 1680/2963, Loss: 1583.535, Trans_L2_m: 10.581, Yaw_err_deg: 7.534
Epoch: [0/25], Batch: 1690/2963, Loss: 1939.560, Trans_L2_m: 12.734, Yaw_err_deg: 7.226
Epoch: [0/25], Batch: 1700/2963, Loss: 1254.087, Trans_L2_m: 8.714, Yaw_err_deg: 7.864
Epoch: [0/25], Batch: 1710/2963, Loss: 1344.058, Trans_L2_m: 10.475, Yaw_err_deg: 6.560
Epoch: [0/25], Batch: 1720/2963, Loss: 1371.637, Trans_L2_m: 9.595, Yaw_err_deg: 6.172
Epoch: [0/25], Batch: 1730/2963, Loss: 1748.747, Trans_L2_m: 12.778, Yaw_err_deg: 6.143
Epoch: [0/25], Batch: 1740/2963, Loss: 1643.454, Trans_L2_m: 11.785, Yaw_err_deg: 6.247
Epoch: [0/25], Batch: 1750/2963, Loss: 1675.112, Trans_L2_m: 9.530, Yaw_err_deg: 8.937
Epoch: [0/25], Batch: 1760/2963, Loss: 1327.927, Trans_L2_m: 9.291, Yaw_err_deg: 5.974
Epoch: [0/25], Batch: 1770/2963, Loss: 1425.047, Trans_L2_m: 11.398, Yaw_err_deg: 6.775
Epoch: [0/25], Batch: 1780/2963, Loss: 1984.457, Trans_L2_m: 13.881, Yaw_err_deg: 7.968
Epoch: [0/25], Batch: 1790/2963, Loss: 1170.368, Trans_L2_m: 8.839, Yaw_err_deg: 5.546
Epoch: [0/25], Batch: 1800/2963, Loss: 1063.299, Trans_L2_m: 9.075, Yaw_err_deg: 5.248
Epoch: [0/25], Batch: 1810/2963, Loss: 1536.052, Trans_L2_m: 12.316, Yaw_err_deg: 4.893
Epoch: [0/25], Batch: 1820/2963, Loss: 1672.765, Trans_L2_m: 9.155, Yaw_err_deg: 8.502
Epoch: [0/25], Batch: 1830/2963, Loss: 1422.102, Trans_L2_m: 9.122, Yaw_err_deg: 8.117
Epoch: [0/25], Batch: 1840/2963, Loss: 1508.089, Trans_L2_m: 10.705, Yaw_err_deg: 6.343
Epoch: [0/25], Batch: 1850/2963, Loss: 1294.895, Trans_L2_m: 8.596, Yaw_err_deg: 7.080
Epoch: [0/25], Batch: 1860/2963, Loss: 1249.204, Trans_L2_m: 10.249, Yaw_err_deg: 5.350
Epoch: [0/25], Batch: 1870/2963, Loss: 1428.760, Trans_L2_m: 9.968, Yaw_err_deg: 6.349
Epoch: [0/25], Batch: 1880/2963, Loss: 1189.513, Trans_L2_m: 7.706, Yaw_err_deg: 6.402
Epoch: [0/25], Batch: 1890/2963, Loss: 1404.334, Trans_L2_m: 10.295, Yaw_err_deg: 5.832
Epoch: [0/25], Batch: 1900/2963, Loss: 1310.357, Trans_L2_m: 10.859, Yaw_err_deg: 5.256
Epoch: [0/25], Batch: 1910/2963, Loss: 1809.454, Trans_L2_m: 11.006, Yaw_err_deg: 7.783
Epoch: [0/25], Batch: 1920/2963, Loss: 1541.773, Trans_L2_m: 9.915, Yaw_err_deg: 6.730
Epoch: [0/25], Batch: 1930/2963, Loss: 1232.589, Trans_L2_m: 10.111, Yaw_err_deg: 5.061
Epoch: [0/25], Batch: 1940/2963, Loss: 1772.224, Trans_L2_m: 10.912, Yaw_err_deg: 8.857
Epoch: [0/25], Batch: 1950/2963, Loss: 1763.842, Trans_L2_m: 12.017, Yaw_err_deg: 7.208
Epoch: [0/25], Batch: 1960/2963, Loss: 1516.602, Trans_L2_m: 10.166, Yaw_err_deg: 7.304
Epoch: [0/25], Batch: 1970/2963, Loss: 1381.841, Trans_L2_m: 9.015, Yaw_err_deg: 6.330
Epoch: [0/25], Batch: 1980/2963, Loss: 1875.845, Trans_L2_m: 12.567, Yaw_err_deg: 6.623
Epoch: [0/25], Batch: 1990/2963, Loss: 1963.081, Trans_L2_m: 12.911, Yaw_err_deg: 6.649
Epoch: [0/25], Batch: 2000/2963, Loss: 1365.200, Trans_L2_m: 9.926, Yaw_err_deg: 4.963
Epoch: [0/25], Batch: 2010/2963, Loss: 1232.265, Trans_L2_m: 10.643, Yaw_err_deg: 4.363
Epoch: [0/25], Batch: 2020/2963, Loss: 1527.278, Trans_L2_m: 9.754, Yaw_err_deg: 5.999
Epoch: [0/25], Batch: 2030/2963, Loss: 1735.983, Trans_L2_m: 12.960, Yaw_err_deg: 5.196
Epoch: [0/25], Batch: 2040/2963, Loss: 1976.463, Trans_L2_m: 14.361, Yaw_err_deg: 5.208
Epoch: [0/25], Batch: 2050/2963, Loss: 1297.235, Trans_L2_m: 10.741, Yaw_err_deg: 5.107
Epoch: [0/25], Batch: 2060/2963, Loss: 1705.802, Trans_L2_m: 9.024, Yaw_err_deg: 9.884
Epoch: [0/25], Batch: 2070/2963, Loss: 1820.219, Trans_L2_m: 12.377, Yaw_err_deg: 5.759
Epoch: [0/25], Batch: 2080/2963, Loss: 1531.818, Trans_L2_m: 11.713, Yaw_err_deg: 5.703
Epoch: [0/25], Batch: 2090/2963, Loss: 1096.823, Trans_L2_m: 8.545, Yaw_err_deg: 6.244
Epoch: [0/25], Batch: 2100/2963, Loss: 1339.947, Trans_L2_m: 9.255, Yaw_err_deg: 6.830
Epoch: [0/25], Batch: 2110/2963, Loss: 1706.424, Trans_L2_m: 10.859, Yaw_err_deg: 6.689
Epoch: [0/25], Batch: 2120/2963, Loss: 1388.518, Trans_L2_m: 10.298, Yaw_err_deg: 6.184
Epoch: [0/25], Batch: 2130/2963, Loss: 2000.256, Trans_L2_m: 10.620, Yaw_err_deg: 8.882
Epoch: [0/25], Batch: 2140/2963, Loss: 1662.503, Trans_L2_m: 12.088, Yaw_err_deg: 5.475
Epoch: [0/25], Batch: 2150/2963, Loss: 1513.849, Trans_L2_m: 10.984, Yaw_err_deg: 5.690
Epoch: [0/25], Batch: 2160/2963, Loss: 1241.217, Trans_L2_m: 9.468, Yaw_err_deg: 5.167
Epoch: [0/25], Batch: 2170/2963, Loss: 1444.112, Trans_L2_m: 9.617, Yaw_err_deg: 9.171
Epoch: [0/25], Batch: 2180/2963, Loss: 1643.341, Trans_L2_m: 10.957, Yaw_err_deg: 7.168
Epoch: [0/25], Batch: 2190/2963, Loss: 1833.822, Trans_L2_m: 12.781, Yaw_err_deg: 8.239
Epoch: [0/25], Batch: 2200/2963, Loss: 1344.532, Trans_L2_m: 9.953, Yaw_err_deg: 6.333
Epoch: [0/25], Batch: 2210/2963, Loss: 1121.480, Trans_L2_m: 9.062, Yaw_err_deg: 5.486
Epoch: [0/25], Batch: 2220/2963, Loss: 1239.408, Trans_L2_m: 8.170, Yaw_err_deg: 5.761
Epoch: [0/25], Batch: 2230/2963, Loss: 1330.350, Trans_L2_m: 9.306, Yaw_err_deg: 4.532
Epoch: [0/25], Batch: 2240/2963, Loss: 1405.705, Trans_L2_m: 10.378, Yaw_err_deg: 5.553
Epoch: [0/25], Batch: 2250/2963, Loss: 2019.371, Trans_L2_m: 12.354, Yaw_err_deg: 8.673
Epoch: [0/25], Batch: 2260/2963, Loss: 1468.739, Trans_L2_m: 11.028, Yaw_err_deg: 6.579
Epoch: [0/25], Batch: 2270/2963, Loss: 876.200, Trans_L2_m: 8.623, Yaw_err_deg: 3.941
Epoch: [0/25], Batch: 2280/2963, Loss: 1615.003, Trans_L2_m: 11.071, Yaw_err_deg: 7.954
Epoch: [0/25], Batch: 2290/2963, Loss: 1714.207, Trans_L2_m: 11.226, Yaw_err_deg: 6.449
Epoch: [0/25], Batch: 2300/2963, Loss: 1051.316, Trans_L2_m: 10.181, Yaw_err_deg: 4.578
Epoch: [0/25], Batch: 2310/2963, Loss: 1859.910, Trans_L2_m: 11.574, Yaw_err_deg: 6.074
Epoch: [0/25], Batch: 2320/2963, Loss: 1486.708, Trans_L2_m: 10.836, Yaw_err_deg: 7.320
Epoch: [0/25], Batch: 2330/2963, Loss: 1687.637, Trans_L2_m: 12.502, Yaw_err_deg: 4.593
Epoch: [0/25], Batch: 2340/2963, Loss: 1266.896, Trans_L2_m: 10.021, Yaw_err_deg: 5.821
Epoch: [0/25], Batch: 2350/2963, Loss: 1322.289, Trans_L2_m: 11.296, Yaw_err_deg: 3.858
Epoch: [0/25], Batch: 2360/2963, Loss: 1468.357, Trans_L2_m: 10.746, Yaw_err_deg: 4.796
Epoch: [0/25], Batch: 2370/2963, Loss: 1266.683, Trans_L2_m: 8.861, Yaw_err_deg: 6.700
Epoch: [0/25], Batch: 2380/2963, Loss: 1784.186, Trans_L2_m: 13.332, Yaw_err_deg: 5.889
Epoch: [0/25], Batch: 2390/2963, Loss: 1093.584, Trans_L2_m: 9.068, Yaw_err_deg: 4.601
Epoch: [0/25], Batch: 2400/2963, Loss: 1558.387, Trans_L2_m: 11.785, Yaw_err_deg: 6.332
Epoch: [0/25], Batch: 2410/2963, Loss: 1527.211, Trans_L2_m: 11.107, Yaw_err_deg: 4.969
Epoch: [0/25], Batch: 2420/2963, Loss: 1616.109, Trans_L2_m: 13.122, Yaw_err_deg: 5.980
Epoch: [0/25], Batch: 2430/2963, Loss: 1249.821, Trans_L2_m: 9.375, Yaw_err_deg: 4.549
Epoch: [0/25], Batch: 2440/2963, Loss: 1549.551, Trans_L2_m: 10.880, Yaw_err_deg: 4.876
Epoch: [0/25], Batch: 2450/2963, Loss: 1304.763, Trans_L2_m: 10.704, Yaw_err_deg: 8.188
Epoch: [0/25], Batch: 2460/2963, Loss: 1072.158, Trans_L2_m: 7.959, Yaw_err_deg: 5.954
Epoch: [0/25], Batch: 2470/2963, Loss: 1041.658, Trans_L2_m: 7.263, Yaw_err_deg: 4.002
Epoch: [0/25], Batch: 2480/2963, Loss: 1088.147, Trans_L2_m: 7.499, Yaw_err_deg: 4.213
Epoch: [0/25], Batch: 2490/2963, Loss: 1180.196, Trans_L2_m: 7.368, Yaw_err_deg: 7.762
Epoch: [0/25], Batch: 2500/2963, Loss: 1665.197, Trans_L2_m: 12.983, Yaw_err_deg: 4.813
Epoch: [0/25], Batch: 2510/2963, Loss: 1745.372, Trans_L2_m: 13.055, Yaw_err_deg: 4.954
Epoch: [0/25], Batch: 2520/2963, Loss: 1491.251, Trans_L2_m: 10.213, Yaw_err_deg: 5.615
Epoch: [0/25], Batch: 2530/2963, Loss: 1111.324, Trans_L2_m: 9.202, Yaw_err_deg: 5.504
Epoch: [0/25], Batch: 2540/2963, Loss: 1197.402, Trans_L2_m: 8.997, Yaw_err_deg: 5.381
Epoch: [0/25], Batch: 2550/2963, Loss: 1908.414, Trans_L2_m: 14.677, Yaw_err_deg: 5.188
Epoch: [0/25], Batch: 2560/2963, Loss: 1127.242, Trans_L2_m: 9.747, Yaw_err_deg: 3.719
Epoch: [0/25], Batch: 2570/2963, Loss: 946.219, Trans_L2_m: 8.380, Yaw_err_deg: 4.709
Epoch: [0/25], Batch: 2580/2963, Loss: 1337.742, Trans_L2_m: 10.006, Yaw_err_deg: 6.996
Epoch: [0/25], Batch: 2590/2963, Loss: 946.759, Trans_L2_m: 7.244, Yaw_err_deg: 4.474
Epoch: [0/25], Batch: 2600/2963, Loss: 1474.833, Trans_L2_m: 11.609, Yaw_err_deg: 6.069
Epoch: [0/25], Batch: 2610/2963, Loss: 1508.078, Trans_L2_m: 10.282, Yaw_err_deg: 4.560
Epoch: [0/25], Batch: 2620/2963, Loss: 1351.673, Trans_L2_m: 10.436, Yaw_err_deg: 5.819
Epoch: [0/25], Batch: 2630/2963, Loss: 1070.747, Trans_L2_m: 9.805, Yaw_err_deg: 3.597
Epoch: [0/25], Batch: 2640/2963, Loss: 1135.580, Trans_L2_m: 9.041, Yaw_err_deg: 3.473
Epoch: [0/25], Batch: 2650/2963, Loss: 1619.845, Trans_L2_m: 14.189, Yaw_err_deg: 3.429
Epoch: [0/25], Batch: 2660/2963, Loss: 1416.296, Trans_L2_m: 10.522, Yaw_err_deg: 3.997
Epoch: [0/25], Batch: 2670/2963, Loss: 2111.565, Trans_L2_m: 14.394, Yaw_err_deg: 6.186
Epoch: [0/25], Batch: 2680/2963, Loss: 1374.229, Trans_L2_m: 9.997, Yaw_err_deg: 7.113
Epoch: [0/25], Batch: 2690/2963, Loss: 1451.640, Trans_L2_m: 11.342, Yaw_err_deg: 6.171
Epoch: [0/25], Batch: 2700/2963, Loss: 1379.685, Trans_L2_m: 10.446, Yaw_err_deg: 4.691
Epoch: [0/25], Batch: 2710/2963, Loss: 1294.577, Trans_L2_m: 10.541, Yaw_err_deg: 4.424
Epoch: [0/25], Batch: 2720/2963, Loss: 1133.608, Trans_L2_m: 9.353, Yaw_err_deg: 5.848
Epoch: [0/25], Batch: 2730/2963, Loss: 1785.809, Trans_L2_m: 12.200, Yaw_err_deg: 6.486
Epoch: [0/25], Batch: 2740/2963, Loss: 1105.876, Trans_L2_m: 9.262, Yaw_err_deg: 3.102
Epoch: [0/25], Batch: 2750/2963, Loss: 1103.391, Trans_L2_m: 8.723, Yaw_err_deg: 5.955
Epoch: [0/25], Batch: 2760/2963, Loss: 1141.809, Trans_L2_m: 10.633, Yaw_err_deg: 3.437
Epoch: [0/25], Batch: 2770/2963, Loss: 1280.080, Trans_L2_m: 8.555, Yaw_err_deg: 6.917
Epoch: [0/25], Batch: 2780/2963, Loss: 1177.214, Trans_L2_m: 9.488, Yaw_err_deg: 4.382
Epoch: [0/25], Batch: 2790/2963, Loss: 1887.819, Trans_L2_m: 11.874, Yaw_err_deg: 6.758
Epoch: [0/25], Batch: 2800/2963, Loss: 1259.734, Trans_L2_m: 10.921, Yaw_err_deg: 3.247
Epoch: [0/25], Batch: 2810/2963, Loss: 1133.102, Trans_L2_m: 9.715, Yaw_err_deg: 4.127
Epoch: [0/25], Batch: 2820/2963, Loss: 1207.142, Trans_L2_m: 9.196, Yaw_err_deg: 3.842
Epoch: [0/25], Batch: 2830/2963, Loss: 1085.511, Trans_L2_m: 10.543, Yaw_err_deg: 4.051
Epoch: [0/25], Batch: 2840/2963, Loss: 1422.125, Trans_L2_m: 10.249, Yaw_err_deg: 6.518
Epoch: [0/25], Batch: 2850/2963, Loss: 1823.019, Trans_L2_m: 13.114, Yaw_err_deg: 6.935
Epoch: [0/25], Batch: 2860/2963, Loss: 1266.647, Trans_L2_m: 10.462, Yaw_err_deg: 5.047
Epoch: [0/25], Batch: 2870/2963, Loss: 1478.211, Trans_L2_m: 12.159, Yaw_err_deg: 5.964
Epoch: [0/25], Batch: 2880/2963, Loss: 1230.898, Trans_L2_m: 9.127, Yaw_err_deg: 5.186
Epoch: [0/25], Batch: 2890/2963, Loss: 1484.170, Trans_L2_m: 9.995, Yaw_err_deg: 6.452
Epoch: [0/25], Batch: 2900/2963, Loss: 1290.869, Trans_L2_m: 11.139, Yaw_err_deg: 3.554
Epoch: [0/25], Batch: 2910/2963, Loss: 1468.582, Trans_L2_m: 11.747, Yaw_err_deg: 4.335
Epoch: [0/25], Batch: 2920/2963, Loss: 974.492, Trans_L2_m: 8.589, Yaw_err_deg: 4.578
Epoch: [0/25], Batch: 2930/2963, Loss: 1116.953, Trans_L2_m: 10.148, Yaw_err_deg: 4.542
Epoch: [0/25], Batch: 2940/2963, Loss: 1289.199, Trans_L2_m: 10.681, Yaw_err_deg: 4.608
Epoch: [0/25], Batch: 2950/2963, Loss: 1874.489, Trans_L2_m: 14.289, Yaw_err_deg: 6.009
Epoch: [0/25], Batch: 2960/2963, Loss: 1223.502, Trans_L2_m: 10.763, Yaw_err_deg: 5.067
Validation loss (homography): 5294.2673
Avg batch time: 1092.69 ms, total: 359.583 s
[1;94mSave the best of 5294.26708984375, at checkpoints/2026_01_09_14_36_50_best_checkpoint_zod.pth[0m
Epoch: [1/25], Batch: 0/2963, Loss: 1202.545, Trans_L2_m: 10.720, Yaw_err_deg: 5.289
Epoch: [1/25], Batch: 10/2963, Loss: 1419.068, Trans_L2_m: 10.901, Yaw_err_deg: 5.519
Epoch: [1/25], Batch: 20/2963, Loss: 1144.365, Trans_L2_m: 7.556, Yaw_err_deg: 8.131
Epoch: [1/25], Batch: 30/2963, Loss: 1291.744, Trans_L2_m: 10.124, Yaw_err_deg: 4.396
Epoch: [1/25], Batch: 40/2963, Loss: 739.284, Trans_L2_m: 6.983, Yaw_err_deg: 3.836
Epoch: [1/25], Batch: 50/2963, Loss: 1526.075, Trans_L2_m: 11.241, Yaw_err_deg: 6.493
Epoch: [1/25], Batch: 60/2963, Loss: 1173.673, Trans_L2_m: 9.063, Yaw_err_deg: 5.064
Epoch: [1/25], Batch: 70/2963, Loss: 1026.509, Trans_L2_m: 9.405, Yaw_err_deg: 5.377
Epoch: [1/25], Batch: 80/2963, Loss: 1226.874, Trans_L2_m: 8.888, Yaw_err_deg: 6.859
Epoch: [1/25], Batch: 90/2963, Loss: 1394.771, Trans_L2_m: 12.697, Yaw_err_deg: 5.154
Epoch: [1/25], Batch: 100/2963, Loss: 1323.542, Trans_L2_m: 9.995, Yaw_err_deg: 6.496
Epoch: [1/25], Batch: 110/2963, Loss: 1344.853, Trans_L2_m: 10.820, Yaw_err_deg: 4.163
Epoch: [1/25], Batch: 120/2963, Loss: 1271.615, Trans_L2_m: 9.739, Yaw_err_deg: 4.927
Epoch: [1/25], Batch: 130/2963, Loss: 1111.127, Trans_L2_m: 10.100, Yaw_err_deg: 4.211
Epoch: [1/25], Batch: 140/2963, Loss: 1980.232, Trans_L2_m: 13.125, Yaw_err_deg: 6.991
Epoch: [1/25], Batch: 150/2963, Loss: 994.011, Trans_L2_m: 7.864, Yaw_err_deg: 4.241
Epoch: [1/25], Batch: 160/2963, Loss: 1119.575, Trans_L2_m: 8.786, Yaw_err_deg: 5.323
Epoch: [1/25], Batch: 170/2963, Loss: 994.734, Trans_L2_m: 8.724, Yaw_err_deg: 6.593
Epoch: [1/25], Batch: 180/2963, Loss: 1077.287, Trans_L2_m: 10.294, Yaw_err_deg: 4.145
Epoch: [1/25], Batch: 190/2963, Loss: 1008.051, Trans_L2_m: 7.928, Yaw_err_deg: 4.667
Epoch: [1/25], Batch: 200/2963, Loss: 1172.487, Trans_L2_m: 7.846, Yaw_err_deg: 5.838
Epoch: [1/25], Batch: 210/2963, Loss: 1429.043, Trans_L2_m: 11.316, Yaw_err_deg: 5.640
Epoch: [1/25], Batch: 220/2963, Loss: 1187.719, Trans_L2_m: 10.448, Yaw_err_deg: 5.293
Epoch: [1/25], Batch: 230/2963, Loss: 813.552, Trans_L2_m: 7.206, Yaw_err_deg: 5.480
Epoch: [1/25], Batch: 240/2963, Loss: 1646.387, Trans_L2_m: 12.159, Yaw_err_deg: 6.509
Epoch: [1/25], Batch: 250/2963, Loss: 1275.404, Trans_L2_m: 11.932, Yaw_err_deg: 3.660
Epoch: [1/25], Batch: 260/2963, Loss: 1735.579, Trans_L2_m: 13.026, Yaw_err_deg: 5.394
Epoch: [1/25], Batch: 270/2963, Loss: 1559.826, Trans_L2_m: 13.384, Yaw_err_deg: 3.813
Epoch: [1/25], Batch: 280/2963, Loss: 1045.755, Trans_L2_m: 8.901, Yaw_err_deg: 3.848
Epoch: [1/25], Batch: 290/2963, Loss: 874.138, Trans_L2_m: 8.246, Yaw_err_deg: 2.735
Epoch: [1/25], Batch: 300/2963, Loss: 1121.000, Trans_L2_m: 9.466, Yaw_err_deg: 4.675
Epoch: [1/25], Batch: 310/2963, Loss: 1163.474, Trans_L2_m: 9.800, Yaw_err_deg: 4.573
Epoch: [1/25], Batch: 320/2963, Loss: 1096.909, Trans_L2_m: 9.487, Yaw_err_deg: 3.582
Epoch: [1/25], Batch: 330/2963, Loss: 1155.855, Trans_L2_m: 10.274, Yaw_err_deg: 4.842
Epoch: [1/25], Batch: 340/2963, Loss: 1111.267, Trans_L2_m: 10.939, Yaw_err_deg: 3.492
Epoch: [1/25], Batch: 350/2963, Loss: 1120.118, Trans_L2_m: 10.525, Yaw_err_deg: 2.930
Epoch: [1/25], Batch: 360/2963, Loss: 1599.932, Trans_L2_m: 13.661, Yaw_err_deg: 4.237
Epoch: [1/25], Batch: 370/2963, Loss: 1296.613, Trans_L2_m: 11.664, Yaw_err_deg: 4.372
Epoch: [1/25], Batch: 380/2963, Loss: 1097.860, Trans_L2_m: 9.743, Yaw_err_deg: 4.555
Epoch: [1/25], Batch: 390/2963, Loss: 1209.921, Trans_L2_m: 10.445, Yaw_err_deg: 3.482
Epoch: [1/25], Batch: 400/2963, Loss: 932.194, Trans_L2_m: 8.092, Yaw_err_deg: 4.413
Epoch: [1/25], Batch: 410/2963, Loss: 1387.266, Trans_L2_m: 10.784, Yaw_err_deg: 4.430
Epoch: [1/25], Batch: 420/2963, Loss: 1132.605, Trans_L2_m: 9.275, Yaw_err_deg: 4.511
Epoch: [1/25], Batch: 430/2963, Loss: 1299.901, Trans_L2_m: 10.417, Yaw_err_deg: 5.269
Epoch: [1/25], Batch: 440/2963, Loss: 1383.519, Trans_L2_m: 11.749, Yaw_err_deg: 4.447
Epoch: [1/25], Batch: 450/2963, Loss: 842.478, Trans_L2_m: 6.963, Yaw_err_deg: 4.400
Epoch: [1/25], Batch: 460/2963, Loss: 1291.971, Trans_L2_m: 11.601, Yaw_err_deg: 2.024
Epoch: [1/25], Batch: 470/2963, Loss: 1121.390, Trans_L2_m: 10.691, Yaw_err_deg: 4.473
Epoch: [1/25], Batch: 480/2963, Loss: 1871.580, Trans_L2_m: 12.354, Yaw_err_deg: 6.647
Epoch: [1/25], Batch: 490/2963, Loss: 701.050, Trans_L2_m: 7.412, Yaw_err_deg: 3.658
Epoch: [1/25], Batch: 500/2963, Loss: 1380.700, Trans_L2_m: 9.186, Yaw_err_deg: 6.767
Epoch: [1/25], Batch: 510/2963, Loss: 1141.032, Trans_L2_m: 10.706, Yaw_err_deg: 2.684
Epoch: [1/25], Batch: 520/2963, Loss: 1040.367, Trans_L2_m: 8.932, Yaw_err_deg: 5.359
Epoch: [1/25], Batch: 530/2963, Loss: 1024.608, Trans_L2_m: 9.016, Yaw_err_deg: 3.950
Epoch: [1/25], Batch: 540/2963, Loss: 1304.861, Trans_L2_m: 9.889, Yaw_err_deg: 5.981
Epoch: [1/25], Batch: 550/2963, Loss: 1341.945, Trans_L2_m: 10.664, Yaw_err_deg: 5.184
Epoch: [1/25], Batch: 560/2963, Loss: 1366.848, Trans_L2_m: 10.991, Yaw_err_deg: 3.191
Epoch: [1/25], Batch: 570/2963, Loss: 1440.198, Trans_L2_m: 11.556, Yaw_err_deg: 4.657
Epoch: [1/25], Batch: 580/2963, Loss: 1040.340, Trans_L2_m: 9.846, Yaw_err_deg: 3.839
Epoch: [1/25], Batch: 590/2963, Loss: 1439.956, Trans_L2_m: 11.269, Yaw_err_deg: 5.803
Epoch: [1/25], Batch: 600/2963, Loss: 952.887, Trans_L2_m: 9.152, Yaw_err_deg: 4.729
Epoch: [1/25], Batch: 610/2963, Loss: 1227.122, Trans_L2_m: 10.653, Yaw_err_deg: 4.566
Epoch: [1/25], Batch: 620/2963, Loss: 1129.358, Trans_L2_m: 9.156, Yaw_err_deg: 4.131
Epoch: [1/25], Batch: 630/2963, Loss: 1278.813, Trans_L2_m: 9.667, Yaw_err_deg: 4.852
Epoch: [1/25], Batch: 640/2963, Loss: 1285.502, Trans_L2_m: 10.208, Yaw_err_deg: 5.247
Epoch: [1/25], Batch: 650/2963, Loss: 1298.705, Trans_L2_m: 10.989, Yaw_err_deg: 5.000
Epoch: [1/25], Batch: 660/2963, Loss: 1171.524, Trans_L2_m: 8.872, Yaw_err_deg: 7.730
Epoch: [1/25], Batch: 670/2963, Loss: 1124.841, Trans_L2_m: 10.523, Yaw_err_deg: 5.246
Epoch: [1/25], Batch: 680/2963, Loss: 1479.648, Trans_L2_m: 11.797, Yaw_err_deg: 6.377
Epoch: [1/25], Batch: 690/2963, Loss: 1358.156, Trans_L2_m: 10.747, Yaw_err_deg: 4.465
Epoch: [1/25], Batch: 700/2963, Loss: 1165.994, Trans_L2_m: 9.325, Yaw_err_deg: 4.764
Epoch: [1/25], Batch: 710/2963, Loss: 1087.646, Trans_L2_m: 10.355, Yaw_err_deg: 2.012
Epoch: [1/25], Batch: 720/2963, Loss: 1272.636, Trans_L2_m: 11.258, Yaw_err_deg: 4.109
Epoch: [1/25], Batch: 730/2963, Loss: 1765.347, Trans_L2_m: 13.150, Yaw_err_deg: 5.403
Epoch: [1/25], Batch: 740/2963, Loss: 1106.541, Trans_L2_m: 10.530, Yaw_err_deg: 4.622
Epoch: [1/25], Batch: 750/2963, Loss: 1244.906, Trans_L2_m: 9.223, Yaw_err_deg: 5.893
Epoch: [1/25], Batch: 760/2963, Loss: 1614.532, Trans_L2_m: 13.110, Yaw_err_deg: 3.705
Epoch: [1/25], Batch: 770/2963, Loss: 1152.497, Trans_L2_m: 9.159, Yaw_err_deg: 5.297
Epoch: [1/25], Batch: 780/2963, Loss: 1461.547, Trans_L2_m: 10.769, Yaw_err_deg: 6.250
Epoch: [1/25], Batch: 790/2963, Loss: 1086.415, Trans_L2_m: 9.701, Yaw_err_deg: 5.129
Epoch: [1/25], Batch: 800/2963, Loss: 1493.460, Trans_L2_m: 12.520, Yaw_err_deg: 5.318
Epoch: [1/25], Batch: 810/2963, Loss: 917.655, Trans_L2_m: 9.026, Yaw_err_deg: 2.282
Epoch: [1/25], Batch: 820/2963, Loss: 1388.744, Trans_L2_m: 11.473, Yaw_err_deg: 5.282
Epoch: [1/25], Batch: 830/2963, Loss: 1146.002, Trans_L2_m: 9.632, Yaw_err_deg: 4.993
Epoch: [1/25], Batch: 840/2963, Loss: 893.245, Trans_L2_m: 9.125, Yaw_err_deg: 4.421
Epoch: [1/25], Batch: 850/2963, Loss: 799.027, Trans_L2_m: 8.804, Yaw_err_deg: 2.715
Epoch: [1/25], Batch: 860/2963, Loss: 1012.478, Trans_L2_m: 9.246, Yaw_err_deg: 4.223
Epoch: [1/25], Batch: 870/2963, Loss: 1793.987, Trans_L2_m: 12.279, Yaw_err_deg: 5.296
Epoch: [1/25], Batch: 880/2963, Loss: 1684.815, Trans_L2_m: 14.131, Yaw_err_deg: 6.269
Epoch: [1/25], Batch: 890/2963, Loss: 834.438, Trans_L2_m: 7.360, Yaw_err_deg: 3.584
Epoch: [1/25], Batch: 900/2963, Loss: 781.582, Trans_L2_m: 6.803, Yaw_err_deg: 4.745
Epoch: [1/25], Batch: 910/2963, Loss: 1093.195, Trans_L2_m: 9.386, Yaw_err_deg: 6.823
Epoch: [1/25], Batch: 920/2963, Loss: 828.201, Trans_L2_m: 8.724, Yaw_err_deg: 4.477
Epoch: [1/25], Batch: 930/2963, Loss: 1202.774, Trans_L2_m: 10.571, Yaw_err_deg: 4.444
Epoch: [1/25], Batch: 940/2963, Loss: 1270.552, Trans_L2_m: 11.451, Yaw_err_deg: 3.369
Epoch: [1/25], Batch: 950/2963, Loss: 1399.027, Trans_L2_m: 11.458, Yaw_err_deg: 3.951
Epoch: [1/25], Batch: 960/2963, Loss: 1019.502, Trans_L2_m: 9.650, Yaw_err_deg: 3.420
Epoch: [1/25], Batch: 970/2963, Loss: 1277.362, Trans_L2_m: 10.739, Yaw_err_deg: 4.986
Epoch: [1/25], Batch: 980/2963, Loss: 1375.950, Trans_L2_m: 11.472, Yaw_err_deg: 3.963
Epoch: [1/25], Batch: 990/2963, Loss: 956.462, Trans_L2_m: 8.187, Yaw_err_deg: 5.426
Epoch: [1/25], Batch: 1000/2963, Loss: 1101.854, Trans_L2_m: 8.469, Yaw_err_deg: 7.203
Epoch: [1/25], Batch: 1010/2963, Loss: 1018.891, Trans_L2_m: 7.972, Yaw_err_deg: 4.893
Epoch: [1/25], Batch: 1020/2963, Loss: 659.823, Trans_L2_m: 7.940, Yaw_err_deg: 2.414
Epoch: [1/25], Batch: 1030/2963, Loss: 1104.005, Trans_L2_m: 9.880, Yaw_err_deg: 5.764
Epoch: [1/25], Batch: 1040/2963, Loss: 930.213, Trans_L2_m: 9.026, Yaw_err_deg: 3.798
Epoch: [1/25], Batch: 1050/2963, Loss: 827.359, Trans_L2_m: 5.808, Yaw_err_deg: 4.301
Epoch: [1/25], Batch: 1060/2963, Loss: 1658.331, Trans_L2_m: 12.585, Yaw_err_deg: 5.506
Epoch: [1/25], Batch: 1070/2963, Loss: 1227.593, Trans_L2_m: 10.740, Yaw_err_deg: 5.390
Epoch: [1/25], Batch: 1080/2963, Loss: 755.789, Trans_L2_m: 6.698, Yaw_err_deg: 3.928
Epoch: [1/25], Batch: 1090/2963, Loss: 1302.989, Trans_L2_m: 12.758, Yaw_err_deg: 4.015
Epoch: [1/25], Batch: 1100/2963, Loss: 991.330, Trans_L2_m: 8.549, Yaw_err_deg: 5.104
Epoch: [1/25], Batch: 1110/2963, Loss: 1692.372, Trans_L2_m: 14.634, Yaw_err_deg: 4.532
Epoch: [1/25], Batch: 1120/2963, Loss: 1191.725, Trans_L2_m: 10.298, Yaw_err_deg: 5.424
Epoch: [1/25], Batch: 1130/2963, Loss: 833.390, Trans_L2_m: 8.223, Yaw_err_deg: 4.400
Epoch: [1/25], Batch: 1140/2963, Loss: 866.462, Trans_L2_m: 7.400, Yaw_err_deg: 5.861
Epoch: [1/25], Batch: 1150/2963, Loss: 1084.550, Trans_L2_m: 10.425, Yaw_err_deg: 3.692
Epoch: [1/25], Batch: 1160/2963, Loss: 874.414, Trans_L2_m: 8.252, Yaw_err_deg: 3.727
Epoch: [1/25], Batch: 1170/2963, Loss: 941.762, Trans_L2_m: 9.081, Yaw_err_deg: 4.767
Epoch: [1/25], Batch: 1180/2963, Loss: 1176.514, Trans_L2_m: 11.699, Yaw_err_deg: 5.720
Epoch: [1/25], Batch: 1190/2963, Loss: 1002.954, Trans_L2_m: 8.279, Yaw_err_deg: 3.315
Epoch: [1/25], Batch: 1200/2963, Loss: 1089.770, Trans_L2_m: 9.694, Yaw_err_deg: 6.239
Epoch: [1/25], Batch: 1210/2963, Loss: 1154.612, Trans_L2_m: 9.811, Yaw_err_deg: 5.914
Epoch: [1/25], Batch: 1220/2963, Loss: 769.205, Trans_L2_m: 8.350, Yaw_err_deg: 4.950
Epoch: [1/25], Batch: 1230/2963, Loss: 1005.151, Trans_L2_m: 8.789, Yaw_err_deg: 4.721
Epoch: [1/25], Batch: 1240/2963, Loss: 1147.905, Trans_L2_m: 9.785, Yaw_err_deg: 4.046
Epoch: [1/25], Batch: 1250/2963, Loss: 1435.823, Trans_L2_m: 12.326, Yaw_err_deg: 5.024
Epoch: [1/25], Batch: 1260/2963, Loss: 1186.475, Trans_L2_m: 11.405, Yaw_err_deg: 4.880
Epoch: [1/25], Batch: 1270/2963, Loss: 739.319, Trans_L2_m: 6.691, Yaw_err_deg: 3.235
Epoch: [1/25], Batch: 1280/2963, Loss: 1389.323, Trans_L2_m: 11.162, Yaw_err_deg: 6.386
Epoch: [1/25], Batch: 1290/2963, Loss: 1205.674, Trans_L2_m: 10.252, Yaw_err_deg: 4.348
Epoch: [1/25], Batch: 1300/2963, Loss: 816.950, Trans_L2_m: 7.984, Yaw_err_deg: 4.335
Epoch: [1/25], Batch: 1310/2963, Loss: 1230.588, Trans_L2_m: 11.341, Yaw_err_deg: 4.629
Epoch: [1/25], Batch: 1320/2963, Loss: 929.182, Trans_L2_m: 9.500, Yaw_err_deg: 3.725
Epoch: [1/25], Batch: 1330/2963, Loss: 1153.397, Trans_L2_m: 10.945, Yaw_err_deg: 4.379
Epoch: [1/25], Batch: 1340/2963, Loss: 1150.968, Trans_L2_m: 11.148, Yaw_err_deg: 3.900
Epoch: [1/25], Batch: 1350/2963, Loss: 949.024, Trans_L2_m: 8.634, Yaw_err_deg: 3.253
Epoch: [1/25], Batch: 1360/2963, Loss: 1010.517, Trans_L2_m: 8.882, Yaw_err_deg: 3.688
Epoch: [1/25], Batch: 1370/2963, Loss: 1050.582, Trans_L2_m: 10.172, Yaw_err_deg: 4.655
Epoch: [1/25], Batch: 1380/2963, Loss: 1360.790, Trans_L2_m: 8.520, Yaw_err_deg: 7.324
Epoch: [1/25], Batch: 1390/2963, Loss: 851.300, Trans_L2_m: 7.711, Yaw_err_deg: 3.781
Epoch: [1/25], Batch: 1400/2963, Loss: 1366.086, Trans_L2_m: 11.788, Yaw_err_deg: 4.376
Epoch: [1/25], Batch: 1410/2963, Loss: 1186.183, Trans_L2_m: 10.002, Yaw_err_deg: 3.081
Epoch: [1/25], Batch: 1420/2963, Loss: 992.124, Trans_L2_m: 9.597, Yaw_err_deg: 3.857
Epoch: [1/25], Batch: 1430/2963, Loss: 978.613, Trans_L2_m: 9.030, Yaw_err_deg: 3.076
Epoch: [1/25], Batch: 1440/2963, Loss: 811.144, Trans_L2_m: 7.342, Yaw_err_deg: 3.562
Epoch: [1/25], Batch: 1450/2963, Loss: 1289.880, Trans_L2_m: 10.485, Yaw_err_deg: 4.012
Epoch: [1/25], Batch: 1460/2963, Loss: 1497.877, Trans_L2_m: 10.492, Yaw_err_deg: 5.499
Epoch: [1/25], Batch: 1470/2963, Loss: 1174.635, Trans_L2_m: 9.496, Yaw_err_deg: 5.376
Epoch: [1/25], Batch: 1480/2963, Loss: 1257.145, Trans_L2_m: 10.467, Yaw_err_deg: 5.070
Epoch: [1/25], Batch: 1490/2963, Loss: 907.040, Trans_L2_m: 8.861, Yaw_err_deg: 3.668
Epoch: [1/25], Batch: 1500/2963, Loss: 1638.405, Trans_L2_m: 14.648, Yaw_err_deg: 3.322
Epoch: [1/25], Batch: 1510/2963, Loss: 1164.536, Trans_L2_m: 10.289, Yaw_err_deg: 3.211
Epoch: [1/25], Batch: 1520/2963, Loss: 1154.867, Trans_L2_m: 10.049, Yaw_err_deg: 4.059
Epoch: [1/25], Batch: 1530/2963, Loss: 877.458, Trans_L2_m: 8.836, Yaw_err_deg: 4.187
Epoch: [1/25], Batch: 1540/2963, Loss: 880.966, Trans_L2_m: 8.601, Yaw_err_deg: 3.596
Epoch: [1/25], Batch: 1550/2963, Loss: 1105.219, Trans_L2_m: 9.808, Yaw_err_deg: 5.744
Epoch: [1/25], Batch: 1560/2963, Loss: 1071.695, Trans_L2_m: 9.552, Yaw_err_deg: 3.934
Epoch: [1/25], Batch: 1570/2963, Loss: 999.498, Trans_L2_m: 10.246, Yaw_err_deg: 4.426
Epoch: [1/25], Batch: 1580/2963, Loss: 1071.630, Trans_L2_m: 9.408, Yaw_err_deg: 5.535
Epoch: [1/25], Batch: 1590/2963, Loss: 1132.575, Trans_L2_m: 10.192, Yaw_err_deg: 5.773
Epoch: [1/25], Batch: 1600/2963, Loss: 1527.307, Trans_L2_m: 10.015, Yaw_err_deg: 8.006
Epoch: [1/25], Batch: 1610/2963, Loss: 892.791, Trans_L2_m: 9.400, Yaw_err_deg: 3.153
Epoch: [1/25], Batch: 1620/2963, Loss: 1201.652, Trans_L2_m: 10.054, Yaw_err_deg: 5.623
Epoch: [1/25], Batch: 1630/2963, Loss: 842.352, Trans_L2_m: 8.137, Yaw_err_deg: 4.231
Epoch: [1/25], Batch: 1640/2963, Loss: 1141.594, Trans_L2_m: 10.118, Yaw_err_deg: 4.435
Epoch: [1/25], Batch: 1650/2963, Loss: 1102.610, Trans_L2_m: 9.627, Yaw_err_deg: 3.953
Epoch: [1/25], Batch: 1660/2963, Loss: 1114.688, Trans_L2_m: 10.629, Yaw_err_deg: 4.905
Epoch: [1/25], Batch: 1670/2963, Loss: 1263.737, Trans_L2_m: 9.928, Yaw_err_deg: 5.199
Epoch: [1/25], Batch: 1680/2963, Loss: 873.581, Trans_L2_m: 8.772, Yaw_err_deg: 4.785
Epoch: [1/25], Batch: 1690/2963, Loss: 1465.895, Trans_L2_m: 12.564, Yaw_err_deg: 3.326
Epoch: [1/25], Batch: 1700/2963, Loss: 760.667, Trans_L2_m: 8.566, Yaw_err_deg: 2.243
Epoch: [1/25], Batch: 1710/2963, Loss: 1191.304, Trans_L2_m: 11.001, Yaw_err_deg: 2.730
Epoch: [1/25], Batch: 1720/2963, Loss: 796.796, Trans_L2_m: 7.275, Yaw_err_deg: 2.979
Epoch: [1/25], Batch: 1730/2963, Loss: 873.704, Trans_L2_m: 7.511, Yaw_err_deg: 3.411
Epoch: [1/25], Batch: 1740/2963, Loss: 875.232, Trans_L2_m: 7.823, Yaw_err_deg: 4.382
Epoch: [1/25], Batch: 1750/2963, Loss: 1264.172, Trans_L2_m: 9.519, Yaw_err_deg: 5.847
Epoch: [1/25], Batch: 1760/2963, Loss: 1089.530, Trans_L2_m: 8.533, Yaw_err_deg: 3.893
Epoch: [1/25], Batch: 1770/2963, Loss: 958.423, Trans_L2_m: 9.529, Yaw_err_deg: 2.935
Epoch: [1/25], Batch: 1780/2963, Loss: 1258.343, Trans_L2_m: 10.299, Yaw_err_deg: 4.637
Epoch: [1/25], Batch: 1790/2963, Loss: 886.809, Trans_L2_m: 7.600, Yaw_err_deg: 5.050
Epoch: [1/25], Batch: 1800/2963, Loss: 959.383, Trans_L2_m: 9.822, Yaw_err_deg: 4.363
Epoch: [1/25], Batch: 1810/2963, Loss: 1134.527, Trans_L2_m: 7.739, Yaw_err_deg: 5.297
Epoch: [1/25], Batch: 1820/2963, Loss: 1014.650, Trans_L2_m: 10.679, Yaw_err_deg: 4.769
Epoch: [1/25], Batch: 1830/2963, Loss: 1042.719, Trans_L2_m: 9.026, Yaw_err_deg: 5.897
Epoch: [1/25], Batch: 1840/2963, Loss: 1298.641, Trans_L2_m: 11.140, Yaw_err_deg: 3.841
Epoch: [1/25], Batch: 1850/2963, Loss: 732.346, Trans_L2_m: 8.164, Yaw_err_deg: 2.578
Epoch: [1/25], Batch: 1860/2963, Loss: 1003.465, Trans_L2_m: 8.632, Yaw_err_deg: 4.251
Epoch: [1/25], Batch: 1870/2963, Loss: 875.111, Trans_L2_m: 7.277, Yaw_err_deg: 2.647
Epoch: [1/25], Batch: 1880/2963, Loss: 937.499, Trans_L2_m: 9.239, Yaw_err_deg: 4.355
Epoch: [1/25], Batch: 1890/2963, Loss: 846.045, Trans_L2_m: 8.094, Yaw_err_deg: 3.508
Epoch: [1/25], Batch: 1900/2963, Loss: 1308.692, Trans_L2_m: 10.278, Yaw_err_deg: 5.032
Epoch: [1/25], Batch: 1910/2963, Loss: 956.063, Trans_L2_m: 8.365, Yaw_err_deg: 4.979
Epoch: [1/25], Batch: 1920/2963, Loss: 1115.589, Trans_L2_m: 9.750, Yaw_err_deg: 2.565
Epoch: [1/25], Batch: 1930/2963, Loss: 1148.866, Trans_L2_m: 11.131, Yaw_err_deg: 4.515
Epoch: [1/25], Batch: 1940/2963, Loss: 789.791, Trans_L2_m: 7.326, Yaw_err_deg: 4.407
Epoch: [1/25], Batch: 1950/2963, Loss: 1435.074, Trans_L2_m: 12.420, Yaw_err_deg: 5.200
Epoch: [1/25], Batch: 1960/2963, Loss: 1118.107, Trans_L2_m: 8.871, Yaw_err_deg: 4.872
Epoch: [1/25], Batch: 1970/2963, Loss: 985.604, Trans_L2_m: 9.151, Yaw_err_deg: 3.439
Epoch: [1/25], Batch: 1980/2963, Loss: 1629.705, Trans_L2_m: 11.674, Yaw_err_deg: 7.030
Epoch: [1/25], Batch: 1990/2963, Loss: 1043.813, Trans_L2_m: 9.197, Yaw_err_deg: 4.705
Epoch: [1/25], Batch: 2000/2963, Loss: 1261.398, Trans_L2_m: 13.038, Yaw_err_deg: 3.677
Epoch: [1/25], Batch: 2010/2963, Loss: 1178.609, Trans_L2_m: 10.967, Yaw_err_deg: 4.144
Epoch: [1/25], Batch: 2020/2963, Loss: 1776.301, Trans_L2_m: 13.562, Yaw_err_deg: 5.255
Epoch: [1/25], Batch: 2030/2963, Loss: 1410.808, Trans_L2_m: 12.357, Yaw_err_deg: 3.628
Epoch: [1/25], Batch: 2040/2963, Loss: 716.668, Trans_L2_m: 5.819, Yaw_err_deg: 6.362
Epoch: [1/25], Batch: 2050/2963, Loss: 1232.254, Trans_L2_m: 11.075, Yaw_err_deg: 3.563
Epoch: [1/25], Batch: 2060/2963, Loss: 909.933, Trans_L2_m: 8.950, Yaw_err_deg: 2.305
Epoch: [1/25], Batch: 2070/2963, Loss: 1454.502, Trans_L2_m: 11.631, Yaw_err_deg: 5.681
Epoch: [1/25], Batch: 2080/2963, Loss: 1051.780, Trans_L2_m: 10.137, Yaw_err_deg: 4.320
Epoch: [1/25], Batch: 2090/2963, Loss: 961.372, Trans_L2_m: 8.328, Yaw_err_deg: 3.825
Epoch: [1/25], Batch: 2100/2963, Loss: 951.014, Trans_L2_m: 10.151, Yaw_err_deg: 2.833
Epoch: [1/25], Batch: 2110/2963, Loss: 891.341, Trans_L2_m: 7.766, Yaw_err_deg: 4.298
Epoch: [1/25], Batch: 2120/2963, Loss: 1190.242, Trans_L2_m: 10.034, Yaw_err_deg: 4.461
Epoch: [1/25], Batch: 2130/2963, Loss: 823.973, Trans_L2_m: 8.591, Yaw_err_deg: 4.473
Epoch: [1/25], Batch: 2140/2963, Loss: 919.039, Trans_L2_m: 8.474, Yaw_err_deg: 4.597
Epoch: [1/25], Batch: 2150/2963, Loss: 1134.310, Trans_L2_m: 10.571, Yaw_err_deg: 3.042
Epoch: [1/25], Batch: 2160/2963, Loss: 1467.387, Trans_L2_m: 13.365, Yaw_err_deg: 5.270
Epoch: [1/25], Batch: 2170/2963, Loss: 1112.570, Trans_L2_m: 9.703, Yaw_err_deg: 3.440
Epoch: [1/25], Batch: 2180/2963, Loss: 887.682, Trans_L2_m: 7.450, Yaw_err_deg: 5.765
Epoch: [1/25], Batch: 2190/2963, Loss: 1120.099, Trans_L2_m: 9.321, Yaw_err_deg: 3.597
Epoch: [1/25], Batch: 2200/2963, Loss: 758.007, Trans_L2_m: 7.735, Yaw_err_deg: 3.910
Epoch: [1/25], Batch: 2210/2963, Loss: 986.382, Trans_L2_m: 9.603, Yaw_err_deg: 3.783
Epoch: [1/25], Batch: 2220/2963, Loss: 1056.203, Trans_L2_m: 9.653, Yaw_err_deg: 4.064
Epoch: [1/25], Batch: 2230/2963, Loss: 883.039, Trans_L2_m: 9.206, Yaw_err_deg: 2.190
Epoch: [1/25], Batch: 2240/2963, Loss: 1084.803, Trans_L2_m: 10.206, Yaw_err_deg: 4.228
Epoch: [1/25], Batch: 2250/2963, Loss: 1308.504, Trans_L2_m: 11.413, Yaw_err_deg: 4.664
Epoch: [1/25], Batch: 2260/2963, Loss: 967.062, Trans_L2_m: 9.910, Yaw_err_deg: 3.212
Epoch: [1/25], Batch: 2270/2963, Loss: 1538.788, Trans_L2_m: 12.759, Yaw_err_deg: 3.897
Epoch: [1/25], Batch: 2280/2963, Loss: 862.286, Trans_L2_m: 9.363, Yaw_err_deg: 2.855
Epoch: [1/25], Batch: 2290/2963, Loss: 1050.444, Trans_L2_m: 9.850, Yaw_err_deg: 4.812
Epoch: [1/25], Batch: 2300/2963, Loss: 906.129, Trans_L2_m: 10.462, Yaw_err_deg: 2.685
Epoch: [1/25], Batch: 2310/2963, Loss: 886.858, Trans_L2_m: 9.752, Yaw_err_deg: 3.447
Epoch: [1/25], Batch: 2320/2963, Loss: 1036.388, Trans_L2_m: 10.227, Yaw_err_deg: 3.565
Epoch: [1/25], Batch: 2330/2963, Loss: 793.857, Trans_L2_m: 7.770, Yaw_err_deg: 4.324
Epoch: [1/25], Batch: 2340/2963, Loss: 1173.107, Trans_L2_m: 9.913, Yaw_err_deg: 4.285
Epoch: [1/25], Batch: 2350/2963, Loss: 753.858, Trans_L2_m: 7.643, Yaw_err_deg: 3.053
Epoch: [1/25], Batch: 2360/2963, Loss: 1571.121, Trans_L2_m: 12.204, Yaw_err_deg: 5.044
Epoch: [1/25], Batch: 2370/2963, Loss: 999.009, Trans_L2_m: 9.903, Yaw_err_deg: 3.808
Epoch: [1/25], Batch: 2380/2963, Loss: 597.703, Trans_L2_m: 5.271, Yaw_err_deg: 3.787
Epoch: [1/25], Batch: 2390/2963, Loss: 957.221, Trans_L2_m: 9.309, Yaw_err_deg: 3.346
Epoch: [1/25], Batch: 2400/2963, Loss: 649.462, Trans_L2_m: 6.101, Yaw_err_deg: 4.108
Epoch: [1/25], Batch: 2410/2963, Loss: 1117.609, Trans_L2_m: 10.859, Yaw_err_deg: 3.064
Epoch: [1/25], Batch: 2420/2963, Loss: 899.691, Trans_L2_m: 8.277, Yaw_err_deg: 3.225
Epoch: [1/25], Batch: 2430/2963, Loss: 989.721, Trans_L2_m: 9.534, Yaw_err_deg: 2.853
Epoch: [1/25], Batch: 2440/2963, Loss: 888.604, Trans_L2_m: 9.062, Yaw_err_deg: 2.774
Epoch: [1/25], Batch: 2450/2963, Loss: 985.140, Trans_L2_m: 9.984, Yaw_err_deg: 2.210
Epoch: [1/25], Batch: 2460/2963, Loss: 1082.324, Trans_L2_m: 10.548, Yaw_err_deg: 3.267
Epoch: [1/25], Batch: 2470/2963, Loss: 1044.278, Trans_L2_m: 9.397, Yaw_err_deg: 3.146
Epoch: [1/25], Batch: 2480/2963, Loss: 1120.126, Trans_L2_m: 11.418, Yaw_err_deg: 3.580
Epoch: [1/25], Batch: 2490/2963, Loss: 766.465, Trans_L2_m: 8.350, Yaw_err_deg: 2.220
Epoch: [1/25], Batch: 2500/2963, Loss: 996.368, Trans_L2_m: 10.068, Yaw_err_deg: 3.018
Epoch: [1/25], Batch: 2510/2963, Loss: 1004.288, Trans_L2_m: 8.472, Yaw_err_deg: 4.903
Epoch: [1/25], Batch: 2520/2963, Loss: 937.590, Trans_L2_m: 8.570, Yaw_err_deg: 3.323
Epoch: [1/25], Batch: 2530/2963, Loss: 902.325, Trans_L2_m: 9.880, Yaw_err_deg: 2.554
Epoch: [1/25], Batch: 2540/2963, Loss: 888.777, Trans_L2_m: 8.478, Yaw_err_deg: 4.087
Epoch: [1/25], Batch: 2550/2963, Loss: 765.832, Trans_L2_m: 7.655, Yaw_err_deg: 4.376
Epoch: [1/25], Batch: 2560/2963, Loss: 944.015, Trans_L2_m: 7.841, Yaw_err_deg: 3.879
Epoch: [1/25], Batch: 2570/2963, Loss: 1099.947, Trans_L2_m: 10.098, Yaw_err_deg: 4.867
Epoch: [1/25], Batch: 2580/2963, Loss: 677.347, Trans_L2_m: 6.909, Yaw_err_deg: 3.328
Epoch: [1/25], Batch: 2590/2963, Loss: 939.987, Trans_L2_m: 9.829, Yaw_err_deg: 4.649
Epoch: [1/25], Batch: 2600/2963, Loss: 799.235, Trans_L2_m: 7.251, Yaw_err_deg: 4.521
Epoch: [1/25], Batch: 2610/2963, Loss: 1118.608, Trans_L2_m: 9.842, Yaw_err_deg: 3.813
Epoch: [1/25], Batch: 2620/2963, Loss: 1219.733, Trans_L2_m: 12.411, Yaw_err_deg: 3.331
Epoch: [1/25], Batch: 2630/2963, Loss: 937.782, Trans_L2_m: 9.841, Yaw_err_deg: 4.092
Epoch: [1/25], Batch: 2640/2963, Loss: 938.149, Trans_L2_m: 9.643, Yaw_err_deg: 3.168
Epoch: [1/25], Batch: 2650/2963, Loss: 1228.051, Trans_L2_m: 10.849, Yaw_err_deg: 3.386
Epoch: [1/25], Batch: 2660/2963, Loss: 1603.210, Trans_L2_m: 13.725, Yaw_err_deg: 5.700
Epoch: [1/25], Batch: 2670/2963, Loss: 739.469, Trans_L2_m: 7.843, Yaw_err_deg: 4.282
Epoch: [1/25], Batch: 2680/2963, Loss: 845.313, Trans_L2_m: 8.449, Yaw_err_deg: 2.250
Epoch: [1/25], Batch: 2690/2963, Loss: 1003.800, Trans_L2_m: 9.574, Yaw_err_deg: 2.243
Epoch: [1/25], Batch: 2700/2963, Loss: 1036.423, Trans_L2_m: 8.169, Yaw_err_deg: 4.835
Epoch: [1/25], Batch: 2710/2963, Loss: 992.513, Trans_L2_m: 8.270, Yaw_err_deg: 4.551
Epoch: [1/25], Batch: 2720/2963, Loss: 1262.526, Trans_L2_m: 11.053, Yaw_err_deg: 4.417
Epoch: [1/25], Batch: 2730/2963, Loss: 954.468, Trans_L2_m: 9.484, Yaw_err_deg: 2.234
Epoch: [1/25], Batch: 2740/2963, Loss: 901.180, Trans_L2_m: 9.958, Yaw_err_deg: 2.803
Epoch: [1/25], Batch: 2750/2963, Loss: 1210.444, Trans_L2_m: 10.467, Yaw_err_deg: 3.353
Epoch: [1/25], Batch: 2760/2963, Loss: 1204.693, Trans_L2_m: 10.897, Yaw_err_deg: 4.523
Epoch: [1/25], Batch: 2770/2963, Loss: 739.304, Trans_L2_m: 7.857, Yaw_err_deg: 2.372
Epoch: [1/25], Batch: 2780/2963, Loss: 759.823, Trans_L2_m: 7.794, Yaw_err_deg: 2.693
Epoch: [1/25], Batch: 2790/2963, Loss: 917.981, Trans_L2_m: 10.346, Yaw_err_deg: 2.511
Epoch: [1/25], Batch: 2800/2963, Loss: 1044.664, Trans_L2_m: 9.486, Yaw_err_deg: 3.753
Epoch: [1/25], Batch: 2810/2963, Loss: 795.079, Trans_L2_m: 9.067, Yaw_err_deg: 2.492
Epoch: [1/25], Batch: 2820/2963, Loss: 811.690, Trans_L2_m: 7.941, Yaw_err_deg: 3.133
Epoch: [1/25], Batch: 2830/2963, Loss: 951.352, Trans_L2_m: 10.364, Yaw_err_deg: 4.090
Epoch: [1/25], Batch: 2840/2963, Loss: 878.496, Trans_L2_m: 9.495, Yaw_err_deg: 2.766
Epoch: [1/25], Batch: 2850/2963, Loss: 773.189, Trans_L2_m: 8.462, Yaw_err_deg: 3.279
Epoch: [1/25], Batch: 2860/2963, Loss: 1250.665, Trans_L2_m: 12.887, Yaw_err_deg: 3.149
Epoch: [1/25], Batch: 2870/2963, Loss: 656.154, Trans_L2_m: 7.324, Yaw_err_deg: 3.572
Epoch: [1/25], Batch: 2880/2963, Loss: 949.380, Trans_L2_m: 9.557, Yaw_err_deg: 3.490
Epoch: [1/25], Batch: 2890/2963, Loss: 1044.129, Trans_L2_m: 10.767, Yaw_err_deg: 2.947
Epoch: [1/25], Batch: 2900/2963, Loss: 885.073, Trans_L2_m: 9.009, Yaw_err_deg: 2.720
Epoch: [1/25], Batch: 2910/2963, Loss: 756.490, Trans_L2_m: 7.516, Yaw_err_deg: 4.187
Epoch: [1/25], Batch: 2920/2963, Loss: 573.325, Trans_L2_m: 7.067, Yaw_err_deg: 1.817
Epoch: [1/25], Batch: 2930/2963, Loss: 1180.895, Trans_L2_m: 9.013, Yaw_err_deg: 4.986
Epoch: [1/25], Batch: 2940/2963, Loss: 630.182, Trans_L2_m: 7.885, Yaw_err_deg: 2.753
Epoch: [1/25], Batch: 2950/2963, Loss: 1105.965, Trans_L2_m: 9.913, Yaw_err_deg: 4.082
Epoch: [1/25], Batch: 2960/2963, Loss: 938.217, Trans_L2_m: 9.284, Yaw_err_deg: 4.478
Epoch: [2/25], Batch: 0/2963, Loss: 946.770, Trans_L2_m: 9.195, Yaw_err_deg: 3.512
Epoch: [2/25], Batch: 10/2963, Loss: 947.015, Trans_L2_m: 9.527, Yaw_err_deg: 4.137
Epoch: [2/25], Batch: 20/2963, Loss: 876.716, Trans_L2_m: 8.823, Yaw_err_deg: 3.115
Epoch: [2/25], Batch: 30/2963, Loss: 748.813, Trans_L2_m: 7.942, Yaw_err_deg: 4.148
Epoch: [2/25], Batch: 40/2963, Loss: 1027.215, Trans_L2_m: 8.026, Yaw_err_deg: 5.078
Epoch: [2/25], Batch: 50/2963, Loss: 637.141, Trans_L2_m: 6.001, Yaw_err_deg: 3.424
Epoch: [2/25], Batch: 60/2963, Loss: 1202.551, Trans_L2_m: 10.058, Yaw_err_deg: 4.162
Epoch: [2/25], Batch: 70/2963, Loss: 573.842, Trans_L2_m: 6.950, Yaw_err_deg: 1.927
Epoch: [2/25], Batch: 80/2963, Loss: 594.411, Trans_L2_m: 5.758, Yaw_err_deg: 5.389
Epoch: [2/25], Batch: 90/2963, Loss: 774.308, Trans_L2_m: 8.271, Yaw_err_deg: 3.974
Epoch: [2/25], Batch: 100/2963, Loss: 823.813, Trans_L2_m: 8.655, Yaw_err_deg: 2.975
Epoch: [2/25], Batch: 110/2963, Loss: 1668.621, Trans_L2_m: 12.268, Yaw_err_deg: 5.061
Epoch: [2/25], Batch: 120/2963, Loss: 805.634, Trans_L2_m: 7.319, Yaw_err_deg: 4.082
Epoch: [2/25], Batch: 130/2963, Loss: 1102.743, Trans_L2_m: 9.681, Yaw_err_deg: 4.261
Epoch: [2/25], Batch: 140/2963, Loss: 975.428, Trans_L2_m: 9.656, Yaw_err_deg: 3.314
Epoch: [2/25], Batch: 150/2963, Loss: 946.796, Trans_L2_m: 9.678, Yaw_err_deg: 3.639
Epoch: [2/25], Batch: 160/2963, Loss: 964.483, Trans_L2_m: 8.964, Yaw_err_deg: 4.269
Epoch: [2/25], Batch: 170/2963, Loss: 1082.285, Trans_L2_m: 10.163, Yaw_err_deg: 3.211
Epoch: [2/25], Batch: 180/2963, Loss: 733.238, Trans_L2_m: 7.133, Yaw_err_deg: 3.003
Epoch: [2/25], Batch: 190/2963, Loss: 925.897, Trans_L2_m: 9.840, Yaw_err_deg: 3.811
Epoch: [2/25], Batch: 200/2963, Loss: 922.944, Trans_L2_m: 8.175, Yaw_err_deg: 2.920
Epoch: [2/25], Batch: 210/2963, Loss: 1110.782, Trans_L2_m: 10.531, Yaw_err_deg: 4.033
Epoch: [2/25], Batch: 220/2963, Loss: 898.151, Trans_L2_m: 7.954, Yaw_err_deg: 3.287
Epoch: [2/25], Batch: 230/2963, Loss: 646.000, Trans_L2_m: 7.177, Yaw_err_deg: 2.155
Epoch: [2/25], Batch: 240/2963, Loss: 909.195, Trans_L2_m: 9.760, Yaw_err_deg: 3.213
Epoch: [2/25], Batch: 250/2963, Loss: 920.848, Trans_L2_m: 9.934, Yaw_err_deg: 3.519
Epoch: [2/25], Batch: 260/2963, Loss: 1266.825, Trans_L2_m: 11.929, Yaw_err_deg: 4.031
Epoch: [2/25], Batch: 270/2963, Loss: 1239.216, Trans_L2_m: 11.961, Yaw_err_deg: 3.246
Epoch: [2/25], Batch: 280/2963, Loss: 1371.331, Trans_L2_m: 10.879, Yaw_err_deg: 6.849
Epoch: [2/25], Batch: 290/2963, Loss: 828.642, Trans_L2_m: 6.815, Yaw_err_deg: 3.912
Epoch: [2/25], Batch: 300/2963, Loss: 1201.572, Trans_L2_m: 10.315, Yaw_err_deg: 5.302
Epoch: [2/25], Batch: 310/2963, Loss: 947.196, Trans_L2_m: 10.130, Yaw_err_deg: 2.790
Epoch: [2/25], Batch: 320/2963, Loss: 949.490, Trans_L2_m: 10.013, Yaw_err_deg: 3.087
Epoch: [2/25], Batch: 330/2963, Loss: 936.156, Trans_L2_m: 8.509, Yaw_err_deg: 3.128
Epoch: [2/25], Batch: 340/2963, Loss: 576.310, Trans_L2_m: 6.496, Yaw_err_deg: 2.723
Epoch: [2/25], Batch: 350/2963, Loss: 873.594, Trans_L2_m: 8.970, Yaw_err_deg: 2.206
Epoch: [2/25], Batch: 360/2963, Loss: 949.309, Trans_L2_m: 10.095, Yaw_err_deg: 3.241
Epoch: [2/25], Batch: 370/2963, Loss: 749.426, Trans_L2_m: 7.376, Yaw_err_deg: 4.136
Epoch: [2/25], Batch: 380/2963, Loss: 1041.331, Trans_L2_m: 9.186, Yaw_err_deg: 3.314
Epoch: [2/25], Batch: 390/2963, Loss: 1054.786, Trans_L2_m: 10.249, Yaw_err_deg: 3.428
Epoch: [2/25], Batch: 400/2963, Loss: 1089.106, Trans_L2_m: 8.409, Yaw_err_deg: 5.291
Epoch: [2/25], Batch: 410/2963, Loss: 1257.522, Trans_L2_m: 10.624, Yaw_err_deg: 5.048
Epoch: [2/25], Batch: 420/2963, Loss: 904.006, Trans_L2_m: 9.489, Yaw_err_deg: 3.768
Epoch: [2/25], Batch: 430/2963, Loss: 945.202, Trans_L2_m: 8.674, Yaw_err_deg: 4.614
Epoch: [2/25], Batch: 440/2963, Loss: 857.315, Trans_L2_m: 7.484, Yaw_err_deg: 5.218
Epoch: [2/25], Batch: 450/2963, Loss: 858.880, Trans_L2_m: 8.960, Yaw_err_deg: 3.218
Epoch: [2/25], Batch: 460/2963, Loss: 962.407, Trans_L2_m: 8.287, Yaw_err_deg: 3.754
Epoch: [2/25], Batch: 470/2963, Loss: 799.401, Trans_L2_m: 7.962, Yaw_err_deg: 3.095
Epoch: [2/25], Batch: 480/2963, Loss: 890.287, Trans_L2_m: 9.740, Yaw_err_deg: 2.550
Epoch: [2/25], Batch: 490/2963, Loss: 852.345, Trans_L2_m: 8.596, Yaw_err_deg: 4.414
Epoch: [2/25], Batch: 500/2963, Loss: 763.372, Trans_L2_m: 7.322, Yaw_err_deg: 3.050
Epoch: [2/25], Batch: 510/2963, Loss: 948.820, Trans_L2_m: 9.937, Yaw_err_deg: 3.505
Epoch: [2/25], Batch: 520/2963, Loss: 632.643, Trans_L2_m: 7.540, Yaw_err_deg: 2.044
Epoch: [2/25], Batch: 530/2963, Loss: 1086.829, Trans_L2_m: 9.453, Yaw_err_deg: 4.861
Epoch: [2/25], Batch: 540/2963, Loss: 1164.950, Trans_L2_m: 9.904, Yaw_err_deg: 5.052
Epoch: [2/25], Batch: 550/2963, Loss: 854.395, Trans_L2_m: 8.656, Yaw_err_deg: 4.197
Epoch: [2/25], Batch: 560/2963, Loss: 842.029, Trans_L2_m: 9.652, Yaw_err_deg: 2.611
Epoch: [2/25], Batch: 570/2963, Loss: 730.349, Trans_L2_m: 8.766, Yaw_err_deg: 2.732
Epoch: [2/25], Batch: 580/2963, Loss: 1252.648, Trans_L2_m: 11.149, Yaw_err_deg: 3.018
Epoch: [2/25], Batch: 590/2963, Loss: 1297.243, Trans_L2_m: 11.314, Yaw_err_deg: 4.955
Epoch: [2/25], Batch: 600/2963, Loss: 694.189, Trans_L2_m: 6.032, Yaw_err_deg: 2.955
Epoch: [2/25], Batch: 610/2963, Loss: 707.445, Trans_L2_m: 6.340, Yaw_err_deg: 4.954
Epoch: [2/25], Batch: 620/2963, Loss: 754.382, Trans_L2_m: 7.710, Yaw_err_deg: 2.104
Epoch: [2/25], Batch: 630/2963, Loss: 914.334, Trans_L2_m: 9.751, Yaw_err_deg: 3.053
Epoch: [2/25], Batch: 640/2963, Loss: 717.817, Trans_L2_m: 8.189, Yaw_err_deg: 3.461
Epoch: [2/25], Batch: 650/2963, Loss: 671.464, Trans_L2_m: 6.262, Yaw_err_deg: 3.653
Epoch: [2/25], Batch: 660/2963, Loss: 619.149, Trans_L2_m: 7.252, Yaw_err_deg: 3.780
Epoch: [2/25], Batch: 670/2963, Loss: 827.625, Trans_L2_m: 9.036, Yaw_err_deg: 3.147
Epoch: [2/25], Batch: 680/2963, Loss: 810.442, Trans_L2_m: 9.072, Yaw_err_deg: 3.160
Epoch: [2/25], Batch: 690/2963, Loss: 856.841, Trans_L2_m: 6.746, Yaw_err_deg: 4.617
Epoch: [2/25], Batch: 700/2963, Loss: 740.769, Trans_L2_m: 7.774, Yaw_err_deg: 2.469
Epoch: [2/25], Batch: 710/2963, Loss: 1102.258, Trans_L2_m: 9.349, Yaw_err_deg: 6.105
Epoch: [2/25], Batch: 720/2963, Loss: 689.024, Trans_L2_m: 7.325, Yaw_err_deg: 5.569
Epoch: [2/25], Batch: 730/2963, Loss: 566.717, Trans_L2_m: 6.092, Yaw_err_deg: 3.062
Epoch: [2/25], Batch: 740/2963, Loss: 809.154, Trans_L2_m: 8.662, Yaw_err_deg: 2.848
Epoch: [2/25], Batch: 750/2963, Loss: 543.514, Trans_L2_m: 5.494, Yaw_err_deg: 3.550
Epoch: [2/25], Batch: 760/2963, Loss: 598.171, Trans_L2_m: 6.011, Yaw_err_deg: 3.360
Epoch: [2/25], Batch: 770/2963, Loss: 664.055, Trans_L2_m: 7.792, Yaw_err_deg: 2.970
Epoch: [2/25], Batch: 780/2963, Loss: 759.286, Trans_L2_m: 8.257, Yaw_err_deg: 3.298
Epoch: [2/25], Batch: 790/2963, Loss: 953.077, Trans_L2_m: 8.501, Yaw_err_deg: 4.586
Epoch: [2/25], Batch: 800/2963, Loss: 831.874, Trans_L2_m: 8.535, Yaw_err_deg: 2.497
Epoch: [2/25], Batch: 810/2963, Loss: 1170.520, Trans_L2_m: 10.136, Yaw_err_deg: 4.213
Epoch: [2/25], Batch: 820/2963, Loss: 800.269, Trans_L2_m: 9.111, Yaw_err_deg: 3.699
Epoch: [2/25], Batch: 830/2963, Loss: 855.507, Trans_L2_m: 8.193, Yaw_err_deg: 2.801
Epoch: [2/25], Batch: 840/2963, Loss: 817.756, Trans_L2_m: 8.671, Yaw_err_deg: 2.786
Epoch: [2/25], Batch: 850/2963, Loss: 1123.195, Trans_L2_m: 10.394, Yaw_err_deg: 3.415
Epoch: [2/25], Batch: 860/2963, Loss: 765.947, Trans_L2_m: 7.560, Yaw_err_deg: 2.860
Epoch: [2/25], Batch: 870/2963, Loss: 552.040, Trans_L2_m: 6.238, Yaw_err_deg: 2.651
Epoch: [2/25], Batch: 880/2963, Loss: 939.102, Trans_L2_m: 8.640, Yaw_err_deg: 3.344
Epoch: [2/25], Batch: 890/2963, Loss: 329.816, Trans_L2_m: 4.485, Yaw_err_deg: 2.516
Epoch: [2/25], Batch: 900/2963, Loss: 789.953, Trans_L2_m: 9.342, Yaw_err_deg: 3.821
Epoch: [2/25], Batch: 910/2963, Loss: 765.823, Trans_L2_m: 9.062, Yaw_err_deg: 2.886
Epoch: [2/25], Batch: 920/2963, Loss: 834.340, Trans_L2_m: 9.071, Yaw_err_deg: 2.949
Epoch: [2/25], Batch: 930/2963, Loss: 1249.070, Trans_L2_m: 12.033, Yaw_err_deg: 3.755
Epoch: [2/25], Batch: 940/2963, Loss: 918.455, Trans_L2_m: 9.152, Yaw_err_deg: 2.581
Epoch: [2/25], Batch: 950/2963, Loss: 1058.928, Trans_L2_m: 9.206, Yaw_err_deg: 4.603
Epoch: [2/25], Batch: 960/2963, Loss: 937.828, Trans_L2_m: 9.311, Yaw_err_deg: 3.302
Epoch: [2/25], Batch: 970/2963, Loss: 796.160, Trans_L2_m: 7.881, Yaw_err_deg: 2.834
Epoch: [2/25], Batch: 980/2963, Loss: 710.428, Trans_L2_m: 8.031, Yaw_err_deg: 2.154
Epoch: [2/25], Batch: 990/2963, Loss: 756.920, Trans_L2_m: 7.793, Yaw_err_deg: 3.722
Epoch: [2/25], Batch: 1000/2963, Loss: 552.486, Trans_L2_m: 5.980, Yaw_err_deg: 3.470
Epoch: [2/25], Batch: 1010/2963, Loss: 937.453, Trans_L2_m: 7.613, Yaw_err_deg: 5.235
Epoch: [2/25], Batch: 1020/2963, Loss: 598.837, Trans_L2_m: 6.886, Yaw_err_deg: 2.198
Epoch: [2/25], Batch: 1030/2963, Loss: 702.425, Trans_L2_m: 7.507, Yaw_err_deg: 2.105
Epoch: [2/25], Batch: 1040/2963, Loss: 954.721, Trans_L2_m: 8.207, Yaw_err_deg: 5.355
Epoch: [2/25], Batch: 1050/2963, Loss: 741.094, Trans_L2_m: 7.380, Yaw_err_deg: 3.392
Epoch: [2/25], Batch: 1060/2963, Loss: 887.725, Trans_L2_m: 8.516, Yaw_err_deg: 3.300
Epoch: [2/25], Batch: 1070/2963, Loss: 1002.955, Trans_L2_m: 9.767, Yaw_err_deg: 3.093
Epoch: [2/25], Batch: 1080/2963, Loss: 482.055, Trans_L2_m: 5.521, Yaw_err_deg: 3.211
Epoch: [2/25], Batch: 1090/2963, Loss: 1049.498, Trans_L2_m: 9.690, Yaw_err_deg: 2.568
Epoch: [2/25], Batch: 1100/2963, Loss: 831.187, Trans_L2_m: 7.987, Yaw_err_deg: 3.808
Epoch: [2/25], Batch: 1110/2963, Loss: 628.839, Trans_L2_m: 6.619, Yaw_err_deg: 4.579
Epoch: [2/25], Batch: 1120/2963, Loss: 1079.054, Trans_L2_m: 10.256, Yaw_err_deg: 3.648
Epoch: [2/25], Batch: 1130/2963, Loss: 769.123, Trans_L2_m: 8.022, Yaw_err_deg: 2.009
Epoch: [2/25], Batch: 1140/2963, Loss: 1139.938, Trans_L2_m: 11.500, Yaw_err_deg: 2.133
Epoch: [2/25], Batch: 1150/2963, Loss: 923.268, Trans_L2_m: 8.497, Yaw_err_deg: 4.526
Epoch: [2/25], Batch: 1160/2963, Loss: 823.565, Trans_L2_m: 9.436, Yaw_err_deg: 2.290
Epoch: [2/25], Batch: 1170/2963, Loss: 727.517, Trans_L2_m: 7.464, Yaw_err_deg: 3.981
Epoch: [2/25], Batch: 1180/2963, Loss: 661.183, Trans_L2_m: 6.252, Yaw_err_deg: 3.687
Epoch: [2/25], Batch: 1190/2963, Loss: 664.841, Trans_L2_m: 6.991, Yaw_err_deg: 2.996
Epoch: [2/25], Batch: 1200/2963, Loss: 708.205, Trans_L2_m: 7.789, Yaw_err_deg: 2.118
Epoch: [2/25], Batch: 1210/2963, Loss: 933.545, Trans_L2_m: 10.319, Yaw_err_deg: 3.265
Epoch: [2/25], Batch: 1220/2963, Loss: 804.759, Trans_L2_m: 7.301, Yaw_err_deg: 3.016
Epoch: [2/25], Batch: 1230/2963, Loss: 806.705, Trans_L2_m: 9.419, Yaw_err_deg: 2.592
Epoch: [2/25], Batch: 1240/2963, Loss: 636.911, Trans_L2_m: 7.131, Yaw_err_deg: 2.140
Epoch: [2/25], Batch: 1250/2963, Loss: 830.786, Trans_L2_m: 8.212, Yaw_err_deg: 2.623
Epoch: [2/25], Batch: 1260/2963, Loss: 1270.925, Trans_L2_m: 9.944, Yaw_err_deg: 4.106
Epoch: [2/25], Batch: 1270/2963, Loss: 1037.453, Trans_L2_m: 10.702, Yaw_err_deg: 2.928
Epoch: [2/25], Batch: 1280/2963, Loss: 1088.250, Trans_L2_m: 11.083, Yaw_err_deg: 3.737
Epoch: [2/25], Batch: 1290/2963, Loss: 1042.524, Trans_L2_m: 9.620, Yaw_err_deg: 2.784
Epoch: [2/25], Batch: 1300/2963, Loss: 733.337, Trans_L2_m: 7.491, Yaw_err_deg: 4.227
Epoch: [2/25], Batch: 1310/2963, Loss: 1416.624, Trans_L2_m: 11.357, Yaw_err_deg: 5.212
Epoch: [2/25], Batch: 1320/2963, Loss: 901.510, Trans_L2_m: 8.989, Yaw_err_deg: 3.325
Epoch: [2/25], Batch: 1330/2963, Loss: 1204.717, Trans_L2_m: 10.077, Yaw_err_deg: 5.405
Epoch: [2/25], Batch: 1340/2963, Loss: 917.478, Trans_L2_m: 10.632, Yaw_err_deg: 3.718
Epoch: [2/25], Batch: 1350/2963, Loss: 545.322, Trans_L2_m: 6.134, Yaw_err_deg: 3.919
Epoch: [2/25], Batch: 1360/2963, Loss: 643.992, Trans_L2_m: 7.268, Yaw_err_deg: 3.489
Epoch: [2/25], Batch: 1370/2963, Loss: 910.046, Trans_L2_m: 9.061, Yaw_err_deg: 4.420
Epoch: [2/25], Batch: 1380/2963, Loss: 946.780, Trans_L2_m: 9.580, Yaw_err_deg: 3.602
Epoch: [2/25], Batch: 1390/2963, Loss: 718.554, Trans_L2_m: 7.916, Yaw_err_deg: 2.514
Epoch: [2/25], Batch: 1400/2963, Loss: 772.663, Trans_L2_m: 8.228, Yaw_err_deg: 3.494
Epoch: [2/25], Batch: 1410/2963, Loss: 564.465, Trans_L2_m: 6.137, Yaw_err_deg: 2.401
Epoch: [2/25], Batch: 1420/2963, Loss: 1089.590, Trans_L2_m: 10.880, Yaw_err_deg: 3.314
Epoch: [2/25], Batch: 1430/2963, Loss: 1383.908, Trans_L2_m: 10.890, Yaw_err_deg: 4.457
Epoch: [2/25], Batch: 1440/2963, Loss: 900.568, Trans_L2_m: 8.134, Yaw_err_deg: 3.675
Epoch: [2/25], Batch: 1450/2963, Loss: 1251.107, Trans_L2_m: 10.856, Yaw_err_deg: 3.809
Epoch: [2/25], Batch: 1460/2963, Loss: 568.516, Trans_L2_m: 5.673, Yaw_err_deg: 2.713
Epoch: [2/25], Batch: 1470/2963, Loss: 701.325, Trans_L2_m: 7.613, Yaw_err_deg: 2.592
Epoch: [2/25], Batch: 1480/2963, Loss: 542.364, Trans_L2_m: 6.486, Yaw_err_deg: 3.161
Epoch: [2/25], Batch: 1490/2963, Loss: 1040.342, Trans_L2_m: 8.473, Yaw_err_deg: 5.057
Epoch: [2/25], Batch: 1500/2963, Loss: 692.517, Trans_L2_m: 7.896, Yaw_err_deg: 2.334
Epoch: [2/25], Batch: 1510/2963, Loss: 569.221, Trans_L2_m: 6.011, Yaw_err_deg: 2.797
Epoch: [2/25], Batch: 1520/2963, Loss: 579.008, Trans_L2_m: 6.350, Yaw_err_deg: 3.664
Epoch: [2/25], Batch: 1530/2963, Loss: 797.719, Trans_L2_m: 6.305, Yaw_err_deg: 5.668
Epoch: [2/25], Batch: 1540/2963, Loss: 1007.475, Trans_L2_m: 9.966, Yaw_err_deg: 4.155
Epoch: [2/25], Batch: 1550/2963, Loss: 817.275, Trans_L2_m: 8.664, Yaw_err_deg: 3.025
Epoch: [2/25], Batch: 1560/2963, Loss: 1140.714, Trans_L2_m: 11.207, Yaw_err_deg: 2.824
Epoch: [2/25], Batch: 1570/2963, Loss: 690.967, Trans_L2_m: 7.786, Yaw_err_deg: 2.707
Epoch: [2/25], Batch: 1580/2963, Loss: 663.786, Trans_L2_m: 6.182, Yaw_err_deg: 3.907
Epoch: [2/25], Batch: 1590/2963, Loss: 810.468, Trans_L2_m: 9.009, Yaw_err_deg: 2.501
Epoch: [2/25], Batch: 1600/2963, Loss: 1032.958, Trans_L2_m: 11.026, Yaw_err_deg: 2.629
Epoch: [2/25], Batch: 1610/2963, Loss: 1093.589, Trans_L2_m: 11.682, Yaw_err_deg: 3.466
Epoch: [2/25], Batch: 1620/2963, Loss: 959.031, Trans_L2_m: 9.347, Yaw_err_deg: 3.253
Epoch: [2/25], Batch: 1630/2963, Loss: 906.812, Trans_L2_m: 7.537, Yaw_err_deg: 3.939
Epoch: [2/25], Batch: 1640/2963, Loss: 634.377, Trans_L2_m: 7.740, Yaw_err_deg: 2.928
Epoch: [2/25], Batch: 1650/2963, Loss: 1437.325, Trans_L2_m: 13.155, Yaw_err_deg: 2.887
Epoch: [2/25], Batch: 1660/2963, Loss: 895.789, Trans_L2_m: 8.706, Yaw_err_deg: 3.782
Epoch: [2/25], Batch: 1670/2963, Loss: 601.320, Trans_L2_m: 5.936, Yaw_err_deg: 3.963
Epoch: [2/25], Batch: 1680/2963, Loss: 474.485, Trans_L2_m: 5.743, Yaw_err_deg: 1.931
Epoch: [2/25], Batch: 1690/2963, Loss: 742.839, Trans_L2_m: 8.704, Yaw_err_deg: 2.174
Epoch: [2/25], Batch: 1700/2963, Loss: 1091.866, Trans_L2_m: 9.577, Yaw_err_deg: 3.699
Epoch: [2/25], Batch: 1710/2963, Loss: 894.358, Trans_L2_m: 9.705, Yaw_err_deg: 3.123
Epoch: [2/25], Batch: 1720/2963, Loss: 544.541, Trans_L2_m: 6.862, Yaw_err_deg: 2.795
Epoch: [2/25], Batch: 1730/2963, Loss: 780.035, Trans_L2_m: 7.710, Yaw_err_deg: 3.321
Epoch: [2/25], Batch: 1740/2963, Loss: 553.688, Trans_L2_m: 6.358, Yaw_err_deg: 3.200
Epoch: [2/25], Batch: 1750/2963, Loss: 925.500, Trans_L2_m: 8.242, Yaw_err_deg: 3.940
Epoch: [2/25], Batch: 1760/2963, Loss: 1030.347, Trans_L2_m: 10.233, Yaw_err_deg: 2.684
Epoch: [2/25], Batch: 1770/2963, Loss: 1222.220, Trans_L2_m: 11.699, Yaw_err_deg: 3.314
Epoch: [2/25], Batch: 1780/2963, Loss: 933.628, Trans_L2_m: 9.565, Yaw_err_deg: 2.791
Epoch: [2/25], Batch: 1790/2963, Loss: 667.494, Trans_L2_m: 7.572, Yaw_err_deg: 3.553
Epoch: [2/25], Batch: 1800/2963, Loss: 854.874, Trans_L2_m: 8.896, Yaw_err_deg: 3.371
Epoch: [2/25], Batch: 1810/2963, Loss: 999.385, Trans_L2_m: 9.346, Yaw_err_deg: 2.744
Epoch: [2/25], Batch: 1820/2963, Loss: 766.815, Trans_L2_m: 8.343, Yaw_err_deg: 2.872
Epoch: [2/25], Batch: 1830/2963, Loss: 1087.898, Trans_L2_m: 10.677, Yaw_err_deg: 3.688
Epoch: [2/25], Batch: 1840/2963, Loss: 924.243, Trans_L2_m: 9.480, Yaw_err_deg: 3.048
Epoch: [2/25], Batch: 1850/2963, Loss: 815.495, Trans_L2_m: 7.807, Yaw_err_deg: 3.810
Epoch: [2/25], Batch: 1860/2963, Loss: 1049.285, Trans_L2_m: 9.193, Yaw_err_deg: 3.454
Epoch: [2/25], Batch: 1870/2963, Loss: 795.108, Trans_L2_m: 8.322, Yaw_err_deg: 3.471
Epoch: [2/25], Batch: 1880/2963, Loss: 1324.867, Trans_L2_m: 12.905, Yaw_err_deg: 3.278
Epoch: [2/25], Batch: 1890/2963, Loss: 1586.614, Trans_L2_m: 14.396, Yaw_err_deg: 3.312
Epoch: [2/25], Batch: 1900/2963, Loss: 979.773, Trans_L2_m: 9.688, Yaw_err_deg: 2.519
Epoch: [2/25], Batch: 1910/2963, Loss: 752.065, Trans_L2_m: 8.338, Yaw_err_deg: 4.059
Epoch: [2/25], Batch: 1920/2963, Loss: 836.082, Trans_L2_m: 8.920, Yaw_err_deg: 3.447
Epoch: [2/25], Batch: 1930/2963, Loss: 744.101, Trans_L2_m: 8.284, Yaw_err_deg: 3.291
Epoch: [2/25], Batch: 1940/2963, Loss: 887.226, Trans_L2_m: 8.922, Yaw_err_deg: 2.994
Epoch: [2/25], Batch: 1950/2963, Loss: 881.036, Trans_L2_m: 10.491, Yaw_err_deg: 1.584
Epoch: [2/25], Batch: 1960/2963, Loss: 704.707, Trans_L2_m: 7.931, Yaw_err_deg: 3.432
Epoch: [2/25], Batch: 1970/2963, Loss: 834.410, Trans_L2_m: 7.527, Yaw_err_deg: 3.895
Epoch: [2/25], Batch: 1980/2963, Loss: 679.219, Trans_L2_m: 7.224, Yaw_err_deg: 3.450
Epoch: [2/25], Batch: 1990/2963, Loss: 744.519, Trans_L2_m: 7.689, Yaw_err_deg: 4.027
Epoch: [2/25], Batch: 2000/2963, Loss: 668.385, Trans_L2_m: 7.757, Yaw_err_deg: 3.365
Epoch: [2/25], Batch: 2010/2963, Loss: 927.791, Trans_L2_m: 9.895, Yaw_err_deg: 2.925
Epoch: [2/25], Batch: 2020/2963, Loss: 888.181, Trans_L2_m: 8.645, Yaw_err_deg: 2.384
Epoch: [2/25], Batch: 2030/2963, Loss: 791.030, Trans_L2_m: 8.011, Yaw_err_deg: 3.795
Epoch: [2/25], Batch: 2040/2963, Loss: 665.387, Trans_L2_m: 5.623, Yaw_err_deg: 3.085
Epoch: [2/25], Batch: 2050/2963, Loss: 740.564, Trans_L2_m: 8.051, Yaw_err_deg: 2.500
Epoch: [2/25], Batch: 2060/2963, Loss: 967.007, Trans_L2_m: 9.471, Yaw_err_deg: 3.211
Epoch: [2/25], Batch: 2070/2963, Loss: 478.494, Trans_L2_m: 5.919, Yaw_err_deg: 2.501
Epoch: [2/25], Batch: 2080/2963, Loss: 442.058, Trans_L2_m: 4.994, Yaw_err_deg: 2.105
Epoch: [2/25], Batch: 2090/2963, Loss: 511.624, Trans_L2_m: 5.382, Yaw_err_deg: 2.881
Epoch: [2/25], Batch: 2100/2963, Loss: 1178.818, Trans_L2_m: 9.942, Yaw_err_deg: 3.706
Epoch: [2/25], Batch: 2110/2963, Loss: 797.564, Trans_L2_m: 7.831, Yaw_err_deg: 3.732
Epoch: [2/25], Batch: 2120/2963, Loss: 1141.478, Trans_L2_m: 10.831, Yaw_err_deg: 2.511
Epoch: [2/25], Batch: 2130/2963, Loss: 962.744, Trans_L2_m: 8.730, Yaw_err_deg: 3.150
Epoch: [2/25], Batch: 2140/2963, Loss: 700.399, Trans_L2_m: 7.339, Yaw_err_deg: 3.203
Epoch: [2/25], Batch: 2150/2963, Loss: 790.652, Trans_L2_m: 8.261, Yaw_err_deg: 3.247
Epoch: [2/25], Batch: 2160/2963, Loss: 489.325, Trans_L2_m: 5.797, Yaw_err_deg: 2.569
Epoch: [2/25], Batch: 2170/2963, Loss: 916.879, Trans_L2_m: 8.218, Yaw_err_deg: 3.726
Epoch: [2/25], Batch: 2180/2963, Loss: 679.326, Trans_L2_m: 8.005, Yaw_err_deg: 2.834
Epoch: [2/25], Batch: 2190/2963, Loss: 1021.541, Trans_L2_m: 10.111, Yaw_err_deg: 3.251
Epoch: [2/25], Batch: 2200/2963, Loss: 1231.492, Trans_L2_m: 10.984, Yaw_err_deg: 3.159
Epoch: [2/25], Batch: 2210/2963, Loss: 742.657, Trans_L2_m: 8.300, Yaw_err_deg: 2.803
Epoch: [2/25], Batch: 2220/2963, Loss: 747.871, Trans_L2_m: 7.704, Yaw_err_deg: 3.603
Epoch: [2/25], Batch: 2230/2963, Loss: 603.551, Trans_L2_m: 7.310, Yaw_err_deg: 2.293
Epoch: [2/25], Batch: 2240/2963, Loss: 523.565, Trans_L2_m: 5.352, Yaw_err_deg: 3.069
Epoch: [2/25], Batch: 2250/2963, Loss: 858.618, Trans_L2_m: 8.863, Yaw_err_deg: 1.488
Epoch: [2/25], Batch: 2260/2963, Loss: 699.239, Trans_L2_m: 7.515, Yaw_err_deg: 3.770
Epoch: [2/25], Batch: 2270/2963, Loss: 796.584, Trans_L2_m: 8.144, Yaw_err_deg: 4.248
Epoch: [2/25], Batch: 2280/2963, Loss: 519.476, Trans_L2_m: 5.534, Yaw_err_deg: 3.047
Epoch: [2/25], Batch: 2290/2963, Loss: 769.644, Trans_L2_m: 8.461, Yaw_err_deg: 3.422
Epoch: [2/25], Batch: 2300/2963, Loss: 1059.068, Trans_L2_m: 10.989, Yaw_err_deg: 2.294
Epoch: [2/25], Batch: 2310/2963, Loss: 849.165, Trans_L2_m: 9.254, Yaw_err_deg: 3.031
Epoch: [2/25], Batch: 2320/2963, Loss: 1155.529, Trans_L2_m: 12.265, Yaw_err_deg: 2.705
Epoch: [2/25], Batch: 2330/2963, Loss: 548.295, Trans_L2_m: 6.481, Yaw_err_deg: 3.130
Epoch: [2/25], Batch: 2340/2963, Loss: 756.028, Trans_L2_m: 7.488, Yaw_err_deg: 4.073
Epoch: [2/25], Batch: 2350/2963, Loss: 748.048, Trans_L2_m: 8.188, Yaw_err_deg: 2.651
Epoch: [2/25], Batch: 2360/2963, Loss: 961.119, Trans_L2_m: 9.640, Yaw_err_deg: 2.715
Epoch: [2/25], Batch: 2370/2963, Loss: 992.689, Trans_L2_m: 8.829, Yaw_err_deg: 4.486
Epoch: [2/25], Batch: 2380/2963, Loss: 729.519, Trans_L2_m: 8.592, Yaw_err_deg: 2.467
Epoch: [2/25], Batch: 2390/2963, Loss: 429.218, Trans_L2_m: 6.186, Yaw_err_deg: 2.655
Epoch: [2/25], Batch: 2400/2963, Loss: 870.230, Trans_L2_m: 8.805, Yaw_err_deg: 2.826
Epoch: [2/25], Batch: 2410/2963, Loss: 731.763, Trans_L2_m: 6.641, Yaw_err_deg: 3.664
Epoch: [2/25], Batch: 2420/2963, Loss: 587.086, Trans_L2_m: 6.579, Yaw_err_deg: 4.026
Epoch: [2/25], Batch: 2430/2963, Loss: 680.170, Trans_L2_m: 6.575, Yaw_err_deg: 4.283
Epoch: [2/25], Batch: 2440/2963, Loss: 740.054, Trans_L2_m: 8.209, Yaw_err_deg: 3.779
Epoch: [2/25], Batch: 2450/2963, Loss: 902.126, Trans_L2_m: 8.450, Yaw_err_deg: 3.614
Epoch: [2/25], Batch: 2460/2963, Loss: 925.248, Trans_L2_m: 9.587, Yaw_err_deg: 2.700
Epoch: [2/25], Batch: 2470/2963, Loss: 900.104, Trans_L2_m: 8.851, Yaw_err_deg: 3.146
Epoch: [2/25], Batch: 2480/2963, Loss: 873.670, Trans_L2_m: 8.219, Yaw_err_deg: 3.524
Epoch: [2/25], Batch: 2490/2963, Loss: 1074.673, Trans_L2_m: 9.478, Yaw_err_deg: 5.189
Epoch: [2/25], Batch: 2500/2963, Loss: 837.301, Trans_L2_m: 8.009, Yaw_err_deg: 3.644
Epoch: [2/25], Batch: 2510/2963, Loss: 482.163, Trans_L2_m: 5.699, Yaw_err_deg: 3.378
Epoch: [2/25], Batch: 2520/2963, Loss: 944.322, Trans_L2_m: 9.713, Yaw_err_deg: 2.386
Epoch: [2/25], Batch: 2530/2963, Loss: 807.742, Trans_L2_m: 8.667, Yaw_err_deg: 2.346
Epoch: [2/25], Batch: 2540/2963, Loss: 892.210, Trans_L2_m: 9.313, Yaw_err_deg: 2.707
Epoch: [2/25], Batch: 2550/2963, Loss: 951.110, Trans_L2_m: 10.110, Yaw_err_deg: 3.010
Epoch: [2/25], Batch: 2560/2963, Loss: 641.846, Trans_L2_m: 8.127, Yaw_err_deg: 2.221
Epoch: [2/25], Batch: 2570/2963, Loss: 454.704, Trans_L2_m: 5.646, Yaw_err_deg: 2.216
Epoch: [2/25], Batch: 2580/2963, Loss: 612.237, Trans_L2_m: 7.018, Yaw_err_deg: 2.740
Epoch: [2/25], Batch: 2590/2963, Loss: 601.367, Trans_L2_m: 6.041, Yaw_err_deg: 5.329
Epoch: [2/25], Batch: 2600/2963, Loss: 829.580, Trans_L2_m: 8.239, Yaw_err_deg: 2.436
Epoch: [2/25], Batch: 2610/2963, Loss: 1312.826, Trans_L2_m: 12.023, Yaw_err_deg: 3.152
Epoch: [2/25], Batch: 2620/2963, Loss: 713.571, Trans_L2_m: 7.416, Yaw_err_deg: 2.973
Epoch: [2/25], Batch: 2630/2963, Loss: 593.330, Trans_L2_m: 6.661, Yaw_err_deg: 3.188
Epoch: [2/25], Batch: 2640/2963, Loss: 989.143, Trans_L2_m: 10.254, Yaw_err_deg: 2.924
Epoch: [2/25], Batch: 2650/2963, Loss: 749.363, Trans_L2_m: 7.437, Yaw_err_deg: 3.202
Epoch: [2/25], Batch: 2660/2963, Loss: 794.456, Trans_L2_m: 7.340, Yaw_err_deg: 4.437
Epoch: [2/25], Batch: 2670/2963, Loss: 601.233, Trans_L2_m: 7.573, Yaw_err_deg: 2.598
Epoch: [2/25], Batch: 2680/2963, Loss: 833.541, Trans_L2_m: 6.876, Yaw_err_deg: 5.386
Epoch: [2/25], Batch: 2690/2963, Loss: 737.336, Trans_L2_m: 9.089, Yaw_err_deg: 2.576
Epoch: [2/25], Batch: 2700/2963, Loss: 984.026, Trans_L2_m: 10.406, Yaw_err_deg: 2.111
Epoch: [2/25], Batch: 2710/2963, Loss: 1227.828, Trans_L2_m: 10.536, Yaw_err_deg: 4.212
Epoch: [2/25], Batch: 2720/2963, Loss: 749.465, Trans_L2_m: 9.179, Yaw_err_deg: 3.120
Epoch: [2/25], Batch: 2730/2963, Loss: 647.952, Trans_L2_m: 7.623, Yaw_err_deg: 2.105
Epoch: [2/25], Batch: 2740/2963, Loss: 622.793, Trans_L2_m: 7.500, Yaw_err_deg: 2.516
Epoch: [2/25], Batch: 2750/2963, Loss: 1191.862, Trans_L2_m: 9.336, Yaw_err_deg: 4.805
Epoch: [2/25], Batch: 2760/2963, Loss: 771.633, Trans_L2_m: 6.980, Yaw_err_deg: 3.857
Epoch: [2/25], Batch: 2770/2963, Loss: 703.460, Trans_L2_m: 6.003, Yaw_err_deg: 3.771
Epoch: [2/25], Batch: 2780/2963, Loss: 525.521, Trans_L2_m: 5.367, Yaw_err_deg: 3.019
Epoch: [2/25], Batch: 2790/2963, Loss: 1011.360, Trans_L2_m: 11.085, Yaw_err_deg: 3.104
Epoch: [2/25], Batch: 2800/2963, Loss: 1198.159, Trans_L2_m: 10.914, Yaw_err_deg: 3.121
Epoch: [2/25], Batch: 2810/2963, Loss: 1646.546, Trans_L2_m: 14.052, Yaw_err_deg: 4.024
Epoch: [2/25], Batch: 2820/2963, Loss: 615.503, Trans_L2_m: 6.242, Yaw_err_deg: 3.362
Epoch: [2/25], Batch: 2830/2963, Loss: 989.134, Trans_L2_m: 7.575, Yaw_err_deg: 6.348
Epoch: [2/25], Batch: 2840/2963, Loss: 815.135, Trans_L2_m: 9.297, Yaw_err_deg: 2.967
Epoch: [2/25], Batch: 2850/2963, Loss: 807.737, Trans_L2_m: 9.109, Yaw_err_deg: 2.539
Epoch: [2/25], Batch: 2860/2963, Loss: 704.890, Trans_L2_m: 7.702, Yaw_err_deg: 2.933
Epoch: [2/25], Batch: 2870/2963, Loss: 1168.582, Trans_L2_m: 10.428, Yaw_err_deg: 3.566
Epoch: [2/25], Batch: 2880/2963, Loss: 678.620, Trans_L2_m: 7.068, Yaw_err_deg: 3.068
Epoch: [2/25], Batch: 2890/2963, Loss: 475.180, Trans_L2_m: 4.961, Yaw_err_deg: 2.920
Epoch: [2/25], Batch: 2900/2963, Loss: 670.211, Trans_L2_m: 6.879, Yaw_err_deg: 2.664
Epoch: [2/25], Batch: 2910/2963, Loss: 1050.942, Trans_L2_m: 10.152, Yaw_err_deg: 2.564
Epoch: [2/25], Batch: 2920/2963, Loss: 959.868, Trans_L2_m: 8.818, Yaw_err_deg: 3.207
Epoch: [2/25], Batch: 2930/2963, Loss: 660.397, Trans_L2_m: 7.318, Yaw_err_deg: 2.004
Epoch: [2/25], Batch: 2940/2963, Loss: 377.350, Trans_L2_m: 5.057, Yaw_err_deg: 2.092
Epoch: [2/25], Batch: 2950/2963, Loss: 740.216, Trans_L2_m: 7.847, Yaw_err_deg: 2.096
Epoch: [2/25], Batch: 2960/2963, Loss: 316.499, Trans_L2_m: 5.109, Yaw_err_deg: 1.873
Validation loss (homography): 5642.2759
Avg batch time: 1124.66 ms, total: 364.637 s
[1;91mVal has no improvement vs 5294.26708984375![0m
Epoch: [3/25], Batch: 0/2963, Loss: 852.891, Trans_L2_m: 8.546, Yaw_err_deg: 2.490
Epoch: [3/25], Batch: 10/2963, Loss: 627.517, Trans_L2_m: 7.500, Yaw_err_deg: 1.967
Epoch: [3/25], Batch: 20/2963, Loss: 828.950, Trans_L2_m: 10.075, Yaw_err_deg: 2.565
Epoch: [3/25], Batch: 30/2963, Loss: 882.228, Trans_L2_m: 8.468, Yaw_err_deg: 3.508
Epoch: [3/25], Batch: 40/2963, Loss: 526.595, Trans_L2_m: 6.579, Yaw_err_deg: 3.265
Epoch: [3/25], Batch: 50/2963, Loss: 901.437, Trans_L2_m: 9.146, Yaw_err_deg: 2.351
Epoch: [3/25], Batch: 60/2963, Loss: 410.427, Trans_L2_m: 5.405, Yaw_err_deg: 2.074
Epoch: [3/25], Batch: 70/2963, Loss: 1080.650, Trans_L2_m: 10.847, Yaw_err_deg: 3.810
Epoch: [3/25], Batch: 80/2963, Loss: 807.880, Trans_L2_m: 8.194, Yaw_err_deg: 2.871
Epoch: [3/25], Batch: 90/2963, Loss: 468.467, Trans_L2_m: 5.701, Yaw_err_deg: 2.380
Epoch: [3/25], Batch: 100/2963, Loss: 814.931, Trans_L2_m: 8.070, Yaw_err_deg: 3.201
Epoch: [3/25], Batch: 110/2963, Loss: 587.975, Trans_L2_m: 7.376, Yaw_err_deg: 3.337
Epoch: [3/25], Batch: 120/2963, Loss: 717.509, Trans_L2_m: 7.593, Yaw_err_deg: 2.666
Epoch: [3/25], Batch: 130/2963, Loss: 1076.113, Trans_L2_m: 10.296, Yaw_err_deg: 2.761
Epoch: [3/25], Batch: 140/2963, Loss: 706.700, Trans_L2_m: 8.010, Yaw_err_deg: 2.279
Epoch: [3/25], Batch: 150/2963, Loss: 722.070, Trans_L2_m: 7.910, Yaw_err_deg: 2.802
Epoch: [3/25], Batch: 160/2963, Loss: 714.095, Trans_L2_m: 7.918, Yaw_err_deg: 3.460
Epoch: [3/25], Batch: 170/2963, Loss: 714.473, Trans_L2_m: 7.652, Yaw_err_deg: 3.226
Epoch: [3/25], Batch: 180/2963, Loss: 603.990, Trans_L2_m: 6.295, Yaw_err_deg: 3.766
Epoch: [3/25], Batch: 190/2963, Loss: 574.897, Trans_L2_m: 6.842, Yaw_err_deg: 2.752
Epoch: [3/25], Batch: 200/2963, Loss: 1254.852, Trans_L2_m: 10.174, Yaw_err_deg: 4.318
Epoch: [3/25], Batch: 210/2963, Loss: 491.709, Trans_L2_m: 5.775, Yaw_err_deg: 3.185
Epoch: [3/25], Batch: 220/2963, Loss: 409.091, Trans_L2_m: 5.535, Yaw_err_deg: 1.667
Epoch: [3/25], Batch: 230/2963, Loss: 866.086, Trans_L2_m: 8.682, Yaw_err_deg: 4.091
Epoch: [3/25], Batch: 240/2963, Loss: 640.598, Trans_L2_m: 6.246, Yaw_err_deg: 3.519
Epoch: [3/25], Batch: 250/2963, Loss: 692.745, Trans_L2_m: 7.236, Yaw_err_deg: 2.932
Epoch: [3/25], Batch: 260/2963, Loss: 618.949, Trans_L2_m: 7.054, Yaw_err_deg: 2.811
Epoch: [3/25], Batch: 270/2963, Loss: 657.818, Trans_L2_m: 6.645, Yaw_err_deg: 3.902
Epoch: [3/25], Batch: 280/2963, Loss: 898.023, Trans_L2_m: 8.340, Yaw_err_deg: 3.428
Epoch: [3/25], Batch: 290/2963, Loss: 447.754, Trans_L2_m: 5.913, Yaw_err_deg: 1.925
Epoch: [3/25], Batch: 300/2963, Loss: 818.610, Trans_L2_m: 8.441, Yaw_err_deg: 2.463
Epoch: [3/25], Batch: 310/2963, Loss: 888.086, Trans_L2_m: 9.622, Yaw_err_deg: 2.148
Epoch: [3/25], Batch: 320/2963, Loss: 453.673, Trans_L2_m: 6.701, Yaw_err_deg: 2.290
Epoch: [3/25], Batch: 330/2963, Loss: 1239.846, Trans_L2_m: 11.419, Yaw_err_deg: 3.212
Epoch: [3/25], Batch: 340/2963, Loss: 694.651, Trans_L2_m: 7.949, Yaw_err_deg: 2.513
Epoch: [3/25], Batch: 350/2963, Loss: 741.511, Trans_L2_m: 8.193, Yaw_err_deg: 3.662
Epoch: [3/25], Batch: 360/2963, Loss: 537.126, Trans_L2_m: 6.678, Yaw_err_deg: 3.067
Epoch: [3/25], Batch: 370/2963, Loss: 826.960, Trans_L2_m: 8.688, Yaw_err_deg: 1.823
Epoch: [3/25], Batch: 380/2963, Loss: 917.686, Trans_L2_m: 9.822, Yaw_err_deg: 2.962
Epoch: [3/25], Batch: 390/2963, Loss: 571.423, Trans_L2_m: 6.944, Yaw_err_deg: 3.275
Epoch: [3/25], Batch: 400/2963, Loss: 577.687, Trans_L2_m: 6.675, Yaw_err_deg: 2.533
Epoch: [3/25], Batch: 410/2963, Loss: 921.328, Trans_L2_m: 10.505, Yaw_err_deg: 1.446
Epoch: [3/25], Batch: 420/2963, Loss: 670.108, Trans_L2_m: 7.485, Yaw_err_deg: 2.434
Epoch: [3/25], Batch: 430/2963, Loss: 882.750, Trans_L2_m: 9.349, Yaw_err_deg: 2.370
Epoch: [3/25], Batch: 440/2963, Loss: 698.800, Trans_L2_m: 6.411, Yaw_err_deg: 3.500
Epoch: [3/25], Batch: 450/2963, Loss: 706.090, Trans_L2_m: 5.683, Yaw_err_deg: 4.429
Epoch: [3/25], Batch: 460/2963, Loss: 317.778, Trans_L2_m: 4.212, Yaw_err_deg: 2.602
Epoch: [3/25], Batch: 470/2963, Loss: 793.679, Trans_L2_m: 8.423, Yaw_err_deg: 3.743
Epoch: [3/25], Batch: 480/2963, Loss: 1116.929, Trans_L2_m: 9.160, Yaw_err_deg: 4.247
Epoch: [3/25], Batch: 490/2963, Loss: 829.780, Trans_L2_m: 8.702, Yaw_err_deg: 2.376
Epoch: [3/25], Batch: 500/2963, Loss: 807.883, Trans_L2_m: 8.185, Yaw_err_deg: 2.247
Epoch: [3/25], Batch: 510/2963, Loss: 1091.872, Trans_L2_m: 9.595, Yaw_err_deg: 3.332
Epoch: [3/25], Batch: 520/2963, Loss: 545.612, Trans_L2_m: 6.815, Yaw_err_deg: 2.913
Epoch: [3/25], Batch: 530/2963, Loss: 749.854, Trans_L2_m: 8.340, Yaw_err_deg: 1.908
Epoch: [3/25], Batch: 540/2963, Loss: 714.809, Trans_L2_m: 8.705, Yaw_err_deg: 2.063
Epoch: [3/25], Batch: 550/2963, Loss: 980.009, Trans_L2_m: 9.761, Yaw_err_deg: 1.824
Epoch: [3/25], Batch: 560/2963, Loss: 502.081, Trans_L2_m: 6.562, Yaw_err_deg: 2.641
Epoch: [3/25], Batch: 570/2963, Loss: 977.960, Trans_L2_m: 9.295, Yaw_err_deg: 1.913
Epoch: [3/25], Batch: 580/2963, Loss: 1287.895, Trans_L2_m: 10.572, Yaw_err_deg: 3.974
Epoch: [3/25], Batch: 590/2963, Loss: 809.573, Trans_L2_m: 7.192, Yaw_err_deg: 3.323
Epoch: [3/25], Batch: 600/2963, Loss: 874.812, Trans_L2_m: 9.458, Yaw_err_deg: 3.067
Epoch: [3/25], Batch: 610/2963, Loss: 558.772, Trans_L2_m: 6.317, Yaw_err_deg: 2.839
Epoch: [3/25], Batch: 620/2963, Loss: 558.610, Trans_L2_m: 7.083, Yaw_err_deg: 2.473
Epoch: [3/25], Batch: 630/2963, Loss: 508.910, Trans_L2_m: 5.973, Yaw_err_deg: 2.160
Epoch: [3/25], Batch: 640/2963, Loss: 648.284, Trans_L2_m: 7.926, Yaw_err_deg: 2.231
Epoch: [3/25], Batch: 650/2963, Loss: 465.441, Trans_L2_m: 5.959, Yaw_err_deg: 2.560
Epoch: [3/25], Batch: 660/2963, Loss: 627.767, Trans_L2_m: 7.586, Yaw_err_deg: 2.948
Epoch: [3/25], Batch: 670/2963, Loss: 597.420, Trans_L2_m: 7.953, Yaw_err_deg: 1.664
Epoch: [3/25], Batch: 680/2963, Loss: 971.786, Trans_L2_m: 8.605, Yaw_err_deg: 2.543
Epoch: [3/25], Batch: 690/2963, Loss: 763.375, Trans_L2_m: 8.864, Yaw_err_deg: 2.421
Epoch: [3/25], Batch: 700/2963, Loss: 678.653, Trans_L2_m: 6.695, Yaw_err_deg: 3.486
Epoch: [3/25], Batch: 710/2963, Loss: 749.449, Trans_L2_m: 8.332, Yaw_err_deg: 4.665
Epoch: [3/25], Batch: 720/2963, Loss: 802.900, Trans_L2_m: 7.617, Yaw_err_deg: 3.859
Epoch: [3/25], Batch: 730/2963, Loss: 711.948, Trans_L2_m: 8.025, Yaw_err_deg: 2.493
Epoch: [3/25], Batch: 740/2963, Loss: 826.031, Trans_L2_m: 9.401, Yaw_err_deg: 2.119
Epoch: [3/25], Batch: 750/2963, Loss: 572.492, Trans_L2_m: 6.500, Yaw_err_deg: 3.780
Epoch: [3/25], Batch: 760/2963, Loss: 840.974, Trans_L2_m: 8.639, Yaw_err_deg: 2.927
Epoch: [3/25], Batch: 770/2963, Loss: 556.333, Trans_L2_m: 7.182, Yaw_err_deg: 2.115
Epoch: [3/25], Batch: 780/2963, Loss: 645.491, Trans_L2_m: 6.053, Yaw_err_deg: 4.534
Epoch: [3/25], Batch: 790/2963, Loss: 968.919, Trans_L2_m: 9.298, Yaw_err_deg: 3.036
Epoch: [3/25], Batch: 800/2963, Loss: 395.111, Trans_L2_m: 5.065, Yaw_err_deg: 1.922
Epoch: [3/25], Batch: 810/2963, Loss: 626.683, Trans_L2_m: 6.230, Yaw_err_deg: 3.387
Epoch: [3/25], Batch: 820/2963, Loss: 628.589, Trans_L2_m: 6.723, Yaw_err_deg: 3.345
Epoch: [3/25], Batch: 830/2963, Loss: 828.166, Trans_L2_m: 8.946, Yaw_err_deg: 3.085
Epoch: [3/25], Batch: 840/2963, Loss: 844.187, Trans_L2_m: 8.172, Yaw_err_deg: 2.148
Epoch: [3/25], Batch: 850/2963, Loss: 414.753, Trans_L2_m: 4.741, Yaw_err_deg: 3.143
Epoch: [3/25], Batch: 860/2963, Loss: 505.830, Trans_L2_m: 6.291, Yaw_err_deg: 2.383
Epoch: [3/25], Batch: 870/2963, Loss: 616.276, Trans_L2_m: 6.905, Yaw_err_deg: 2.579
Epoch: [3/25], Batch: 880/2963, Loss: 831.425, Trans_L2_m: 6.537, Yaw_err_deg: 4.661
Epoch: [3/25], Batch: 890/2963, Loss: 924.616, Trans_L2_m: 9.026, Yaw_err_deg: 2.876
Epoch: [3/25], Batch: 900/2963, Loss: 586.911, Trans_L2_m: 6.820, Yaw_err_deg: 3.649
Epoch: [3/25], Batch: 910/2963, Loss: 903.403, Trans_L2_m: 10.094, Yaw_err_deg: 2.469
Epoch: [3/25], Batch: 920/2963, Loss: 511.247, Trans_L2_m: 5.934, Yaw_err_deg: 3.442
Epoch: [3/25], Batch: 930/2963, Loss: 1010.575, Trans_L2_m: 9.634, Yaw_err_deg: 3.020
Epoch: [3/25], Batch: 940/2963, Loss: 543.769, Trans_L2_m: 6.782, Yaw_err_deg: 2.477
Epoch: [3/25], Batch: 950/2963, Loss: 827.371, Trans_L2_m: 7.574, Yaw_err_deg: 2.723
Epoch: [3/25], Batch: 960/2963, Loss: 512.501, Trans_L2_m: 6.045, Yaw_err_deg: 3.067
Epoch: [3/25], Batch: 970/2963, Loss: 599.868, Trans_L2_m: 7.768, Yaw_err_deg: 2.859
Epoch: [3/25], Batch: 980/2963, Loss: 773.262, Trans_L2_m: 8.001, Yaw_err_deg: 2.680
Epoch: [3/25], Batch: 990/2963, Loss: 531.390, Trans_L2_m: 6.079, Yaw_err_deg: 3.061
Epoch: [3/25], Batch: 1000/2963, Loss: 489.139, Trans_L2_m: 6.326, Yaw_err_deg: 2.127
Epoch: [3/25], Batch: 1010/2963, Loss: 643.039, Trans_L2_m: 7.505, Yaw_err_deg: 2.124
Epoch: [3/25], Batch: 1020/2963, Loss: 954.478, Trans_L2_m: 8.959, Yaw_err_deg: 2.641
Epoch: [3/25], Batch: 1030/2963, Loss: 1102.201, Trans_L2_m: 10.716, Yaw_err_deg: 3.299
Epoch: [3/25], Batch: 1040/2963, Loss: 1012.670, Trans_L2_m: 8.705, Yaw_err_deg: 4.341
Epoch: [3/25], Batch: 1050/2963, Loss: 604.748, Trans_L2_m: 6.240, Yaw_err_deg: 3.341
Epoch: [3/25], Batch: 1060/2963, Loss: 511.582, Trans_L2_m: 6.537, Yaw_err_deg: 2.406
Epoch: [3/25], Batch: 1070/2963, Loss: 836.341, Trans_L2_m: 8.363, Yaw_err_deg: 3.407
Epoch: [3/25], Batch: 1080/2963, Loss: 498.125, Trans_L2_m: 6.045, Yaw_err_deg: 3.193
Epoch: [3/25], Batch: 1090/2963, Loss: 548.797, Trans_L2_m: 6.360, Yaw_err_deg: 3.354
Epoch: [3/25], Batch: 1100/2963, Loss: 909.291, Trans_L2_m: 9.406, Yaw_err_deg: 3.403
Epoch: [3/25], Batch: 1110/2963, Loss: 737.281, Trans_L2_m: 7.946, Yaw_err_deg: 2.761
Epoch: [3/25], Batch: 1120/2963, Loss: 759.110, Trans_L2_m: 7.224, Yaw_err_deg: 3.823
Epoch: [3/25], Batch: 1130/2963, Loss: 535.940, Trans_L2_m: 6.461, Yaw_err_deg: 2.048
Epoch: [3/25], Batch: 1140/2963, Loss: 653.138, Trans_L2_m: 7.581, Yaw_err_deg: 1.636
Epoch: [3/25], Batch: 1150/2963, Loss: 562.022, Trans_L2_m: 6.225, Yaw_err_deg: 2.669
Epoch: [3/25], Batch: 1160/2963, Loss: 1446.684, Trans_L2_m: 11.417, Yaw_err_deg: 4.627
Epoch: [3/25], Batch: 1170/2963, Loss: 682.946, Trans_L2_m: 7.986, Yaw_err_deg: 2.980
Epoch: [3/25], Batch: 1180/2963, Loss: 446.467, Trans_L2_m: 5.569, Yaw_err_deg: 2.707
Epoch: [3/25], Batch: 1190/2963, Loss: 830.758, Trans_L2_m: 8.388, Yaw_err_deg: 4.320
Epoch: [3/25], Batch: 1200/2963, Loss: 652.255, Trans_L2_m: 6.341, Yaw_err_deg: 4.128
Epoch: [3/25], Batch: 1210/2963, Loss: 1055.702, Trans_L2_m: 10.091, Yaw_err_deg: 3.382
Epoch: [3/25], Batch: 1220/2963, Loss: 519.896, Trans_L2_m: 5.954, Yaw_err_deg: 2.839
Epoch: [3/25], Batch: 1230/2963, Loss: 662.324, Trans_L2_m: 7.207, Yaw_err_deg: 3.636
Epoch: [3/25], Batch: 1240/2963, Loss: 494.942, Trans_L2_m: 5.889, Yaw_err_deg: 2.553
Epoch: [3/25], Batch: 1250/2963, Loss: 632.197, Trans_L2_m: 7.349, Yaw_err_deg: 2.726
Epoch: [3/25], Batch: 1260/2963, Loss: 800.182, Trans_L2_m: 8.193, Yaw_err_deg: 2.613
Epoch: [3/25], Batch: 1270/2963, Loss: 799.433, Trans_L2_m: 7.480, Yaw_err_deg: 3.665
Epoch: [3/25], Batch: 1280/2963, Loss: 436.025, Trans_L2_m: 5.446, Yaw_err_deg: 2.581
Epoch: [3/25], Batch: 1290/2963, Loss: 665.079, Trans_L2_m: 7.724, Yaw_err_deg: 2.725
Epoch: [3/25], Batch: 1300/2963, Loss: 361.003, Trans_L2_m: 4.237, Yaw_err_deg: 2.737
Epoch: [3/25], Batch: 1310/2963, Loss: 476.279, Trans_L2_m: 5.721, Yaw_err_deg: 2.135
Epoch: [3/25], Batch: 1320/2963, Loss: 770.874, Trans_L2_m: 8.663, Yaw_err_deg: 2.162
Epoch: [3/25], Batch: 1330/2963, Loss: 1136.030, Trans_L2_m: 11.390, Yaw_err_deg: 2.679
Epoch: [3/25], Batch: 1340/2963, Loss: 853.331, Trans_L2_m: 9.167, Yaw_err_deg: 3.983
Epoch: [3/25], Batch: 1350/2963, Loss: 554.650, Trans_L2_m: 6.466, Yaw_err_deg: 3.584
Epoch: [3/25], Batch: 1360/2963, Loss: 762.701, Trans_L2_m: 7.401, Yaw_err_deg: 2.263
Epoch: [3/25], Batch: 1370/2963, Loss: 620.563, Trans_L2_m: 6.729, Yaw_err_deg: 3.657
Epoch: [3/25], Batch: 1380/2963, Loss: 675.654, Trans_L2_m: 7.345, Yaw_err_deg: 3.136
Epoch: [3/25], Batch: 1390/2963, Loss: 598.707, Trans_L2_m: 7.227, Yaw_err_deg: 1.851
Epoch: [3/25], Batch: 1400/2963, Loss: 559.325, Trans_L2_m: 6.662, Yaw_err_deg: 3.049
Epoch: [3/25], Batch: 1410/2963, Loss: 538.039, Trans_L2_m: 5.043, Yaw_err_deg: 4.507
Epoch: [3/25], Batch: 1420/2963, Loss: 811.706, Trans_L2_m: 8.584, Yaw_err_deg: 2.756
Epoch: [3/25], Batch: 1430/2963, Loss: 329.233, Trans_L2_m: 5.113, Yaw_err_deg: 2.336
Epoch: [3/25], Batch: 1440/2963, Loss: 655.621, Trans_L2_m: 6.664, Yaw_err_deg: 2.981
Epoch: [3/25], Batch: 1450/2963, Loss: 672.655, Trans_L2_m: 7.867, Yaw_err_deg: 2.602
Epoch: [3/25], Batch: 1460/2963, Loss: 1150.530, Trans_L2_m: 10.225, Yaw_err_deg: 2.721
Epoch: [3/25], Batch: 1470/2963, Loss: 1049.200, Trans_L2_m: 9.377, Yaw_err_deg: 3.002
Epoch: [3/25], Batch: 1480/2963, Loss: 621.993, Trans_L2_m: 7.362, Yaw_err_deg: 2.445
Epoch: [3/25], Batch: 1490/2963, Loss: 493.250, Trans_L2_m: 6.343, Yaw_err_deg: 2.782
Epoch: [3/25], Batch: 1500/2963, Loss: 638.457, Trans_L2_m: 6.690, Yaw_err_deg: 2.090
Epoch: [3/25], Batch: 1510/2963, Loss: 581.289, Trans_L2_m: 4.902, Yaw_err_deg: 4.681
Epoch: [3/25], Batch: 1520/2963, Loss: 753.276, Trans_L2_m: 7.941, Yaw_err_deg: 2.174
Epoch: [3/25], Batch: 1530/2963, Loss: 685.622, Trans_L2_m: 7.281, Yaw_err_deg: 2.295
Epoch: [3/25], Batch: 1540/2963, Loss: 687.602, Trans_L2_m: 8.275, Yaw_err_deg: 2.408
Epoch: [3/25], Batch: 1550/2963, Loss: 578.190, Trans_L2_m: 7.051, Yaw_err_deg: 1.696
Epoch: [3/25], Batch: 1560/2963, Loss: 959.778, Trans_L2_m: 8.579, Yaw_err_deg: 3.259
Epoch: [3/25], Batch: 1570/2963, Loss: 830.032, Trans_L2_m: 8.745, Yaw_err_deg: 2.256
Epoch: [3/25], Batch: 1580/2963, Loss: 536.887, Trans_L2_m: 6.848, Yaw_err_deg: 2.365
Epoch: [3/25], Batch: 1590/2963, Loss: 698.501, Trans_L2_m: 7.839, Yaw_err_deg: 2.568
Epoch: [3/25], Batch: 1600/2963, Loss: 633.839, Trans_L2_m: 7.100, Yaw_err_deg: 3.145
Epoch: [3/25], Batch: 1610/2963, Loss: 596.044, Trans_L2_m: 7.707, Yaw_err_deg: 1.927
Epoch: [3/25], Batch: 1620/2963, Loss: 683.034, Trans_L2_m: 7.974, Yaw_err_deg: 1.882
Epoch: [3/25], Batch: 1630/2963, Loss: 583.484, Trans_L2_m: 7.235, Yaw_err_deg: 3.011
Epoch: [3/25], Batch: 1640/2963, Loss: 804.496, Trans_L2_m: 8.513, Yaw_err_deg: 3.155
Epoch: [3/25], Batch: 1650/2963, Loss: 703.571, Trans_L2_m: 8.653, Yaw_err_deg: 2.680
Epoch: [3/25], Batch: 1660/2963, Loss: 762.496, Trans_L2_m: 8.022, Yaw_err_deg: 4.033
Epoch: [3/25], Batch: 1670/2963, Loss: 737.015, Trans_L2_m: 7.459, Yaw_err_deg: 2.564
Epoch: [3/25], Batch: 1680/2963, Loss: 731.321, Trans_L2_m: 7.660, Yaw_err_deg: 2.427
Epoch: [3/25], Batch: 1690/2963, Loss: 760.704, Trans_L2_m: 7.972, Yaw_err_deg: 2.961
Epoch: [3/25], Batch: 1700/2963, Loss: 438.934, Trans_L2_m: 5.223, Yaw_err_deg: 3.044
Epoch: [3/25], Batch: 1710/2963, Loss: 527.132, Trans_L2_m: 6.970, Yaw_err_deg: 1.822
Epoch: [3/25], Batch: 1720/2963, Loss: 666.021, Trans_L2_m: 7.208, Yaw_err_deg: 2.853
Epoch: [3/25], Batch: 1730/2963, Loss: 622.400, Trans_L2_m: 5.999, Yaw_err_deg: 3.317
Epoch: [3/25], Batch: 1740/2963, Loss: 860.583, Trans_L2_m: 9.248, Yaw_err_deg: 3.064
Epoch: [3/25], Batch: 1750/2963, Loss: 824.971, Trans_L2_m: 7.232, Yaw_err_deg: 5.314
Epoch: [3/25], Batch: 1760/2963, Loss: 418.902, Trans_L2_m: 5.192, Yaw_err_deg: 2.912
Epoch: [3/25], Batch: 1770/2963, Loss: 519.016, Trans_L2_m: 5.349, Yaw_err_deg: 3.665
Epoch: [3/25], Batch: 1780/2963, Loss: 790.112, Trans_L2_m: 7.510, Yaw_err_deg: 1.995
Epoch: [3/25], Batch: 1790/2963, Loss: 502.084, Trans_L2_m: 6.687, Yaw_err_deg: 2.725
Epoch: [3/25], Batch: 1800/2963, Loss: 435.475, Trans_L2_m: 5.502, Yaw_err_deg: 2.715
Epoch: [3/25], Batch: 1810/2963, Loss: 682.492, Trans_L2_m: 7.652, Yaw_err_deg: 1.741
Epoch: [3/25], Batch: 1820/2963, Loss: 630.750, Trans_L2_m: 6.765, Yaw_err_deg: 2.095
Epoch: [3/25], Batch: 1830/2963, Loss: 949.800, Trans_L2_m: 8.306, Yaw_err_deg: 4.325
Epoch: [3/25], Batch: 1840/2963, Loss: 922.941, Trans_L2_m: 9.694, Yaw_err_deg: 3.740
Epoch: [3/25], Batch: 1850/2963, Loss: 851.607, Trans_L2_m: 8.195, Yaw_err_deg: 2.589
Epoch: [3/25], Batch: 1860/2963, Loss: 775.194, Trans_L2_m: 9.460, Yaw_err_deg: 3.313
Epoch: [3/25], Batch: 1870/2963, Loss: 490.718, Trans_L2_m: 6.020, Yaw_err_deg: 1.955
Epoch: [3/25], Batch: 1880/2963, Loss: 756.582, Trans_L2_m: 9.324, Yaw_err_deg: 2.476
Epoch: [3/25], Batch: 1890/2963, Loss: 648.122, Trans_L2_m: 6.632, Yaw_err_deg: 2.793
Epoch: [3/25], Batch: 1900/2963, Loss: 830.061, Trans_L2_m: 9.391, Yaw_err_deg: 2.071
Epoch: [3/25], Batch: 1910/2963, Loss: 683.903, Trans_L2_m: 7.422, Yaw_err_deg: 3.091
Epoch: [3/25], Batch: 1920/2963, Loss: 482.225, Trans_L2_m: 5.626, Yaw_err_deg: 3.505
Epoch: [3/25], Batch: 1930/2963, Loss: 497.054, Trans_L2_m: 6.310, Yaw_err_deg: 2.612
Epoch: [3/25], Batch: 1940/2963, Loss: 1168.902, Trans_L2_m: 11.282, Yaw_err_deg: 2.376
Epoch: [3/25], Batch: 1950/2963, Loss: 887.519, Trans_L2_m: 10.285, Yaw_err_deg: 3.249
Epoch: [3/25], Batch: 1960/2963, Loss: 870.058, Trans_L2_m: 8.933, Yaw_err_deg: 3.080
Epoch: [3/25], Batch: 1970/2963, Loss: 657.229, Trans_L2_m: 6.675, Yaw_err_deg: 3.148
Epoch: [3/25], Batch: 1980/2963, Loss: 895.269, Trans_L2_m: 9.092, Yaw_err_deg: 2.834
Epoch: [3/25], Batch: 1990/2963, Loss: 1022.514, Trans_L2_m: 10.272, Yaw_err_deg: 3.046
Epoch: [3/25], Batch: 2000/2963, Loss: 859.102, Trans_L2_m: 8.902, Yaw_err_deg: 3.428
Epoch: [3/25], Batch: 2010/2963, Loss: 457.603, Trans_L2_m: 5.458, Yaw_err_deg: 2.541
Epoch: [3/25], Batch: 2020/2963, Loss: 666.278, Trans_L2_m: 7.771, Yaw_err_deg: 2.480
Epoch: [3/25], Batch: 2030/2963, Loss: 828.740, Trans_L2_m: 8.418, Yaw_err_deg: 2.517
Epoch: [3/25], Batch: 2040/2963, Loss: 517.774, Trans_L2_m: 6.075, Yaw_err_deg: 2.687
Epoch: [3/25], Batch: 2050/2963, Loss: 386.050, Trans_L2_m: 4.700, Yaw_err_deg: 3.086
Epoch: [3/25], Batch: 2060/2963, Loss: 813.355, Trans_L2_m: 8.879, Yaw_err_deg: 2.561
Epoch: [3/25], Batch: 2070/2963, Loss: 728.901, Trans_L2_m: 7.588, Yaw_err_deg: 3.342
Epoch: [3/25], Batch: 2080/2963, Loss: 639.843, Trans_L2_m: 7.819, Yaw_err_deg: 1.684
Epoch: [3/25], Batch: 2090/2963, Loss: 535.535, Trans_L2_m: 6.325, Yaw_err_deg: 2.782
Epoch: [3/25], Batch: 2100/2963, Loss: 710.233, Trans_L2_m: 7.642, Yaw_err_deg: 2.604
Epoch: [3/25], Batch: 2110/2963, Loss: 815.190, Trans_L2_m: 7.576, Yaw_err_deg: 2.638
Epoch: [3/25], Batch: 2120/2963, Loss: 426.966, Trans_L2_m: 5.271, Yaw_err_deg: 3.051
Epoch: [3/25], Batch: 2130/2963, Loss: 766.111, Trans_L2_m: 7.927, Yaw_err_deg: 2.720
Epoch: [3/25], Batch: 2140/2963, Loss: 1588.836, Trans_L2_m: 11.543, Yaw_err_deg: 3.024
Epoch: [3/25], Batch: 2150/2963, Loss: 575.563, Trans_L2_m: 7.950, Yaw_err_deg: 1.958
Epoch: [3/25], Batch: 2160/2963, Loss: 703.032, Trans_L2_m: 7.766, Yaw_err_deg: 2.740
Epoch: [3/25], Batch: 2170/2963, Loss: 765.147, Trans_L2_m: 8.111, Yaw_err_deg: 3.729
Epoch: [3/25], Batch: 2180/2963, Loss: 579.227, Trans_L2_m: 5.683, Yaw_err_deg: 3.849
Epoch: [3/25], Batch: 2190/2963, Loss: 616.490, Trans_L2_m: 6.876, Yaw_err_deg: 2.346
