{'gpuid': [0], 'mixed_precision': False, 'iters_lev0': 6, 'lev0': True, 'flow': True, 'p_siamese': True, 'CNN16': True, 'dataset': 'zod', 'orig_label': False, 'cross_area': False, 'batch_size': 5, 'lr': 0.00035, 'num_steps': 180000, 'scheduler': 'OneCycle', 'loss_w': [0.1, 1.0, 10.0], 'temperature': 4.0, 'augment': False, 'ori_noise': 45.0, 'orien': True, 'restore_ckpt': None, 'model': None, 'wdecay': 0.0005, 'epsilon': 1e-07, 'clip': 1.0, 'gamma': 0.85, 'name': 'zod', 'validation': None, 'image_size': 512, 'sat_size': 640, 'zoom': 20, 'IMG_FREQ': 20000, 'SUM_FREQ': 100, 'use_augmentation': True, 'image_area_dg_m': 51.2, 'image_area_zod_m': 100, 'max_translation': 15.0, 'max_rot_deg': 20.0, 'z_range': [-2.5, 3.0], 'BEV_grid_resolution': 0.1, 'lidar_dataset_root': '/work/vita/datasets/zod', 'aerial_img_dataset_root': '/work/vita/datasets/zod_crossview_processed_100m', 'version': 'full', 'config': '/home/finckh/VITA/HC-Net/models/config/ZOD/train.json', 'best_dis': 100000000.0, 'start_step': 0}
[31m2025-12-12 12:46:53[0m
Loaded pretrained weights for efficientnet-b0
Parameter Count: 7754186
Loading train split : 23 drives
Loading val split : 6 drives
Training with 47407 samples, validation with 10393 samples.
Using 5 dataloader workers every process
Best distance so far 100000000.0.
[34mLog will be saved to:./watch/zod/zod_20251212_125324.log[0m
[   100, 100/9482, 0.0000177] 31936.2086, 11.5928, 115.9282, 253.2712, 251.5017, 
[   200, 200/9482, 0.0000214] 30580.2063, 11.2450, 112.4503, 252.7529, 258.5313, 
[   300, 300/9482, 0.0000252] 28814.9468, 10.8084, 108.0844, 254.5721, 257.6133, 
[   400, 400/9482, 0.0000289] 26470.1181, 10.0931, 100.9310, 255.2716, 255.4693, 
[   500, 500/9482, 0.0000326] 23985.3548, 9.1829, 91.8288, 256.6681, 255.6469, 
[   600, 600/9482, 0.0000364] 22403.7027, 8.5151, 85.1512, 256.5458, 255.0041, 
[   700, 700/9482, 0.0000401] 20805.1344, 7.8962, 78.9621, 254.9113, 255.5532, 
[   800, 800/9482, 0.0000438] 18768.9872, 7.1776, 71.7755, 256.0491, 256.3896, 
[   900, 900/9482, 0.0000475] 19665.1833, 7.2646, 72.6459, 254.3686, 254.8758, 
[  1000,1000/9482, 0.0000513] 17020.2354, 6.3977, 63.9766, 253.9920, 253.1034, 
[  1100,1100/9482, 0.0000550] 17395.0287, 6.3704, 63.7039, 258.8461, 256.5333, 
[  1200,1200/9482, 0.0000587] 15258.9000, 5.6763, 56.7633, 256.1324, 255.0929, 
[  1300,1300/9482, 0.0000625] 15214.2271, 5.5423, 55.4226, 256.4772, 258.3651, 
[  1400,1400/9482, 0.0000662] 13700.3788, 5.0479, 50.4792, 253.2639, 256.5697, 
[  1500,1500/9482, 0.0000699] 14084.4482, 4.9554, 49.5537, 259.4923, 251.2294, 
[  1600,1600/9482, 0.0000737] 12697.1087, 4.3887, 43.8872, 253.1643, 255.6833, 
[  1700,1700/9482, 0.0000774] 11716.0685, 4.0037, 40.0371, 255.3630, 255.5581, 
[  1800,1800/9482, 0.0000811] 11363.3726, 3.8004, 38.0043, 258.1026, 254.7722, 
[  1900,1900/9482, 0.0000849] 10276.9646, 3.4238, 34.2384, 254.1298, 257.5219, 
[  2000,2000/9482, 0.0000886] 9736.7436, 3.1222, 31.2219, 256.0250, 249.8587, 
[  2100,2100/9482, 0.0000923] 9439.0676, 2.8616, 28.6161, 261.0100, 248.0214, 
[  2200,2200/9482, 0.0000961] 8741.9822, 2.4483, 24.4829, 256.9596, 253.4081, 
[  2300,2300/9482, 0.0000998] 7507.8610, 2.0296, 20.2963, 256.9915, 253.9428, 
[  2400,2400/9482, 0.0001035] 7430.5577, 1.8704, 18.7043, 258.5915, 255.4098, 
[  2500,2500/9482, 0.0001073] 6935.5643, 1.6223, 16.2233, 257.9329, 258.5108, 
[  2600,2600/9482, 0.0001110] 6204.1867, 1.3723, 13.7231, 254.3456, 259.4994, 
[  2700,2700/9482, 0.0001147] 5766.3100, 1.2515, 12.5151, 253.6068, 256.2905, 
[  2800,2800/9482, 0.0001184] 5138.6559, 1.1097, 11.0973, 254.0028, 257.3131, 
[  2900,2900/9482, 0.0001222] 5076.6435, 1.0573, 10.5732, 247.9054, 260.9841, 
[  3000,3000/9482, 0.0001259] 4734.3837, 0.9604, 9.6044, 254.3466, 255.6448, 
[  3100,3100/9482, 0.0001296] 4164.5568, 0.9048, 9.0484, 251.1152, 261.6127, 
[  3200,3200/9482, 0.0001334] 3858.6997, 0.8501, 8.5014, 252.5940, 259.2664, 
[  3300,3300/9482, 0.0001371] 3543.0226, 0.8731, 8.7314, 244.9223, 250.7754, 
[  3400,3400/9482, 0.0001408] 3642.8871, 0.8686, 8.6862, 255.3589, 258.3315, 
[  3500,3500/9482, 0.0001446] 3310.5077, 0.8109, 8.1095, 255.6338, 252.6458, 
[  3600,3600/9482, 0.0001483] 3031.7350, 0.8384, 8.3837, 254.0005, 253.4248, 
[  3700,3700/9482, 0.0001520] 2961.6971, 0.8156, 8.1559, 254.1342, 258.4371, 
[  3800,3800/9482, 0.0001558] 2693.6280, 0.7759, 7.7586, 248.9892, 260.4299, 
[  3900,3900/9482, 0.0001595] 2602.3654, 0.8358, 8.3578, 254.6169, 256.3861, 
[  4000,4000/9482, 0.0001632] 2318.3604, 0.7877, 7.8768, 258.4884, 256.2748, 
[  4100,4100/9482, 0.0001670] 2172.4407, 0.7327, 7.3275, 255.8516, 257.9870, 
[  4200,4200/9482, 0.0001707] 2015.0123, 0.7768, 7.7683, 254.9693, 259.5141, 
[  4300,4300/9482, 0.0001744] 1939.3230, 0.7377, 7.3769, 254.3408, 259.1446, 
[  4400,4400/9482, 0.0001782] 1897.2797, 0.6837, 6.8371, 257.4975, 255.2638, 
[  4500,4500/9482, 0.0001819] 1510.0961, 0.6998, 6.9977, 258.9023, 254.9553, 
[  4600,4600/9482, 0.0001856] 1529.1572, 0.6858, 6.8576, 257.4817, 256.9574, 
[  4700,4700/9482, 0.0001894] 1333.3150, 0.7284, 7.2839, 247.2527, 258.4623, 
[  4800,4800/9482, 0.0001931] 1390.6341, 0.7114, 7.1138, 259.0645, 253.5125, 
[  4900,4900/9482, 0.0001968] 1216.2411, 0.6522, 6.5222, 250.2930, 257.6211, 
[  5000,5000/9482, 0.0002005] 1150.5552, 0.6712, 6.7116, 254.2776, 256.4950, 
[  5100,5100/9482, 0.0002043] 1094.4258, 0.6513, 6.5133, 249.6682, 258.0007, 
[  5200,5200/9482, 0.0002080] 1041.6244, 0.6770, 6.7701, 256.1989, 254.3066, 
[  5300,5300/9482, 0.0002117] 1033.4777, 0.7135, 7.1351, 252.9663, 257.6306, 
[  5400,5400/9482, 0.0002155] 840.0515, 0.6764, 6.7641, 248.1451, 247.6646, 
[  5500,5500/9482, 0.0002192] 865.0418, 0.6379, 6.3785, 256.9617, 252.2584, 
[  5600,5600/9482, 0.0002229] 881.9522, 0.6585, 6.5849, 253.1756, 262.6944, 
[  5700,5700/9482, 0.0002267] 806.2249, 0.6371, 6.3714, 260.8489, 257.3038, 
[  5800,5800/9482, 0.0002304] 743.5694, 0.6443, 6.4425, 258.7873, 254.5524, 
[  5900,5900/9482, 0.0002341] 672.7928, 0.6259, 6.2594, 251.0943, 256.5011, 
[  6000,6000/9482, 0.0002379] 597.6561, 0.6251, 6.2506, 248.4510, 252.5532, 
[  6100,6100/9482, 0.0002416] 655.2548, 0.6726, 6.7259, 262.6856, 259.3366, 
[  6200,6200/9482, 0.0002453] 577.0859, 0.6207, 6.2066, 251.6161, 259.3149, 
[  6300,6300/9482, 0.0002491] 530.1675, 0.6221, 6.2211, 256.2059, 247.0253, 
[  6400,6400/9482, 0.0002528] 491.3814, 0.6460, 6.4598, 243.3485, 254.2985, 
[  6500,6500/9482, 0.0002565] 442.7217, 0.6070, 6.0701, 252.6519, 257.4340, 
[  6600,6600/9482, 0.0002603] 426.2694, 0.6424, 6.4241, 259.6264, 252.7624, 
[  6700,6700/9482, 0.0002640] 408.8095, 0.6029, 6.0289, 257.1967, 252.7282, 
[  6800,6800/9482, 0.0002677] 336.6568, 0.6022, 6.0218, 251.1243, 257.8610, 
[  6900,6900/9482, 0.0002714] 302.4751, 0.6136, 6.1359, 251.3955, 257.9887, 
[  7000,7000/9482, 0.0002752] 323.5757, 0.6034, 6.0336, 260.0230, 260.6147, 
[  7100,7100/9482, 0.0002789] 337.0476, 0.6152, 6.1516, 253.7635, 253.8894, 
[  7200,7200/9482, 0.0002826] 271.0895, 0.6060, 6.0598, 253.6786, 256.7682, 
[  7300,7300/9482, 0.0002864] 289.0961, 0.5726, 5.7261, 259.3255, 254.9017, 
[  7400,7400/9482, 0.0002901] 233.9756, 0.5891, 5.8914, 254.6742, 266.9693, 
[  7500,7500/9482, 0.0002938] 208.2002, 0.5732, 5.7324, 253.7709, 255.0139, 
[  7600,7600/9482, 0.0002976] 214.1647, 0.5796, 5.7962, 256.8376, 255.2153, 
[  7700,7700/9482, 0.0003013] 389.2161, 0.6625, 6.6252, 258.2639, 256.8711, 
[  7800,7800/9482, 0.0003050] 182.8615, 0.6055, 6.0552, 246.4226, 258.8927, 
[  7900,7900/9482, 0.0003088] 186.9523, 0.5755, 5.7550, 258.8735, 249.3547, 
[  8000,8000/9482, 0.0003125] 175.7748, 0.5708, 5.7078, 259.5355, 250.6400, 
[  8100,8100/9482, 0.0003162] 162.2710, 0.5956, 5.9558, 254.7529, 258.4312, 
[  8200,8200/9482, 0.0003200] 220.4982, 0.6049, 6.0487, 250.0192, 254.0508, 
[  8300,8300/9482, 0.0003237] 162.9040, 0.6059, 6.0593, 259.1886, 259.3178, 
[  8400,8400/9482, 0.0003274] 143.2767, 0.5739, 5.7386, 255.2887, 257.0893, 
[  8500,8500/9482, 0.0003312] 137.4376, 0.5823, 5.8232, 250.8988, 255.3573, 
[  8600,8600/9482, 0.0003349] 145.9509, 0.5989, 5.9890, 262.6345, 251.1792, 
[  8700,8700/9482, 0.0003386] 213.7703, 0.6316, 6.3163, 253.3406, 257.3623, 
[  8800,8800/9482, 0.0003424] 136.6778, 0.5657, 5.6572, 258.6429, 252.7487, 
[  8900,8900/9482, 0.0003461] 125.7746, 0.5589, 5.5886, 253.2711, 253.9151, 
[  9000,9000/9482, 0.0003498] 130.1951, 0.5623, 5.6228, 256.5670, 258.2909, 
[  9100,9100/9482, 0.0003498] 124.1461, 0.5805, 5.8047, 254.8284, 250.0489, 
[  9200,9200/9482, 0.0003496] 115.9810, 0.5668, 5.6683, 253.3842, 252.0367, 
[  9300,9300/9482, 0.0003494] 118.9254, 0.5862, 5.8622, 253.2306, 258.9439, 
[  9400,9400/9482, 0.0003492] 102.0851, 0.5338, 5.3384, 259.7740, 256.7012, 
Validation loss (homography): 63.2206
Avg batch time: 794.70 ms, total: 258.327 s
[1;94mSave the best of 63.22064208984375, at checkpoints/best_checkpoint_zod.pth[0m
[  9500,  18/9482, 0.0003490] 96.6662, 0.5184, 5.1835, 259.9056, 255.9493, 
[  9600, 118/9482, 0.0003488] 98.7955, 0.5290, 5.2904, 248.9182, 246.8898, 
[  9700, 218/9482, 0.0003486] 93.0467, 0.5100, 5.1001, 254.1960, 257.5003, 
[  9800, 318/9482, 0.0003484] 101.3995, 0.5445, 5.4449, 254.4065, 264.0637, 
[  9900, 418/9482, 0.0003482] 104.8320, 0.5313, 5.3133, 252.7933, 258.3069, 
[ 10000, 518/9482, 0.0003480] 94.1700, 0.5213, 5.2130, 259.7163, 263.4068, 
[ 10100, 618/9482, 0.0003478] 88.2349, 0.5173, 5.1727, 246.5862, 253.8513, 
[ 10200, 718/9482, 0.0003476] 96.2405, 0.5396, 5.3964, 248.4389, 252.5898, 
[ 10300, 818/9482, 0.0003474] 88.6994, 0.5219, 5.2192, 252.5792, 261.5706, 
[ 10400, 918/9482, 0.0003471] 99.6735, 0.5483, 5.4834, 249.4432, 251.9444, 
[ 10500,1018/9482, 0.0003469] 97.4133, 0.5467, 5.4669, 255.1095, 253.8269, 
[ 10600,1118/9482, 0.0003467] 86.4004, 0.5087, 5.0867, 256.7481, 245.1111, 
[ 10700,1218/9482, 0.0003465] 83.8265, 0.5069, 5.0694, 255.0570, 257.1566, 
[ 10800,1318/9482, 0.0003463] 72.2504, 0.4722, 4.7219, 257.2899, 256.9317, 
[ 10900,1418/9482, 0.0003461] 92.5426, 0.5300, 5.3002, 249.0849, 259.8193, 
[ 11000,1518/9482, 0.0003459] 86.7486, 0.5082, 5.0816, 255.5504, 258.8408, 
[ 11100,1618/9482, 0.0003457] 88.2565, 0.5264, 5.2644, 260.8412, 252.2890, 
[ 11200,1718/9482, 0.0003455] 74.5773, 0.4817, 4.8171, 250.7891, 257.1638, 
[ 11300,1818/9482, 0.0003453] 84.2346, 0.5192, 5.1919, 258.8818, 265.2283, 
[ 11400,1918/9482, 0.0003451] 74.4612, 0.4746, 4.7462, 253.0738, 256.0448, 
[ 11500,2018/9482, 0.0003449] 77.1208, 0.4840, 4.8400, 252.6578, 260.3889, 
[ 11600,2118/9482, 0.0003447] 77.0459, 0.4951, 4.9512, 252.6342, 254.5375, 
[ 11700,2218/9482, 0.0003445] 360.4098, 0.6332, 6.3324, 256.3571, 256.5057, 
[ 11800,2318/9482, 0.0003443] 72.8045, 0.4854, 4.8536, 254.7666, 259.2033, 
[ 11900,2418/9482, 0.0003441] 162.6308, 0.5341, 5.3413, 255.7987, 254.9552, 
[ 12000,2518/9482, 0.0003439] 73.0135, 0.4738, 4.7384, 254.7676, 255.0169, 
[ 12100,2618/9482, 0.0003437] 92.9518, 0.5496, 5.4956, 252.8600, 261.7280, 
[ 12200,2718/9482, 0.0003435] 80.1542, 0.5090, 5.0899, 256.8909, 259.8802, 
[ 12300,2818/9482, 0.0003433] 85.7701, 0.5168, 5.1685, 256.2941, 252.4201, 
[ 12400,2918/9482, 0.0003431] 74.0747, 0.4827, 4.8274, 255.8619, 255.0263, 
[ 12500,3018/9482, 0.0003429] 76.8098, 0.4903, 4.9026, 264.1014, 255.5714, 
[ 12600,3118/9482, 0.0003426] 81.6239, 0.5210, 5.2097, 256.3095, 258.9603, 
[ 12700,3218/9482, 0.0003424] 73.2666, 0.4886, 4.8860, 257.0282, 256.9053, 
[ 12800,3318/9482, 0.0003422] 75.6280, 0.4948, 4.9485, 252.5666, 258.3698, 
[ 12900,3418/9482, 0.0003420] 71.7282, 0.4891, 4.8907, 255.1477, 257.2309, 
[ 13000,3518/9482, 0.0003418] 73.0599, 0.4768, 4.7677, 253.9075, 262.3027, 
[ 13100,3618/9482, 0.0003416] 109.7348, 0.5092, 5.0919, 257.5985, 252.7842, 
[ 13200,3718/9482, 0.0003414] 75.7251, 0.4991, 4.9912, 248.8720, 255.0380, 
[ 13300,3818/9482, 0.0003412] 67.5777, 0.4830, 4.8302, 252.1678, 253.0656, 
[ 13400,3918/9482, 0.0003410] 65.7970, 0.4638, 4.6377, 258.2787, 258.6183, 
[ 13500,4018/9482, 0.0003408] 69.9965, 0.4887, 4.8873, 263.4916, 251.3865, 
[ 13600,4118/9482, 0.0003406] 69.3734, 0.4706, 4.7064, 258.8379, 253.4409, 
[ 13700,4218/9482, 0.0003404] 73.2290, 0.4853, 4.8531, 245.4074, 263.0343, 
[ 13800,4318/9482, 0.0003402] 195.5738, 0.5162, 5.1616, 256.4230, 252.5586, 
[ 13900,4418/9482, 0.0003400] 64.7262, 0.4540, 4.5405, 262.5356, 251.8215, 
[ 14000,4518/9482, 0.0003398] 68.9047, 0.4779, 4.7793, 250.1568, 260.9908, 
[ 14100,4618/9482, 0.0003396] 77.0561, 0.5057, 5.0568, 251.3801, 258.4044, 
[ 14200,4718/9482, 0.0003394] 63.0037, 0.4392, 4.3917, 249.6209, 256.9562, 
[ 14300,4818/9482, 0.0003392] 70.4104, 0.4711, 4.7110, 250.6999, 262.3692, 
[ 14400,4918/9482, 0.0003390] 69.2267, 0.4700, 4.7000, 259.1042, 253.0113, 
[ 14500,5018/9482, 0.0003388] 62.3023, 0.4489, 4.4885, 255.2265, 254.6697, 
[ 14600,5118/9482, 0.0003386] 69.4948, 0.4445, 4.4450, 243.3458, 257.1086, 
[ 14700,5218/9482, 0.0003384] 62.0451, 0.4517, 4.5169, 258.4359, 254.9079, 
[ 14800,5318/9482, 0.0003381] 66.5896, 0.4660, 4.6604, 257.5314, 253.1010, 
[ 14900,5418/9482, 0.0003379] 66.4570, 0.4625, 4.6252, 261.4938, 258.5443, 
[ 15000,5518/9482, 0.0003377] 66.8867, 0.4686, 4.6861, 254.9867, 254.9532, 
[ 15100,5618/9482, 0.0003375] 68.2355, 0.4737, 4.7375, 255.4952, 254.8046, 
[ 15200,5718/9482, 0.0003373] 63.7830, 0.4613, 4.6128, 260.1954, 258.5123, 
[ 15300,5818/9482, 0.0003371] 71.1642, 0.4786, 4.7855, 256.6799, 254.3534, 
[ 15400,5918/9482, 0.0003369] 93.5132, 0.4937, 4.9372, 254.5008, 259.3930, 
[ 15500,6018/9482, 0.0003367] 66.0358, 0.4491, 4.4906, 255.1926, 253.4320, 
[ 15600,6118/9482, 0.0003365] 67.4368, 0.4630, 4.6300, 255.7411, 251.5393, 
[ 15700,6218/9482, 0.0003363] 61.0845, 0.4484, 4.4840, 255.8638, 253.2042, 
[ 15800,6318/9482, 0.0003361] 60.0005, 0.4361, 4.3609, 256.5374, 257.1493, 
[ 15900,6418/9482, 0.0003359] 68.6748, 0.4699, 4.6995, 255.3857, 256.2064, 
[ 16000,6518/9482, 0.0003357] 58.6608, 0.4481, 4.4812, 261.3299, 254.9441, 
[ 16100,6618/9482, 0.0003355] 62.6913, 0.4567, 4.5666, 256.7294, 253.1237, 
[ 16200,6718/9482, 0.0003353] 79.1306, 0.4659, 4.6592, 260.5318, 248.5396, 
[ 16300,6818/9482, 0.0003351] 95.7798, 0.4740, 4.7399, 260.2296, 257.2361, 
[ 16400,6918/9482, 0.0003349] 61.8647, 0.4523, 4.5228, 253.9685, 256.7179, 
[ 16500,7018/9482, 0.0003347] 57.7216, 0.4364, 4.3637, 252.2593, 255.2547, 
[ 16600,7118/9482, 0.0003345] 58.2915, 0.4392, 4.3920, 253.6648, 256.3132, 
[ 16700,7218/9482, 0.0003343] 53.4949, 0.4225, 4.2246, 250.9192, 262.0136, 
[ 16800,7318/9482, 0.0003341] 60.6902, 0.4445, 4.4453, 255.2390, 249.1193, 
[ 16900,7418/9482, 0.0003338] 60.6319, 0.4431, 4.4310, 253.6501, 255.3296, 
[ 17000,7518/9482, 0.0003336] 63.9481, 0.4536, 4.5357, 253.9551, 256.4783, 
[ 17100,7618/9482, 0.0003334] 57.0635, 0.4277, 4.2771, 258.4602, 254.2206, 
[ 17200,7718/9482, 0.0003332] 58.7366, 0.4458, 4.4576, 252.2331, 247.6625, 
[ 17300,7818/9482, 0.0003330] 60.3764, 0.4519, 4.5194, 254.9200, 256.5440, 
[ 17400,7918/9482, 0.0003328] 63.6688, 0.4630, 4.6300, 263.0513, 262.3324, 
[ 17500,8018/9482, 0.0003326] 59.2574, 0.4430, 4.4299, 260.8351, 258.9208, 
[ 17600,8118/9482, 0.0003324] 64.3497, 0.4570, 4.5703, 255.7007, 255.2727, 
[ 17700,8218/9482, 0.0003322] 53.5006, 0.4223, 4.2226, 253.1282, 252.2683, 
[ 17800,8318/9482, 0.0003320] 62.9678, 0.4595, 4.5949, 260.4377, 259.4678, 
[ 17900,8418/9482, 0.0003318] 61.5297, 0.4515, 4.5146, 258.6217, 257.8526, 
[ 18000,8518/9482, 0.0003316] 51.5325, 0.4116, 4.1157, 260.2439, 253.8714, 
[ 18100,8618/9482, 0.0003314] 57.6332, 0.4350, 4.3503, 254.0786, 252.6802, 
[ 18200,8718/9482, 0.0003312] 63.2364, 0.4490, 4.4900, 254.2665, 252.4284, 
[ 18300,8818/9482, 0.0003310] 57.0150, 0.4239, 4.2392, 253.5599, 252.1062, 
[ 18400,8918/9482, 0.0003308] 62.3690, 0.4590, 4.5900, 250.5990, 262.6427, 
[ 18500,9018/9482, 0.0003306] 61.6246, 0.4409, 4.4086, 254.7705, 254.4392, 
[ 18600,9118/9482, 0.0003304] 55.8514, 0.4219, 4.2191, 257.9676, 254.4233, 
[ 18700,9218/9482, 0.0003302] 64.2827, 0.4608, 4.6078, 256.5892, 253.6354, 
[ 18800,9318/9482, 0.0003300] 55.0675, 0.4239, 4.2389, 254.0393, 255.8802, 
[ 18900,9418/9482, 0.0003298] 57.6878, 0.4336, 4.3358, 247.9010, 252.3176, 
[ 19000,  36/9482, 0.0003296] 53.3844, 0.4198, 4.1982, 258.5028, 250.0121, 
[ 19100, 136/9482, 0.0003293] 51.2208, 0.4102, 4.1022, 259.9558, 248.5378, 
[ 19200, 236/9482, 0.0003291] 62.5369, 0.4586, 4.5863, 262.4624, 254.2921, 
[ 19300, 336/9482, 0.0003289] 50.0939, 0.3998, 3.9981, 256.3254, 249.1514, 
[ 19400, 436/9482, 0.0003287] 60.7176, 0.4411, 4.4114, 260.8493, 258.6824, 
[ 19500, 536/9482, 0.0003285] 56.3615, 0.4335, 4.3346, 259.4702, 249.1973, 
[ 19600, 636/9482, 0.0003283] 56.3188, 0.4266, 4.2656, 260.1572, 260.5558, 
[ 19700, 736/9482, 0.0003281] 63.1274, 0.4449, 4.4489, 250.3968, 248.8152, 
[ 19800, 836/9482, 0.0003279] 63.3769, 0.4521, 4.5206, 255.9535, 259.0451, 
[ 19900, 936/9482, 0.0003277] 63.2444, 0.4676, 4.6759, 249.6241, 253.2475, 
[ 20000,1036/9482, 0.0003275] 56.0914, 0.4258, 4.2578, 254.6919, 261.8439, 
