{'gpuid': [0], 'mixed_precision': False, 'iters_lev0': 6, 'lev0': True, 'flow': True, 'p_siamese': True, 'CNN16': True, 'dataset': 'zod', 'orig_label': False, 'cross_area': False, 'batch_size': 5, 'lr': 0.00035, 'num_steps': 80000, 'scheduler': 'OneCycle', 'loss_w': [0.1, 30.0, 100000.0], 'temperature': 4.0, 'augment': False, 'ori_noise': 45.0, 'orien': True, 'restore_ckpt': 'checkpoints/2025_12_20_best_checkpoint_zod_0.pth', 'model': None, 'wdecay': 0.0005, 'epsilon': 1e-07, 'clip': 1.0, 'gamma': 0.85, 'name': 'zod_train', 'validation': None, 'image_size': 512, 'zoom': 20, 'IMG_FREQ': 20000, 'SUM_FREQ': 100, 'use_augmentation': True, 'image_area_dg_m': 51.2, 'image_area_zod_m': 100, 'max_translation': 15.0, 'max_rot_deg': 20.0, 'z_range': [-2.5, 3.0], 'BEV_grid_resolution': 0.1, 'lidar_dataset_root': '/work/vita/datasets/zod', 'aerial_img_dataset_root': '/work/vita/datasets/zod_crossview_processed_100m', 'version': 'full', 'config': '/home/finckh/VITA/HC-Net/models/config/ZOD/train.json', 'best_dis': 100000000.0, 'start_step': 0}
[31m2025-12-21 18:17:32[0m
Loaded pretrained weights for efficientnet-b0
Parameter Count: 7754186
Loading train split : 23 drives
Loading val split : 6 drives
Training with 47407 samples, validation with 10393 samples.
Using 5 dataloader workers every process
Have load state_dict from: checkpoints/2025_12_20_best_checkpoint_zod_0.pth
Load checkpoint at steps 39001.
Best distance so far 7810.69140625.
[34mLog will be saved to:./watch/zod/zod_train_20251221_182403.log[0m
Epoch: [5/8], Batch: 0/9482, Loss: 292.804, Trans_L2_m: 0.645, Yaw_err_deg: 3.522
Epoch: [5/8], Batch: 10/9482, Loss: 319.616, Trans_L2_m: 0.626, Yaw_err_deg: 4.003
Epoch: [5/8], Batch: 20/9482, Loss: 618.491, Trans_L2_m: 1.241, Yaw_err_deg: 7.343
Epoch: [5/8], Batch: 30/9482, Loss: 857.268, Trans_L2_m: 0.872, Yaw_err_deg: 7.541
Epoch: [5/8], Batch: 40/9482, Loss: 200.218, Trans_L2_m: 0.757, Yaw_err_deg: 2.452
Epoch: [5/8], Batch: 50/9482, Loss: 371.662, Trans_L2_m: 1.149, Yaw_err_deg: 4.368
Epoch: [5/8], Batch: 60/9482, Loss: 916.111, Trans_L2_m: 0.745, Yaw_err_deg: 6.800
Epoch: [5/8], Batch: 70/9482, Loss: 267.362, Trans_L2_m: 1.034, Yaw_err_deg: 3.835
Epoch: [5/8], Batch: 80/9482, Loss: 268.362, Trans_L2_m: 1.057, Yaw_err_deg: 3.267
Epoch: [5/8], Batch: 90/9482, Loss: 644.900, Trans_L2_m: 0.775, Yaw_err_deg: 5.192
