{'gpuid': [0], 'mixed_precision': False, 'iters_lev0': 6, 'lev0': True, 'flow': True, 'p_siamese': True, 'CNN16': True, 'dataset': 'zod', 'orig_label': False, 'cross_area': False, 'batch_size': 16, 'lr': 0.00035, 'num_steps': 180000, 'scheduler': 'OneCycle', 'loss_w': [0.1, 1.0, 10.0], 'temperature': 4.0, 'augment': False, 'ori_noise': 45.0, 'orien': True, 'restore_ckpt': None, 'model': None, 'wdecay': 0.0005, 'epsilon': 1e-07, 'clip': 1.0, 'gamma': 0.85, 'name': 'zod', 'validation': None, 'image_size': 512, 'sat_size': 640, 'zoom': 20, 'IMG_FREQ': 20000, 'SUM_FREQ': 100, 'use_augmentation': False, 'image_area_dg_m': 51.2, 'image_area_zod_m': 100, 'max_translation': 15.0, 'max_rot_deg': 20.0, 'z_range': [-2.5, 3.0], 'BEV_grid_resolution': 0.1, 'lidar_dataset_root': '/work/vita/datasets/zod', 'aerial_img_dataset_root': '/work/vita/datasets/zod_crossview_processed_100m', 'version': 'full', 'config': '/home/finckh/VITA/HC-Net/models/config/ZOD/train.json', 'best_dis': 100000000.0, 'start_step': 0}
[31m2025-12-11 11:30:25[0m
Loaded pretrained weights for efficientnet-b0
Parameter Count: 7754186
Loading train split : 23 drives
Loading val split : 6 drives
Training with 1 samples, validation with 1 samples.
Using 12 dataloader workers every process
Best distance so far 100000000.0.
[34mLog will be saved to:./watch/zod/zod_20251211_113038.log[0m
[1;94mEpoch: [1/180000], Loss: 7.657400608062744, RTE: 0.7361910939216614, Pred dx,dy: (0.03420562669634819, -0.2648864686489105), GT [0. 0.]. [0m
Validation loss (homography): 3.2673
[1;94mSave the best of 3.2672834396362305, at checkpoints/best_checkpoint_zod.pth[0m
[1;94mEpoch: [2/180000], Loss: 1.500777244567871, RTE: 0.32565420866012573, Pred dx,dy: (-0.05101165920495987, -0.10707397758960724), GT [0. 0.]. [0m
[1;94mEpoch: [3/180000], Loss: 1.7590621709823608, RTE: 0.3527660369873047, Pred dx,dy: (-0.04239959642291069, -0.12128753960132599), GT [0. 0.]. [0m
Validation loss (homography): 1.2293
[1;94mSave the best of 1.2293182611465454, at checkpoints/best_checkpoint_zod.pth[0m
[1;94mEpoch: [4/180000], Loss: 0.8597026467323303, RTE: 0.24683856964111328, Pred dx,dy: (-0.06087646633386612, 0.0666351318359375), GT [0. 0.]. [0m
[1;94mEpoch: [5/180000], Loss: 2.7282168865203857, RTE: 0.43931081891059875, Pred dx,dy: (-0.01728057861328125, 0.15893860161304474), GT [0. 0.]. [0m
Validation loss (homography): 0.6070
[1;94mSave the best of 0.6069876551628113, at checkpoints/best_checkpoint_zod.pth[0m
[1;94mEpoch: [6/180000], Loss: 1.2144346237182617, RTE: 0.2936546504497528, Pred dx,dy: (0.0027648925315588713, 0.10643921047449112), GT [0. 0.]. [0m
[1;94mEpoch: [7/180000], Loss: 0.6410977840423584, RTE: 0.2158380150794983, Pred dx,dy: (0.07236633449792862, 0.02693023718893528), GT [0. 0.]. [0m
Validation loss (homography): 0.7316
[1;91mVal has no improvement vs 0.6069876551628113![0m
[1;94mEpoch: [8/180000], Loss: 0.9776400923728943, RTE: 0.2638525068759918, Pred dx,dy: (0.054901123046875, 0.078094482421875), GT [0. 0.]. [0m
[1;94mEpoch: [9/180000], Loss: 1.257211685180664, RTE: 0.3001462519168854, Pred dx,dy: (0.09626465290784836, -0.04976654052734375), GT [0. 0.]. [0m
Validation loss (homography): 1.0269
[1;91mVal has no improvement vs 0.6069876551628113![0m
[1;94mEpoch: [10/180000], Loss: 0.407825231552124, RTE: 0.17031049728393555, Pred dx,dy: (0.03863678127527237, -0.04807739332318306), GT [0. 0.]. [0m
[1;94mEpoch: [11/180000], Loss: 0.0930870845913887, RTE: 0.08171753585338593, Pred dx,dy: (-0.01047363318502903, -0.027587890625), GT [0. 0.]. [0m
Validation loss (homography): 1.0737
[1;91mVal has no improvement vs 0.6069876551628113![0m
[1;94mEpoch: [12/180000], Loss: 0.3507506847381592, RTE: 0.15916039049625397, Pred dx,dy: (-0.05465850979089737, -0.01743164099752903), GT [0. 0.]. [0m
[1;94mEpoch: [13/180000], Loss: 0.17318345606327057, RTE: 0.11063696444034576, Pred dx,dy: (-0.03965606912970543, 0.0074172974564135075), GT [0. 0.]. [0m
Validation loss (homography): 0.9522
[1;91mVal has no improvement vs 0.6069876551628113![0m
[1;94mEpoch: [14/180000], Loss: 0.032950855791568756, RTE: 0.048108987510204315, Pred dx,dy: (-0.014561462216079235, 0.01010894775390625), GT [0. 0.]. [0m
[1;94mEpoch: [15/180000], Loss: 0.08780861645936966, RTE: 0.07919418811798096, Pred dx,dy: (0.02769165113568306, -0.007153320591896772), GT [0. 0.]. [0m
Validation loss (homography): 0.8793
[1;91mVal has no improvement vs 0.6069876551628113![0m
[1;94mEpoch: [16/180000], Loss: 0.5053770542144775, RTE: 0.1901015043258667, Pred dx,dy: (0.02257690392434597, -0.064849853515625), GT [0. 0.]. [0m
[1;94mEpoch: [17/180000], Loss: 0.12073105573654175, RTE: 0.09305930882692337, Pred dx,dy: (0.007977294735610485, 0.03256073221564293), GT [0. 0.]. [0m
Validation loss (homography): 0.7491
[1;91mVal has no improvement vs 0.6069876551628113![0m
[1;94mEpoch: [18/180000], Loss: 0.06312255561351776, RTE: 0.06791920214891434, Pred dx,dy: (0.009667969308793545, -0.02223968505859375), GT [0. 0.]. [0m
[1;94mEpoch: [19/180000], Loss: 0.11788310110569, RTE: 0.0912848562002182, Pred dx,dy: (0.013085938058793545, 0.03062286414206028), GT [0. 0.]. [0m
Validation loss (homography): 0.6503
[1;91mVal has no improvement vs 0.6069876551628113![0m
[1;94mEpoch: [20/180000], Loss: 0.03701949864625931, RTE: 0.05104313790798187, Pred dx,dy: (-0.0024765015114098787, 0.01856384240090847), GT [0. 0.]. [0m
[1;94mEpoch: [21/180000], Loss: 0.036078304052352905, RTE: 0.05068472772836685, Pred dx,dy: (-0.0071273804642260075, -0.01682739332318306), GT [0. 0.]. [0m
Validation loss (homography): 0.6706
[1;91mVal has no improvement vs 0.6069876551628113![0m
[1;94mEpoch: [22/180000], Loss: 0.05332648754119873, RTE: 0.061641521751880646, Pred dx,dy: (-0.007060241885483265, -0.02105865441262722), GT [0. 0.]. [0m
[1;94mEpoch: [23/180000], Loss: 0.3546159565448761, RTE: 0.15866215527057648, Pred dx,dy: (-0.01755371131002903, 0.05500488355755806), GT [0. 0.]. [0m
Validation loss (homography): 0.5505
[1;94mSave the best of 0.5505437254905701, at checkpoints/best_checkpoint_zod.pth[0m
[1;94mEpoch: [24/180000], Loss: 0.0026501540560275316, RTE: 0.013840699568390846, Pred dx,dy: (0.0046783448196947575, 0.00174713134765625), GT [0. 0.]. [0m
[1;94mEpoch: [25/180000], Loss: 0.011033603921532631, RTE: 0.027965201064944267, Pred dx,dy: (-0.01015319861471653, 0.00060272216796875), GT [0. 0.]. [0m
Validation loss (homography): 0.5978
[1;91mVal has no improvement vs 0.5505437254905701![0m
[1;94mEpoch: [26/180000], Loss: 0.054049648344516754, RTE: 0.0639236569404602, Pred dx,dy: (-0.01914672926068306, -0.011819458566606045), GT [0. 0.]. [0m
[1;94mEpoch: [27/180000], Loss: 0.07598821818828583, RTE: 0.07350298017263412, Pred dx,dy: (0.02532958984375, -0.008236694149672985), GT [0. 0.]. [0m
Validation loss (homography): 0.4776
[1;94mSave the best of 0.4776487946510315, at checkpoints/best_checkpoint_zod.pth[0m
[1;94mEpoch: [28/180000], Loss: 0.06089101731777191, RTE: 0.06570830941200256, Pred dx,dy: (0.02357788197696209, 0.00368499755859375), GT [0. 0.]. [0m
[1;94mEpoch: [29/180000], Loss: 0.07904639095067978, RTE: 0.07479340583086014, Pred dx,dy: (-0.02560577355325222, -0.009226989932358265), GT [0. 0.]. [0m
Validation loss (homography): 0.3958
[1;94mSave the best of 0.39579030871391296, at checkpoints/best_checkpoint_zod.pth[0m
[1;94mEpoch: [30/180000], Loss: 0.08546935021877289, RTE: 0.07771450281143188, Pred dx,dy: (-0.009243774227797985, 0.02688446082174778), GT [0. 0.]. [0m
[1;94mEpoch: [31/180000], Loss: 0.012082720175385475, RTE: 0.030145354568958282, Pred dx,dy: (0.01045074500143528, 0.0017059326637536287), GT [0. 0.]. [0m
Validation loss (homography): 0.3972
[1;91mVal has no improvement vs 0.39579030871391296![0m
[1;94mEpoch: [32/180000], Loss: 0.3791985511779785, RTE: 0.16408613324165344, Pred dx,dy: (-0.03863067552447319, 0.04545745998620987), GT [0. 0.]. [0m
[1;94mEpoch: [33/180000], Loss: 0.05657833814620972, RTE: 0.06354907155036926, Pred dx,dy: (-0.016510009765625, -0.01592102088034153), GT [0. 0.]. [0m
Validation loss (homography): 0.3524
[1;94mSave the best of 0.35241591930389404, at checkpoints/best_checkpoint_zod.pth[0m
[1;94mEpoch: [34/180000], Loss: 0.03138704225420952, RTE: 0.047589756548404694, Pred dx,dy: (-0.01582794263958931, 0.0067199706099927425), GT [0. 0.]. [0m
[1;94mEpoch: [35/180000], Loss: 0.15562444925308228, RTE: 0.1049320250749588, Pred dx,dy: (0.02193145826458931, -0.03114013746380806), GT [0. 0.]. [0m
Validation loss (homography): 0.4012
[1;91mVal has no improvement vs 0.35241591930389404![0m
[1;94mEpoch: [36/180000], Loss: 0.9442099928855896, RTE: 0.25899606943130493, Pred dx,dy: (0.04839782789349556, -0.08074798434972763), GT [0. 0.]. [0m
[1;94mEpoch: [37/180000], Loss: 0.2913752496242523, RTE: 0.14589446783065796, Pred dx,dy: (0.05161743238568306, 0.00733184814453125), GT [0. 0.]. [0m
Validation loss (homography): 0.3991
[1;91mVal has no improvement vs 0.35241591930389404![0m
[1;94mEpoch: [38/180000], Loss: 0.015126518905162811, RTE: 0.03341901674866676, Pred dx,dy: (0.011460877023637295, -0.002371215960010886), GT [0. 0.]. [0m
[1;94mEpoch: [39/180000], Loss: 0.02677551656961441, RTE: 0.044422514736652374, Pred dx,dy: (0.013165283016860485, 0.00891876220703125), GT [0. 0.]. [0m
Validation loss (homography): 0.3692
[1;91mVal has no improvement vs 0.35241591930389404![0m
[1;94mEpoch: [40/180000], Loss: 0.01419623289257288, RTE: 0.031970225274562836, Pred dx,dy: (-0.011546325869858265, -0.00012054443504894152), GT [0. 0.]. [0m
[1;94mEpoch: [41/180000], Loss: 0.5921064019203186, RTE: 0.20456558465957642, Pred dx,dy: (-0.0594635009765625, 0.04477233812212944), GT [0. 0.]. [0m
Validation loss (homography): 0.3788
[1;91mVal has no improvement vs 0.35241591930389404![0m
[1;94mEpoch: [42/180000], Loss: 0.8710427284240723, RTE: 0.2480258047580719, Pred dx,dy: (-0.08159637451171875, 0.03863067552447319), GT [0. 0.]. [0m
[1;94mEpoch: [43/180000], Loss: 0.24621731042861938, RTE: 0.1319253146648407, Pred dx,dy: (-0.04346771165728569, 0.02041931264102459), GT [0. 0.]. [0m
Validation loss (homography): 0.6433
[1;91mVal has no improvement vs 0.35241591930389404![0m
[1;94mEpoch: [44/180000], Loss: 0.015729958191514015, RTE: 0.03481755405664444, Pred dx,dy: (-0.012110901065170765, -0.00226593017578125), GT [0. 0.]. [0m
[1;94mEpoch: [45/180000], Loss: 0.09890355169773102, RTE: 0.08423563838005066, Pred dx,dy: (0.01812439039349556, -0.02430572547018528), GT [0. 0.]. [0m
Validation loss (homography): 0.7183
[1;91mVal has no improvement vs 0.35241591930389404![0m
[1;94mEpoch: [46/180000], Loss: 0.36557304859161377, RTE: 0.1619904637336731, Pred dx,dy: (0.02798309363424778, -0.05121917650103569), GT [0. 0.]. [0m
[1;94mEpoch: [47/180000], Loss: 0.15842631459236145, RTE: 0.10584130138158798, Pred dx,dy: (0.038055419921875, 0.0058837891556322575), GT [0. 0.]. [0m
Validation loss (homography): 0.6700
[1;91mVal has no improvement vs 0.35241591930389404![0m
[1;94mEpoch: [48/180000], Loss: 0.14930447936058044, RTE: 0.10355432331562042, Pred dx,dy: (0.03725433349609375, 0.00213623046875), GT [0. 0.]. [0m
[1;94mEpoch: [49/180000], Loss: 0.07408656179904938, RTE: 0.072964146733284, Pred dx,dy: (0.02380065992474556, 0.011308289133012295), GT [0. 0.]. [0m
Validation loss (homography): 0.3638
[1;91mVal has no improvement vs 0.35241591930389404![0m
[1;94mEpoch: [50/180000], Loss: 0.029538309201598167, RTE: 0.047091178596019745, Pred dx,dy: (-0.0166015625, -0.001373291015625), GT [0. 0.]. [0m
[1;94mEpoch: [51/180000], Loss: 0.0683806836605072, RTE: 0.06965985894203186, Pred dx,dy: (0.02501983754336834, -0.0034225464332848787), GT [0. 0.]. [0m
Validation loss (homography): 0.2322
[1;94mSave the best of 0.23221862316131592, at checkpoints/best_checkpoint_zod.pth[0m
[1;94mEpoch: [52/180000], Loss: 0.37627512216567993, RTE: 0.16353575885295868, Pred dx,dy: (-0.04845428466796875, 0.03418884426355362), GT [0. 0.]. [0m
[1;94mEpoch: [53/180000], Loss: 0.6122620105743408, RTE: 0.20960158109664917, Pred dx,dy: (-0.06089324876666069, 0.04504852369427681), GT [0. 0.]. [0m
Validation loss (homography): 0.2998
[1;91mVal has no improvement vs 0.23221862316131592![0m
[1;94mEpoch: [54/180000], Loss: 0.4901658892631531, RTE: 0.18655544519424438, Pred dx,dy: (-0.06586151570081711, 0.01622924767434597), GT [0. 0.]. [0m
[1;94mEpoch: [55/180000], Loss: 0.14679117500782013, RTE: 0.10188942402601242, Pred dx,dy: (-0.02220764197409153, -0.02971496619284153), GT [0. 0.]. [0m
Validation loss (homography): 0.3908
[1;91mVal has no improvement vs 0.23221862316131592![0m
[1;94mEpoch: [56/180000], Loss: 0.09683988243341446, RTE: 0.08275233209133148, Pred dx,dy: (2.593994213384576e-05, -0.03011169470846653), GT [0. 0.]. [0m
[1;94mEpoch: [57/180000], Loss: 0.025664208456873894, RTE: 0.04255656152963638, Pred dx,dy: (0.0088653564453125, -0.012767028994858265), GT [0. 0.]. [0m
Validation loss (homography): 0.3168
[1;91mVal has no improvement vs 0.23221862316131592![0m
[1;94mEpoch: [58/180000], Loss: 0.007954931817948818, RTE: 0.024564500898122787, Pred dx,dy: (0.00698089599609375, 0.005078125279396772), GT [0. 0.]. [0m
[1;94mEpoch: [59/180000], Loss: 0.16324526071548462, RTE: 0.1081596165895462, Pred dx,dy: (-0.03811950609087944, 0.008860778994858265), GT [0. 0.]. [0m
Validation loss (homography): 0.2871
[1;91mVal has no improvement vs 0.23221862316131592![0m
[1;94mEpoch: [60/180000], Loss: 0.007195332553237677, RTE: 0.023270776495337486, Pred dx,dy: (-0.0021179199684411287, 0.00802459754049778), GT [0. 0.]. [0m
[1;94mEpoch: [61/180000], Loss: 0.025006026029586792, RTE: 0.04292901232838631, Pred dx,dy: (0.0076751708984375, -0.01314544677734375), GT [0. 0.]. [0m
Validation loss (homography): 0.2362
[1;91mVal has no improvement vs 0.23221862316131592![0m
[1;94mEpoch: [62/180000], Loss: 0.022334128618240356, RTE: 0.04066283255815506, Pred dx,dy: (0.006184387486428022, -0.012963867746293545), GT [0. 0.]. [0m
[1;94mEpoch: [63/180000], Loss: 0.0050973473116755486, RTE: 0.01968899555504322, Pred dx,dy: (-0.0044570923782885075, 0.00540924072265625), GT [0. 0.]. [0m
Validation loss (homography): 0.1696
[1;94mSave the best of 0.16955691576004028, at checkpoints/best_checkpoint_zod.pth[0m
[1;94mEpoch: [64/180000], Loss: 0.0027941460721194744, RTE: 0.014725271612405777, Pred dx,dy: (-0.0004486083926167339, 0.005245971959084272), GT [0. 0.]. [0m
[1;94mEpoch: [65/180000], Loss: 0.2711772918701172, RTE: 0.13830876350402832, Pred dx,dy: (-0.011180114932358265, 0.04919891431927681), GT [0. 0.]. [0m
Validation loss (homography): 0.2703
[1;91mVal has no improvement vs 0.16955691576004028![0m
[1;94mEpoch: [66/180000], Loss: 0.41605615615844727, RTE: 0.17246189713478088, Pred dx,dy: (0.03970184549689293, -0.04810485988855362), GT [0. 0.]. [0m
[1;94mEpoch: [67/180000], Loss: 0.35912463068962097, RTE: 0.15935972332954407, Pred dx,dy: (0.04992980882525444, -0.02935180626809597), GT [0. 0.]. [0m
Validation loss (homography): 0.2820
[1;91mVal has no improvement vs 0.16955691576004028![0m
[1;94mEpoch: [68/180000], Loss: 0.38026124238967896, RTE: 0.16485698521137238, Pred dx,dy: (0.004689026158303022, -0.05935974046587944), GT [0. 0.]. [0m
[1;94mEpoch: [69/180000], Loss: 0.20790690183639526, RTE: 0.12216430902481079, Pred dx,dy: (-0.007777404971420765, -0.04328308254480362), GT [0. 0.]. [0m
Validation loss (homography): 0.1034
[1;94mSave the best of 0.103415846824646, at checkpoints/best_checkpoint_zod.pth[0m
[1;94mEpoch: [70/180000], Loss: 0.15296317636966705, RTE: 0.10388962179422379, Pred dx,dy: (-0.02540435828268528, 0.02811584435403347), GT [0. 0.]. [0m
[1;94mEpoch: [71/180000], Loss: 0.03153619170188904, RTE: 0.04811695218086243, Pred dx,dy: (-0.01598663441836834, 0.006420898716896772), GT [0. 0.]. [0m
Validation loss (homography): 0.1027
[1;94mSave the best of 0.10272911936044693, at checkpoints/best_checkpoint_zod.pth[0m
[1;94mEpoch: [72/180000], Loss: 0.2459886223077774, RTE: 0.13279742002487183, Pred dx,dy: (0.04358978196978569, -0.01978912390768528), GT [0. 0.]. [0m
[1;94mEpoch: [73/180000], Loss: 0.06669183075428009, RTE: 0.06971368193626404, Pred dx,dy: (0.0085601806640625, 0.02358093298971653), GT [0. 0.]. [0m
Validation loss (homography): 0.0997
[1;94mSave the best of 0.09966009110212326, at checkpoints/best_checkpoint_zod.pth[0m
[1;94mEpoch: [74/180000], Loss: 0.23952659964561462, RTE: 0.13018718361854553, Pred dx,dy: (0.03015899658203125, 0.03652038797736168), GT [0. 0.]. [0m
[1;94mEpoch: [75/180000], Loss: 0.009948533028364182, RTE: 0.02669799141585827, Pred dx,dy: (0.0070205689407885075, 0.006732177920639515), GT [0. 0.]. [0m
Validation loss (homography): 0.0838
[1;94mSave the best of 0.08383062481880188, at checkpoints/best_checkpoint_zod.pth[0m
[1;94mEpoch: [76/180000], Loss: 0.02467464841902256, RTE: 0.043087080121040344, Pred dx,dy: (-0.011761474423110485, -0.009606934152543545), GT [0. 0.]. [0m
[1;94mEpoch: [77/180000], Loss: 0.016859643161296844, RTE: 0.035847194492816925, Pred dx,dy: (-0.0032455443870276213, -0.011982726864516735), GT [0. 0.]. [0m
Validation loss (homography): 0.0843
[1;91mVal has no improvement vs 0.08383062481880188![0m
[1;94mEpoch: [78/180000], Loss: 0.17047616839408875, RTE: 0.10992036759853363, Pred dx,dy: (-0.02113189734518528, -0.03373108059167862), GT [0. 0.]. [0m
[1;94mEpoch: [79/180000], Loss: 0.009448805823922157, RTE: 0.02769339457154274, Pred dx,dy: (0.00876464881002903, -0.0028121948707848787), GT [0. 0.]. [0m
Validation loss (homography): 0.0197
[1;94mSave the best of 0.01969565637409687, at checkpoints/best_checkpoint_zod.pth[0m
[1;94mEpoch: [80/180000], Loss: 0.05311710759997368, RTE: 0.06194145232439041, Pred dx,dy: (-0.01636200025677681, 0.01531982421875), GT [0. 0.]. [0m
[1;94mEpoch: [81/180000], Loss: 0.05545162037014961, RTE: 0.06307648867368698, Pred dx,dy: (0.012394714169204235, 0.01916198804974556), GT [0. 0.]. [0m
Validation loss (homography): 0.0166
[1;94mSave the best of 0.016563719138503075, at checkpoints/best_checkpoint_zod.pth[0m
[1;94mEpoch: [82/180000], Loss: 0.13278469443321228, RTE: 0.096732497215271, Pred dx,dy: (-0.008195496164262295, 0.0344696044921875), GT [0. 0.]. [0m
[1;94mEpoch: [83/180000], Loss: 0.10452856123447418, RTE: 0.08668577671051025, Pred dx,dy: (-0.0279693603515625, -0.014039612375199795), GT [0. 0.]. [0m
Validation loss (homography): 0.0592
[1;91mVal has no improvement vs 0.016563719138503075![0m
[1;94mEpoch: [84/180000], Loss: 0.2940126061439514, RTE: 0.1446336805820465, Pred dx,dy: (-0.05023040995001793, -0.014775085262954235), GT [0. 0.]. [0m
[1;94mEpoch: [85/180000], Loss: 0.1827225685119629, RTE: 0.11509133875370026, Pred dx,dy: (0.01903533935546875, 0.0366668701171875), GT [0. 0.]. [0m
Validation loss (homography): 0.1457
[1;91mVal has no improvement vs 0.016563719138503075![0m
[1;94mEpoch: [86/180000], Loss: 0.1874590665102005, RTE: 0.11621243506669998, Pred dx,dy: (0.03860626369714737, -0.01593933068215847), GT [0. 0.]. [0m
[1;94mEpoch: [87/180000], Loss: 0.17538844048976898, RTE: 0.11235491931438446, Pred dx,dy: (0.03556976467370987, -0.01912841759622097), GT [0. 0.]. [0m
Validation loss (homography): 0.1645
[1;91mVal has no improvement vs 0.016563719138503075![0m
[1;94mEpoch: [88/180000], Loss: 0.03827991709113121, RTE: 0.05324716120958328, Pred dx,dy: (0.01377716101706028, -0.01282348670065403), GT [0. 0.]. [0m
