{'gpuid': [0], 'mixed_precision': False, 'iters_lev0': 6, 'lev0': True, 'flow': True, 'p_siamese': True, 'CNN16': True, 'log_every': 10, 'dataset': 'zod', 'orig_label': False, 'cross_area': False, 'batch_size': 16, 'lr': 0.00035, 'num_steps': 76000, 'scheduler': 'OneCycle', 'loss_w': [0.1, 30.0, 100000.0], 'temperature': 4.0, 'augment': False, 'ori_noise': 45.0, 'orien': True, 'restore_ckpt': None, 'model': None, 'wdecay': 0.0005, 'epsilon': 1e-07, 'clip': 1.0, 'gamma': 0.85, 'name': 'zod_train', 'validation': None, 'image_size': 512, 'zoom': 20, 'IMG_FREQ': 20000, 'SUM_FREQ': 100, 'use_augmentation': True, 'image_area_dg_m': 51.2, 'image_area_zod_m': 100, 'max_translation': 15.0, 'max_rot_deg': 20.0, 'z_range': [-2.5, 3.0], 'BEV_grid_resolution': 0.1, 'lidar_dataset_root': '/work/vita/datasets/zod', 'aerial_img_dataset_root': '/work/vita/datasets/zod_crossview_processed_100m', 'version': 'full', 'config': '/home/finckh/VITA/HC-Net/models/config/ZOD/train.json', 'best_dis': 100000000.0, 'start_step': 0}
[31m2026-01-11 17:36:19[0m
Loaded pretrained weights for efficientnet-b0
Parameter Count: 7754186
Loading train split : 23 drives
Loading val split : 6 drives
Training with 47407 samples, validation with 10393 samples.
Using 12 dataloader workers every process
Best distance so far 100000000.0.
[34mLog will be saved to:./watch/zod/zod_train_20260111_174254.log[0m
Epoch: [0/25], Batch: 0/2963, Loss: 3009.655, Trans_L2_m: 15.866, Yaw_err_deg: 10.689
Epoch: [0/25], Batch: 10/2963, Loss: 2759.806, Trans_L2_m: 14.602, Yaw_err_deg: 10.990
Epoch: [0/25], Batch: 20/2963, Loss: 2771.753, Trans_L2_m: 15.923, Yaw_err_deg: 10.879
Epoch: [0/25], Batch: 30/2963, Loss: 2581.933, Trans_L2_m: 15.755, Yaw_err_deg: 9.751
Epoch: [0/25], Batch: 40/2963, Loss: 2549.186, Trans_L2_m: 16.451, Yaw_err_deg: 8.190
Epoch: [0/25], Batch: 50/2963, Loss: 2476.810, Trans_L2_m: 13.918, Yaw_err_deg: 10.882
Epoch: [0/25], Batch: 60/2963, Loss: 2993.678, Trans_L2_m: 16.748, Yaw_err_deg: 11.782
Epoch: [0/25], Batch: 70/2963, Loss: 2475.981, Trans_L2_m: 14.420, Yaw_err_deg: 11.212
Epoch: [0/25], Batch: 80/2963, Loss: 2614.743, Trans_L2_m: 15.691, Yaw_err_deg: 10.648
Epoch: [0/25], Batch: 90/2963, Loss: 2131.792, Trans_L2_m: 13.542, Yaw_err_deg: 8.884
Epoch: [0/25], Batch: 100/2963, Loss: 2152.917, Trans_L2_m: 15.523, Yaw_err_deg: 6.539
Epoch: [0/25], Batch: 110/2963, Loss: 2435.462, Trans_L2_m: 16.404, Yaw_err_deg: 8.486
Epoch: [0/25], Batch: 120/2963, Loss: 2489.153, Trans_L2_m: 16.563, Yaw_err_deg: 8.817
Epoch: [0/25], Batch: 130/2963, Loss: 1904.494, Trans_L2_m: 12.532, Yaw_err_deg: 9.447
Epoch: [0/25], Batch: 140/2963, Loss: 2067.712, Trans_L2_m: 14.878, Yaw_err_deg: 7.627
Epoch: [0/25], Batch: 150/2963, Loss: 1850.538, Trans_L2_m: 12.007, Yaw_err_deg: 9.420
Epoch: [0/25], Batch: 160/2963, Loss: 2684.576, Trans_L2_m: 15.734, Yaw_err_deg: 12.014
Epoch: [0/25], Batch: 170/2963, Loss: 2335.349, Trans_L2_m: 14.367, Yaw_err_deg: 8.919
Epoch: [0/25], Batch: 180/2963, Loss: 2753.256, Trans_L2_m: 17.178, Yaw_err_deg: 10.225
Epoch: [0/25], Batch: 190/2963, Loss: 2359.155, Trans_L2_m: 13.085, Yaw_err_deg: 10.632
Epoch: [0/25], Batch: 200/2963, Loss: 2671.453, Trans_L2_m: 15.776, Yaw_err_deg: 10.118
Epoch: [0/25], Batch: 210/2963, Loss: 2202.484, Trans_L2_m: 14.584, Yaw_err_deg: 9.195
Epoch: [0/25], Batch: 220/2963, Loss: 2344.456, Trans_L2_m: 14.449, Yaw_err_deg: 11.081
Epoch: [0/25], Batch: 230/2963, Loss: 2140.938, Trans_L2_m: 14.359, Yaw_err_deg: 9.202
Epoch: [0/25], Batch: 240/2963, Loss: 3014.535, Trans_L2_m: 18.477, Yaw_err_deg: 10.785
Epoch: [0/25], Batch: 250/2963, Loss: 1999.953, Trans_L2_m: 14.233, Yaw_err_deg: 8.399
Epoch: [0/25], Batch: 260/2963, Loss: 2459.626, Trans_L2_m: 17.028, Yaw_err_deg: 8.103
Epoch: [0/25], Batch: 270/2963, Loss: 2393.738, Trans_L2_m: 14.992, Yaw_err_deg: 9.225
Epoch: [0/25], Batch: 280/2963, Loss: 2690.235, Trans_L2_m: 16.310, Yaw_err_deg: 9.028
Epoch: [0/25], Batch: 290/2963, Loss: 2703.463, Trans_L2_m: 16.438, Yaw_err_deg: 10.632
Epoch: [0/25], Batch: 300/2963, Loss: 2110.985, Trans_L2_m: 14.794, Yaw_err_deg: 8.046
Epoch: [0/25], Batch: 310/2963, Loss: 2297.114, Trans_L2_m: 15.906, Yaw_err_deg: 7.378
Epoch: [0/25], Batch: 320/2963, Loss: 2347.308, Trans_L2_m: 14.095, Yaw_err_deg: 10.492
Epoch: [0/25], Batch: 330/2963, Loss: 2272.879, Trans_L2_m: 15.507, Yaw_err_deg: 9.316
Epoch: [0/25], Batch: 340/2963, Loss: 1684.373, Trans_L2_m: 12.840, Yaw_err_deg: 6.870
Epoch: [0/25], Batch: 350/2963, Loss: 2651.356, Trans_L2_m: 15.329, Yaw_err_deg: 10.608
Epoch: [0/25], Batch: 360/2963, Loss: 2255.703, Trans_L2_m: 13.514, Yaw_err_deg: 10.484
Epoch: [0/25], Batch: 370/2963, Loss: 2198.723, Trans_L2_m: 13.418, Yaw_err_deg: 10.121
Epoch: [0/25], Batch: 380/2963, Loss: 3188.109, Trans_L2_m: 17.469, Yaw_err_deg: 11.353
Epoch: [0/25], Batch: 390/2963, Loss: 1915.250, Trans_L2_m: 13.248, Yaw_err_deg: 8.178
Epoch: [0/25], Batch: 400/2963, Loss: 2078.477, Trans_L2_m: 11.722, Yaw_err_deg: 10.135
Epoch: [0/25], Batch: 410/2963, Loss: 2303.483, Trans_L2_m: 13.305, Yaw_err_deg: 10.284
Epoch: [0/25], Batch: 420/2963, Loss: 2195.258, Trans_L2_m: 14.186, Yaw_err_deg: 9.493
Epoch: [0/25], Batch: 430/2963, Loss: 2417.268, Trans_L2_m: 13.862, Yaw_err_deg: 11.594
Epoch: [0/25], Batch: 440/2963, Loss: 2202.752, Trans_L2_m: 12.753, Yaw_err_deg: 10.245
Epoch: [0/25], Batch: 450/2963, Loss: 2218.482, Trans_L2_m: 14.047, Yaw_err_deg: 9.545
Epoch: [0/25], Batch: 460/2963, Loss: 2168.001, Trans_L2_m: 13.416, Yaw_err_deg: 9.875
Epoch: [0/25], Batch: 470/2963, Loss: 2305.761, Trans_L2_m: 14.284, Yaw_err_deg: 9.660
Epoch: [0/25], Batch: 480/2963, Loss: 2230.027, Trans_L2_m: 13.404, Yaw_err_deg: 10.538
Epoch: [0/25], Batch: 490/2963, Loss: 2457.949, Trans_L2_m: 15.290, Yaw_err_deg: 9.467
Epoch: [0/25], Batch: 500/2963, Loss: 2883.466, Trans_L2_m: 16.484, Yaw_err_deg: 10.391
Epoch: [0/25], Batch: 510/2963, Loss: 2451.746, Trans_L2_m: 13.628, Yaw_err_deg: 11.648
Epoch: [0/25], Batch: 520/2963, Loss: 2270.585, Trans_L2_m: 14.835, Yaw_err_deg: 8.049
Epoch: [0/25], Batch: 530/2963, Loss: 1759.389, Trans_L2_m: 11.514, Yaw_err_deg: 8.991
Epoch: [0/25], Batch: 540/2963, Loss: 2896.195, Trans_L2_m: 16.013, Yaw_err_deg: 12.094
Epoch: [0/25], Batch: 550/2963, Loss: 2305.882, Trans_L2_m: 13.874, Yaw_err_deg: 9.931
Epoch: [0/25], Batch: 560/2963, Loss: 2455.587, Trans_L2_m: 15.381, Yaw_err_deg: 8.964
Epoch: [0/25], Batch: 570/2963, Loss: 2264.444, Trans_L2_m: 14.751, Yaw_err_deg: 9.169
Epoch: [0/25], Batch: 580/2963, Loss: 1874.981, Trans_L2_m: 13.048, Yaw_err_deg: 8.324
Epoch: [0/25], Batch: 590/2963, Loss: 1721.617, Trans_L2_m: 11.526, Yaw_err_deg: 8.457
Epoch: [0/25], Batch: 600/2963, Loss: 2590.715, Trans_L2_m: 13.398, Yaw_err_deg: 11.989
Epoch: [0/25], Batch: 610/2963, Loss: 2224.408, Trans_L2_m: 14.501, Yaw_err_deg: 9.104
Epoch: [0/25], Batch: 620/2963, Loss: 2546.392, Trans_L2_m: 14.151, Yaw_err_deg: 11.466
Epoch: [0/25], Batch: 630/2963, Loss: 1845.171, Trans_L2_m: 11.930, Yaw_err_deg: 9.544
Epoch: [0/25], Batch: 640/2963, Loss: 2696.777, Trans_L2_m: 15.449, Yaw_err_deg: 10.676
Epoch: [0/25], Batch: 650/2963, Loss: 1709.766, Trans_L2_m: 11.101, Yaw_err_deg: 8.546
Epoch: [0/25], Batch: 660/2963, Loss: 1836.981, Trans_L2_m: 10.952, Yaw_err_deg: 9.859
Epoch: [0/25], Batch: 670/2963, Loss: 2745.252, Trans_L2_m: 15.310, Yaw_err_deg: 11.264
Epoch: [0/25], Batch: 680/2963, Loss: 2129.519, Trans_L2_m: 12.969, Yaw_err_deg: 10.067
Epoch: [0/25], Batch: 690/2963, Loss: 2204.598, Trans_L2_m: 12.192, Yaw_err_deg: 11.716
Epoch: [0/25], Batch: 700/2963, Loss: 2363.907, Trans_L2_m: 14.292, Yaw_err_deg: 10.429
Epoch: [0/25], Batch: 710/2963, Loss: 1749.732, Trans_L2_m: 12.805, Yaw_err_deg: 7.102
Epoch: [0/25], Batch: 720/2963, Loss: 2643.627, Trans_L2_m: 16.017, Yaw_err_deg: 9.413
Epoch: [0/25], Batch: 730/2963, Loss: 1613.409, Trans_L2_m: 10.139, Yaw_err_deg: 8.740
Epoch: [0/25], Batch: 740/2963, Loss: 2303.939, Trans_L2_m: 13.630, Yaw_err_deg: 11.028
Epoch: [0/25], Batch: 750/2963, Loss: 1844.143, Trans_L2_m: 9.923, Yaw_err_deg: 11.579
Epoch: [0/25], Batch: 760/2963, Loss: 2452.352, Trans_L2_m: 13.320, Yaw_err_deg: 10.528
Epoch: [0/25], Batch: 770/2963, Loss: 2065.559, Trans_L2_m: 12.496, Yaw_err_deg: 10.593
Epoch: [0/25], Batch: 780/2963, Loss: 1971.028, Trans_L2_m: 12.518, Yaw_err_deg: 9.194
Epoch: [0/25], Batch: 790/2963, Loss: 2388.556, Trans_L2_m: 11.696, Yaw_err_deg: 12.593
Epoch: [0/25], Batch: 800/2963, Loss: 2073.241, Trans_L2_m: 11.883, Yaw_err_deg: 9.933
Epoch: [0/25], Batch: 810/2963, Loss: 2072.661, Trans_L2_m: 12.703, Yaw_err_deg: 9.299
Epoch: [0/25], Batch: 820/2963, Loss: 2294.618, Trans_L2_m: 14.072, Yaw_err_deg: 10.065
Epoch: [0/25], Batch: 830/2963, Loss: 2189.447, Trans_L2_m: 12.467, Yaw_err_deg: 10.932
Epoch: [0/25], Batch: 840/2963, Loss: 1943.409, Trans_L2_m: 11.497, Yaw_err_deg: 10.001
Epoch: [0/25], Batch: 850/2963, Loss: 1825.844, Trans_L2_m: 11.458, Yaw_err_deg: 7.816
Epoch: [0/25], Batch: 860/2963, Loss: 2683.610, Trans_L2_m: 13.882, Yaw_err_deg: 10.866
Epoch: [0/25], Batch: 870/2963, Loss: 1877.627, Trans_L2_m: 12.021, Yaw_err_deg: 9.497
Epoch: [0/25], Batch: 880/2963, Loss: 2220.302, Trans_L2_m: 12.094, Yaw_err_deg: 11.015
Epoch: [0/25], Batch: 890/2963, Loss: 1536.622, Trans_L2_m: 9.205, Yaw_err_deg: 8.362
Epoch: [0/25], Batch: 900/2963, Loss: 2042.551, Trans_L2_m: 11.220, Yaw_err_deg: 11.312
Epoch: [0/25], Batch: 910/2963, Loss: 2287.806, Trans_L2_m: 13.655, Yaw_err_deg: 10.423
Epoch: [0/25], Batch: 920/2963, Loss: 1800.263, Trans_L2_m: 10.560, Yaw_err_deg: 10.757
Epoch: [0/25], Batch: 930/2963, Loss: 2102.902, Trans_L2_m: 12.663, Yaw_err_deg: 10.971
Epoch: [0/25], Batch: 940/2963, Loss: 2136.253, Trans_L2_m: 11.981, Yaw_err_deg: 10.011
Epoch: [0/25], Batch: 950/2963, Loss: 1485.573, Trans_L2_m: 9.881, Yaw_err_deg: 8.193
Epoch: [0/25], Batch: 960/2963, Loss: 2356.603, Trans_L2_m: 11.904, Yaw_err_deg: 12.661
Epoch: [0/25], Batch: 970/2963, Loss: 1700.916, Trans_L2_m: 9.638, Yaw_err_deg: 9.516
Epoch: [0/25], Batch: 980/2963, Loss: 2071.887, Trans_L2_m: 11.623, Yaw_err_deg: 10.508
Epoch: [0/25], Batch: 990/2963, Loss: 2004.135, Trans_L2_m: 11.768, Yaw_err_deg: 9.487
Epoch: [0/25], Batch: 1000/2963, Loss: 1702.538, Trans_L2_m: 8.784, Yaw_err_deg: 11.045
Epoch: [0/25], Batch: 1010/2963, Loss: 1619.953, Trans_L2_m: 11.733, Yaw_err_deg: 6.532
Epoch: [0/25], Batch: 1020/2963, Loss: 2380.915, Trans_L2_m: 12.530, Yaw_err_deg: 13.009
Epoch: [0/25], Batch: 1030/2963, Loss: 2309.659, Trans_L2_m: 13.464, Yaw_err_deg: 10.752
Epoch: [0/25], Batch: 1040/2963, Loss: 1754.101, Trans_L2_m: 12.177, Yaw_err_deg: 7.904
Epoch: [0/25], Batch: 1050/2963, Loss: 2249.559, Trans_L2_m: 12.576, Yaw_err_deg: 10.243
Epoch: [0/25], Batch: 1060/2963, Loss: 2058.437, Trans_L2_m: 14.634, Yaw_err_deg: 7.170
Epoch: [0/25], Batch: 1070/2963, Loss: 2480.544, Trans_L2_m: 14.194, Yaw_err_deg: 9.298
Epoch: [0/25], Batch: 1080/2963, Loss: 2008.244, Trans_L2_m: 10.593, Yaw_err_deg: 10.980
Epoch: [0/25], Batch: 1090/2963, Loss: 1844.756, Trans_L2_m: 11.643, Yaw_err_deg: 9.202
Epoch: [0/25], Batch: 1100/2963, Loss: 1689.006, Trans_L2_m: 9.553, Yaw_err_deg: 9.800
Epoch: [0/25], Batch: 1110/2963, Loss: 1600.679, Trans_L2_m: 9.415, Yaw_err_deg: 9.958
Epoch: [0/25], Batch: 1120/2963, Loss: 1936.515, Trans_L2_m: 12.179, Yaw_err_deg: 9.061
Epoch: [0/25], Batch: 1130/2963, Loss: 2373.304, Trans_L2_m: 15.627, Yaw_err_deg: 8.590
Epoch: [0/25], Batch: 1140/2963, Loss: 1387.027, Trans_L2_m: 9.265, Yaw_err_deg: 6.399
Epoch: [0/25], Batch: 1150/2963, Loss: 2094.975, Trans_L2_m: 12.133, Yaw_err_deg: 10.493
Epoch: [0/25], Batch: 1160/2963, Loss: 2048.579, Trans_L2_m: 11.197, Yaw_err_deg: 10.828
Epoch: [0/25], Batch: 1170/2963, Loss: 1476.311, Trans_L2_m: 9.978, Yaw_err_deg: 8.510
Epoch: [0/25], Batch: 1180/2963, Loss: 1640.145, Trans_L2_m: 9.804, Yaw_err_deg: 8.272
Epoch: [0/25], Batch: 1190/2963, Loss: 1839.350, Trans_L2_m: 10.856, Yaw_err_deg: 10.149
Epoch: [0/25], Batch: 1200/2963, Loss: 1970.592, Trans_L2_m: 11.625, Yaw_err_deg: 10.155
Epoch: [0/25], Batch: 1210/2963, Loss: 2000.220, Trans_L2_m: 11.380, Yaw_err_deg: 10.426
Epoch: [0/25], Batch: 1220/2963, Loss: 1762.151, Trans_L2_m: 12.314, Yaw_err_deg: 8.291
Epoch: [0/25], Batch: 1230/2963, Loss: 1818.391, Trans_L2_m: 10.063, Yaw_err_deg: 9.732
Epoch: [0/25], Batch: 1240/2963, Loss: 1810.221, Trans_L2_m: 10.588, Yaw_err_deg: 8.862
Epoch: [0/25], Batch: 1250/2963, Loss: 2226.175, Trans_L2_m: 12.847, Yaw_err_deg: 10.707
Epoch: [0/25], Batch: 1260/2963, Loss: 2184.824, Trans_L2_m: 11.699, Yaw_err_deg: 11.884
Epoch: [0/25], Batch: 1270/2963, Loss: 1823.579, Trans_L2_m: 10.866, Yaw_err_deg: 9.887
Epoch: [0/25], Batch: 1280/2963, Loss: 1993.009, Trans_L2_m: 10.869, Yaw_err_deg: 10.078
Epoch: [0/25], Batch: 1290/2963, Loss: 2088.104, Trans_L2_m: 12.791, Yaw_err_deg: 8.638
Epoch: [0/25], Batch: 1300/2963, Loss: 1907.929, Trans_L2_m: 10.646, Yaw_err_deg: 10.638
Epoch: [0/25], Batch: 1310/2963, Loss: 2330.140, Trans_L2_m: 11.883, Yaw_err_deg: 11.559
Epoch: [0/25], Batch: 1320/2963, Loss: 2134.925, Trans_L2_m: 12.954, Yaw_err_deg: 10.583
Epoch: [0/25], Batch: 1330/2963, Loss: 1569.185, Trans_L2_m: 9.893, Yaw_err_deg: 8.233
Epoch: [0/25], Batch: 1340/2963, Loss: 1842.428, Trans_L2_m: 11.808, Yaw_err_deg: 9.069
Epoch: [0/25], Batch: 1350/2963, Loss: 1635.485, Trans_L2_m: 12.570, Yaw_err_deg: 6.543
Epoch: [0/25], Batch: 1360/2963, Loss: 1804.615, Trans_L2_m: 8.444, Yaw_err_deg: 11.040
Epoch: [0/25], Batch: 1370/2963, Loss: 1684.079, Trans_L2_m: 10.690, Yaw_err_deg: 7.733
Epoch: [0/25], Batch: 1380/2963, Loss: 1668.512, Trans_L2_m: 10.548, Yaw_err_deg: 8.168
Epoch: [0/25], Batch: 1390/2963, Loss: 2020.947, Trans_L2_m: 12.893, Yaw_err_deg: 8.990
Epoch: [0/25], Batch: 1400/2963, Loss: 1512.815, Trans_L2_m: 11.475, Yaw_err_deg: 6.796
Epoch: [0/25], Batch: 1410/2963, Loss: 1618.314, Trans_L2_m: 9.675, Yaw_err_deg: 9.152
Epoch: [0/25], Batch: 1420/2963, Loss: 2420.460, Trans_L2_m: 12.426, Yaw_err_deg: 10.351
Epoch: [0/25], Batch: 1430/2963, Loss: 2044.573, Trans_L2_m: 14.447, Yaw_err_deg: 7.421
Epoch: [0/25], Batch: 1440/2963, Loss: 1752.697, Trans_L2_m: 7.870, Yaw_err_deg: 11.646
Epoch: [0/25], Batch: 1450/2963, Loss: 2093.133, Trans_L2_m: 14.409, Yaw_err_deg: 7.470
Epoch: [0/25], Batch: 1460/2963, Loss: 1678.407, Trans_L2_m: 12.258, Yaw_err_deg: 6.208
Epoch: [0/25], Batch: 1470/2963, Loss: 2303.760, Trans_L2_m: 13.126, Yaw_err_deg: 9.372
Epoch: [0/25], Batch: 1480/2963, Loss: 1440.047, Trans_L2_m: 11.070, Yaw_err_deg: 6.474
Epoch: [0/25], Batch: 1490/2963, Loss: 1360.503, Trans_L2_m: 10.744, Yaw_err_deg: 5.045
Epoch: [0/25], Batch: 1500/2963, Loss: 1978.543, Trans_L2_m: 10.645, Yaw_err_deg: 10.640
Epoch: [0/25], Batch: 1510/2963, Loss: 1598.504, Trans_L2_m: 10.635, Yaw_err_deg: 7.208
Epoch: [0/25], Batch: 1520/2963, Loss: 1459.748, Trans_L2_m: 9.394, Yaw_err_deg: 7.380
Epoch: [0/25], Batch: 1530/2963, Loss: 1473.814, Trans_L2_m: 10.867, Yaw_err_deg: 6.438
Epoch: [0/25], Batch: 1540/2963, Loss: 1597.825, Trans_L2_m: 9.932, Yaw_err_deg: 8.243
Epoch: [0/25], Batch: 1550/2963, Loss: 2041.737, Trans_L2_m: 10.402, Yaw_err_deg: 11.733
Epoch: [0/25], Batch: 1560/2963, Loss: 1827.578, Trans_L2_m: 12.448, Yaw_err_deg: 7.290
Epoch: [0/25], Batch: 1570/2963, Loss: 1420.592, Trans_L2_m: 11.369, Yaw_err_deg: 4.368
Epoch: [0/25], Batch: 1580/2963, Loss: 1964.814, Trans_L2_m: 12.226, Yaw_err_deg: 7.938
Epoch: [0/25], Batch: 1590/2963, Loss: 1253.983, Trans_L2_m: 9.291, Yaw_err_deg: 6.996
Epoch: [0/25], Batch: 1600/2963, Loss: 1957.346, Trans_L2_m: 13.816, Yaw_err_deg: 5.760
Epoch: [0/25], Batch: 1610/2963, Loss: 2382.767, Trans_L2_m: 11.845, Yaw_err_deg: 10.944
Epoch: [0/25], Batch: 1620/2963, Loss: 1898.412, Trans_L2_m: 11.110, Yaw_err_deg: 7.843
Epoch: [0/25], Batch: 1630/2963, Loss: 1782.601, Trans_L2_m: 10.401, Yaw_err_deg: 8.860
Epoch: [0/25], Batch: 1640/2963, Loss: 1449.238, Trans_L2_m: 11.220, Yaw_err_deg: 5.585
Epoch: [0/25], Batch: 1650/2963, Loss: 1921.515, Trans_L2_m: 13.615, Yaw_err_deg: 6.127
Epoch: [0/25], Batch: 1660/2963, Loss: 1330.688, Trans_L2_m: 8.120, Yaw_err_deg: 8.236
Epoch: [0/25], Batch: 1670/2963, Loss: 1614.473, Trans_L2_m: 11.190, Yaw_err_deg: 7.283
Epoch: [0/25], Batch: 1680/2963, Loss: 1568.407, Trans_L2_m: 11.736, Yaw_err_deg: 4.952
Epoch: [0/25], Batch: 1690/2963, Loss: 1419.844, Trans_L2_m: 9.479, Yaw_err_deg: 7.535
Epoch: [0/25], Batch: 1700/2963, Loss: 2224.562, Trans_L2_m: 9.378, Yaw_err_deg: 12.867
Epoch: [0/25], Batch: 1710/2963, Loss: 1566.488, Trans_L2_m: 11.644, Yaw_err_deg: 7.136
Epoch: [0/25], Batch: 1720/2963, Loss: 1711.059, Trans_L2_m: 13.092, Yaw_err_deg: 7.629
Epoch: [0/25], Batch: 1730/2963, Loss: 1607.163, Trans_L2_m: 8.206, Yaw_err_deg: 9.127
Epoch: [0/25], Batch: 1740/2963, Loss: 1638.894, Trans_L2_m: 11.075, Yaw_err_deg: 6.356
Epoch: [0/25], Batch: 1750/2963, Loss: 1302.313, Trans_L2_m: 11.636, Yaw_err_deg: 5.442
Epoch: [0/25], Batch: 1760/2963, Loss: 1991.621, Trans_L2_m: 12.685, Yaw_err_deg: 7.004
Epoch: [0/25], Batch: 1770/2963, Loss: 1914.545, Trans_L2_m: 13.474, Yaw_err_deg: 5.979
Epoch: [0/25], Batch: 1780/2963, Loss: 1603.469, Trans_L2_m: 11.271, Yaw_err_deg: 6.655
Epoch: [0/25], Batch: 1790/2963, Loss: 974.734, Trans_L2_m: 7.498, Yaw_err_deg: 6.230
Epoch: [0/25], Batch: 1800/2963, Loss: 1862.379, Trans_L2_m: 11.037, Yaw_err_deg: 8.238
Epoch: [0/25], Batch: 1810/2963, Loss: 1423.734, Trans_L2_m: 11.048, Yaw_err_deg: 5.899
Epoch: [0/25], Batch: 1820/2963, Loss: 1418.800, Trans_L2_m: 10.498, Yaw_err_deg: 6.282
Epoch: [0/25], Batch: 1830/2963, Loss: 1582.058, Trans_L2_m: 9.695, Yaw_err_deg: 8.237
Epoch: [0/25], Batch: 1840/2963, Loss: 1772.416, Trans_L2_m: 11.083, Yaw_err_deg: 6.987
Epoch: [0/25], Batch: 1850/2963, Loss: 1215.234, Trans_L2_m: 8.690, Yaw_err_deg: 6.286
Epoch: [0/25], Batch: 1860/2963, Loss: 1598.706, Trans_L2_m: 11.157, Yaw_err_deg: 6.780
Epoch: [0/25], Batch: 1870/2963, Loss: 1752.708, Trans_L2_m: 12.919, Yaw_err_deg: 7.200
Epoch: [0/25], Batch: 1880/2963, Loss: 1862.030, Trans_L2_m: 15.597, Yaw_err_deg: 5.079
Epoch: [0/25], Batch: 1890/2963, Loss: 2086.541, Trans_L2_m: 14.419, Yaw_err_deg: 5.392
Epoch: [0/25], Batch: 1900/2963, Loss: 1179.090, Trans_L2_m: 8.110, Yaw_err_deg: 4.234
Epoch: [0/25], Batch: 1910/2963, Loss: 1617.316, Trans_L2_m: 10.825, Yaw_err_deg: 6.207
Epoch: [0/25], Batch: 1920/2963, Loss: 1504.944, Trans_L2_m: 8.425, Yaw_err_deg: 8.357
Epoch: [0/25], Batch: 1930/2963, Loss: 1160.992, Trans_L2_m: 8.843, Yaw_err_deg: 6.214
Epoch: [0/25], Batch: 1940/2963, Loss: 1631.673, Trans_L2_m: 10.725, Yaw_err_deg: 5.994
Epoch: [0/25], Batch: 1950/2963, Loss: 1894.411, Trans_L2_m: 13.298, Yaw_err_deg: 5.901
Epoch: [0/25], Batch: 1960/2963, Loss: 1890.042, Trans_L2_m: 14.126, Yaw_err_deg: 6.222
Epoch: [0/25], Batch: 1970/2963, Loss: 1892.273, Trans_L2_m: 11.981, Yaw_err_deg: 6.451
Epoch: [0/25], Batch: 1980/2963, Loss: 1324.495, Trans_L2_m: 9.297, Yaw_err_deg: 7.094
Epoch: [0/25], Batch: 1990/2963, Loss: 1449.411, Trans_L2_m: 8.367, Yaw_err_deg: 6.284
Epoch: [0/25], Batch: 2000/2963, Loss: 1195.190, Trans_L2_m: 9.539, Yaw_err_deg: 3.744
Epoch: [0/25], Batch: 2010/2963, Loss: 1639.796, Trans_L2_m: 12.273, Yaw_err_deg: 8.475
Epoch: [0/25], Batch: 2020/2963, Loss: 1696.334, Trans_L2_m: 9.899, Yaw_err_deg: 9.268
Epoch: [0/25], Batch: 2030/2963, Loss: 1314.674, Trans_L2_m: 11.052, Yaw_err_deg: 4.535
Epoch: [0/25], Batch: 2040/2963, Loss: 1182.751, Trans_L2_m: 9.837, Yaw_err_deg: 3.114
Epoch: [0/25], Batch: 2050/2963, Loss: 1525.699, Trans_L2_m: 9.576, Yaw_err_deg: 7.390
Epoch: [0/25], Batch: 2060/2963, Loss: 1641.393, Trans_L2_m: 11.767, Yaw_err_deg: 6.873
Epoch: [0/25], Batch: 2070/2963, Loss: 1536.250, Trans_L2_m: 11.967, Yaw_err_deg: 4.728
Epoch: [0/25], Batch: 2080/2963, Loss: 2302.762, Trans_L2_m: 16.589, Yaw_err_deg: 7.370
Epoch: [0/25], Batch: 2090/2963, Loss: 1186.156, Trans_L2_m: 9.236, Yaw_err_deg: 3.146
Epoch: [0/25], Batch: 2100/2963, Loss: 1358.944, Trans_L2_m: 11.189, Yaw_err_deg: 4.808
Epoch: [0/25], Batch: 2110/2963, Loss: 1748.344, Trans_L2_m: 13.756, Yaw_err_deg: 5.650
Epoch: [0/25], Batch: 2120/2963, Loss: 1515.974, Trans_L2_m: 11.802, Yaw_err_deg: 6.171
Epoch: [0/25], Batch: 2130/2963, Loss: 1624.273, Trans_L2_m: 11.781, Yaw_err_deg: 6.231
Epoch: [0/25], Batch: 2140/2963, Loss: 1595.196, Trans_L2_m: 13.204, Yaw_err_deg: 4.613
Epoch: [0/25], Batch: 2150/2963, Loss: 1484.533, Trans_L2_m: 10.890, Yaw_err_deg: 5.598
Epoch: [0/25], Batch: 2160/2963, Loss: 1145.875, Trans_L2_m: 9.606, Yaw_err_deg: 5.598
Epoch: [0/25], Batch: 2170/2963, Loss: 1532.337, Trans_L2_m: 10.796, Yaw_err_deg: 6.586
Epoch: [0/25], Batch: 2180/2963, Loss: 1584.704, Trans_L2_m: 12.419, Yaw_err_deg: 5.352
Epoch: [0/25], Batch: 2190/2963, Loss: 1511.541, Trans_L2_m: 10.094, Yaw_err_deg: 5.451
Epoch: [0/25], Batch: 2200/2963, Loss: 1479.543, Trans_L2_m: 10.677, Yaw_err_deg: 5.260
Epoch: [0/25], Batch: 2210/2963, Loss: 1435.784, Trans_L2_m: 11.042, Yaw_err_deg: 6.076
Epoch: [0/25], Batch: 2220/2963, Loss: 1907.052, Trans_L2_m: 13.646, Yaw_err_deg: 2.721
Epoch: [0/25], Batch: 2230/2963, Loss: 1384.678, Trans_L2_m: 9.657, Yaw_err_deg: 5.581
Epoch: [0/25], Batch: 2240/2963, Loss: 1508.832, Trans_L2_m: 9.106, Yaw_err_deg: 6.816
Epoch: [0/25], Batch: 2250/2963, Loss: 1361.143, Trans_L2_m: 11.603, Yaw_err_deg: 5.291
Epoch: [0/25], Batch: 2260/2963, Loss: 1649.222, Trans_L2_m: 12.501, Yaw_err_deg: 3.995
Epoch: [0/25], Batch: 2270/2963, Loss: 1735.709, Trans_L2_m: 13.021, Yaw_err_deg: 4.317
Epoch: [0/25], Batch: 2280/2963, Loss: 1288.917, Trans_L2_m: 10.026, Yaw_err_deg: 6.152
Epoch: [0/25], Batch: 2290/2963, Loss: 1786.843, Trans_L2_m: 13.804, Yaw_err_deg: 5.817
Epoch: [0/25], Batch: 2300/2963, Loss: 1533.567, Trans_L2_m: 9.069, Yaw_err_deg: 7.151
Epoch: [0/25], Batch: 2310/2963, Loss: 1649.733, Trans_L2_m: 11.424, Yaw_err_deg: 6.290
Epoch: [0/25], Batch: 2320/2963, Loss: 1547.740, Trans_L2_m: 11.127, Yaw_err_deg: 4.629
Epoch: [0/25], Batch: 2330/2963, Loss: 1215.245, Trans_L2_m: 9.848, Yaw_err_deg: 5.633
Epoch: [0/25], Batch: 2340/2963, Loss: 1654.675, Trans_L2_m: 13.170, Yaw_err_deg: 5.604
Epoch: [0/25], Batch: 2350/2963, Loss: 1162.209, Trans_L2_m: 9.052, Yaw_err_deg: 6.913
Epoch: [0/25], Batch: 2360/2963, Loss: 1226.721, Trans_L2_m: 10.111, Yaw_err_deg: 5.154
Epoch: [0/25], Batch: 2370/2963, Loss: 1494.735, Trans_L2_m: 11.863, Yaw_err_deg: 4.747
Epoch: [0/25], Batch: 2380/2963, Loss: 955.868, Trans_L2_m: 7.359, Yaw_err_deg: 5.717
Epoch: [0/25], Batch: 2390/2963, Loss: 1225.437, Trans_L2_m: 8.930, Yaw_err_deg: 6.092
Epoch: [0/25], Batch: 2400/2963, Loss: 1208.216, Trans_L2_m: 11.652, Yaw_err_deg: 4.189
Epoch: [0/25], Batch: 2410/2963, Loss: 1198.735, Trans_L2_m: 10.264, Yaw_err_deg: 4.712
Epoch: [0/25], Batch: 2420/2963, Loss: 1380.139, Trans_L2_m: 10.376, Yaw_err_deg: 3.626
Epoch: [0/25], Batch: 2430/2963, Loss: 1514.605, Trans_L2_m: 10.870, Yaw_err_deg: 8.675
Epoch: [0/25], Batch: 2440/2963, Loss: 1406.084, Trans_L2_m: 11.763, Yaw_err_deg: 2.771
Epoch: [0/25], Batch: 2450/2963, Loss: 1955.229, Trans_L2_m: 14.621, Yaw_err_deg: 3.833
Epoch: [0/25], Batch: 2460/2963, Loss: 1224.426, Trans_L2_m: 10.302, Yaw_err_deg: 4.530
Epoch: [0/25], Batch: 2470/2963, Loss: 1189.126, Trans_L2_m: 9.562, Yaw_err_deg: 5.366
Epoch: [0/25], Batch: 2480/2963, Loss: 1219.506, Trans_L2_m: 9.041, Yaw_err_deg: 5.194
Epoch: [0/25], Batch: 2490/2963, Loss: 1405.146, Trans_L2_m: 10.375, Yaw_err_deg: 6.232
Epoch: [0/25], Batch: 2500/2963, Loss: 1716.421, Trans_L2_m: 12.491, Yaw_err_deg: 6.239
Epoch: [0/25], Batch: 2510/2963, Loss: 1244.100, Trans_L2_m: 11.860, Yaw_err_deg: 4.806
Epoch: [0/25], Batch: 2520/2963, Loss: 1160.250, Trans_L2_m: 10.347, Yaw_err_deg: 4.241
Epoch: [0/25], Batch: 2530/2963, Loss: 1043.320, Trans_L2_m: 7.763, Yaw_err_deg: 5.003
Epoch: [0/25], Batch: 2540/2963, Loss: 1225.651, Trans_L2_m: 9.755, Yaw_err_deg: 3.571
Epoch: [0/25], Batch: 2550/2963, Loss: 1239.952, Trans_L2_m: 8.244, Yaw_err_deg: 5.876
Epoch: [0/25], Batch: 2560/2963, Loss: 1704.275, Trans_L2_m: 12.611, Yaw_err_deg: 3.875
Epoch: [0/25], Batch: 2570/2963, Loss: 1241.471, Trans_L2_m: 9.738, Yaw_err_deg: 4.320
Epoch: [0/25], Batch: 2580/2963, Loss: 1792.649, Trans_L2_m: 13.402, Yaw_err_deg: 5.394
Epoch: [0/25], Batch: 2590/2963, Loss: 1232.280, Trans_L2_m: 10.743, Yaw_err_deg: 4.067
Epoch: [0/25], Batch: 2600/2963, Loss: 1216.330, Trans_L2_m: 11.903, Yaw_err_deg: 4.549
Epoch: [0/25], Batch: 2610/2963, Loss: 1712.054, Trans_L2_m: 11.788, Yaw_err_deg: 6.520
Epoch: [0/25], Batch: 2620/2963, Loss: 1265.931, Trans_L2_m: 10.389, Yaw_err_deg: 5.215
Epoch: [0/25], Batch: 2630/2963, Loss: 1631.601, Trans_L2_m: 12.314, Yaw_err_deg: 6.387
Epoch: [0/25], Batch: 2640/2963, Loss: 1494.214, Trans_L2_m: 10.996, Yaw_err_deg: 4.460
Epoch: [0/25], Batch: 2650/2963, Loss: 1302.542, Trans_L2_m: 11.618, Yaw_err_deg: 4.655
Epoch: [0/25], Batch: 2660/2963, Loss: 2077.516, Trans_L2_m: 15.666, Yaw_err_deg: 6.946
Epoch: [0/25], Batch: 2670/2963, Loss: 1357.483, Trans_L2_m: 10.476, Yaw_err_deg: 5.852
Epoch: [0/25], Batch: 2680/2963, Loss: 1171.661, Trans_L2_m: 9.527, Yaw_err_deg: 3.996
Epoch: [0/25], Batch: 2690/2963, Loss: 1484.526, Trans_L2_m: 10.756, Yaw_err_deg: 5.445
Epoch: [0/25], Batch: 2700/2963, Loss: 1249.952, Trans_L2_m: 10.723, Yaw_err_deg: 6.351
Epoch: [0/25], Batch: 2710/2963, Loss: 1191.164, Trans_L2_m: 8.870, Yaw_err_deg: 4.062
Epoch: [0/25], Batch: 2720/2963, Loss: 1598.235, Trans_L2_m: 14.351, Yaw_err_deg: 5.223
Epoch: [0/25], Batch: 2730/2963, Loss: 1585.514, Trans_L2_m: 11.586, Yaw_err_deg: 5.471
Epoch: [0/25], Batch: 2740/2963, Loss: 1337.662, Trans_L2_m: 10.326, Yaw_err_deg: 5.460
Epoch: [0/25], Batch: 2750/2963, Loss: 1447.773, Trans_L2_m: 10.752, Yaw_err_deg: 5.039
Epoch: [0/25], Batch: 2760/2963, Loss: 1170.230, Trans_L2_m: 9.980, Yaw_err_deg: 5.790
Epoch: [0/25], Batch: 2770/2963, Loss: 1160.281, Trans_L2_m: 9.260, Yaw_err_deg: 6.805
Epoch: [0/25], Batch: 2780/2963, Loss: 1121.370, Trans_L2_m: 9.964, Yaw_err_deg: 4.941
Epoch: [0/25], Batch: 2790/2963, Loss: 902.491, Trans_L2_m: 7.609, Yaw_err_deg: 3.709
Epoch: [0/25], Batch: 2800/2963, Loss: 1365.120, Trans_L2_m: 11.514, Yaw_err_deg: 4.115
Epoch: [0/25], Batch: 2810/2963, Loss: 1249.799, Trans_L2_m: 10.446, Yaw_err_deg: 4.958
Epoch: [0/25], Batch: 2820/2963, Loss: 1215.119, Trans_L2_m: 10.356, Yaw_err_deg: 4.514
Epoch: [0/25], Batch: 2830/2963, Loss: 1189.408, Trans_L2_m: 9.974, Yaw_err_deg: 5.547
Epoch: [0/25], Batch: 2840/2963, Loss: 1068.882, Trans_L2_m: 9.190, Yaw_err_deg: 4.675
Epoch: [0/25], Batch: 2850/2963, Loss: 1047.623, Trans_L2_m: 7.144, Yaw_err_deg: 4.639
Epoch: [0/25], Batch: 2860/2963, Loss: 1251.180, Trans_L2_m: 10.485, Yaw_err_deg: 4.566
Epoch: [0/25], Batch: 2870/2963, Loss: 1283.231, Trans_L2_m: 8.990, Yaw_err_deg: 6.229
Epoch: [0/25], Batch: 2880/2963, Loss: 1444.966, Trans_L2_m: 11.503, Yaw_err_deg: 3.521
Epoch: [0/25], Batch: 2890/2963, Loss: 1333.764, Trans_L2_m: 10.780, Yaw_err_deg: 3.839
Epoch: [0/25], Batch: 2900/2963, Loss: 1070.306, Trans_L2_m: 9.308, Yaw_err_deg: 3.402
Epoch: [0/25], Batch: 2910/2963, Loss: 1574.907, Trans_L2_m: 12.993, Yaw_err_deg: 4.450
Epoch: [0/25], Batch: 2920/2963, Loss: 1158.948, Trans_L2_m: 10.405, Yaw_err_deg: 3.885
Epoch: [0/25], Batch: 2930/2963, Loss: 1329.080, Trans_L2_m: 12.372, Yaw_err_deg: 2.202
Epoch: [0/25], Batch: 2940/2963, Loss: 1857.710, Trans_L2_m: 11.107, Yaw_err_deg: 9.479
Epoch: [0/25], Batch: 2950/2963, Loss: 983.892, Trans_L2_m: 8.983, Yaw_err_deg: 3.949
Epoch: [0/25], Batch: 2960/2963, Loss: 1015.292, Trans_L2_m: 9.140, Yaw_err_deg: 4.449
Validation loss (homography): 5413.2866
Avg batch time: 1112.50 ms, total: 363.496 s
[1;94mSave the best of 5413.28662109375, at checkpoints/2026_01_11_17_36_19_best_checkpoint_zod.pth[0m
Epoch: [1/25], Batch: 0/2963, Loss: 1061.244, Trans_L2_m: 9.759, Yaw_err_deg: 5.563
Epoch: [1/25], Batch: 10/2963, Loss: 1153.987, Trans_L2_m: 9.470, Yaw_err_deg: 4.819
Epoch: [1/25], Batch: 20/2963, Loss: 1614.523, Trans_L2_m: 11.095, Yaw_err_deg: 8.603
Epoch: [1/25], Batch: 30/2963, Loss: 1293.593, Trans_L2_m: 11.196, Yaw_err_deg: 6.142
Epoch: [1/25], Batch: 40/2963, Loss: 1173.545, Trans_L2_m: 9.039, Yaw_err_deg: 4.369
Epoch: [1/25], Batch: 50/2963, Loss: 1382.022, Trans_L2_m: 10.650, Yaw_err_deg: 6.085
Epoch: [1/25], Batch: 60/2963, Loss: 1227.203, Trans_L2_m: 10.398, Yaw_err_deg: 4.189
Epoch: [1/25], Batch: 70/2963, Loss: 1277.337, Trans_L2_m: 11.577, Yaw_err_deg: 3.452
Epoch: [1/25], Batch: 80/2963, Loss: 1110.024, Trans_L2_m: 9.147, Yaw_err_deg: 3.762
Epoch: [1/25], Batch: 90/2963, Loss: 1060.608, Trans_L2_m: 10.077, Yaw_err_deg: 5.063
Epoch: [1/25], Batch: 100/2963, Loss: 1643.484, Trans_L2_m: 11.091, Yaw_err_deg: 3.885
Epoch: [1/25], Batch: 110/2963, Loss: 1717.167, Trans_L2_m: 11.141, Yaw_err_deg: 5.665
Epoch: [1/25], Batch: 120/2963, Loss: 1287.691, Trans_L2_m: 10.208, Yaw_err_deg: 3.015
Epoch: [1/25], Batch: 130/2963, Loss: 1206.249, Trans_L2_m: 9.203, Yaw_err_deg: 4.541
Epoch: [1/25], Batch: 140/2963, Loss: 1628.173, Trans_L2_m: 12.597, Yaw_err_deg: 6.141
Epoch: [1/25], Batch: 150/2963, Loss: 1227.206, Trans_L2_m: 10.773, Yaw_err_deg: 4.041
Epoch: [1/25], Batch: 160/2963, Loss: 1291.453, Trans_L2_m: 9.885, Yaw_err_deg: 5.334
Epoch: [1/25], Batch: 170/2963, Loss: 1072.508, Trans_L2_m: 7.077, Yaw_err_deg: 5.976
Epoch: [1/25], Batch: 180/2963, Loss: 901.979, Trans_L2_m: 7.014, Yaw_err_deg: 5.640
Epoch: [1/25], Batch: 190/2963, Loss: 1135.674, Trans_L2_m: 8.599, Yaw_err_deg: 6.095
Epoch: [1/25], Batch: 200/2963, Loss: 1214.506, Trans_L2_m: 9.951, Yaw_err_deg: 4.857
Epoch: [1/25], Batch: 210/2963, Loss: 962.803, Trans_L2_m: 7.430, Yaw_err_deg: 5.863
Epoch: [1/25], Batch: 220/2963, Loss: 962.169, Trans_L2_m: 8.015, Yaw_err_deg: 5.129
Epoch: [1/25], Batch: 230/2963, Loss: 1191.464, Trans_L2_m: 9.494, Yaw_err_deg: 5.313
Epoch: [1/25], Batch: 240/2963, Loss: 1021.856, Trans_L2_m: 9.197, Yaw_err_deg: 4.300
Epoch: [1/25], Batch: 250/2963, Loss: 1175.423, Trans_L2_m: 10.185, Yaw_err_deg: 5.230
Epoch: [1/25], Batch: 260/2963, Loss: 1265.985, Trans_L2_m: 11.155, Yaw_err_deg: 4.816
Epoch: [1/25], Batch: 270/2963, Loss: 1082.849, Trans_L2_m: 9.520, Yaw_err_deg: 5.022
Epoch: [1/25], Batch: 280/2963, Loss: 1021.724, Trans_L2_m: 9.341, Yaw_err_deg: 3.619
Epoch: [1/25], Batch: 290/2963, Loss: 1245.760, Trans_L2_m: 8.739, Yaw_err_deg: 5.281
Epoch: [1/25], Batch: 300/2963, Loss: 1402.979, Trans_L2_m: 10.555, Yaw_err_deg: 5.042
Epoch: [1/25], Batch: 310/2963, Loss: 1175.917, Trans_L2_m: 9.769, Yaw_err_deg: 4.506
Epoch: [1/25], Batch: 320/2963, Loss: 1158.350, Trans_L2_m: 10.910, Yaw_err_deg: 4.195
Epoch: [1/25], Batch: 330/2963, Loss: 1405.132, Trans_L2_m: 12.177, Yaw_err_deg: 3.944
Epoch: [1/25], Batch: 340/2963, Loss: 1398.463, Trans_L2_m: 11.834, Yaw_err_deg: 6.963
Epoch: [1/25], Batch: 350/2963, Loss: 1365.454, Trans_L2_m: 10.642, Yaw_err_deg: 5.595
Epoch: [1/25], Batch: 360/2963, Loss: 1261.196, Trans_L2_m: 8.883, Yaw_err_deg: 7.006
Epoch: [1/25], Batch: 370/2963, Loss: 1338.092, Trans_L2_m: 9.828, Yaw_err_deg: 5.985
Epoch: [1/25], Batch: 380/2963, Loss: 1119.434, Trans_L2_m: 9.996, Yaw_err_deg: 4.636
Epoch: [1/25], Batch: 390/2963, Loss: 977.886, Trans_L2_m: 9.468, Yaw_err_deg: 3.478
Epoch: [1/25], Batch: 400/2963, Loss: 1591.214, Trans_L2_m: 11.307, Yaw_err_deg: 4.948
Epoch: [1/25], Batch: 410/2963, Loss: 1623.516, Trans_L2_m: 12.627, Yaw_err_deg: 5.552
Epoch: [1/25], Batch: 420/2963, Loss: 1413.484, Trans_L2_m: 11.044, Yaw_err_deg: 5.661
Epoch: [1/25], Batch: 430/2963, Loss: 1199.122, Trans_L2_m: 9.232, Yaw_err_deg: 6.277
Epoch: [1/25], Batch: 440/2963, Loss: 1056.871, Trans_L2_m: 8.502, Yaw_err_deg: 5.105
Epoch: [1/25], Batch: 450/2963, Loss: 1266.530, Trans_L2_m: 9.828, Yaw_err_deg: 5.431
Epoch: [1/25], Batch: 460/2963, Loss: 1206.215, Trans_L2_m: 9.240, Yaw_err_deg: 4.054
Epoch: [1/25], Batch: 470/2963, Loss: 1260.090, Trans_L2_m: 10.792, Yaw_err_deg: 3.057
Epoch: [1/25], Batch: 480/2963, Loss: 1268.943, Trans_L2_m: 9.642, Yaw_err_deg: 7.260
Epoch: [1/25], Batch: 490/2963, Loss: 1188.494, Trans_L2_m: 11.384, Yaw_err_deg: 2.985
Epoch: [1/25], Batch: 500/2963, Loss: 1027.025, Trans_L2_m: 9.515, Yaw_err_deg: 3.856
Epoch: [1/25], Batch: 510/2963, Loss: 1117.563, Trans_L2_m: 11.127, Yaw_err_deg: 2.471
Epoch: [1/25], Batch: 520/2963, Loss: 979.483, Trans_L2_m: 9.252, Yaw_err_deg: 3.172
Epoch: [1/25], Batch: 530/2963, Loss: 1079.410, Trans_L2_m: 10.277, Yaw_err_deg: 4.883
Epoch: [1/25], Batch: 540/2963, Loss: 1026.375, Trans_L2_m: 8.708, Yaw_err_deg: 5.119
Epoch: [1/25], Batch: 550/2963, Loss: 1203.354, Trans_L2_m: 10.574, Yaw_err_deg: 4.237
Epoch: [1/25], Batch: 560/2963, Loss: 1095.374, Trans_L2_m: 10.167, Yaw_err_deg: 2.157
Epoch: [1/25], Batch: 570/2963, Loss: 905.181, Trans_L2_m: 7.966, Yaw_err_deg: 5.030
Epoch: [1/25], Batch: 580/2963, Loss: 1204.266, Trans_L2_m: 10.594, Yaw_err_deg: 4.795
Epoch: [1/25], Batch: 590/2963, Loss: 1094.740, Trans_L2_m: 9.587, Yaw_err_deg: 4.842
Epoch: [1/25], Batch: 600/2963, Loss: 1191.518, Trans_L2_m: 10.317, Yaw_err_deg: 4.575
Epoch: [1/25], Batch: 610/2963, Loss: 1585.873, Trans_L2_m: 11.710, Yaw_err_deg: 6.734
Epoch: [1/25], Batch: 620/2963, Loss: 1308.811, Trans_L2_m: 10.022, Yaw_err_deg: 4.396
Epoch: [1/25], Batch: 630/2963, Loss: 1046.788, Trans_L2_m: 8.503, Yaw_err_deg: 4.299
Epoch: [1/25], Batch: 640/2963, Loss: 725.311, Trans_L2_m: 7.434, Yaw_err_deg: 2.613
Epoch: [1/25], Batch: 650/2963, Loss: 1166.587, Trans_L2_m: 9.964, Yaw_err_deg: 4.033
Epoch: [1/25], Batch: 660/2963, Loss: 1182.644, Trans_L2_m: 9.797, Yaw_err_deg: 3.331
Epoch: [1/25], Batch: 670/2963, Loss: 948.866, Trans_L2_m: 10.166, Yaw_err_deg: 3.779
Epoch: [1/25], Batch: 680/2963, Loss: 926.204, Trans_L2_m: 8.879, Yaw_err_deg: 3.092
Epoch: [1/25], Batch: 690/2963, Loss: 1366.832, Trans_L2_m: 11.294, Yaw_err_deg: 5.842
Epoch: [1/25], Batch: 700/2963, Loss: 1133.935, Trans_L2_m: 9.033, Yaw_err_deg: 4.455
Epoch: [1/25], Batch: 710/2963, Loss: 1327.013, Trans_L2_m: 9.453, Yaw_err_deg: 5.109
Epoch: [1/25], Batch: 720/2963, Loss: 964.343, Trans_L2_m: 8.336, Yaw_err_deg: 3.236
Epoch: [1/25], Batch: 730/2963, Loss: 1042.351, Trans_L2_m: 8.720, Yaw_err_deg: 5.744
Epoch: [1/25], Batch: 740/2963, Loss: 1009.079, Trans_L2_m: 9.731, Yaw_err_deg: 3.901
Epoch: [1/25], Batch: 750/2963, Loss: 1031.428, Trans_L2_m: 9.652, Yaw_err_deg: 3.707
Epoch: [1/25], Batch: 760/2963, Loss: 1130.419, Trans_L2_m: 11.668, Yaw_err_deg: 2.837
Epoch: [1/25], Batch: 770/2963, Loss: 1304.486, Trans_L2_m: 10.132, Yaw_err_deg: 6.767
Epoch: [1/25], Batch: 780/2963, Loss: 980.692, Trans_L2_m: 8.442, Yaw_err_deg: 2.994
Epoch: [1/25], Batch: 790/2963, Loss: 1406.703, Trans_L2_m: 10.839, Yaw_err_deg: 6.876
Epoch: [1/25], Batch: 800/2963, Loss: 866.483, Trans_L2_m: 8.508, Yaw_err_deg: 5.111
Epoch: [1/25], Batch: 810/2963, Loss: 1530.777, Trans_L2_m: 12.705, Yaw_err_deg: 4.997
Epoch: [1/25], Batch: 820/2963, Loss: 995.507, Trans_L2_m: 9.017, Yaw_err_deg: 3.645
Epoch: [1/25], Batch: 830/2963, Loss: 1194.078, Trans_L2_m: 10.403, Yaw_err_deg: 4.199
Epoch: [1/25], Batch: 840/2963, Loss: 839.924, Trans_L2_m: 8.112, Yaw_err_deg: 3.895
Epoch: [1/25], Batch: 850/2963, Loss: 1353.857, Trans_L2_m: 9.138, Yaw_err_deg: 5.615
Epoch: [1/25], Batch: 860/2963, Loss: 1577.145, Trans_L2_m: 12.396, Yaw_err_deg: 5.922
Epoch: [1/25], Batch: 870/2963, Loss: 1259.214, Trans_L2_m: 11.413, Yaw_err_deg: 5.023
Epoch: [1/25], Batch: 880/2963, Loss: 1240.458, Trans_L2_m: 8.505, Yaw_err_deg: 6.329
Epoch: [1/25], Batch: 890/2963, Loss: 1492.250, Trans_L2_m: 11.551, Yaw_err_deg: 3.976
Epoch: [1/25], Batch: 900/2963, Loss: 1310.655, Trans_L2_m: 10.996, Yaw_err_deg: 4.921
Epoch: [1/25], Batch: 910/2963, Loss: 1402.847, Trans_L2_m: 11.186, Yaw_err_deg: 5.357
Epoch: [1/25], Batch: 920/2963, Loss: 1692.667, Trans_L2_m: 12.504, Yaw_err_deg: 5.477
Epoch: [1/25], Batch: 930/2963, Loss: 887.807, Trans_L2_m: 7.273, Yaw_err_deg: 5.647
Epoch: [1/25], Batch: 940/2963, Loss: 1228.271, Trans_L2_m: 10.435, Yaw_err_deg: 3.487
Epoch: [1/25], Batch: 950/2963, Loss: 906.498, Trans_L2_m: 6.829, Yaw_err_deg: 5.876
Epoch: [1/25], Batch: 960/2963, Loss: 953.150, Trans_L2_m: 7.981, Yaw_err_deg: 3.319
Epoch: [1/25], Batch: 970/2963, Loss: 1337.647, Trans_L2_m: 10.798, Yaw_err_deg: 5.079
Epoch: [1/25], Batch: 980/2963, Loss: 1052.509, Trans_L2_m: 9.500, Yaw_err_deg: 4.988
Epoch: [1/25], Batch: 990/2963, Loss: 1941.607, Trans_L2_m: 14.080, Yaw_err_deg: 5.930
Epoch: [1/25], Batch: 1000/2963, Loss: 1050.421, Trans_L2_m: 9.752, Yaw_err_deg: 3.119
Epoch: [1/25], Batch: 1010/2963, Loss: 1117.198, Trans_L2_m: 9.849, Yaw_err_deg: 4.114
Epoch: [1/25], Batch: 1020/2963, Loss: 1226.127, Trans_L2_m: 9.405, Yaw_err_deg: 5.942
Epoch: [1/25], Batch: 1030/2963, Loss: 1171.993, Trans_L2_m: 8.104, Yaw_err_deg: 4.789
Epoch: [1/25], Batch: 1040/2963, Loss: 1689.005, Trans_L2_m: 12.882, Yaw_err_deg: 6.545
Epoch: [1/25], Batch: 1050/2963, Loss: 1426.329, Trans_L2_m: 10.851, Yaw_err_deg: 4.504
Epoch: [1/25], Batch: 1060/2963, Loss: 882.069, Trans_L2_m: 9.107, Yaw_err_deg: 3.303
Epoch: [1/25], Batch: 1070/2963, Loss: 1118.325, Trans_L2_m: 9.766, Yaw_err_deg: 4.014
Epoch: [1/25], Batch: 1080/2963, Loss: 1027.889, Trans_L2_m: 9.901, Yaw_err_deg: 4.485
Epoch: [1/25], Batch: 1090/2963, Loss: 1115.339, Trans_L2_m: 8.443, Yaw_err_deg: 5.388
Epoch: [1/25], Batch: 1100/2963, Loss: 1245.890, Trans_L2_m: 10.767, Yaw_err_deg: 4.449
Epoch: [1/25], Batch: 1110/2963, Loss: 1199.929, Trans_L2_m: 9.403, Yaw_err_deg: 3.571
Epoch: [1/25], Batch: 1120/2963, Loss: 927.931, Trans_L2_m: 8.407, Yaw_err_deg: 5.208
Epoch: [1/25], Batch: 1130/2963, Loss: 1312.573, Trans_L2_m: 12.224, Yaw_err_deg: 4.870
Epoch: [1/25], Batch: 1140/2963, Loss: 1450.591, Trans_L2_m: 11.710, Yaw_err_deg: 5.738
Epoch: [1/25], Batch: 1150/2963, Loss: 1362.474, Trans_L2_m: 10.638, Yaw_err_deg: 3.465
Epoch: [1/25], Batch: 1160/2963, Loss: 1032.679, Trans_L2_m: 7.716, Yaw_err_deg: 4.559
Epoch: [1/25], Batch: 1170/2963, Loss: 1138.211, Trans_L2_m: 9.860, Yaw_err_deg: 4.924
Epoch: [1/25], Batch: 1180/2963, Loss: 1278.683, Trans_L2_m: 10.806, Yaw_err_deg: 4.688
Epoch: [1/25], Batch: 1190/2963, Loss: 925.744, Trans_L2_m: 8.041, Yaw_err_deg: 4.669
Epoch: [1/25], Batch: 1200/2963, Loss: 1083.254, Trans_L2_m: 8.470, Yaw_err_deg: 4.714
Epoch: [1/25], Batch: 1210/2963, Loss: 1014.192, Trans_L2_m: 9.303, Yaw_err_deg: 4.780
Epoch: [1/25], Batch: 1220/2963, Loss: 1528.239, Trans_L2_m: 11.056, Yaw_err_deg: 5.530
Epoch: [1/25], Batch: 1230/2963, Loss: 1058.808, Trans_L2_m: 10.121, Yaw_err_deg: 3.646
Epoch: [1/25], Batch: 1240/2963, Loss: 1168.949, Trans_L2_m: 9.642, Yaw_err_deg: 3.670
Epoch: [1/25], Batch: 1250/2963, Loss: 1538.010, Trans_L2_m: 11.631, Yaw_err_deg: 5.040
Epoch: [1/25], Batch: 1260/2963, Loss: 948.970, Trans_L2_m: 8.484, Yaw_err_deg: 4.848
Epoch: [1/25], Batch: 1270/2963, Loss: 982.077, Trans_L2_m: 9.960, Yaw_err_deg: 4.089
Epoch: [1/25], Batch: 1280/2963, Loss: 1430.555, Trans_L2_m: 10.831, Yaw_err_deg: 6.419
Epoch: [1/25], Batch: 1290/2963, Loss: 1583.601, Trans_L2_m: 13.264, Yaw_err_deg: 3.859
Epoch: [1/25], Batch: 1300/2963, Loss: 980.211, Trans_L2_m: 8.362, Yaw_err_deg: 2.452
Epoch: [1/25], Batch: 1310/2963, Loss: 1004.283, Trans_L2_m: 9.494, Yaw_err_deg: 4.171
Epoch: [1/25], Batch: 1320/2963, Loss: 1005.674, Trans_L2_m: 9.273, Yaw_err_deg: 4.444
Epoch: [1/25], Batch: 1330/2963, Loss: 912.186, Trans_L2_m: 7.789, Yaw_err_deg: 5.715
Epoch: [1/25], Batch: 1340/2963, Loss: 1234.533, Trans_L2_m: 10.249, Yaw_err_deg: 5.507
Epoch: [1/25], Batch: 1350/2963, Loss: 1385.204, Trans_L2_m: 11.013, Yaw_err_deg: 6.298
Epoch: [1/25], Batch: 1360/2963, Loss: 902.567, Trans_L2_m: 8.936, Yaw_err_deg: 3.257
Epoch: [1/25], Batch: 1370/2963, Loss: 905.455, Trans_L2_m: 8.503, Yaw_err_deg: 4.437
Epoch: [1/25], Batch: 1380/2963, Loss: 1159.388, Trans_L2_m: 9.527, Yaw_err_deg: 5.686
Epoch: [1/25], Batch: 1390/2963, Loss: 1445.938, Trans_L2_m: 12.645, Yaw_err_deg: 4.256
Epoch: [1/25], Batch: 1400/2963, Loss: 949.758, Trans_L2_m: 8.658, Yaw_err_deg: 5.224
Epoch: [1/25], Batch: 1410/2963, Loss: 787.456, Trans_L2_m: 8.435, Yaw_err_deg: 3.336
Epoch: [1/25], Batch: 1420/2963, Loss: 1055.212, Trans_L2_m: 10.171, Yaw_err_deg: 3.561
Epoch: [1/25], Batch: 1430/2963, Loss: 1150.389, Trans_L2_m: 10.162, Yaw_err_deg: 4.714
Epoch: [1/25], Batch: 1440/2963, Loss: 1049.058, Trans_L2_m: 11.051, Yaw_err_deg: 3.595
Epoch: [1/25], Batch: 1450/2963, Loss: 907.041, Trans_L2_m: 9.561, Yaw_err_deg: 3.697
Epoch: [1/25], Batch: 1460/2963, Loss: 1284.579, Trans_L2_m: 10.713, Yaw_err_deg: 4.958
Epoch: [1/25], Batch: 1470/2963, Loss: 1230.479, Trans_L2_m: 11.399, Yaw_err_deg: 5.374
Epoch: [1/25], Batch: 1480/2963, Loss: 972.889, Trans_L2_m: 10.173, Yaw_err_deg: 3.500
Epoch: [1/25], Batch: 1490/2963, Loss: 831.304, Trans_L2_m: 7.557, Yaw_err_deg: 4.483
Epoch: [1/25], Batch: 1500/2963, Loss: 1202.625, Trans_L2_m: 10.375, Yaw_err_deg: 6.392
Epoch: [1/25], Batch: 1510/2963, Loss: 993.508, Trans_L2_m: 8.202, Yaw_err_deg: 4.121
Epoch: [1/25], Batch: 1520/2963, Loss: 1549.574, Trans_L2_m: 11.159, Yaw_err_deg: 3.891
Epoch: [1/25], Batch: 1530/2963, Loss: 1230.123, Trans_L2_m: 11.372, Yaw_err_deg: 2.851
Epoch: [1/25], Batch: 1540/2963, Loss: 956.809, Trans_L2_m: 8.009, Yaw_err_deg: 4.278
Epoch: [1/25], Batch: 1550/2963, Loss: 1095.574, Trans_L2_m: 10.278, Yaw_err_deg: 5.180
Epoch: [1/25], Batch: 1560/2963, Loss: 1290.535, Trans_L2_m: 12.032, Yaw_err_deg: 3.376
Epoch: [1/25], Batch: 1570/2963, Loss: 1392.351, Trans_L2_m: 11.864, Yaw_err_deg: 5.145
Epoch: [1/25], Batch: 1580/2963, Loss: 1515.617, Trans_L2_m: 10.412, Yaw_err_deg: 5.375
Epoch: [1/25], Batch: 1590/2963, Loss: 1426.065, Trans_L2_m: 12.433, Yaw_err_deg: 3.494
Epoch: [1/25], Batch: 1600/2963, Loss: 837.075, Trans_L2_m: 8.803, Yaw_err_deg: 3.202
Epoch: [1/25], Batch: 1610/2963, Loss: 1087.540, Trans_L2_m: 9.569, Yaw_err_deg: 4.352
Epoch: [1/25], Batch: 1620/2963, Loss: 1012.689, Trans_L2_m: 10.020, Yaw_err_deg: 3.947
Epoch: [1/25], Batch: 1630/2963, Loss: 972.971, Trans_L2_m: 9.540, Yaw_err_deg: 4.303
Epoch: [1/25], Batch: 1640/2963, Loss: 1173.966, Trans_L2_m: 9.188, Yaw_err_deg: 5.504
Epoch: [1/25], Batch: 1650/2963, Loss: 1070.656, Trans_L2_m: 10.406, Yaw_err_deg: 4.456
Epoch: [1/25], Batch: 1660/2963, Loss: 1534.480, Trans_L2_m: 13.195, Yaw_err_deg: 4.421
Epoch: [1/25], Batch: 1670/2963, Loss: 969.017, Trans_L2_m: 5.890, Yaw_err_deg: 6.832
Epoch: [1/25], Batch: 1680/2963, Loss: 1042.015, Trans_L2_m: 8.918, Yaw_err_deg: 4.538
Epoch: [1/25], Batch: 1690/2963, Loss: 960.883, Trans_L2_m: 9.594, Yaw_err_deg: 2.701
Epoch: [1/25], Batch: 1700/2963, Loss: 1185.359, Trans_L2_m: 10.468, Yaw_err_deg: 3.852
Epoch: [1/25], Batch: 1710/2963, Loss: 1565.459, Trans_L2_m: 11.728, Yaw_err_deg: 5.187
Epoch: [1/25], Batch: 1720/2963, Loss: 1079.339, Trans_L2_m: 10.237, Yaw_err_deg: 3.806
Epoch: [1/25], Batch: 1730/2963, Loss: 872.306, Trans_L2_m: 8.286, Yaw_err_deg: 4.175
Epoch: [1/25], Batch: 1740/2963, Loss: 859.339, Trans_L2_m: 7.821, Yaw_err_deg: 3.390
Epoch: [1/25], Batch: 1750/2963, Loss: 1197.292, Trans_L2_m: 8.520, Yaw_err_deg: 4.931
Epoch: [1/25], Batch: 1760/2963, Loss: 861.130, Trans_L2_m: 7.351, Yaw_err_deg: 4.643
Epoch: [1/25], Batch: 1770/2963, Loss: 606.781, Trans_L2_m: 6.810, Yaw_err_deg: 3.655
Epoch: [1/25], Batch: 1780/2963, Loss: 985.686, Trans_L2_m: 9.983, Yaw_err_deg: 3.136
Epoch: [1/25], Batch: 1790/2963, Loss: 818.550, Trans_L2_m: 7.760, Yaw_err_deg: 5.617
Epoch: [1/25], Batch: 1800/2963, Loss: 927.785, Trans_L2_m: 10.681, Yaw_err_deg: 2.548
Epoch: [1/25], Batch: 1810/2963, Loss: 1106.300, Trans_L2_m: 9.984, Yaw_err_deg: 3.897
Epoch: [1/25], Batch: 1820/2963, Loss: 944.798, Trans_L2_m: 7.908, Yaw_err_deg: 3.736
Epoch: [1/25], Batch: 1830/2963, Loss: 1280.984, Trans_L2_m: 11.386, Yaw_err_deg: 3.804
Epoch: [1/25], Batch: 1840/2963, Loss: 1202.056, Trans_L2_m: 10.504, Yaw_err_deg: 4.857
Epoch: [1/25], Batch: 1850/2963, Loss: 1328.249, Trans_L2_m: 9.930, Yaw_err_deg: 3.538
Epoch: [1/25], Batch: 1860/2963, Loss: 1241.781, Trans_L2_m: 11.501, Yaw_err_deg: 3.774
Epoch: [1/25], Batch: 1870/2963, Loss: 1234.420, Trans_L2_m: 10.052, Yaw_err_deg: 5.115
Epoch: [1/25], Batch: 1880/2963, Loss: 1181.874, Trans_L2_m: 10.802, Yaw_err_deg: 2.735
Epoch: [1/25], Batch: 1890/2963, Loss: 807.072, Trans_L2_m: 7.634, Yaw_err_deg: 3.506
Epoch: [1/25], Batch: 1900/2963, Loss: 1245.613, Trans_L2_m: 9.952, Yaw_err_deg: 4.703
Epoch: [1/25], Batch: 1910/2963, Loss: 952.967, Trans_L2_m: 9.112, Yaw_err_deg: 3.414
Epoch: [1/25], Batch: 1920/2963, Loss: 1013.678, Trans_L2_m: 8.157, Yaw_err_deg: 4.784
Epoch: [1/25], Batch: 1930/2963, Loss: 1328.666, Trans_L2_m: 10.421, Yaw_err_deg: 5.011
Epoch: [1/25], Batch: 1940/2963, Loss: 956.604, Trans_L2_m: 9.809, Yaw_err_deg: 3.914
Epoch: [1/25], Batch: 1950/2963, Loss: 1122.394, Trans_L2_m: 9.776, Yaw_err_deg: 3.780
Epoch: [1/25], Batch: 1960/2963, Loss: 675.439, Trans_L2_m: 6.873, Yaw_err_deg: 4.045
Epoch: [1/25], Batch: 1970/2963, Loss: 715.607, Trans_L2_m: 7.222, Yaw_err_deg: 3.954
Epoch: [1/25], Batch: 1980/2963, Loss: 896.172, Trans_L2_m: 7.641, Yaw_err_deg: 2.500
Epoch: [1/25], Batch: 1990/2963, Loss: 978.873, Trans_L2_m: 8.691, Yaw_err_deg: 4.447
Epoch: [1/25], Batch: 2000/2963, Loss: 996.983, Trans_L2_m: 10.032, Yaw_err_deg: 4.783
Epoch: [1/25], Batch: 2010/2963, Loss: 948.586, Trans_L2_m: 7.867, Yaw_err_deg: 4.767
Epoch: [1/25], Batch: 2020/2963, Loss: 796.748, Trans_L2_m: 7.951, Yaw_err_deg: 3.133
Epoch: [1/25], Batch: 2030/2963, Loss: 926.585, Trans_L2_m: 8.743, Yaw_err_deg: 4.833
Epoch: [1/25], Batch: 2040/2963, Loss: 1677.555, Trans_L2_m: 12.788, Yaw_err_deg: 4.902
Epoch: [1/25], Batch: 2050/2963, Loss: 845.455, Trans_L2_m: 8.798, Yaw_err_deg: 3.678
Epoch: [1/25], Batch: 2060/2963, Loss: 1000.097, Trans_L2_m: 9.343, Yaw_err_deg: 3.761
Epoch: [1/25], Batch: 2070/2963, Loss: 1082.095, Trans_L2_m: 8.401, Yaw_err_deg: 6.004
Epoch: [1/25], Batch: 2080/2963, Loss: 1137.916, Trans_L2_m: 10.488, Yaw_err_deg: 5.192
Epoch: [1/25], Batch: 2090/2963, Loss: 857.464, Trans_L2_m: 8.447, Yaw_err_deg: 4.224
Epoch: [1/25], Batch: 2100/2963, Loss: 1059.090, Trans_L2_m: 8.680, Yaw_err_deg: 3.393
Epoch: [1/25], Batch: 2110/2963, Loss: 1074.552, Trans_L2_m: 10.418, Yaw_err_deg: 3.951
Epoch: [1/25], Batch: 2120/2963, Loss: 1395.718, Trans_L2_m: 12.831, Yaw_err_deg: 3.850
Epoch: [1/25], Batch: 2130/2963, Loss: 1214.708, Trans_L2_m: 9.714, Yaw_err_deg: 3.250
Epoch: [1/25], Batch: 2140/2963, Loss: 885.938, Trans_L2_m: 6.327, Yaw_err_deg: 5.576
Epoch: [1/25], Batch: 2150/2963, Loss: 1500.096, Trans_L2_m: 13.338, Yaw_err_deg: 3.506
Epoch: [1/25], Batch: 2160/2963, Loss: 834.724, Trans_L2_m: 8.948, Yaw_err_deg: 4.477
Epoch: [1/25], Batch: 2170/2963, Loss: 870.314, Trans_L2_m: 8.822, Yaw_err_deg: 4.513
Epoch: [1/25], Batch: 2180/2963, Loss: 858.687, Trans_L2_m: 7.024, Yaw_err_deg: 5.142
Epoch: [1/25], Batch: 2190/2963, Loss: 1211.471, Trans_L2_m: 10.442, Yaw_err_deg: 3.588
Epoch: [1/25], Batch: 2200/2963, Loss: 1294.367, Trans_L2_m: 11.088, Yaw_err_deg: 3.019
Epoch: [1/25], Batch: 2210/2963, Loss: 916.687, Trans_L2_m: 8.566, Yaw_err_deg: 4.984
Epoch: [1/25], Batch: 2220/2963, Loss: 1120.546, Trans_L2_m: 10.547, Yaw_err_deg: 2.864
Epoch: [1/25], Batch: 2230/2963, Loss: 1105.063, Trans_L2_m: 10.304, Yaw_err_deg: 4.567
Epoch: [1/25], Batch: 2240/2963, Loss: 997.295, Trans_L2_m: 8.438, Yaw_err_deg: 5.382
Epoch: [1/25], Batch: 2250/2963, Loss: 1468.308, Trans_L2_m: 11.652, Yaw_err_deg: 4.008
Epoch: [1/25], Batch: 2260/2963, Loss: 981.206, Trans_L2_m: 8.504, Yaw_err_deg: 4.009
Epoch: [1/25], Batch: 2270/2963, Loss: 1423.672, Trans_L2_m: 13.216, Yaw_err_deg: 4.158
Epoch: [1/25], Batch: 2280/2963, Loss: 1158.156, Trans_L2_m: 9.392, Yaw_err_deg: 4.339
Epoch: [1/25], Batch: 2290/2963, Loss: 1072.364, Trans_L2_m: 9.324, Yaw_err_deg: 4.881
Epoch: [1/25], Batch: 2300/2963, Loss: 618.043, Trans_L2_m: 7.644, Yaw_err_deg: 3.515
Epoch: [1/25], Batch: 2310/2963, Loss: 1088.107, Trans_L2_m: 10.201, Yaw_err_deg: 3.233
Epoch: [1/25], Batch: 2320/2963, Loss: 1070.931, Trans_L2_m: 9.763, Yaw_err_deg: 4.813
Epoch: [1/25], Batch: 2330/2963, Loss: 818.043, Trans_L2_m: 7.174, Yaw_err_deg: 5.474
Epoch: [1/25], Batch: 2340/2963, Loss: 1391.443, Trans_L2_m: 11.432, Yaw_err_deg: 4.347
Epoch: [1/25], Batch: 2350/2963, Loss: 1227.527, Trans_L2_m: 11.238, Yaw_err_deg: 2.362
Epoch: [1/25], Batch: 2360/2963, Loss: 1108.665, Trans_L2_m: 10.063, Yaw_err_deg: 3.444
Epoch: [1/25], Batch: 2370/2963, Loss: 1359.703, Trans_L2_m: 12.086, Yaw_err_deg: 5.214
Epoch: [1/25], Batch: 2380/2963, Loss: 798.478, Trans_L2_m: 9.079, Yaw_err_deg: 3.523
Epoch: [1/25], Batch: 2390/2963, Loss: 907.442, Trans_L2_m: 9.264, Yaw_err_deg: 3.653
Epoch: [1/25], Batch: 2400/2963, Loss: 771.543, Trans_L2_m: 8.517, Yaw_err_deg: 3.359
Epoch: [1/25], Batch: 2410/2963, Loss: 1215.176, Trans_L2_m: 11.288, Yaw_err_deg: 3.747
Epoch: [1/25], Batch: 2420/2963, Loss: 624.594, Trans_L2_m: 6.883, Yaw_err_deg: 2.863
Epoch: [1/25], Batch: 2430/2963, Loss: 870.211, Trans_L2_m: 8.791, Yaw_err_deg: 5.576
Epoch: [1/25], Batch: 2440/2963, Loss: 754.919, Trans_L2_m: 8.049, Yaw_err_deg: 3.316
Epoch: [1/25], Batch: 2450/2963, Loss: 898.130, Trans_L2_m: 9.169, Yaw_err_deg: 4.358
Epoch: [1/25], Batch: 2460/2963, Loss: 666.839, Trans_L2_m: 7.561, Yaw_err_deg: 3.831
Epoch: [1/25], Batch: 2470/2963, Loss: 1040.614, Trans_L2_m: 8.149, Yaw_err_deg: 5.755
Epoch: [1/25], Batch: 2480/2963, Loss: 810.594, Trans_L2_m: 7.611, Yaw_err_deg: 3.999
Epoch: [1/25], Batch: 2490/2963, Loss: 1221.483, Trans_L2_m: 8.971, Yaw_err_deg: 6.670
Epoch: [1/25], Batch: 2500/2963, Loss: 1205.802, Trans_L2_m: 10.223, Yaw_err_deg: 4.973
Epoch: [1/25], Batch: 2510/2963, Loss: 879.946, Trans_L2_m: 8.664, Yaw_err_deg: 3.335
Epoch: [1/25], Batch: 2520/2963, Loss: 1004.266, Trans_L2_m: 10.586, Yaw_err_deg: 2.844
Epoch: [1/25], Batch: 2530/2963, Loss: 863.354, Trans_L2_m: 8.627, Yaw_err_deg: 5.286
Epoch: [1/25], Batch: 2540/2963, Loss: 579.767, Trans_L2_m: 6.422, Yaw_err_deg: 3.062
Epoch: [1/25], Batch: 2550/2963, Loss: 1119.890, Trans_L2_m: 10.559, Yaw_err_deg: 3.358
Epoch: [1/25], Batch: 2560/2963, Loss: 1195.074, Trans_L2_m: 11.892, Yaw_err_deg: 3.635
Epoch: [1/25], Batch: 2570/2963, Loss: 1398.100, Trans_L2_m: 10.329, Yaw_err_deg: 4.832
Epoch: [1/25], Batch: 2580/2963, Loss: 780.852, Trans_L2_m: 7.922, Yaw_err_deg: 2.551
Epoch: [1/25], Batch: 2590/2963, Loss: 1432.247, Trans_L2_m: 11.652, Yaw_err_deg: 5.601
Epoch: [1/25], Batch: 2600/2963, Loss: 1162.758, Trans_L2_m: 10.398, Yaw_err_deg: 3.871
Epoch: [1/25], Batch: 2610/2963, Loss: 852.967, Trans_L2_m: 6.625, Yaw_err_deg: 5.944
Epoch: [1/25], Batch: 2620/2963, Loss: 1059.279, Trans_L2_m: 8.339, Yaw_err_deg: 2.779
Epoch: [1/25], Batch: 2630/2963, Loss: 634.133, Trans_L2_m: 6.980, Yaw_err_deg: 3.134
Epoch: [1/25], Batch: 2640/2963, Loss: 881.149, Trans_L2_m: 7.883, Yaw_err_deg: 3.804
Epoch: [1/25], Batch: 2650/2963, Loss: 946.938, Trans_L2_m: 8.942, Yaw_err_deg: 2.951
Epoch: [1/25], Batch: 2660/2963, Loss: 913.624, Trans_L2_m: 7.965, Yaw_err_deg: 5.105
Epoch: [1/25], Batch: 2670/2963, Loss: 748.528, Trans_L2_m: 8.017, Yaw_err_deg: 3.300
Epoch: [1/25], Batch: 2680/2963, Loss: 749.584, Trans_L2_m: 7.413, Yaw_err_deg: 3.586
Epoch: [1/25], Batch: 2690/2963, Loss: 839.854, Trans_L2_m: 9.073, Yaw_err_deg: 2.838
Epoch: [1/25], Batch: 2700/2963, Loss: 829.757, Trans_L2_m: 8.411, Yaw_err_deg: 3.122
Epoch: [1/25], Batch: 2710/2963, Loss: 1030.538, Trans_L2_m: 10.736, Yaw_err_deg: 3.373
Epoch: [1/25], Batch: 2720/2963, Loss: 1482.688, Trans_L2_m: 13.237, Yaw_err_deg: 2.951
Epoch: [1/25], Batch: 2730/2963, Loss: 641.950, Trans_L2_m: 6.832, Yaw_err_deg: 2.506
Epoch: [1/25], Batch: 2740/2963, Loss: 856.708, Trans_L2_m: 8.122, Yaw_err_deg: 2.781
Epoch: [1/25], Batch: 2750/2963, Loss: 1053.498, Trans_L2_m: 9.559, Yaw_err_deg: 4.246
Epoch: [1/25], Batch: 2760/2963, Loss: 973.656, Trans_L2_m: 8.377, Yaw_err_deg: 5.000
Epoch: [1/25], Batch: 2770/2963, Loss: 963.232, Trans_L2_m: 9.253, Yaw_err_deg: 4.273
Epoch: [1/25], Batch: 2780/2963, Loss: 1158.928, Trans_L2_m: 9.973, Yaw_err_deg: 4.460
Epoch: [1/25], Batch: 2790/2963, Loss: 946.109, Trans_L2_m: 9.460, Yaw_err_deg: 3.924
Epoch: [1/25], Batch: 2800/2963, Loss: 935.220, Trans_L2_m: 9.265, Yaw_err_deg: 2.608
Epoch: [1/25], Batch: 2810/2963, Loss: 882.241, Trans_L2_m: 8.148, Yaw_err_deg: 4.653
Epoch: [1/25], Batch: 2820/2963, Loss: 743.198, Trans_L2_m: 7.209, Yaw_err_deg: 4.240
Epoch: [1/25], Batch: 2830/2963, Loss: 1286.272, Trans_L2_m: 11.016, Yaw_err_deg: 4.526
Epoch: [1/25], Batch: 2840/2963, Loss: 626.304, Trans_L2_m: 7.278, Yaw_err_deg: 2.317
Epoch: [1/25], Batch: 2850/2963, Loss: 888.343, Trans_L2_m: 8.281, Yaw_err_deg: 4.319
Epoch: [1/25], Batch: 2860/2963, Loss: 964.658, Trans_L2_m: 8.726, Yaw_err_deg: 4.739
Epoch: [1/25], Batch: 2870/2963, Loss: 689.100, Trans_L2_m: 6.290, Yaw_err_deg: 3.774
Epoch: [1/25], Batch: 2880/2963, Loss: 684.819, Trans_L2_m: 6.715, Yaw_err_deg: 3.164
Epoch: [1/25], Batch: 2890/2963, Loss: 671.407, Trans_L2_m: 7.665, Yaw_err_deg: 3.648
Epoch: [1/25], Batch: 2900/2963, Loss: 1050.889, Trans_L2_m: 10.258, Yaw_err_deg: 2.796
Epoch: [1/25], Batch: 2910/2963, Loss: 1030.914, Trans_L2_m: 8.869, Yaw_err_deg: 4.056
Epoch: [1/25], Batch: 2920/2963, Loss: 889.418, Trans_L2_m: 7.611, Yaw_err_deg: 4.410
Epoch: [1/25], Batch: 2930/2963, Loss: 1111.850, Trans_L2_m: 11.232, Yaw_err_deg: 3.733
Epoch: [1/25], Batch: 2940/2963, Loss: 968.413, Trans_L2_m: 7.775, Yaw_err_deg: 5.376
Epoch: [1/25], Batch: 2950/2963, Loss: 830.209, Trans_L2_m: 6.359, Yaw_err_deg: 4.391
Epoch: [1/25], Batch: 2960/2963, Loss: 1030.767, Trans_L2_m: 8.464, Yaw_err_deg: 3.430
Epoch: [2/25], Batch: 0/2963, Loss: 1084.320, Trans_L2_m: 10.316, Yaw_err_deg: 4.469
Epoch: [2/25], Batch: 10/2963, Loss: 965.148, Trans_L2_m: 9.470, Yaw_err_deg: 3.812
Epoch: [2/25], Batch: 20/2963, Loss: 779.341, Trans_L2_m: 7.151, Yaw_err_deg: 4.259
Epoch: [2/25], Batch: 30/2963, Loss: 829.804, Trans_L2_m: 6.889, Yaw_err_deg: 3.409
Epoch: [2/25], Batch: 40/2963, Loss: 841.722, Trans_L2_m: 9.175, Yaw_err_deg: 1.774
Epoch: [2/25], Batch: 50/2963, Loss: 971.922, Trans_L2_m: 8.150, Yaw_err_deg: 3.804
Epoch: [2/25], Batch: 60/2963, Loss: 1287.130, Trans_L2_m: 10.185, Yaw_err_deg: 5.741
Epoch: [2/25], Batch: 70/2963, Loss: 884.365, Trans_L2_m: 8.567, Yaw_err_deg: 3.040
Epoch: [2/25], Batch: 80/2963, Loss: 1053.045, Trans_L2_m: 11.943, Yaw_err_deg: 3.814
Epoch: [2/25], Batch: 90/2963, Loss: 1549.267, Trans_L2_m: 10.770, Yaw_err_deg: 6.282
Epoch: [2/25], Batch: 100/2963, Loss: 705.377, Trans_L2_m: 7.093, Yaw_err_deg: 4.363
Epoch: [2/25], Batch: 110/2963, Loss: 839.011, Trans_L2_m: 9.456, Yaw_err_deg: 2.614
Epoch: [2/25], Batch: 120/2963, Loss: 664.690, Trans_L2_m: 7.006, Yaw_err_deg: 2.499
Epoch: [2/25], Batch: 130/2963, Loss: 666.089, Trans_L2_m: 6.239, Yaw_err_deg: 4.024
Epoch: [2/25], Batch: 140/2963, Loss: 654.930, Trans_L2_m: 7.196, Yaw_err_deg: 3.209
Epoch: [2/25], Batch: 150/2963, Loss: 555.160, Trans_L2_m: 5.516, Yaw_err_deg: 2.862
Epoch: [2/25], Batch: 160/2963, Loss: 602.221, Trans_L2_m: 6.593, Yaw_err_deg: 2.348
Epoch: [2/25], Batch: 170/2963, Loss: 1022.514, Trans_L2_m: 10.688, Yaw_err_deg: 4.432
Epoch: [2/25], Batch: 180/2963, Loss: 679.523, Trans_L2_m: 7.479, Yaw_err_deg: 2.732
Epoch: [2/25], Batch: 190/2963, Loss: 864.055, Trans_L2_m: 7.643, Yaw_err_deg: 4.129
Epoch: [2/25], Batch: 200/2963, Loss: 869.966, Trans_L2_m: 9.293, Yaw_err_deg: 2.420
Epoch: [2/25], Batch: 210/2963, Loss: 1193.003, Trans_L2_m: 9.980, Yaw_err_deg: 5.496
Epoch: [2/25], Batch: 220/2963, Loss: 574.538, Trans_L2_m: 6.381, Yaw_err_deg: 2.911
Epoch: [2/25], Batch: 230/2963, Loss: 862.396, Trans_L2_m: 9.086, Yaw_err_deg: 2.810
Epoch: [2/25], Batch: 240/2963, Loss: 949.531, Trans_L2_m: 6.024, Yaw_err_deg: 5.910
Epoch: [2/25], Batch: 250/2963, Loss: 899.257, Trans_L2_m: 8.790, Yaw_err_deg: 4.038
Epoch: [2/25], Batch: 260/2963, Loss: 742.594, Trans_L2_m: 7.394, Yaw_err_deg: 2.950
Epoch: [2/25], Batch: 270/2963, Loss: 1430.206, Trans_L2_m: 12.640, Yaw_err_deg: 4.724
Epoch: [2/25], Batch: 280/2963, Loss: 985.538, Trans_L2_m: 9.893, Yaw_err_deg: 2.651
Epoch: [2/25], Batch: 290/2963, Loss: 1034.451, Trans_L2_m: 7.847, Yaw_err_deg: 5.041
Epoch: [2/25], Batch: 300/2963, Loss: 549.840, Trans_L2_m: 5.968, Yaw_err_deg: 3.497
Epoch: [2/25], Batch: 310/2963, Loss: 1068.375, Trans_L2_m: 9.463, Yaw_err_deg: 5.609
Epoch: [2/25], Batch: 320/2963, Loss: 819.496, Trans_L2_m: 7.788, Yaw_err_deg: 3.545
Epoch: [2/25], Batch: 330/2963, Loss: 701.199, Trans_L2_m: 8.053, Yaw_err_deg: 2.779
Epoch: [2/25], Batch: 340/2963, Loss: 1224.406, Trans_L2_m: 11.299, Yaw_err_deg: 3.852
Epoch: [2/25], Batch: 350/2963, Loss: 864.221, Trans_L2_m: 7.896, Yaw_err_deg: 2.274
Epoch: [2/25], Batch: 360/2963, Loss: 791.686, Trans_L2_m: 7.906, Yaw_err_deg: 4.419
Epoch: [2/25], Batch: 370/2963, Loss: 847.387, Trans_L2_m: 7.047, Yaw_err_deg: 4.244
Epoch: [2/25], Batch: 380/2963, Loss: 756.556, Trans_L2_m: 7.826, Yaw_err_deg: 3.507
Epoch: [2/25], Batch: 390/2963, Loss: 873.747, Trans_L2_m: 8.297, Yaw_err_deg: 3.404
Epoch: [2/25], Batch: 400/2963, Loss: 1283.608, Trans_L2_m: 9.879, Yaw_err_deg: 4.583
Epoch: [2/25], Batch: 410/2963, Loss: 1128.605, Trans_L2_m: 9.556, Yaw_err_deg: 5.951
Epoch: [2/25], Batch: 420/2963, Loss: 1025.772, Trans_L2_m: 8.657, Yaw_err_deg: 6.499
Epoch: [2/25], Batch: 430/2963, Loss: 860.804, Trans_L2_m: 9.491, Yaw_err_deg: 3.131
Epoch: [2/25], Batch: 440/2963, Loss: 733.527, Trans_L2_m: 7.594, Yaw_err_deg: 2.543
Epoch: [2/25], Batch: 450/2963, Loss: 761.516, Trans_L2_m: 8.191, Yaw_err_deg: 3.238
Epoch: [2/25], Batch: 460/2963, Loss: 819.652, Trans_L2_m: 9.647, Yaw_err_deg: 2.193
Epoch: [2/25], Batch: 470/2963, Loss: 878.244, Trans_L2_m: 8.268, Yaw_err_deg: 3.552
Epoch: [2/25], Batch: 480/2963, Loss: 1124.472, Trans_L2_m: 10.703, Yaw_err_deg: 4.958
Epoch: [2/25], Batch: 490/2963, Loss: 999.025, Trans_L2_m: 8.687, Yaw_err_deg: 3.561
Epoch: [2/25], Batch: 500/2963, Loss: 799.118, Trans_L2_m: 8.683, Yaw_err_deg: 3.063
Epoch: [2/25], Batch: 510/2963, Loss: 1125.301, Trans_L2_m: 10.333, Yaw_err_deg: 3.506
Epoch: [2/25], Batch: 520/2963, Loss: 816.783, Trans_L2_m: 9.133, Yaw_err_deg: 2.807
Epoch: [2/25], Batch: 530/2963, Loss: 820.090, Trans_L2_m: 9.568, Yaw_err_deg: 2.629
Epoch: [2/25], Batch: 540/2963, Loss: 1142.775, Trans_L2_m: 10.269, Yaw_err_deg: 3.847
Epoch: [2/25], Batch: 550/2963, Loss: 674.926, Trans_L2_m: 7.940, Yaw_err_deg: 2.749
Epoch: [2/25], Batch: 560/2963, Loss: 906.746, Trans_L2_m: 8.895, Yaw_err_deg: 3.356
Epoch: [2/25], Batch: 570/2963, Loss: 610.616, Trans_L2_m: 5.983, Yaw_err_deg: 2.888
Epoch: [2/25], Batch: 580/2963, Loss: 871.369, Trans_L2_m: 7.150, Yaw_err_deg: 5.758
Epoch: [2/25], Batch: 590/2963, Loss: 938.818, Trans_L2_m: 9.711, Yaw_err_deg: 3.104
Epoch: [2/25], Batch: 600/2963, Loss: 707.754, Trans_L2_m: 8.721, Yaw_err_deg: 1.483
Epoch: [2/25], Batch: 610/2963, Loss: 1051.396, Trans_L2_m: 10.069, Yaw_err_deg: 3.810
Epoch: [2/25], Batch: 620/2963, Loss: 1128.195, Trans_L2_m: 11.063, Yaw_err_deg: 2.036
Epoch: [2/25], Batch: 630/2963, Loss: 756.825, Trans_L2_m: 7.747, Yaw_err_deg: 3.472
Epoch: [2/25], Batch: 640/2963, Loss: 920.183, Trans_L2_m: 9.251, Yaw_err_deg: 4.563
Epoch: [2/25], Batch: 650/2963, Loss: 782.904, Trans_L2_m: 7.745, Yaw_err_deg: 2.866
Epoch: [2/25], Batch: 660/2963, Loss: 875.837, Trans_L2_m: 8.568, Yaw_err_deg: 3.359
Epoch: [2/25], Batch: 670/2963, Loss: 865.220, Trans_L2_m: 9.299, Yaw_err_deg: 2.502
Epoch: [2/25], Batch: 680/2963, Loss: 719.182, Trans_L2_m: 6.854, Yaw_err_deg: 3.831
Epoch: [2/25], Batch: 690/2963, Loss: 902.470, Trans_L2_m: 7.494, Yaw_err_deg: 4.622
Epoch: [2/25], Batch: 700/2963, Loss: 1025.662, Trans_L2_m: 9.994, Yaw_err_deg: 3.868
Epoch: [2/25], Batch: 710/2963, Loss: 1067.834, Trans_L2_m: 9.149, Yaw_err_deg: 4.610
Epoch: [2/25], Batch: 720/2963, Loss: 828.428, Trans_L2_m: 9.206, Yaw_err_deg: 3.387
Epoch: [2/25], Batch: 730/2963, Loss: 750.443, Trans_L2_m: 8.484, Yaw_err_deg: 3.098
Epoch: [2/25], Batch: 740/2963, Loss: 547.944, Trans_L2_m: 6.440, Yaw_err_deg: 2.391
Epoch: [2/25], Batch: 750/2963, Loss: 953.163, Trans_L2_m: 9.655, Yaw_err_deg: 4.167
Epoch: [2/25], Batch: 760/2963, Loss: 605.248, Trans_L2_m: 6.961, Yaw_err_deg: 2.320
Epoch: [2/25], Batch: 770/2963, Loss: 939.902, Trans_L2_m: 9.370, Yaw_err_deg: 3.451
Epoch: [2/25], Batch: 780/2963, Loss: 694.562, Trans_L2_m: 7.190, Yaw_err_deg: 2.847
Epoch: [2/25], Batch: 790/2963, Loss: 681.563, Trans_L2_m: 7.734, Yaw_err_deg: 3.010
Epoch: [2/25], Batch: 800/2963, Loss: 863.054, Trans_L2_m: 8.775, Yaw_err_deg: 4.454
Epoch: [2/25], Batch: 810/2963, Loss: 1007.272, Trans_L2_m: 10.989, Yaw_err_deg: 2.220
Epoch: [2/25], Batch: 820/2963, Loss: 1105.616, Trans_L2_m: 9.840, Yaw_err_deg: 4.363
Epoch: [2/25], Batch: 830/2963, Loss: 854.896, Trans_L2_m: 8.919, Yaw_err_deg: 3.478
Epoch: [2/25], Batch: 840/2963, Loss: 1010.075, Trans_L2_m: 9.159, Yaw_err_deg: 4.417
Epoch: [2/25], Batch: 850/2963, Loss: 953.168, Trans_L2_m: 8.726, Yaw_err_deg: 5.140
Epoch: [2/25], Batch: 860/2963, Loss: 926.245, Trans_L2_m: 7.802, Yaw_err_deg: 5.299
Epoch: [2/25], Batch: 870/2963, Loss: 1077.677, Trans_L2_m: 8.863, Yaw_err_deg: 4.822
Epoch: [2/25], Batch: 880/2963, Loss: 876.744, Trans_L2_m: 9.495, Yaw_err_deg: 2.311
Epoch: [2/25], Batch: 890/2963, Loss: 628.398, Trans_L2_m: 7.159, Yaw_err_deg: 2.689
Epoch: [2/25], Batch: 900/2963, Loss: 821.296, Trans_L2_m: 8.228, Yaw_err_deg: 2.841
Epoch: [2/25], Batch: 910/2963, Loss: 728.796, Trans_L2_m: 7.217, Yaw_err_deg: 4.443
Epoch: [2/25], Batch: 920/2963, Loss: 828.132, Trans_L2_m: 7.861, Yaw_err_deg: 3.468
Epoch: [2/25], Batch: 930/2963, Loss: 802.259, Trans_L2_m: 8.600, Yaw_err_deg: 2.959
Epoch: [2/25], Batch: 940/2963, Loss: 1124.627, Trans_L2_m: 10.987, Yaw_err_deg: 3.079
Epoch: [2/25], Batch: 950/2963, Loss: 926.949, Trans_L2_m: 9.687, Yaw_err_deg: 3.784
Epoch: [2/25], Batch: 960/2963, Loss: 691.149, Trans_L2_m: 7.565, Yaw_err_deg: 3.227
Epoch: [2/25], Batch: 970/2963, Loss: 882.061, Trans_L2_m: 9.351, Yaw_err_deg: 2.493
Epoch: [2/25], Batch: 980/2963, Loss: 717.104, Trans_L2_m: 8.011, Yaw_err_deg: 2.606
Epoch: [2/25], Batch: 990/2963, Loss: 763.125, Trans_L2_m: 8.661, Yaw_err_deg: 2.685
Epoch: [2/25], Batch: 1000/2963, Loss: 884.097, Trans_L2_m: 9.091, Yaw_err_deg: 3.223
Epoch: [2/25], Batch: 1010/2963, Loss: 703.730, Trans_L2_m: 6.697, Yaw_err_deg: 3.972
Epoch: [2/25], Batch: 1020/2963, Loss: 1301.643, Trans_L2_m: 10.397, Yaw_err_deg: 4.420
Epoch: [2/25], Batch: 1030/2963, Loss: 979.058, Trans_L2_m: 9.146, Yaw_err_deg: 3.334
Epoch: [2/25], Batch: 1040/2963, Loss: 500.457, Trans_L2_m: 5.587, Yaw_err_deg: 3.613
Epoch: [2/25], Batch: 1050/2963, Loss: 637.689, Trans_L2_m: 7.045, Yaw_err_deg: 3.497
Epoch: [2/25], Batch: 1060/2963, Loss: 645.537, Trans_L2_m: 6.963, Yaw_err_deg: 1.714
Epoch: [2/25], Batch: 1070/2963, Loss: 1104.827, Trans_L2_m: 9.742, Yaw_err_deg: 3.523
Epoch: [2/25], Batch: 1080/2963, Loss: 677.687, Trans_L2_m: 7.326, Yaw_err_deg: 2.500
Epoch: [2/25], Batch: 1090/2963, Loss: 802.449, Trans_L2_m: 8.877, Yaw_err_deg: 3.477
Epoch: [2/25], Batch: 1100/2963, Loss: 1020.087, Trans_L2_m: 9.952, Yaw_err_deg: 2.803
Epoch: [2/25], Batch: 1110/2963, Loss: 784.717, Trans_L2_m: 8.008, Yaw_err_deg: 3.642
Epoch: [2/25], Batch: 1120/2963, Loss: 714.855, Trans_L2_m: 7.762, Yaw_err_deg: 3.447
Epoch: [2/25], Batch: 1130/2963, Loss: 900.172, Trans_L2_m: 9.839, Yaw_err_deg: 2.516
Epoch: [2/25], Batch: 1140/2963, Loss: 789.934, Trans_L2_m: 7.167, Yaw_err_deg: 4.248
Epoch: [2/25], Batch: 1150/2963, Loss: 704.283, Trans_L2_m: 7.710, Yaw_err_deg: 3.154
Epoch: [2/25], Batch: 1160/2963, Loss: 943.630, Trans_L2_m: 10.029, Yaw_err_deg: 2.586
Epoch: [2/25], Batch: 1170/2963, Loss: 825.773, Trans_L2_m: 8.511, Yaw_err_deg: 2.747
Epoch: [2/25], Batch: 1180/2963, Loss: 740.797, Trans_L2_m: 7.877, Yaw_err_deg: 3.591
Epoch: [2/25], Batch: 1190/2963, Loss: 1371.236, Trans_L2_m: 11.218, Yaw_err_deg: 4.648
Epoch: [2/25], Batch: 1200/2963, Loss: 879.218, Trans_L2_m: 8.578, Yaw_err_deg: 3.970
Epoch: [2/25], Batch: 1210/2963, Loss: 832.045, Trans_L2_m: 8.233, Yaw_err_deg: 3.971
Epoch: [2/25], Batch: 1220/2963, Loss: 1104.289, Trans_L2_m: 9.800, Yaw_err_deg: 4.880
Epoch: [2/25], Batch: 1230/2963, Loss: 991.333, Trans_L2_m: 9.359, Yaw_err_deg: 2.010
Epoch: [2/25], Batch: 1240/2963, Loss: 900.850, Trans_L2_m: 8.615, Yaw_err_deg: 2.175
Epoch: [2/25], Batch: 1250/2963, Loss: 1078.737, Trans_L2_m: 10.891, Yaw_err_deg: 1.993
Epoch: [2/25], Batch: 1260/2963, Loss: 1116.152, Trans_L2_m: 10.549, Yaw_err_deg: 5.472
Epoch: [2/25], Batch: 1270/2963, Loss: 1096.597, Trans_L2_m: 10.189, Yaw_err_deg: 3.880
Epoch: [2/25], Batch: 1280/2963, Loss: 1035.630, Trans_L2_m: 10.352, Yaw_err_deg: 3.644
Epoch: [2/25], Batch: 1290/2963, Loss: 766.158, Trans_L2_m: 7.548, Yaw_err_deg: 3.514
Epoch: [2/25], Batch: 1300/2963, Loss: 838.208, Trans_L2_m: 8.097, Yaw_err_deg: 3.844
Epoch: [2/25], Batch: 1310/2963, Loss: 898.464, Trans_L2_m: 8.799, Yaw_err_deg: 3.616
Epoch: [2/25], Batch: 1320/2963, Loss: 662.478, Trans_L2_m: 6.495, Yaw_err_deg: 3.429
Epoch: [2/25], Batch: 1330/2963, Loss: 791.838, Trans_L2_m: 7.168, Yaw_err_deg: 4.454
Epoch: [2/25], Batch: 1340/2963, Loss: 903.195, Trans_L2_m: 8.249, Yaw_err_deg: 2.328
Epoch: [2/25], Batch: 1350/2963, Loss: 762.014, Trans_L2_m: 7.635, Yaw_err_deg: 4.719
Epoch: [2/25], Batch: 1360/2963, Loss: 1022.670, Trans_L2_m: 9.704, Yaw_err_deg: 2.871
Epoch: [2/25], Batch: 1370/2963, Loss: 519.712, Trans_L2_m: 6.922, Yaw_err_deg: 2.103
Epoch: [2/25], Batch: 1380/2963, Loss: 787.892, Trans_L2_m: 7.190, Yaw_err_deg: 4.081
Epoch: [2/25], Batch: 1390/2963, Loss: 1312.321, Trans_L2_m: 12.951, Yaw_err_deg: 2.948
Epoch: [2/25], Batch: 1400/2963, Loss: 711.981, Trans_L2_m: 7.554, Yaw_err_deg: 2.939
Epoch: [2/25], Batch: 1410/2963, Loss: 925.069, Trans_L2_m: 9.266, Yaw_err_deg: 3.259
Epoch: [2/25], Batch: 1420/2963, Loss: 1110.892, Trans_L2_m: 10.290, Yaw_err_deg: 3.723
Epoch: [2/25], Batch: 1430/2963, Loss: 846.688, Trans_L2_m: 7.544, Yaw_err_deg: 3.867
Epoch: [2/25], Batch: 1440/2963, Loss: 796.940, Trans_L2_m: 8.360, Yaw_err_deg: 2.715
Epoch: [2/25], Batch: 1450/2963, Loss: 883.255, Trans_L2_m: 7.664, Yaw_err_deg: 2.941
Epoch: [2/25], Batch: 1460/2963, Loss: 786.700, Trans_L2_m: 8.103, Yaw_err_deg: 2.698
Epoch: [2/25], Batch: 1470/2963, Loss: 685.097, Trans_L2_m: 9.067, Yaw_err_deg: 3.609
Epoch: [2/25], Batch: 1480/2963, Loss: 917.054, Trans_L2_m: 8.127, Yaw_err_deg: 3.059
Epoch: [2/25], Batch: 1490/2963, Loss: 1039.197, Trans_L2_m: 9.302, Yaw_err_deg: 3.580
Epoch: [2/25], Batch: 1500/2963, Loss: 527.192, Trans_L2_m: 6.743, Yaw_err_deg: 2.933
Epoch: [2/25], Batch: 1510/2963, Loss: 942.285, Trans_L2_m: 8.497, Yaw_err_deg: 4.005
Epoch: [2/25], Batch: 1520/2963, Loss: 427.863, Trans_L2_m: 5.383, Yaw_err_deg: 2.155
Epoch: [2/25], Batch: 1530/2963, Loss: 665.593, Trans_L2_m: 7.196, Yaw_err_deg: 1.987
Epoch: [2/25], Batch: 1540/2963, Loss: 967.952, Trans_L2_m: 10.198, Yaw_err_deg: 3.133
Epoch: [2/25], Batch: 1550/2963, Loss: 898.163, Trans_L2_m: 10.125, Yaw_err_deg: 2.337
Epoch: [2/25], Batch: 1560/2963, Loss: 542.708, Trans_L2_m: 5.010, Yaw_err_deg: 4.541
Epoch: [2/25], Batch: 1570/2963, Loss: 738.353, Trans_L2_m: 8.014, Yaw_err_deg: 3.563
Epoch: [2/25], Batch: 1580/2963, Loss: 1017.147, Trans_L2_m: 11.057, Yaw_err_deg: 2.175
Epoch: [2/25], Batch: 1590/2963, Loss: 814.691, Trans_L2_m: 9.295, Yaw_err_deg: 2.968
Epoch: [2/25], Batch: 1600/2963, Loss: 881.488, Trans_L2_m: 8.418, Yaw_err_deg: 3.503
Epoch: [2/25], Batch: 1610/2963, Loss: 768.424, Trans_L2_m: 8.720, Yaw_err_deg: 2.386
Epoch: [2/25], Batch: 1620/2963, Loss: 1094.042, Trans_L2_m: 10.920, Yaw_err_deg: 3.073
Epoch: [2/25], Batch: 1630/2963, Loss: 1234.189, Trans_L2_m: 12.353, Yaw_err_deg: 2.462
Epoch: [2/25], Batch: 1640/2963, Loss: 1044.579, Trans_L2_m: 9.651, Yaw_err_deg: 4.763
Epoch: [2/25], Batch: 1650/2963, Loss: 1299.453, Trans_L2_m: 12.557, Yaw_err_deg: 4.063
Epoch: [2/25], Batch: 1660/2963, Loss: 800.000, Trans_L2_m: 9.692, Yaw_err_deg: 2.327
Epoch: [2/25], Batch: 1670/2963, Loss: 695.002, Trans_L2_m: 7.957, Yaw_err_deg: 2.776
Epoch: [2/25], Batch: 1680/2963, Loss: 897.866, Trans_L2_m: 8.056, Yaw_err_deg: 4.277
Epoch: [2/25], Batch: 1690/2963, Loss: 890.945, Trans_L2_m: 9.506, Yaw_err_deg: 2.542
Epoch: [2/25], Batch: 1700/2963, Loss: 821.666, Trans_L2_m: 8.088, Yaw_err_deg: 4.115
Epoch: [2/25], Batch: 1710/2963, Loss: 919.086, Trans_L2_m: 9.903, Yaw_err_deg: 2.063
Epoch: [2/25], Batch: 1720/2963, Loss: 1000.676, Trans_L2_m: 8.930, Yaw_err_deg: 3.868
Epoch: [2/25], Batch: 1730/2963, Loss: 1002.827, Trans_L2_m: 10.681, Yaw_err_deg: 3.421
Epoch: [2/25], Batch: 1740/2963, Loss: 566.267, Trans_L2_m: 6.615, Yaw_err_deg: 2.427
Epoch: [2/25], Batch: 1750/2963, Loss: 876.296, Trans_L2_m: 9.768, Yaw_err_deg: 3.641
Epoch: [2/25], Batch: 1760/2963, Loss: 1140.668, Trans_L2_m: 10.542, Yaw_err_deg: 2.476
Epoch: [2/25], Batch: 1770/2963, Loss: 789.361, Trans_L2_m: 8.444, Yaw_err_deg: 2.960
Epoch: [2/25], Batch: 1780/2963, Loss: 1264.532, Trans_L2_m: 10.444, Yaw_err_deg: 3.547
Epoch: [2/25], Batch: 1790/2963, Loss: 630.509, Trans_L2_m: 8.484, Yaw_err_deg: 2.574
Epoch: [2/25], Batch: 1800/2963, Loss: 534.456, Trans_L2_m: 5.736, Yaw_err_deg: 3.663
Epoch: [2/25], Batch: 1810/2963, Loss: 445.993, Trans_L2_m: 5.839, Yaw_err_deg: 3.083
Epoch: [2/25], Batch: 1820/2963, Loss: 735.463, Trans_L2_m: 7.305, Yaw_err_deg: 3.453
Epoch: [2/25], Batch: 1830/2963, Loss: 929.465, Trans_L2_m: 8.453, Yaw_err_deg: 3.502
Epoch: [2/25], Batch: 1840/2963, Loss: 908.376, Trans_L2_m: 9.685, Yaw_err_deg: 1.679
Epoch: [2/25], Batch: 1850/2963, Loss: 595.050, Trans_L2_m: 6.569, Yaw_err_deg: 2.953
Epoch: [2/25], Batch: 1860/2963, Loss: 569.231, Trans_L2_m: 6.243, Yaw_err_deg: 2.344
Epoch: [2/25], Batch: 1870/2963, Loss: 856.175, Trans_L2_m: 9.728, Yaw_err_deg: 2.182
Epoch: [2/25], Batch: 1880/2963, Loss: 820.966, Trans_L2_m: 9.165, Yaw_err_deg: 3.620
Epoch: [2/25], Batch: 1890/2963, Loss: 842.005, Trans_L2_m: 10.318, Yaw_err_deg: 3.789
Epoch: [2/25], Batch: 1900/2963, Loss: 1047.795, Trans_L2_m: 10.183, Yaw_err_deg: 3.548
Epoch: [2/25], Batch: 1910/2963, Loss: 460.544, Trans_L2_m: 4.961, Yaw_err_deg: 2.108
Epoch: [2/25], Batch: 1920/2963, Loss: 855.100, Trans_L2_m: 9.184, Yaw_err_deg: 3.115
Epoch: [2/25], Batch: 1930/2963, Loss: 1112.872, Trans_L2_m: 9.850, Yaw_err_deg: 3.963
Epoch: [2/25], Batch: 1940/2963, Loss: 681.585, Trans_L2_m: 7.386, Yaw_err_deg: 4.240
Epoch: [2/25], Batch: 1950/2963, Loss: 622.340, Trans_L2_m: 6.787, Yaw_err_deg: 2.810
Epoch: [2/25], Batch: 1960/2963, Loss: 605.062, Trans_L2_m: 7.279, Yaw_err_deg: 3.813
Epoch: [2/25], Batch: 1970/2963, Loss: 632.008, Trans_L2_m: 6.567, Yaw_err_deg: 3.811
Epoch: [2/25], Batch: 1980/2963, Loss: 670.745, Trans_L2_m: 6.843, Yaw_err_deg: 2.809
Epoch: [2/25], Batch: 1990/2963, Loss: 604.545, Trans_L2_m: 6.936, Yaw_err_deg: 2.375
Epoch: [2/25], Batch: 2000/2963, Loss: 898.011, Trans_L2_m: 9.230, Yaw_err_deg: 4.641
Epoch: [2/25], Batch: 2010/2963, Loss: 1005.718, Trans_L2_m: 10.554, Yaw_err_deg: 2.876
Epoch: [2/25], Batch: 2020/2963, Loss: 664.506, Trans_L2_m: 6.590, Yaw_err_deg: 3.197
Epoch: [2/25], Batch: 2030/2963, Loss: 719.165, Trans_L2_m: 8.095, Yaw_err_deg: 2.755
Epoch: [2/25], Batch: 2040/2963, Loss: 503.885, Trans_L2_m: 5.540, Yaw_err_deg: 2.840
Epoch: [2/25], Batch: 2050/2963, Loss: 834.489, Trans_L2_m: 8.975, Yaw_err_deg: 2.159
Epoch: [2/25], Batch: 2060/2963, Loss: 521.141, Trans_L2_m: 6.407, Yaw_err_deg: 2.918
Epoch: [2/25], Batch: 2070/2963, Loss: 701.719, Trans_L2_m: 7.139, Yaw_err_deg: 3.491
Epoch: [2/25], Batch: 2080/2963, Loss: 1544.094, Trans_L2_m: 13.915, Yaw_err_deg: 3.836
Epoch: [2/25], Batch: 2090/2963, Loss: 897.347, Trans_L2_m: 9.423, Yaw_err_deg: 3.724
Epoch: [2/25], Batch: 2100/2963, Loss: 964.098, Trans_L2_m: 8.063, Yaw_err_deg: 4.938
Epoch: [2/25], Batch: 2110/2963, Loss: 530.168, Trans_L2_m: 5.432, Yaw_err_deg: 2.970
Epoch: [2/25], Batch: 2120/2963, Loss: 976.498, Trans_L2_m: 9.541, Yaw_err_deg: 2.660
Epoch: [2/25], Batch: 2130/2963, Loss: 645.450, Trans_L2_m: 7.343, Yaw_err_deg: 2.917
Epoch: [2/25], Batch: 2140/2963, Loss: 856.382, Trans_L2_m: 8.079, Yaw_err_deg: 4.182
Epoch: [2/25], Batch: 2150/2963, Loss: 579.860, Trans_L2_m: 5.757, Yaw_err_deg: 4.451
Epoch: [2/25], Batch: 2160/2963, Loss: 579.924, Trans_L2_m: 6.979, Yaw_err_deg: 2.428
Epoch: [2/25], Batch: 2170/2963, Loss: 661.286, Trans_L2_m: 6.582, Yaw_err_deg: 3.616
Epoch: [2/25], Batch: 2180/2963, Loss: 697.393, Trans_L2_m: 6.527, Yaw_err_deg: 4.260
Epoch: [2/25], Batch: 2190/2963, Loss: 593.083, Trans_L2_m: 5.953, Yaw_err_deg: 3.485
Epoch: [2/25], Batch: 2200/2963, Loss: 531.840, Trans_L2_m: 6.611, Yaw_err_deg: 3.994
Epoch: [2/25], Batch: 2210/2963, Loss: 926.993, Trans_L2_m: 7.520, Yaw_err_deg: 4.029
Epoch: [2/25], Batch: 2220/2963, Loss: 882.473, Trans_L2_m: 9.063, Yaw_err_deg: 3.144
Epoch: [2/25], Batch: 2230/2963, Loss: 816.248, Trans_L2_m: 9.029, Yaw_err_deg: 4.392
Epoch: [2/25], Batch: 2240/2963, Loss: 656.470, Trans_L2_m: 7.095, Yaw_err_deg: 3.740
