{'gpuid': [0], 'mixed_precision': False, 'iters_lev0': 6, 'lev0': True, 'flow': True, 'p_siamese': True, 'CNN16': True, 'log_every': 10, 'dataset': 'zod', 'orig_label': False, 'cross_area': False, 'batch_size': 16, 'lr': 0.00035, 'num_steps': 76000, 'scheduler': 'OneCycle', 'loss_w': [0.1, 30.0, 100000.0], 'temperature': 4.0, 'augment': False, 'ori_noise': 45.0, 'orien': True, 'restore_ckpt': 'checkpoints/2026_01_11_17_52_20_lastest_checkpoint_zod.pth', 'model': None, 'wdecay': 0.0005, 'epsilon': 1e-07, 'clip': 1.0, 'gamma': 0.85, 'name': 'HC-Net', 'validation': 'val', 'image_size': 512, 'zoom': 20, 'IMG_FREQ': 20000, 'SUM_FREQ': 100, 'use_augmentation': True, 'image_area_dg_m': 51.2, 'image_area_zod_m': 100, 'max_translation': 15.0, 'max_rot_deg': 20.0, 'z_range': [-2.5, 3.0], 'BEV_grid_resolution': 0.1, 'lidar_dataset_root': '/work/vita/datasets/zod', 'aerial_img_dataset_root': '/work/vita/datasets/zod_crossview_processed_100m', 'version': 'full', 'config': 'models/config/ZOD/train.json'}
Loaded pretrained weights for efficientnet-b0
Loaded checkpoint: checkpoints/2026_01_11_17_52_20_lastest_checkpoint_zod.pth
Loading val split : 6 drives
Validation with 2080 samples.
Logging metrics to: metrics/val/2026_01_12_13_18_17_hcnet_zod_eval.csv
Starting evaluation on 130 batches...
[10/130] Mean L2: 11.412m | Mean Yaw: 6.53°
[20/130] Mean L2: 10.905m | Mean Yaw: 5.50°
[30/130] Mean L2: 13.255m | Mean Yaw: 7.02°
[40/130] Mean L2: 13.861m | Mean Yaw: 6.57°
[50/130] Mean L2: 12.630m | Mean Yaw: 6.08°
[60/130] Mean L2: 12.284m | Mean Yaw: 6.11°
[70/130] Mean L2: 12.388m | Mean Yaw: 6.29°
[80/130] Mean L2: 12.224m | Mean Yaw: 6.15°
[90/130] Mean L2: 11.851m | Mean Yaw: 6.14°
[100/130] Mean L2: 12.109m | Mean Yaw: 6.11°
[110/130] Mean L2: 12.009m | Mean Yaw: 5.90°
[120/130] Mean L2: 11.898m | Mean Yaw: 5.80°
[130/130] Mean L2: 12.223m | Mean Yaw: 5.62°

========================================
 FINAL RESULTS (N=2080)
========================================
Position Error (m):
  Mean:   12.2231 m
  Median: 9.2747 m
  Std:    9.6083 m
--------------------
Orientation Error (°):
  Mean:   5.6223°
  Median: 3.5780°
--------------------
Success Rates (Recalls):
  @1m:    1.30%
  @3m:    5.82%
  @5m:    26.97%
  @10m:   53.75%
--------------------
  @1°:    16.11%
  @2°:    31.01%
  @5°:    61.30%
  @10°:   83.70%
========================================
