{'gpuid': [0], 'mixed_precision': False, 'iters_lev0': 6, 'lev0': True, 'flow': True, 'p_siamese': True, 'CNN16': True, 'log_every': 10, 'dataset': 'zod', 'orig_label': False, 'cross_area': False, 'batch_size': 32, 'lr': 0.00035, 'num_steps': 70000, 'scheduler': 'OneCycle', 'loss_w': [0.1, 30.0, 100000.0], 'temperature': 4.0, 'augment': False, 'ori_noise': 45.0, 'orien': True, 'restore_ckpt': 'checkpoints/2025_12_27_best_checkpoint_zod_0.pth', 'model': None, 'wdecay': 0.0005, 'epsilon': 1e-07, 'clip': 1.0, 'gamma': 0.85, 'name': 'HC-Net', 'validation': 'val', 'image_size': 512, 'zoom': 20, 'IMG_FREQ': 20000, 'SUM_FREQ': 100, 'use_augmentation': True, 'image_area_dg_m': 51.2, 'image_area_zod_m': 100, 'max_translation': 15.0, 'max_rot_deg': 20.0, 'z_range': [-2.5, 3.0], 'BEV_grid_resolution': 0.1, 'lidar_dataset_root': '/work/vita/datasets/zod', 'aerial_img_dataset_root': '/work/vita/datasets/zod_crossview_processed_100m', 'version': 'full', 'config': 'models/config/ZOD/train.json'}
Loaded pretrained weights for efficientnet-b0
Loaded checkpoint: checkpoints/2025_12_27_best_checkpoint_zod_0.pth
Loading val split : 6 drives
Validation with 10393 samples.
Logging metrics to: metrics/val/2026_01_03_18_13_30_hcnet_zod_eval.csv
Starting evaluation on 325 batches...
[10/325] Mean L2: 0.458m | Mean Yaw: 2.09°
[20/325] Mean L2: 0.489m | Mean Yaw: 2.69°
[30/325] Mean L2: 0.501m | Mean Yaw: 3.68°
[40/325] Mean L2: 0.487m | Mean Yaw: 4.38°
[50/325] Mean L2: 0.479m | Mean Yaw: 5.29°
[60/325] Mean L2: 0.483m | Mean Yaw: 5.93°
[70/325] Mean L2: 0.478m | Mean Yaw: 5.69°
[80/325] Mean L2: 0.487m | Mean Yaw: 5.68°
[90/325] Mean L2: 0.497m | Mean Yaw: 5.51°
[100/325] Mean L2: 0.520m | Mean Yaw: 5.39°
[110/325] Mean L2: 0.517m | Mean Yaw: 5.30°
[120/325] Mean L2: 0.528m | Mean Yaw: 5.73°
[130/325] Mean L2: 0.516m | Mean Yaw: 5.74°
[140/325] Mean L2: 0.511m | Mean Yaw: 5.74°
[150/325] Mean L2: 0.506m | Mean Yaw: 5.49°
[160/325] Mean L2: 0.517m | Mean Yaw: 5.25°
[170/325] Mean L2: 0.519m | Mean Yaw: 5.32°
[180/325] Mean L2: 0.515m | Mean Yaw: 5.25°
[190/325] Mean L2: 0.514m | Mean Yaw: 5.19°
[200/325] Mean L2: 0.517m | Mean Yaw: 5.17°
[210/325] Mean L2: 0.522m | Mean Yaw: 5.03°
[220/325] Mean L2: 0.527m | Mean Yaw: 4.89°
[230/325] Mean L2: 0.525m | Mean Yaw: 4.78°
[240/325] Mean L2: 0.517m | Mean Yaw: 4.77°
[250/325] Mean L2: 0.517m | Mean Yaw: 4.75°
[260/325] Mean L2: 0.522m | Mean Yaw: 4.65°
[270/325] Mean L2: 0.520m | Mean Yaw: 4.80°
[280/325] Mean L2: 0.515m | Mean Yaw: 4.78°
[290/325] Mean L2: 0.511m | Mean Yaw: 4.79°
[300/325] Mean L2: 0.507m | Mean Yaw: 4.83°
[310/325] Mean L2: 0.505m | Mean Yaw: 4.91°
[320/325] Mean L2: 0.504m | Mean Yaw: 4.93°

========================================
 FINAL RESULTS (N=10393)
========================================
Position Error (m):
  Mean:   0.5019 m
  Median: 0.4428 m
  Std:    0.3350 m
--------------------
Orientation Error (°):
  Mean:   4.9778°
  Median: 3.2091°
--------------------
Success Rates (Recalls):
  @1m:    93.63%
  @3m:    99.92%
  @5m:    99.96%
  @10m:   100.00%
--------------------
  @1°:    16.69%
  @5°:    67.00%
========================================
