{'gpuid': [0], 'mixed_precision': False, 'iters_lev0': 6, 'lev0': True, 'flow': True, 'p_siamese': True, 'CNN16': True, 'log_every': 10, 'dataset': 'zod', 'orig_label': False, 'cross_area': False, 'batch_size': 12, 'lr': 0.00035, 'num_steps': 70000, 'scheduler': 'OneCycle', 'loss_w': [0.1, 30.0, 100000.0], 'temperature': 4.0, 'augment': False, 'ori_noise': 45.0, 'orien': True, 'restore_ckpt': 'checkpoints/2025_12_21_best_checkpoint_zod_0.pth', 'model': None, 'wdecay': 0.0005, 'epsilon': 1e-07, 'clip': 1.0, 'gamma': 0.85, 'name': 'HC-Net', 'validation': 'val', 'image_size': 512, 'zoom': 20, 'IMG_FREQ': 20000, 'SUM_FREQ': 100, 'use_augmentation': True, 'image_area_dg_m': 51.2, 'image_area_zod_m': 100, 'max_translation': 15.0, 'max_rot_deg': 20.0, 'z_range': [-2.5, 3.0], 'BEV_grid_resolution': 0.1, 'lidar_dataset_root': '/work/vita/datasets/zod', 'aerial_img_dataset_root': '/work/vita/datasets/zod_crossview_processed_100m', 'version': 'full', 'config': 'models/config/ZOD/train.json'}
Loaded pretrained weights for efficientnet-b0
Loaded checkpoint: checkpoints/2025_12_21_best_checkpoint_zod_0.pth
Loading val split : 6 drives
Validation with 10393 samples.
, time/batch=1801.43ms
, time/batch=1167.67ms
, time/batch=966.03ms
, time/batch=871.91ms
, time/batch=808.01ms
, time/batch=763.15ms
, time/batch=745.59ms
, time/batch=718.32ms
, time/batch=700.19ms
, time/batch=695.71ms
, time/batch=692.95ms
, time/batch=684.05ms
, time/batch=671.86ms
, time/batch=673.39ms
, time/batch=670.97ms
, time/batch=660.95ms
, time/batch=660.32ms
, time/batch=664.27ms
, time/batch=660.21ms
, time/batch=655.12ms
, time/batch=656.50ms
, time/batch=651.98ms
, time/batch=655.11ms
, time/batch=656.35ms
, time/batch=658.38ms
, time/batch=658.82ms
, time/batch=659.29ms
, time/batch=659.80ms
, time/batch=656.99ms
, time/batch=653.15ms
, time/batch=654.89ms
, time/batch=651.82ms
, time/batch=652.47ms
, time/batch=654.68ms
, time/batch=653.30ms
, time/batch=652.21ms
, time/batch=652.33ms
, time/batch=651.37ms
, time/batch=648.82ms
, time/batch=648.04ms
, time/batch=646.23ms
, time/batch=643.43ms
, time/batch=645.01ms
, time/batch=644.52ms
, time/batch=643.13ms
, time/batch=641.62ms
, time/batch=641.22ms
, time/batch=639.98ms
, time/batch=639.38ms
, time/batch=640.96ms
, time/batch=638.87ms
, time/batch=639.73ms
, time/batch=638.69ms
, time/batch=636.84ms
, time/batch=636.94ms
, time/batch=636.60ms
, time/batch=637.20ms
, time/batch=637.49ms
, time/batch=635.89ms
, time/batch=634.85ms
, time/batch=634.90ms
, time/batch=634.70ms
, time/batch=635.38ms
, time/batch=633.96ms
, time/batch=633.92ms
, time/batch=633.90ms
, time/batch=633.12ms
, time/batch=634.14ms
, time/batch=632.59ms
, time/batch=632.68ms
, time/batch=631.89ms
, time/batch=630.83ms
, time/batch=630.79ms
, time/batch=629.92ms
, time/batch=630.02ms
, time/batch=628.66ms
, time/batch=628.40ms
, time/batch=627.22ms
, time/batch=626.45ms
, time/batch=625.96ms
, time/batch=625.22ms
, time/batch=625.44ms
, time/batch=624.78ms
, time/batch=625.29ms
, time/batch=625.12ms
, time/batch=622.76ms
==== ZOD evaluation (HC‑Net homography) ====
Avg meter L2: 0.395
Avg yaw err: 4.41 deg
Avg time per batch: 622.80 ms
