{'gpuid': [0], 'mixed_precision': False, 'iters_lev0': 6, 'lev0': True, 'flow': True, 'p_siamese': True, 'CNN16': True, 'dataset': 'zod', 'orig_label': False, 'cross_area': False, 'batch_size': 8, 'lr': 0.00035, 'num_steps': 70000, 'scheduler': 'OneCycle', 'loss_w': [0.1, 30.0, 100000.0], 'temperature': 4.0, 'augment': False, 'ori_noise': 45.0, 'orien': True, 'restore_ckpt': None, 'model': None, 'wdecay': 0.0005, 'epsilon': 1e-07, 'clip': 1.0, 'gamma': 0.85, 'name': 'zod_train', 'validation': None, 'image_size': 512, 'zoom': 20, 'IMG_FREQ': 20000, 'SUM_FREQ': 100, 'use_augmentation': True, 'image_area_dg_m': 51.2, 'image_area_zod_m': 100, 'max_translation': 15.0, 'max_rot_deg': 20.0, 'z_range': [-2.5, 3.0], 'BEV_grid_resolution': 0.1, 'lidar_dataset_root': '/work/vita/datasets/zod', 'aerial_img_dataset_root': '/work/vita/datasets/zod_crossview_processed_100m', 'version': 'full', 'config': '/home/finckh/VITA/HC-Net/models/config/ZOD/train.json', 'best_dis': 100000000.0, 'start_step': 0}
[31m2025-12-21 18:58:57[0m
Loaded pretrained weights for efficientnet-b0
Parameter Count: 7754186
Loading train split : 23 drives
Loading val split : 6 drives
Training with 47407 samples, validation with 10393 samples.
Using 8 dataloader workers every process
Best distance so far 100000000.0.
[34mLog will be saved to:./watch/zod/zod_train_20251221_190530.log[0m
Epoch: [1/11], Batch: 0/5926, Loss: 5086.086, Trans_L2_m: 12.186, Yaw_err_deg: 11.684
Epoch: [1/11], Batch: 10/5926, Loss: 4074.995, Trans_L2_m: 11.233, Yaw_err_deg: 7.633
Epoch: [1/11], Batch: 20/5926, Loss: 4375.316, Trans_L2_m: 10.725, Yaw_err_deg: 11.538
Epoch: [1/11], Batch: 30/5926, Loss: 4012.626, Trans_L2_m: 10.818, Yaw_err_deg: 5.981
Epoch: [1/11], Batch: 40/5926, Loss: 3869.765, Trans_L2_m: 9.803, Yaw_err_deg: 11.440
Epoch: [1/11], Batch: 50/5926, Loss: 4821.845, Trans_L2_m: 11.375, Yaw_err_deg: 10.226
Epoch: [1/11], Batch: 60/5926, Loss: 4140.502, Trans_L2_m: 12.114, Yaw_err_deg: 7.112
Epoch: [1/11], Batch: 70/5926, Loss: 4002.615, Trans_L2_m: 11.772, Yaw_err_deg: 8.925
Epoch: [1/11], Batch: 80/5926, Loss: 2710.897, Trans_L2_m: 8.094, Yaw_err_deg: 8.298
Epoch: [1/11], Batch: 90/5926, Loss: 3518.298, Trans_L2_m: 9.227, Yaw_err_deg: 11.366
Epoch: [1/11], Batch: 100/5926, Loss: 4449.312, Trans_L2_m: 11.764, Yaw_err_deg: 10.056
