{'gpuid': [0], 'mixed_precision': False, 'iters_lev0': 6, 'lev0': True, 'flow': True, 'p_siamese': True, 'CNN16': True, 'dataset': 'zod', 'orig_label': False, 'cross_area': False, 'batch_size': 12, 'lr': 0.00035, 'num_steps': 180000, 'scheduler': 'OneCycle', 'loss_w': [0.1, 1.0, 10.0], 'temperature': 4.0, 'augment': False, 'ori_noise': 45.0, 'orien': True, 'restore_ckpt': None, 'model': None, 'wdecay': 0.0005, 'epsilon': 1e-07, 'clip': 1.0, 'gamma': 0.85, 'name': 'zod', 'validation': None, 'image_size': 512, 'sat_size': 640, 'zoom': 20, 'IMG_FREQ': 20000, 'SUM_FREQ': 100, 'use_augmentation': True, 'image_area_dg_m': 51.2, 'image_area_zod_m': 100, 'max_translation': 15.0, 'max_rot_deg': 20.0, 'z_range': [-2.5, 3.0], 'BEV_grid_resolution': 0.1, 'lidar_dataset_root': '/work/vita/datasets/zod', 'aerial_img_dataset_root': '/work/vita/datasets/zod_crossview_processed_100m', 'version': 'full', 'config': '/home/finckh/VITA/HC-Net/models/config/ZOD/train.json', 'best_dis': 100000000.0, 'start_step': 0}
[31m2025-12-11 16:07:37[0m
Loaded pretrained weights for efficientnet-b0
Parameter Count: 7754186
Loading train split : 23 drives
Loading val split : 6 drives
Training with 11859 samples, validation with 2600 samples.
Using 12 dataloader workers every process
Best distance so far 100000000.0.
[34mLog will be saved to:./watch/zod/zod_20251211_161002.log[0m
Epoch: [1/182], Loss: 29544.6, RTE: 47.15, Pred (dx,dy): (0.05, -0.32), GT: (-14.41, 0.20)
Epoch: [1/182], Loss: 41656.6, RTE: 56.47, Pred (dx,dy): (0.03, -0.31), GT: (13.05, -0.24)
Epoch: [1/182], Loss: 36369.3, RTE: 51.89, Pred (dx,dy): (0.02, -0.25), GT: (-6.32, 8.44)
Epoch: [1/182], Loss: 32375.4, RTE: 47.43, Pred (dx,dy): (0.07, -0.32), GT: (4.06, 2.93)
Epoch: [1/182], Loss: 25347.0, RTE: 42.44, Pred (dx,dy): (0.04, -0.28), GT: (3.41, -6.86)
Epoch: [1/182], Loss: 30887.7, RTE: 48.39, Pred (dx,dy): (0.04, -0.29), GT: (3.41, -4.74)
Epoch: [1/182], Loss: 32016.4, RTE: 46.82, Pred (dx,dy): (0.01, -0.26), GT: (14.99, 13.29)
Epoch: [1/182], Loss: 34665.0, RTE: 48.34, Pred (dx,dy): (0.04, -0.27), GT: (4.06, -0.42)
Epoch: [1/182], Loss: 30488.2, RTE: 48.92, Pred (dx,dy): (0.08, -0.31), GT: (-7.49, 11.60)
Epoch: [1/182], Loss: 39030.6, RTE: 55.87, Pred (dx,dy): (0.07, -0.25), GT: (-9.51, -13.98)
Epoch: [1/182], Loss: 35462.1, RTE: 53.88, Pred (dx,dy): (0.03, -0.26), GT: (8.48, 7.90)
Epoch: [1/182], Loss: 27605.7, RTE: 42.80, Pred (dx,dy): (0.05, -0.20), GT: (-7.52, -4.30)
Epoch: [1/182], Loss: 33688.3, RTE: 51.33, Pred (dx,dy): (0.03, -0.29), GT: (-2.03, -14.59)
Epoch: [1/182], Loss: 35924.4, RTE: 53.11, Pred (dx,dy): (-0.02, -0.24), GT: (-5.37, -14.49)
Epoch: [1/182], Loss: 39197.4, RTE: 55.19, Pred (dx,dy): (-0.00, -0.25), GT: (-7.37, 1.78)
Epoch: [1/182], Loss: 28329.9, RTE: 44.98, Pred (dx,dy): (-0.00, -0.23), GT: (-0.65, 8.50)
Epoch: [1/182], Loss: 33416.2, RTE: 48.36, Pred (dx,dy): (-0.04, -0.21), GT: (-0.83, 0.26)
Epoch: [1/182], Loss: 40119.5, RTE: 55.01, Pred (dx,dy): (-0.05, -0.25), GT: (4.04, -6.91)
Epoch: [1/182], Loss: 25909.0, RTE: 40.82, Pred (dx,dy): (-0.03, -0.21), GT: (-0.21, -5.19)
Epoch: [1/182], Loss: 44753.9, RTE: 58.69, Pred (dx,dy): (0.01, -0.21), GT: (-5.12, 7.32)
Epoch: [1/182], Loss: 30170.2, RTE: 43.68, Pred (dx,dy): (-0.03, -0.19), GT: (2.38, -2.16)
Epoch: [1/182], Loss: 34384.4, RTE: 52.46, Pred (dx,dy): (-0.02, -0.25), GT: (11.57, -14.33)
Epoch: [1/182], Loss: 25981.0, RTE: 42.64, Pred (dx,dy): (0.00, -0.25), GT: (8.15, -3.37)
Epoch: [1/182], Loss: 37013.4, RTE: 51.99, Pred (dx,dy): (-0.05, -0.26), GT: (-1.07, -7.14)
Epoch: [1/182], Loss: 38634.4, RTE: 54.78, Pred (dx,dy): (-0.04, -0.27), GT: (7.50, -7.77)
Epoch: [1/182], Loss: 29711.3, RTE: 47.87, Pred (dx,dy): (0.00, -0.30), GT: (-9.30, 3.34)
Epoch: [1/182], Loss: 25479.9, RTE: 43.09, Pred (dx,dy): (-0.04, -0.33), GT: (5.32, 1.12)
Epoch: [1/182], Loss: 31211.3, RTE: 49.84, Pred (dx,dy): (-0.03, -0.31), GT: (6.85, -0.94)
Epoch: [1/182], Loss: 35195.3, RTE: 51.22, Pred (dx,dy): (0.01, -0.31), GT: (0.85, -6.44)
Epoch: [1/182], Loss: 24456.8, RTE: 39.83, Pred (dx,dy): (-0.02, -0.30), GT: (-10.86, 1.99)
Epoch: [1/182], Loss: 41469.1, RTE: 56.44, Pred (dx,dy): (-0.03, -0.30), GT: (8.68, 7.30)
Epoch: [1/182], Loss: 24273.5, RTE: 44.31, Pred (dx,dy): (-0.03, -0.43), GT: (-5.24, -8.59)
Epoch: [1/182], Loss: 33841.6, RTE: 50.65, Pred (dx,dy): (-0.02, -0.41), GT: (-1.16, -10.57)
Epoch: [1/182], Loss: 35647.8, RTE: 51.06, Pred (dx,dy): (-0.02, -0.35), GT: (14.52, -6.49)
Epoch: [1/182], Loss: 32642.0, RTE: 49.17, Pred (dx,dy): (-0.02, -0.44), GT: (14.65, 5.82)
Epoch: [1/182], Loss: 34945.9, RTE: 50.87, Pred (dx,dy): (-0.02, -0.39), GT: (-11.04, -12.40)
Epoch: [1/182], Loss: 36559.2, RTE: 52.70, Pred (dx,dy): (-0.07, -0.30), GT: (-11.30, 6.37)
Epoch: [1/182], Loss: 33547.1, RTE: 49.79, Pred (dx,dy): (0.05, -0.46), GT: (-11.23, 6.59)
Epoch: [1/182], Loss: 33150.5, RTE: 50.75, Pred (dx,dy): (0.03, -0.48), GT: (1.31, -4.90)
Epoch: [1/182], Loss: 27831.8, RTE: 45.26, Pred (dx,dy): (0.01, -0.38), GT: (-1.67, 0.37)
Epoch: [1/182], Loss: 29317.3, RTE: 47.48, Pred (dx,dy): (-0.02, -0.47), GT: (-1.32, 4.84)
Epoch: [1/182], Loss: 26435.3, RTE: 42.60, Pred (dx,dy): (0.06, -0.47), GT: (10.04, -4.70)
Epoch: [1/182], Loss: 30116.2, RTE: 45.87, Pred (dx,dy): (0.03, -0.45), GT: (-11.07, -9.90)
Epoch: [1/182], Loss: 27044.3, RTE: 43.12, Pred (dx,dy): (0.05, -0.38), GT: (-1.89, -0.61)
Epoch: [1/182], Loss: 33913.1, RTE: 49.91, Pred (dx,dy): (0.01, -0.54), GT: (-0.36, -12.77)
Epoch: [1/182], Loss: 34965.7, RTE: 53.18, Pred (dx,dy): (-0.01, -0.38), GT: (8.95, 13.66)
Epoch: [1/182], Loss: 27303.6, RTE: 43.15, Pred (dx,dy): (-0.01, -0.32), GT: (-6.72, 13.70)
Epoch: [1/182], Loss: 22899.4, RTE: 42.37, Pred (dx,dy): (0.00, -0.49), GT: (-10.63, 10.96)
Epoch: [1/182], Loss: 38652.0, RTE: 54.86, Pred (dx,dy): (0.05, -0.44), GT: (0.93, 6.83)
Epoch: [1/182], Loss: 23259.0, RTE: 40.93, Pred (dx,dy): (0.06, -0.41), GT: (1.84, 6.05)
Epoch: [1/182], Loss: 32399.8, RTE: 50.14, Pred (dx,dy): (-0.05, -0.34), GT: (1.01, -12.90)
Epoch: [1/182], Loss: 25622.0, RTE: 43.92, Pred (dx,dy): (0.05, -0.48), GT: (0.39, 10.48)
Epoch: [1/182], Loss: 25921.8, RTE: 44.49, Pred (dx,dy): (0.01, -0.36), GT: (-5.65, -6.80)
Epoch: [1/182], Loss: 30384.6, RTE: 46.17, Pred (dx,dy): (0.07, -0.35), GT: (8.87, 0.42)
Epoch: [1/182], Loss: 35064.4, RTE: 50.38, Pred (dx,dy): (0.04, -0.37), GT: (-7.77, -7.59)
Epoch: [1/182], Loss: 32589.3, RTE: 49.79, Pred (dx,dy): (0.05, -0.35), GT: (1.60, -6.36)
Epoch: [1/182], Loss: 27376.2, RTE: 45.17, Pred (dx,dy): (0.09, -0.45), GT: (-13.38, -13.07)
Epoch: [1/182], Loss: 31248.8, RTE: 48.68, Pred (dx,dy): (0.15, -0.37), GT: (-11.79, -7.12)
Epoch: [1/182], Loss: 34592.3, RTE: 52.42, Pred (dx,dy): (0.06, -0.32), GT: (-5.04, 1.54)
Epoch: [1/182], Loss: 35387.0, RTE: 48.49, Pred (dx,dy): (0.04, -0.35), GT: (-4.72, 3.52)
Epoch: [1/182], Loss: 32751.1, RTE: 49.75, Pred (dx,dy): (0.14, -0.29), GT: (-7.44, -1.31)
Epoch: [1/182], Loss: 31895.1, RTE: 50.05, Pred (dx,dy): (0.17, -0.39), GT: (-3.02, -14.88)
Epoch: [1/182], Loss: 30739.9, RTE: 47.54, Pred (dx,dy): (0.09, -0.22), GT: (-6.63, 13.92)
Epoch: [1/182], Loss: 31155.9, RTE: 46.97, Pred (dx,dy): (0.01, -0.20), GT: (-3.38, -2.42)
Epoch: [1/182], Loss: 45749.1, RTE: 59.77, Pred (dx,dy): (0.13, -0.29), GT: (10.62, -12.76)
Epoch: [1/182], Loss: 25789.0, RTE: 43.32, Pred (dx,dy): (0.01, -0.22), GT: (-11.87, -8.27)
Epoch: [1/182], Loss: 33116.7, RTE: 50.08, Pred (dx,dy): (0.06, -0.28), GT: (-4.60, 5.88)
Epoch: [1/182], Loss: 36421.9, RTE: 54.49, Pred (dx,dy): (0.08, -0.24), GT: (6.16, 12.31)
Epoch: [1/182], Loss: 23408.8, RTE: 38.81, Pred (dx,dy): (0.06, -0.23), GT: (-4.07, 11.67)
Epoch: [1/182], Loss: 39256.3, RTE: 54.34, Pred (dx,dy): (0.03, -0.21), GT: (12.86, 10.16)
Epoch: [1/182], Loss: 29249.2, RTE: 46.88, Pred (dx,dy): (0.02, -0.09), GT: (-3.92, -14.21)
Epoch: [1/182], Loss: 25584.3, RTE: 44.51, Pred (dx,dy): (-0.03, -0.18), GT: (14.45, -0.22)
Epoch: [1/182], Loss: 26519.2, RTE: 44.29, Pred (dx,dy): (0.09, -0.19), GT: (-6.83, -13.22)
Epoch: [1/182], Loss: 26304.9, RTE: 44.17, Pred (dx,dy): (-0.02, -0.15), GT: (2.64, -0.06)
Epoch: [1/182], Loss: 31021.2, RTE: 49.72, Pred (dx,dy): (-0.05, -0.14), GT: (-13.11, 3.48)
Epoch: [1/182], Loss: 37571.1, RTE: 54.52, Pred (dx,dy): (-0.08, -0.13), GT: (10.42, 3.34)
Epoch: [1/182], Loss: 25612.3, RTE: 42.53, Pred (dx,dy): (-0.09, -0.01), GT: (-4.71, 10.75)
Epoch: [1/182], Loss: 27492.4, RTE: 42.60, Pred (dx,dy): (-0.05, -0.06), GT: (6.33, -7.78)
Epoch: [1/182], Loss: 30043.4, RTE: 48.39, Pred (dx,dy): (-0.05, -0.07), GT: (11.58, 7.27)
Epoch: [1/182], Loss: 34316.4, RTE: 48.24, Pred (dx,dy): (-0.04, -0.12), GT: (14.86, -9.60)
Epoch: [1/182], Loss: 33476.6, RTE: 49.20, Pred (dx,dy): (0.01, -0.14), GT: (9.86, -4.06)
Epoch: [1/182], Loss: 33920.4, RTE: 50.44, Pred (dx,dy): (-0.04, -0.07), GT: (9.00, 14.24)
Epoch: [1/182], Loss: 27918.1, RTE: 45.83, Pred (dx,dy): (-0.19, -0.05), GT: (3.37, 1.42)
Epoch: [1/182], Loss: 26364.3, RTE: 44.90, Pred (dx,dy): (-0.10, 0.16), GT: (0.16, 11.27)
Epoch: [1/182], Loss: 36261.8, RTE: 52.81, Pred (dx,dy): (-0.09, -0.01), GT: (-11.69, 7.56)
Epoch: [1/182], Loss: 37654.0, RTE: 54.46, Pred (dx,dy): (-0.03, -0.02), GT: (-10.43, -0.06)
Epoch: [1/182], Loss: 32156.7, RTE: 48.71, Pred (dx,dy): (-0.06, 0.02), GT: (-6.25, 1.74)
Epoch: [1/182], Loss: 27740.3, RTE: 44.89, Pred (dx,dy): (-0.07, -0.05), GT: (-11.90, -3.22)
Epoch: [1/182], Loss: 30526.0, RTE: 46.10, Pred (dx,dy): (0.03, -0.06), GT: (-1.24, -0.12)
Epoch: [1/182], Loss: 36001.5, RTE: 50.57, Pred (dx,dy): (-0.08, -0.24), GT: (-12.07, 8.04)
Epoch: [1/182], Loss: 27639.9, RTE: 44.97, Pred (dx,dy): (-0.13, 0.07), GT: (-0.18, -7.48)
Epoch: [1/182], Loss: 37310.1, RTE: 53.55, Pred (dx,dy): (-0.14, 0.06), GT: (-10.17, 7.64)
Epoch: [1/182], Loss: 20897.1, RTE: 37.66, Pred (dx,dy): (-0.19, 0.08), GT: (3.74, 11.24)
Epoch: [1/182], Loss: 29735.6, RTE: 46.26, Pred (dx,dy): (-0.12, -0.06), GT: (-6.77, -11.41)
Epoch: [1/182], Loss: 30461.8, RTE: 48.66, Pred (dx,dy): (-0.27, 0.28), GT: (8.44, 11.13)
Epoch: [1/182], Loss: 36289.1, RTE: 50.08, Pred (dx,dy): (-0.11, 0.15), GT: (-4.46, 5.21)
Epoch: [1/182], Loss: 36937.0, RTE: 53.76, Pred (dx,dy): (-0.22, 0.29), GT: (-10.89, -11.21)
Epoch: [1/182], Loss: 26468.3, RTE: 44.18, Pred (dx,dy): (-0.37, 0.21), GT: (-2.83, -12.13)
[   100, 100/ 989, 0.0000177] 31459.1049, 11.4012, 114.0118, 252.8483, 250.6275, 
Epoch: [1/182], Loss: 26727.5, RTE: 43.48, Pred (dx,dy): (-0.09, -0.05), GT: (2.21, -0.48)
Epoch: [1/182], Loss: 38535.2, RTE: 53.95, Pred (dx,dy): (-0.25, 0.12), GT: (12.00, -14.74)
Epoch: [1/182], Loss: 19668.4, RTE: 37.86, Pred (dx,dy): (-0.16, 0.02), GT: (1.15, 4.26)
Epoch: [1/182], Loss: 33472.0, RTE: 48.87, Pred (dx,dy): (-0.11, 0.03), GT: (12.58, 6.19)
Epoch: [1/182], Loss: 26286.0, RTE: 45.56, Pred (dx,dy): (-0.26, 0.33), GT: (-6.62, -13.15)
Epoch: [1/182], Loss: 36650.8, RTE: 54.76, Pred (dx,dy): (-0.25, 0.26), GT: (-9.32, -5.50)
Epoch: [1/182], Loss: 35686.6, RTE: 51.19, Pred (dx,dy): (-0.28, 0.02), GT: (-14.41, -5.49)
Epoch: [1/182], Loss: 44365.4, RTE: 57.15, Pred (dx,dy): (-0.21, 0.18), GT: (-0.71, 13.05)
Epoch: [1/182], Loss: 32867.6, RTE: 49.56, Pred (dx,dy): (-0.26, 0.08), GT: (7.13, -9.56)
Epoch: [1/182], Loss: 28153.6, RTE: 46.86, Pred (dx,dy): (-0.21, 0.12), GT: (-0.63, -9.81)
Epoch: [1/182], Loss: 34592.0, RTE: 51.25, Pred (dx,dy): (-0.52, 0.27), GT: (-10.51, 12.89)
Epoch: [1/182], Loss: 34893.7, RTE: 51.99, Pred (dx,dy): (-0.34, 0.18), GT: (-7.92, 14.77)
Epoch: [1/182], Loss: 35192.2, RTE: 51.73, Pred (dx,dy): (-0.30, 0.12), GT: (-6.48, 14.38)
Epoch: [1/182], Loss: 30463.8, RTE: 48.41, Pred (dx,dy): (-0.39, 0.37), GT: (-9.72, -13.66)
Epoch: [1/182], Loss: 23500.0, RTE: 42.07, Pred (dx,dy): (-0.33, 0.20), GT: (-12.93, -6.18)
Epoch: [1/182], Loss: 26910.5, RTE: 44.98, Pred (dx,dy): (-0.23, -0.07), GT: (10.33, 0.14)
Epoch: [1/182], Loss: 16813.3, RTE: 34.58, Pred (dx,dy): (-0.31, -0.03), GT: (1.44, -6.17)
Epoch: [1/182], Loss: 36978.2, RTE: 52.73, Pred (dx,dy): (-0.23, 0.01), GT: (-14.31, -12.82)
Epoch: [1/182], Loss: 29641.2, RTE: 47.13, Pred (dx,dy): (-0.26, -0.28), GT: (10.27, -8.12)
Epoch: [1/182], Loss: 28642.0, RTE: 46.25, Pred (dx,dy): (-0.27, 0.00), GT: (4.66, -6.27)
Epoch: [1/182], Loss: 23576.4, RTE: 40.38, Pred (dx,dy): (-0.20, -0.16), GT: (7.15, -2.27)
Epoch: [1/182], Loss: 40224.0, RTE: 56.11, Pred (dx,dy): (-0.19, -0.09), GT: (9.86, -3.96)
Epoch: [1/182], Loss: 27695.2, RTE: 45.22, Pred (dx,dy): (-0.25, -0.16), GT: (-0.44, 0.34)
Epoch: [1/182], Loss: 29637.8, RTE: 48.55, Pred (dx,dy): (-0.19, -0.18), GT: (0.76, 8.00)
Epoch: [1/182], Loss: 23493.1, RTE: 42.34, Pred (dx,dy): (-0.07, -0.26), GT: (-5.88, -4.57)
Epoch: [1/182], Loss: 34779.6, RTE: 50.41, Pred (dx,dy): (-0.31, -0.01), GT: (-11.75, 12.21)
Epoch: [1/182], Loss: 22210.8, RTE: 40.72, Pred (dx,dy): (-0.11, 0.01), GT: (5.52, 1.76)
Epoch: [1/182], Loss: 32153.1, RTE: 50.21, Pred (dx,dy): (-0.21, -0.18), GT: (-5.11, 12.98)
Epoch: [1/182], Loss: 37037.7, RTE: 52.98, Pred (dx,dy): (-0.17, -0.31), GT: (-3.04, 3.51)
Epoch: [1/182], Loss: 24537.3, RTE: 42.37, Pred (dx,dy): (-0.30, 0.03), GT: (-6.62, -6.92)
Epoch: [1/182], Loss: 25084.4, RTE: 43.86, Pred (dx,dy): (-0.30, -0.10), GT: (3.64, -8.51)
Epoch: [1/182], Loss: 31652.0, RTE: 50.42, Pred (dx,dy): (-0.01, -0.31), GT: (8.58, 5.97)
Epoch: [1/182], Loss: 37855.3, RTE: 53.50, Pred (dx,dy): (0.10, -0.46), GT: (10.12, -1.22)
Epoch: [1/182], Loss: 25956.7, RTE: 43.21, Pred (dx,dy): (-0.07, 0.04), GT: (10.47, 9.08)
Epoch: [1/182], Loss: 25198.6, RTE: 42.78, Pred (dx,dy): (-0.33, -0.00), GT: (-7.40, -0.32)
Epoch: [1/182], Loss: 37952.6, RTE: 52.64, Pred (dx,dy): (0.24, -0.46), GT: (0.82, 4.71)
Epoch: [1/182], Loss: 31841.2, RTE: 47.16, Pred (dx,dy): (0.11, -0.11), GT: (-5.11, 1.69)
Epoch: [1/182], Loss: 28270.5, RTE: 45.28, Pred (dx,dy): (0.08, -0.08), GT: (10.29, 3.18)
Epoch: [1/182], Loss: 32166.0, RTE: 47.18, Pred (dx,dy): (-0.01, -0.05), GT: (-5.07, 13.56)
Epoch: [1/182], Loss: 24067.6, RTE: 41.45, Pred (dx,dy): (0.24, -0.17), GT: (13.33, 6.05)
Epoch: [1/182], Loss: 33415.5, RTE: 50.54, Pred (dx,dy): (-0.00, 0.07), GT: (-9.19, 11.39)
Epoch: [1/182], Loss: 30579.8, RTE: 47.94, Pred (dx,dy): (0.08, 0.22), GT: (3.26, 12.70)
Epoch: [1/182], Loss: 29606.7, RTE: 45.27, Pred (dx,dy): (0.32, -0.22), GT: (-0.30, 0.63)
Epoch: [1/182], Loss: 30915.8, RTE: 48.40, Pred (dx,dy): (-0.07, 0.03), GT: (-3.01, -7.23)
Epoch: [1/182], Loss: 29641.7, RTE: 46.90, Pred (dx,dy): (-0.06, 0.11), GT: (-11.17, -0.31)
Epoch: [1/182], Loss: 33820.4, RTE: 50.13, Pred (dx,dy): (-0.32, 0.49), GT: (2.61, -3.37)
Epoch: [1/182], Loss: 30322.7, RTE: 47.04, Pred (dx,dy): (0.05, -0.05), GT: (-4.60, 12.98)
Epoch: [1/182], Loss: 23692.6, RTE: 41.83, Pred (dx,dy): (-0.09, -0.01), GT: (-3.47, 3.79)
Epoch: [1/182], Loss: 26624.0, RTE: 43.99, Pred (dx,dy): (0.14, -0.34), GT: (-4.57, 0.63)
Epoch: [1/182], Loss: 29131.5, RTE: 46.95, Pred (dx,dy): (0.34, -0.24), GT: (14.95, 10.54)
Epoch: [1/182], Loss: 17254.5, RTE: 35.77, Pred (dx,dy): (-0.06, -0.09), GT: (-9.90, -1.60)
Epoch: [1/182], Loss: 23977.8, RTE: 41.14, Pred (dx,dy): (0.01, -0.07), GT: (-13.87, 4.05)
Epoch: [1/182], Loss: 33089.6, RTE: 48.59, Pred (dx,dy): (0.11, -0.32), GT: (-4.38, -1.44)
Epoch: [1/182], Loss: 28387.8, RTE: 46.18, Pred (dx,dy): (-0.33, 0.04), GT: (-12.34, 14.97)
Epoch: [1/182], Loss: 27356.4, RTE: 46.52, Pred (dx,dy): (0.06, 0.10), GT: (7.49, 5.18)
Epoch: [1/182], Loss: 20601.2, RTE: 38.16, Pred (dx,dy): (-0.02, -0.11), GT: (8.36, 0.64)
Epoch: [1/182], Loss: 24285.7, RTE: 40.37, Pred (dx,dy): (-0.09, -0.01), GT: (11.06, 7.12)
Epoch: [1/182], Loss: 23940.9, RTE: 41.66, Pred (dx,dy): (-0.11, 0.40), GT: (0.69, 11.47)
Epoch: [1/182], Loss: 26612.6, RTE: 45.53, Pred (dx,dy): (-0.12, 0.04), GT: (5.89, -1.94)
Epoch: [1/182], Loss: 32886.4, RTE: 50.42, Pred (dx,dy): (-0.26, 0.39), GT: (-3.79, 8.92)
Epoch: [1/182], Loss: 31200.2, RTE: 48.94, Pred (dx,dy): (-0.33, -0.01), GT: (-4.57, -3.08)
Epoch: [1/182], Loss: 25166.0, RTE: 42.02, Pred (dx,dy): (-0.42, -0.03), GT: (-8.49, 2.32)
Epoch: [1/182], Loss: 19000.4, RTE: 37.79, Pred (dx,dy): (-0.15, 0.20), GT: (-8.86, -1.29)
Epoch: [1/182], Loss: 30262.6, RTE: 45.81, Pred (dx,dy): (0.16, 0.06), GT: (-13.51, 10.36)
Epoch: [1/182], Loss: 29039.1, RTE: 47.28, Pred (dx,dy): (-0.31, 0.13), GT: (8.41, 12.92)
Epoch: [1/182], Loss: 29017.5, RTE: 45.77, Pred (dx,dy): (-0.19, 0.16), GT: (-0.39, 0.61)
Epoch: [1/182], Loss: 29710.1, RTE: 48.49, Pred (dx,dy): (-0.29, 0.06), GT: (-3.42, 6.40)
Epoch: [1/182], Loss: 20377.8, RTE: 40.39, Pred (dx,dy): (-0.31, 0.42), GT: (5.17, -7.38)
Epoch: [1/182], Loss: 32518.4, RTE: 47.97, Pred (dx,dy): (-0.36, 0.03), GT: (-8.88, 13.11)
Epoch: [1/182], Loss: 28744.7, RTE: 46.12, Pred (dx,dy): (-0.09, 0.22), GT: (-0.42, 6.55)
Epoch: [1/182], Loss: 28247.0, RTE: 43.41, Pred (dx,dy): (-0.03, 0.13), GT: (-13.86, 14.56)
Epoch: [1/182], Loss: 38005.9, RTE: 54.59, Pred (dx,dy): (-0.03, 0.06), GT: (10.18, -10.77)
Epoch: [1/182], Loss: 27770.1, RTE: 44.33, Pred (dx,dy): (-0.02, -0.32), GT: (-8.45, -3.40)
Epoch: [1/182], Loss: 30079.9, RTE: 46.80, Pred (dx,dy): (0.02, -0.36), GT: (-4.12, -2.37)
Epoch: [1/182], Loss: 37965.8, RTE: 55.40, Pred (dx,dy): (-0.24, 0.52), GT: (1.04, 14.62)
Epoch: [1/182], Loss: 30722.8, RTE: 49.78, Pred (dx,dy): (0.30, 0.06), GT: (-8.07, 6.30)
Epoch: [1/182], Loss: 42139.3, RTE: 57.11, Pred (dx,dy): (0.02, 0.27), GT: (14.59, 6.04)
Epoch: [1/182], Loss: 32260.4, RTE: 48.24, Pred (dx,dy): (-0.02, 0.49), GT: (-14.46, 14.24)
Epoch: [1/182], Loss: 21255.2, RTE: 39.43, Pred (dx,dy): (0.17, -0.02), GT: (-1.56, 7.34)
Epoch: [1/182], Loss: 22723.1, RTE: 39.79, Pred (dx,dy): (-0.10, 0.32), GT: (0.67, 3.60)
Epoch: [1/182], Loss: 26432.6, RTE: 44.15, Pred (dx,dy): (0.07, 0.23), GT: (-11.63, -5.88)
Epoch: [1/182], Loss: 29923.5, RTE: 46.59, Pred (dx,dy): (0.17, -0.05), GT: (2.49, 12.32)
Epoch: [1/182], Loss: 34568.7, RTE: 50.75, Pred (dx,dy): (-0.01, 0.77), GT: (-7.17, 12.59)
Epoch: [1/182], Loss: 27124.2, RTE: 42.72, Pred (dx,dy): (0.31, -0.21), GT: (8.05, -11.88)
Epoch: [1/182], Loss: 39429.8, RTE: 54.88, Pred (dx,dy): (0.19, 0.19), GT: (0.95, 12.09)
Epoch: [1/182], Loss: 33573.6, RTE: 52.18, Pred (dx,dy): (-0.08, 0.59), GT: (8.98, -9.91)
Epoch: [1/182], Loss: 34421.7, RTE: 51.89, Pred (dx,dy): (0.27, -0.05), GT: (11.24, -6.40)
Epoch: [1/182], Loss: 32343.3, RTE: 50.59, Pred (dx,dy): (0.21, 0.02), GT: (6.71, -14.61)
Epoch: [1/182], Loss: 29875.2, RTE: 48.39, Pred (dx,dy): (0.31, 0.25), GT: (2.06, -8.95)
Epoch: [1/182], Loss: 33990.8, RTE: 52.67, Pred (dx,dy): (0.31, -0.11), GT: (-5.12, 14.14)
Epoch: [1/182], Loss: 35333.7, RTE: 52.26, Pred (dx,dy): (0.27, -0.37), GT: (-9.16, 5.27)
Epoch: [1/182], Loss: 28806.6, RTE: 46.66, Pred (dx,dy): (0.07, 0.26), GT: (1.91, 12.80)
Epoch: [1/182], Loss: 26543.2, RTE: 43.62, Pred (dx,dy): (0.22, 0.25), GT: (7.57, -9.64)
Epoch: [1/182], Loss: 30624.8, RTE: 50.16, Pred (dx,dy): (-0.19, 0.04), GT: (-13.52, 0.19)
Epoch: [1/182], Loss: 27753.9, RTE: 43.66, Pred (dx,dy): (0.14, 0.44), GT: (14.14, 6.50)
Epoch: [1/182], Loss: 24985.2, RTE: 43.52, Pred (dx,dy): (0.59, -0.38), GT: (8.98, -8.44)
Epoch: [1/182], Loss: 33542.2, RTE: 50.88, Pred (dx,dy): (0.12, 0.13), GT: (-14.09, 7.32)
Epoch: [1/182], Loss: 36906.5, RTE: 52.46, Pred (dx,dy): (0.10, 0.12), GT: (-6.03, -5.96)
Epoch: [1/182], Loss: 37371.9, RTE: 55.48, Pred (dx,dy): (0.10, 0.61), GT: (12.95, 8.18)
Epoch: [1/182], Loss: 21381.3, RTE: 38.89, Pred (dx,dy): (0.44, -0.02), GT: (1.83, 6.25)
[   200, 200/ 989, 0.0000214] 29863.6126, 11.0804, 110.8038, 254.8884, 255.9539, 
Epoch: [1/182], Loss: 30376.0, RTE: 47.65, Pred (dx,dy): (-0.01, 0.13), GT: (-4.41, -14.27)
Epoch: [1/182], Loss: 29221.8, RTE: 47.43, Pred (dx,dy): (0.11, 0.19), GT: (-14.60, 7.83)
Epoch: [1/182], Loss: 20982.2, RTE: 39.42, Pred (dx,dy): (0.12, -0.17), GT: (11.60, 4.19)
Epoch: [1/182], Loss: 19397.5, RTE: 37.01, Pred (dx,dy): (-0.01, 0.01), GT: (-2.92, -11.65)
Epoch: [1/182], Loss: 31942.0, RTE: 49.08, Pred (dx,dy): (-0.04, 0.56), GT: (4.10, 7.27)
Epoch: [1/182], Loss: 35966.6, RTE: 54.80, Pred (dx,dy): (0.13, 0.06), GT: (5.51, -13.21)
Epoch: [1/182], Loss: 26944.5, RTE: 43.18, Pred (dx,dy): (0.23, -0.09), GT: (-0.66, 5.82)
Epoch: [1/182], Loss: 33886.0, RTE: 50.94, Pred (dx,dy): (-0.28, 0.35), GT: (-9.38, 3.55)
Epoch: [1/182], Loss: 27238.7, RTE: 43.24, Pred (dx,dy): (-0.04, -0.25), GT: (2.56, -4.94)
Epoch: [1/182], Loss: 28045.7, RTE: 47.12, Pred (dx,dy): (-0.14, 0.16), GT: (-9.20, 5.15)
Epoch: [1/182], Loss: 32401.2, RTE: 48.59, Pred (dx,dy): (0.04, 0.22), GT: (-5.79, 8.32)
Epoch: [1/182], Loss: 26323.7, RTE: 42.63, Pred (dx,dy): (-0.09, 0.15), GT: (5.48, -0.17)
Epoch: [1/182], Loss: 25659.5, RTE: 43.86, Pred (dx,dy): (-0.02, 0.49), GT: (12.26, 3.16)
Epoch: [1/182], Loss: 27248.3, RTE: 44.93, Pred (dx,dy): (-0.07, 0.10), GT: (-10.14, -3.46)
Epoch: [1/182], Loss: 39242.9, RTE: 56.02, Pred (dx,dy): (-0.40, 0.59), GT: (8.08, -5.65)
Epoch: [1/182], Loss: 35436.6, RTE: 51.83, Pred (dx,dy): (-0.02, -0.25), GT: (-14.58, -9.50)
Epoch: [1/182], Loss: 28790.6, RTE: 47.11, Pred (dx,dy): (0.27, 0.08), GT: (12.44, -0.50)
Epoch: [1/182], Loss: 30067.1, RTE: 48.14, Pred (dx,dy): (0.01, 0.06), GT: (-7.74, 7.77)
Epoch: [1/182], Loss: 23444.6, RTE: 42.02, Pred (dx,dy): (-0.06, -0.17), GT: (-0.34, -10.34)
Epoch: [1/182], Loss: 27147.9, RTE: 43.60, Pred (dx,dy): (-0.22, 0.33), GT: (-1.86, 1.04)
Epoch: [1/182], Loss: 25281.0, RTE: 43.89, Pred (dx,dy): (-0.05, 0.08), GT: (10.36, -0.18)
Epoch: [1/182], Loss: 27464.3, RTE: 45.96, Pred (dx,dy): (0.47, -0.46), GT: (-4.26, -12.61)
Epoch: [1/182], Loss: 29913.7, RTE: 47.42, Pred (dx,dy): (0.13, -0.48), GT: (-14.06, -5.20)
Epoch: [1/182], Loss: 17201.5, RTE: 35.47, Pred (dx,dy): (0.45, -0.13), GT: (10.18, -5.21)
Epoch: [1/182], Loss: 34924.3, RTE: 51.87, Pred (dx,dy): (-0.24, 0.27), GT: (-9.32, -12.37)
Epoch: [1/182], Loss: 25767.0, RTE: 43.66, Pred (dx,dy): (0.01, -0.04), GT: (-2.35, -4.67)
Epoch: [1/182], Loss: 30831.4, RTE: 49.10, Pred (dx,dy): (0.41, -0.06), GT: (5.02, -12.47)
Epoch: [1/182], Loss: 34914.7, RTE: 51.40, Pred (dx,dy): (0.12, -0.04), GT: (14.04, -11.06)
Epoch: [1/182], Loss: 26084.2, RTE: 43.62, Pred (dx,dy): (0.23, -0.21), GT: (-11.11, -7.64)
Epoch: [1/182], Loss: 18135.1, RTE: 34.30, Pred (dx,dy): (0.26, -0.46), GT: (-8.72, -5.98)
Epoch: [1/182], Loss: 29796.9, RTE: 47.10, Pred (dx,dy): (0.33, -0.50), GT: (10.46, -1.85)
Epoch: [1/182], Loss: 33262.1, RTE: 50.70, Pred (dx,dy): (0.46, 0.03), GT: (-11.08, 12.31)
Epoch: [1/182], Loss: 31058.6, RTE: 47.65, Pred (dx,dy): (-0.02, -0.32), GT: (7.50, -11.93)
Epoch: [1/182], Loss: 28066.9, RTE: 43.81, Pred (dx,dy): (0.44, -0.66), GT: (12.22, -4.74)
Epoch: [1/182], Loss: 28628.0, RTE: 46.36, Pred (dx,dy): (0.25, -0.14), GT: (-1.17, -8.72)
Epoch: [1/182], Loss: 38490.9, RTE: 55.37, Pred (dx,dy): (0.06, -0.22), GT: (1.59, -10.09)
Epoch: [1/182], Loss: 35863.7, RTE: 52.79, Pred (dx,dy): (0.35, -0.29), GT: (-0.64, -2.72)
Epoch: [1/182], Loss: 24521.5, RTE: 43.40, Pred (dx,dy): (0.44, 0.03), GT: (6.99, 5.19)
Epoch: [1/182], Loss: 37125.8, RTE: 53.83, Pred (dx,dy): (-0.10, -0.10), GT: (-8.10, -13.54)
Epoch: [1/182], Loss: 31664.8, RTE: 48.21, Pred (dx,dy): (-0.38, 0.30), GT: (3.22, 10.69)
Epoch: [1/182], Loss: 16518.5, RTE: 34.07, Pred (dx,dy): (0.12, -0.28), GT: (-0.88, -6.25)
Epoch: [1/182], Loss: 29885.8, RTE: 47.96, Pred (dx,dy): (-0.14, -0.22), GT: (-11.09, -3.66)
Epoch: [1/182], Loss: 34162.8, RTE: 52.09, Pred (dx,dy): (-0.06, 0.18), GT: (1.38, 6.24)
Epoch: [1/182], Loss: 33532.4, RTE: 49.77, Pred (dx,dy): (-0.01, -0.09), GT: (-14.88, -4.09)
Epoch: [1/182], Loss: 28863.7, RTE: 45.91, Pred (dx,dy): (-0.03, 0.01), GT: (8.02, 13.76)
Epoch: [1/182], Loss: 23260.9, RTE: 40.91, Pred (dx,dy): (-0.55, 0.85), GT: (-3.37, -3.80)
Epoch: [1/182], Loss: 25585.6, RTE: 44.03, Pred (dx,dy): (-0.33, 0.42), GT: (7.11, 2.76)
Epoch: [1/182], Loss: 31128.1, RTE: 48.95, Pred (dx,dy): (-0.46, 0.59), GT: (-7.87, -2.16)
Epoch: [1/182], Loss: 25809.6, RTE: 43.80, Pred (dx,dy): (0.47, -0.57), GT: (-13.02, -6.49)
Epoch: [1/182], Loss: 32136.1, RTE: 50.69, Pred (dx,dy): (-0.39, -0.28), GT: (-2.70, -7.04)
Epoch: [1/182], Loss: 27660.1, RTE: 46.48, Pred (dx,dy): (0.02, -0.49), GT: (-11.92, 8.40)
Epoch: [1/182], Loss: 38829.2, RTE: 54.98, Pred (dx,dy): (-0.11, 0.63), GT: (13.33, -10.65)
Epoch: [1/182], Loss: 19052.8, RTE: 37.31, Pred (dx,dy): (-0.51, 0.85), GT: (2.48, 14.25)
Epoch: [1/182], Loss: 30502.3, RTE: 47.73, Pred (dx,dy): (-0.47, 0.54), GT: (5.95, 12.75)
Epoch: [1/182], Loss: 21961.1, RTE: 40.77, Pred (dx,dy): (-1.13, 0.98), GT: (-3.00, 2.72)
Epoch: [1/182], Loss: 25434.0, RTE: 44.15, Pred (dx,dy): (-0.17, -0.10), GT: (-8.07, -0.07)
Epoch: [1/182], Loss: 23819.3, RTE: 40.74, Pred (dx,dy): (-0.47, -0.19), GT: (-1.72, 6.39)
Epoch: [1/182], Loss: 23331.8, RTE: 39.23, Pred (dx,dy): (0.11, 0.01), GT: (3.92, -14.65)
Epoch: [1/182], Loss: 29837.2, RTE: 46.56, Pred (dx,dy): (-0.32, -0.67), GT: (-3.54, -1.94)
Epoch: [1/182], Loss: 28235.8, RTE: 45.59, Pred (dx,dy): (-0.52, 0.27), GT: (-13.94, 4.10)
Epoch: [1/182], Loss: 23548.7, RTE: 40.80, Pred (dx,dy): (-0.09, 0.59), GT: (-11.54, 5.15)
Epoch: [1/182], Loss: 34745.9, RTE: 51.56, Pred (dx,dy): (-0.11, -0.71), GT: (-3.10, 4.34)
Epoch: [1/182], Loss: 26300.8, RTE: 45.28, Pred (dx,dy): (0.65, -0.60), GT: (3.75, -6.78)
Epoch: [1/182], Loss: 20654.6, RTE: 38.50, Pred (dx,dy): (0.15, 0.09), GT: (-3.90, -11.32)
Epoch: [1/182], Loss: 34929.0, RTE: 51.95, Pred (dx,dy): (-0.13, -0.31), GT: (-2.35, 6.05)
Epoch: [1/182], Loss: 25154.8, RTE: 41.12, Pred (dx,dy): (-0.10, 0.01), GT: (-14.83, 3.00)
Epoch: [1/182], Loss: 21828.8, RTE: 38.91, Pred (dx,dy): (0.20, 0.32), GT: (-12.72, -10.87)
Epoch: [1/182], Loss: 18217.4, RTE: 36.27, Pred (dx,dy): (0.36, -0.42), GT: (-9.82, 4.80)
Epoch: [1/182], Loss: 18238.7, RTE: 33.43, Pred (dx,dy): (0.17, -0.16), GT: (6.14, -14.75)
Epoch: [1/182], Loss: 31557.3, RTE: 49.22, Pred (dx,dy): (-0.00, -0.60), GT: (-1.95, 6.52)
Epoch: [1/182], Loss: 27948.8, RTE: 46.35, Pred (dx,dy): (-0.24, 0.55), GT: (-13.36, 8.09)
Epoch: [1/182], Loss: 27581.7, RTE: 45.45, Pred (dx,dy): (0.27, 0.18), GT: (9.77, 3.39)
Epoch: [1/182], Loss: 24375.4, RTE: 41.45, Pred (dx,dy): (0.88, -0.21), GT: (2.53, -8.88)
Epoch: [1/182], Loss: 33615.0, RTE: 50.83, Pred (dx,dy): (0.91, -0.82), GT: (-10.95, 12.82)
Epoch: [1/182], Loss: 30515.9, RTE: 49.10, Pred (dx,dy): (-0.51, 0.20), GT: (2.72, 9.55)
Epoch: [1/182], Loss: 29973.7, RTE: 48.71, Pred (dx,dy): (0.06, -0.49), GT: (14.66, 3.88)
Epoch: [1/182], Loss: 19948.9, RTE: 38.94, Pred (dx,dy): (-0.12, -0.08), GT: (-13.40, -5.88)
Epoch: [1/182], Loss: 22333.8, RTE: 40.27, Pred (dx,dy): (-0.11, -0.73), GT: (-2.87, -1.28)
Epoch: [1/182], Loss: 24571.9, RTE: 43.68, Pred (dx,dy): (-0.21, 0.51), GT: (-2.39, 13.97)
Epoch: [1/182], Loss: 19420.7, RTE: 37.10, Pred (dx,dy): (-0.14, -0.18), GT: (6.96, 8.89)
Epoch: [1/182], Loss: 22691.9, RTE: 41.69, Pred (dx,dy): (0.36, -0.67), GT: (-3.18, -10.34)
Epoch: [1/182], Loss: 20947.8, RTE: 40.54, Pred (dx,dy): (-0.02, 0.11), GT: (8.71, 3.52)
Epoch: [1/182], Loss: 27262.9, RTE: 45.45, Pred (dx,dy): (-0.07, 0.22), GT: (9.55, -11.11)
Epoch: [1/182], Loss: 28505.4, RTE: 45.74, Pred (dx,dy): (0.05, -0.59), GT: (-10.67, -7.22)
Epoch: [1/182], Loss: 24642.9, RTE: 38.61, Pred (dx,dy): (0.32, -0.21), GT: (-0.26, -0.44)
Epoch: [1/182], Loss: 29329.5, RTE: 46.91, Pred (dx,dy): (-0.16, -0.53), GT: (7.59, -14.96)
Epoch: [1/182], Loss: 30395.1, RTE: 48.67, Pred (dx,dy): (-0.00, -0.44), GT: (14.26, 1.12)
Epoch: [1/182], Loss: 23803.5, RTE: 40.36, Pred (dx,dy): (0.03, 0.32), GT: (-6.25, 13.53)
Epoch: [1/182], Loss: 30630.9, RTE: 47.78, Pred (dx,dy): (-0.60, 0.68), GT: (14.78, 12.08)
Epoch: [1/182], Loss: 30208.8, RTE: 46.55, Pred (dx,dy): (-0.16, 0.49), GT: (11.78, -14.41)
Epoch: [1/182], Loss: 28398.4, RTE: 46.94, Pred (dx,dy): (-0.49, 0.15), GT: (8.18, 8.76)
Epoch: [1/182], Loss: 21617.7, RTE: 39.00, Pred (dx,dy): (-0.05, 0.40), GT: (8.46, -10.46)
Epoch: [1/182], Loss: 26456.7, RTE: 44.89, Pred (dx,dy): (0.56, -0.15), GT: (3.62, -7.87)
Epoch: [1/182], Loss: 24638.0, RTE: 40.68, Pred (dx,dy): (0.24, -0.29), GT: (-4.04, 13.32)
Epoch: [1/182], Loss: 25495.2, RTE: 44.21, Pred (dx,dy): (0.65, 0.52), GT: (-10.02, 5.39)
Epoch: [1/182], Loss: 16241.6, RTE: 32.51, Pred (dx,dy): (0.70, 0.41), GT: (13.69, 1.73)
Epoch: [1/182], Loss: 35211.6, RTE: 52.16, Pred (dx,dy): (0.42, -0.55), GT: (2.70, 11.61)
Epoch: [1/182], Loss: 24155.5, RTE: 42.96, Pred (dx,dy): (0.25, 0.01), GT: (-11.27, -2.45)
Epoch: [1/182], Loss: 20524.2, RTE: 40.27, Pred (dx,dy): (0.40, 0.43), GT: (-2.54, 9.48)
Epoch: [1/182], Loss: 24351.6, RTE: 42.48, Pred (dx,dy): (0.74, -1.26), GT: (-12.32, -13.55)
[   300, 300/ 989, 0.0000252] 27406.9601, 10.2914, 102.9138, 255.9352, 255.2660, 
Epoch: [1/182], Loss: 21794.5, RTE: 37.07, Pred (dx,dy): (1.07, 0.01), GT: (13.06, -0.81)
Epoch: [1/182], Loss: 19777.3, RTE: 37.53, Pred (dx,dy): (0.15, -0.47), GT: (2.38, -14.02)
Epoch: [1/182], Loss: 22947.9, RTE: 40.21, Pred (dx,dy): (0.04, 0.41), GT: (6.08, 2.43)
Epoch: [1/182], Loss: 18063.6, RTE: 33.69, Pred (dx,dy): (0.78, -1.13), GT: (-1.69, -3.01)
Epoch: [1/182], Loss: 20429.8, RTE: 38.34, Pred (dx,dy): (0.08, 0.58), GT: (3.57, 0.36)
Epoch: [1/182], Loss: 25420.3, RTE: 44.46, Pred (dx,dy): (0.26, -0.10), GT: (-12.23, -9.00)
Epoch: [1/182], Loss: 23619.0, RTE: 43.76, Pred (dx,dy): (0.51, -1.47), GT: (3.10, -11.84)
Epoch: [1/182], Loss: 27521.8, RTE: 44.68, Pred (dx,dy): (-0.07, -0.04), GT: (14.25, -6.31)
Epoch: [1/182], Loss: 21916.8, RTE: 40.53, Pred (dx,dy): (0.15, -0.20), GT: (2.22, -7.54)
Epoch: [1/182], Loss: 18061.8, RTE: 37.53, Pred (dx,dy): (0.86, 0.26), GT: (2.39, -6.31)
Epoch: [1/182], Loss: 14226.8, RTE: 31.85, Pred (dx,dy): (-0.52, -0.51), GT: (-12.48, -7.94)
Epoch: [1/182], Loss: 31370.9, RTE: 48.72, Pred (dx,dy): (0.25, -0.65), GT: (7.34, -3.39)
Epoch: [1/182], Loss: 25091.6, RTE: 42.65, Pred (dx,dy): (0.66, 0.17), GT: (10.54, -11.43)
Epoch: [1/182], Loss: 16982.8, RTE: 34.99, Pred (dx,dy): (-0.25, 0.65), GT: (12.07, 6.25)
Epoch: [1/182], Loss: 26614.0, RTE: 43.91, Pred (dx,dy): (0.21, 0.38), GT: (-9.73, -14.71)
Epoch: [1/182], Loss: 32863.4, RTE: 51.88, Pred (dx,dy): (-0.16, 0.05), GT: (12.32, 2.16)
Epoch: [1/182], Loss: 25558.0, RTE: 43.72, Pred (dx,dy): (1.03, -0.27), GT: (-13.63, 9.58)
Epoch: [1/182], Loss: 24595.4, RTE: 43.86, Pred (dx,dy): (-0.50, 1.00), GT: (1.14, 11.89)
Epoch: [1/182], Loss: 30900.4, RTE: 47.75, Pred (dx,dy): (0.13, 0.18), GT: (-10.58, -11.63)
Epoch: [1/182], Loss: 27640.2, RTE: 45.31, Pred (dx,dy): (-0.68, 0.17), GT: (-13.05, -4.31)
Epoch: [1/182], Loss: 18149.2, RTE: 36.88, Pred (dx,dy): (-0.04, 0.31), GT: (4.05, -5.61)
Epoch: [1/182], Loss: 33733.4, RTE: 50.35, Pred (dx,dy): (-0.47, -0.60), GT: (0.25, -3.76)
Epoch: [1/182], Loss: 23968.1, RTE: 40.96, Pred (dx,dy): (0.91, -0.49), GT: (14.77, -14.60)
Epoch: [1/182], Loss: 25600.7, RTE: 43.05, Pred (dx,dy): (0.27, -0.71), GT: (2.95, 8.54)
Epoch: [1/182], Loss: 15701.6, RTE: 33.79, Pred (dx,dy): (0.71, -0.59), GT: (-2.23, -4.92)
Epoch: [1/182], Loss: 31664.5, RTE: 48.25, Pred (dx,dy): (0.77, 0.66), GT: (6.47, 13.66)
Epoch: [1/182], Loss: 19296.8, RTE: 38.15, Pred (dx,dy): (-0.56, 0.94), GT: (1.86, -9.82)
Epoch: [1/182], Loss: 30506.0, RTE: 46.47, Pred (dx,dy): (0.13, 0.99), GT: (6.28, 12.97)
Epoch: [1/182], Loss: 26609.7, RTE: 46.48, Pred (dx,dy): (-0.79, -0.67), GT: (11.43, -2.16)
Epoch: [1/182], Loss: 34812.3, RTE: 52.55, Pred (dx,dy): (0.30, -0.82), GT: (-9.03, 9.79)
Epoch: [1/182], Loss: 32215.0, RTE: 49.71, Pred (dx,dy): (-0.20, 0.89), GT: (8.24, 11.65)
Epoch: [1/182], Loss: 19691.4, RTE: 37.51, Pred (dx,dy): (0.01, 0.35), GT: (-4.43, -13.50)
Epoch: [1/182], Loss: 26093.3, RTE: 43.79, Pred (dx,dy): (0.44, -0.55), GT: (-10.32, -7.26)
Epoch: [1/182], Loss: 29680.5, RTE: 46.11, Pred (dx,dy): (0.19, -0.41), GT: (13.97, 10.49)
Epoch: [1/182], Loss: 19660.1, RTE: 37.41, Pred (dx,dy): (-0.17, 0.49), GT: (-2.12, -7.22)
Epoch: [1/182], Loss: 29672.8, RTE: 47.42, Pred (dx,dy): (0.23, -0.40), GT: (13.99, 5.19)
Epoch: [1/182], Loss: 27218.4, RTE: 45.35, Pred (dx,dy): (-0.91, 0.23), GT: (9.46, 0.94)
Epoch: [1/182], Loss: 30035.9, RTE: 47.08, Pred (dx,dy): (0.00, 0.00), GT: (4.20, 7.93)
Epoch: [1/182], Loss: 19629.3, RTE: 35.64, Pred (dx,dy): (-0.02, 0.03), GT: (4.69, 7.70)
Epoch: [1/182], Loss: 26847.3, RTE: 45.98, Pred (dx,dy): (0.33, -0.08), GT: (14.27, -11.27)
Epoch: [1/182], Loss: 14331.2, RTE: 30.93, Pred (dx,dy): (-0.21, -0.24), GT: (-1.69, 7.84)
Epoch: [1/182], Loss: 20876.0, RTE: 39.39, Pred (dx,dy): (-0.63, 0.64), GT: (2.01, 13.70)
Epoch: [1/182], Loss: 26316.3, RTE: 44.47, Pred (dx,dy): (0.60, -1.15), GT: (11.56, -14.68)
Epoch: [1/182], Loss: 34811.6, RTE: 51.80, Pred (dx,dy): (-0.50, 0.32), GT: (1.89, 0.04)
Epoch: [1/182], Loss: 26334.9, RTE: 44.51, Pred (dx,dy): (-0.71, -0.79), GT: (-6.64, 13.66)
Epoch: [1/182], Loss: 29354.9, RTE: 48.09, Pred (dx,dy): (0.25, -0.54), GT: (0.19, -13.92)
Epoch: [1/182], Loss: 20491.1, RTE: 37.11, Pred (dx,dy): (0.34, 0.34), GT: (-2.72, 2.20)
Epoch: [1/182], Loss: 20707.9, RTE: 36.78, Pred (dx,dy): (-0.98, 0.83), GT: (11.96, 11.86)
Epoch: [1/182], Loss: 18379.4, RTE: 36.91, Pred (dx,dy): (-0.57, -0.42), GT: (2.42, -3.64)
Epoch: [1/182], Loss: 19016.8, RTE: 36.81, Pred (dx,dy): (-0.35, 0.11), GT: (5.85, 9.71)
Epoch: [1/182], Loss: 21940.6, RTE: 40.74, Pred (dx,dy): (-0.31, -0.07), GT: (9.13, 9.50)
Epoch: [1/182], Loss: 18445.9, RTE: 36.68, Pred (dx,dy): (0.59, -0.14), GT: (-10.57, -5.56)
Epoch: [1/182], Loss: 16831.3, RTE: 34.92, Pred (dx,dy): (-0.82, -0.59), GT: (-2.75, -0.25)
Epoch: [1/182], Loss: 33956.5, RTE: 52.32, Pred (dx,dy): (0.44, -1.14), GT: (0.69, -9.38)
Epoch: [1/182], Loss: 19361.9, RTE: 36.33, Pred (dx,dy): (-0.76, 0.74), GT: (-0.57, 0.69)
Epoch: [1/182], Loss: 23062.5, RTE: 40.71, Pred (dx,dy): (0.89, -0.79), GT: (11.73, -0.70)
Epoch: [1/182], Loss: 24831.9, RTE: 43.43, Pred (dx,dy): (-0.36, -0.30), GT: (10.12, -6.43)
Epoch: [1/182], Loss: 27122.6, RTE: 44.64, Pred (dx,dy): (-0.18, -0.74), GT: (10.89, -12.90)
Epoch: [1/182], Loss: 33224.0, RTE: 49.93, Pred (dx,dy): (-0.55, -0.74), GT: (-10.83, 14.64)
Epoch: [1/182], Loss: 23916.8, RTE: 43.47, Pred (dx,dy): (-0.02, -0.70), GT: (-7.83, -8.48)
Epoch: [1/182], Loss: 17989.7, RTE: 33.85, Pred (dx,dy): (-0.72, 0.39), GT: (-11.03, 5.20)
Epoch: [1/182], Loss: 32989.6, RTE: 48.38, Pred (dx,dy): (0.37, 0.46), GT: (12.49, -14.36)
Epoch: [1/182], Loss: 20508.3, RTE: 38.41, Pred (dx,dy): (0.71, 0.42), GT: (10.51, 2.83)
Epoch: [1/182], Loss: 24201.9, RTE: 41.05, Pred (dx,dy): (-0.78, -0.13), GT: (13.63, 13.79)
Epoch: [1/182], Loss: 23024.6, RTE: 39.10, Pred (dx,dy): (-0.30, -0.47), GT: (11.67, -14.22)
Epoch: [1/182], Loss: 18374.2, RTE: 37.19, Pred (dx,dy): (0.54, -0.34), GT: (7.80, -3.70)
Epoch: [1/182], Loss: 23460.7, RTE: 40.32, Pred (dx,dy): (-0.82, -0.24), GT: (-3.67, -1.83)
Epoch: [1/182], Loss: 23599.1, RTE: 42.58, Pred (dx,dy): (-0.62, -0.25), GT: (-3.24, -2.38)
Epoch: [1/182], Loss: 17903.3, RTE: 35.85, Pred (dx,dy): (-0.01, 1.02), GT: (6.53, 0.12)
Epoch: [1/182], Loss: 27105.2, RTE: 42.31, Pred (dx,dy): (0.49, -0.39), GT: (-13.18, -10.83)
Epoch: [1/182], Loss: 26948.3, RTE: 44.06, Pred (dx,dy): (0.22, 0.26), GT: (-12.12, 14.86)
Epoch: [1/182], Loss: 18425.9, RTE: 35.72, Pred (dx,dy): (-0.22, 0.57), GT: (-10.36, 8.29)
Epoch: [1/182], Loss: 23356.0, RTE: 41.05, Pred (dx,dy): (-0.02, 0.13), GT: (-4.16, 3.57)
Epoch: [1/182], Loss: 23007.5, RTE: 40.19, Pred (dx,dy): (0.24, -0.33), GT: (-0.73, -13.23)
Epoch: [1/182], Loss: 25196.2, RTE: 44.26, Pred (dx,dy): (0.67, 1.25), GT: (6.92, 13.05)
Epoch: [1/182], Loss: 29323.8, RTE: 46.01, Pred (dx,dy): (0.01, 0.47), GT: (8.88, -0.29)
Epoch: [1/182], Loss: 24028.3, RTE: 40.01, Pred (dx,dy): (-0.21, -0.18), GT: (-7.09, -14.15)
Epoch: [1/182], Loss: 16961.2, RTE: 33.61, Pred (dx,dy): (-0.50, 0.64), GT: (-0.89, -1.67)
Epoch: [1/182], Loss: 25327.3, RTE: 44.01, Pred (dx,dy): (0.63, 0.29), GT: (8.94, 13.34)
Epoch: [1/182], Loss: 21286.8, RTE: 37.28, Pred (dx,dy): (1.02, 0.44), GT: (2.93, -10.13)
Epoch: [1/182], Loss: 21195.7, RTE: 39.97, Pred (dx,dy): (0.38, -0.44), GT: (-1.62, -13.77)
Epoch: [1/182], Loss: 16580.2, RTE: 34.18, Pred (dx,dy): (0.04, -0.31), GT: (13.61, 0.31)
Epoch: [1/182], Loss: 17798.1, RTE: 33.97, Pred (dx,dy): (1.14, 0.10), GT: (5.74, 11.71)
Epoch: [1/182], Loss: 29366.4, RTE: 47.06, Pred (dx,dy): (-0.46, -0.54), GT: (14.00, 14.29)
Epoch: [1/182], Loss: 26153.4, RTE: 42.21, Pred (dx,dy): (-1.49, 1.09), GT: (2.38, 7.88)
Epoch: [1/182], Loss: 21666.4, RTE: 40.50, Pred (dx,dy): (0.11, -0.74), GT: (7.99, -11.14)
Epoch: [1/182], Loss: 28890.8, RTE: 47.43, Pred (dx,dy): (-0.16, -0.38), GT: (-13.43, -0.01)
Epoch: [1/182], Loss: 17583.4, RTE: 35.03, Pred (dx,dy): (-0.50, 0.14), GT: (-2.28, -4.83)
Epoch: [1/182], Loss: 26468.8, RTE: 45.18, Pred (dx,dy): (-0.35, -1.48), GT: (-4.28, -10.92)
Epoch: [1/182], Loss: 27239.0, RTE: 44.80, Pred (dx,dy): (-0.70, -0.16), GT: (1.17, -11.74)
Epoch: [1/182], Loss: 23731.8, RTE: 42.82, Pred (dx,dy): (-0.26, 0.01), GT: (1.35, 13.59)
Epoch: [1/182], Loss: 16650.5, RTE: 35.81, Pred (dx,dy): (-0.17, 0.39), GT: (6.96, -8.57)
Epoch: [1/182], Loss: 15731.0, RTE: 31.45, Pred (dx,dy): (-0.82, -0.01), GT: (-4.96, -7.05)
Epoch: [1/182], Loss: 31337.9, RTE: 47.74, Pred (dx,dy): (-0.06, 0.55), GT: (14.27, 8.93)
Epoch: [1/182], Loss: 17662.2, RTE: 32.58, Pred (dx,dy): (0.04, 0.99), GT: (-10.00, 4.77)
Epoch: [1/182], Loss: 22540.6, RTE: 41.21, Pred (dx,dy): (-1.07, 0.79), GT: (-6.04, 14.88)
Epoch: [1/182], Loss: 18707.1, RTE: 37.53, Pred (dx,dy): (1.05, 0.29), GT: (5.92, -4.67)
Epoch: [1/182], Loss: 22789.7, RTE: 38.74, Pred (dx,dy): (-0.05, 1.60), GT: (-3.25, 8.27)
Epoch: [1/182], Loss: 15438.2, RTE: 34.40, Pred (dx,dy): (0.91, -0.57), GT: (10.35, -8.04)
Epoch: [1/182], Loss: 17788.9, RTE: 36.29, Pred (dx,dy): (0.35, 0.35), GT: (8.38, 10.91)
[   400, 400/ 989, 0.0000289] 23622.4970, 9.0669, 90.6695, 255.3173, 255.3512, 
Epoch: [1/182], Loss: 16209.4, RTE: 34.81, Pred (dx,dy): (-0.77, -0.38), GT: (-6.85, 9.07)
Epoch: [1/182], Loss: 24346.2, RTE: 43.05, Pred (dx,dy): (0.01, 0.62), GT: (-8.11, 12.11)
Epoch: [1/182], Loss: 18572.8, RTE: 36.19, Pred (dx,dy): (0.20, -1.16), GT: (-7.87, -6.32)
Epoch: [1/182], Loss: 24664.9, RTE: 40.98, Pred (dx,dy): (0.87, -0.75), GT: (-9.08, -13.37)
Epoch: [1/182], Loss: 13773.3, RTE: 29.47, Pred (dx,dy): (0.13, 0.28), GT: (0.50, -6.95)
Epoch: [1/182], Loss: 18576.8, RTE: 36.42, Pred (dx,dy): (0.37, 0.48), GT: (7.09, -1.93)
Epoch: [1/182], Loss: 22628.7, RTE: 39.09, Pred (dx,dy): (1.21, -0.25), GT: (6.94, -0.71)
Epoch: [1/182], Loss: 16364.2, RTE: 31.29, Pred (dx,dy): (0.29, 0.21), GT: (9.35, 4.72)
Epoch: [1/182], Loss: 16495.4, RTE: 35.53, Pred (dx,dy): (-0.48, -0.39), GT: (-7.45, -1.20)
Epoch: [1/182], Loss: 20130.1, RTE: 37.12, Pred (dx,dy): (-0.28, 0.85), GT: (-2.62, 0.72)
Epoch: [1/182], Loss: 23811.1, RTE: 42.89, Pred (dx,dy): (0.82, -0.47), GT: (5.45, 11.99)
Epoch: [1/182], Loss: 24846.0, RTE: 44.18, Pred (dx,dy): (0.41, -0.34), GT: (5.30, 13.27)
Epoch: [1/182], Loss: 17774.8, RTE: 35.79, Pred (dx,dy): (-0.04, -0.96), GT: (9.89, -10.91)
Epoch: [1/182], Loss: 28012.9, RTE: 46.13, Pred (dx,dy): (0.78, -0.24), GT: (7.07, -10.41)
Epoch: [1/182], Loss: 25276.7, RTE: 42.92, Pred (dx,dy): (-0.00, 0.30), GT: (11.53, -6.97)
Epoch: [1/182], Loss: 31665.4, RTE: 49.71, Pred (dx,dy): (-0.87, 1.26), GT: (-10.99, 14.69)
Epoch: [1/182], Loss: 21593.2, RTE: 40.55, Pred (dx,dy): (-0.09, 0.19), GT: (-5.65, -12.26)
Epoch: [1/182], Loss: 17094.2, RTE: 33.85, Pred (dx,dy): (1.07, 0.61), GT: (10.12, -0.81)
Epoch: [1/182], Loss: 26043.5, RTE: 43.01, Pred (dx,dy): (0.67, -0.17), GT: (-12.34, -14.37)
Epoch: [1/182], Loss: 15684.2, RTE: 32.51, Pred (dx,dy): (0.01, -0.56), GT: (5.92, 3.64)
Epoch: [1/182], Loss: 26045.4, RTE: 43.82, Pred (dx,dy): (0.42, -1.18), GT: (3.69, 12.02)
Epoch: [1/182], Loss: 19784.1, RTE: 35.87, Pred (dx,dy): (0.38, -0.08), GT: (-10.10, -14.38)
Epoch: [1/182], Loss: 25558.6, RTE: 43.64, Pred (dx,dy): (-0.65, -0.69), GT: (-11.99, -6.20)
Epoch: [1/182], Loss: 25989.1, RTE: 45.54, Pred (dx,dy): (0.86, -0.15), GT: (-11.92, 6.82)
Epoch: [1/182], Loss: 26967.6, RTE: 45.61, Pred (dx,dy): (-1.41, 0.18), GT: (-14.87, 5.25)
Epoch: [1/182], Loss: 22983.4, RTE: 40.72, Pred (dx,dy): (-0.53, -1.04), GT: (-4.66, -8.23)
Epoch: [1/182], Loss: 18681.6, RTE: 36.56, Pred (dx,dy): (-0.55, 0.28), GT: (-3.51, -8.35)
Epoch: [1/182], Loss: 22096.9, RTE: 40.22, Pred (dx,dy): (-0.22, -1.37), GT: (5.84, -8.86)
Epoch: [1/182], Loss: 19965.3, RTE: 37.50, Pred (dx,dy): (-0.29, 0.49), GT: (-12.79, -10.61)
Epoch: [1/182], Loss: 24582.9, RTE: 41.69, Pred (dx,dy): (0.81, -0.50), GT: (13.36, -14.66)
Epoch: [1/182], Loss: 22268.5, RTE: 40.70, Pred (dx,dy): (0.81, -0.28), GT: (10.76, 5.02)
Epoch: [1/182], Loss: 26618.7, RTE: 45.57, Pred (dx,dy): (-1.02, -1.05), GT: (-1.39, -9.27)
Epoch: [1/182], Loss: 18862.9, RTE: 37.77, Pred (dx,dy): (0.66, -0.59), GT: (-0.83, 1.27)
Epoch: [1/182], Loss: 16991.3, RTE: 35.80, Pred (dx,dy): (-0.39, 0.11), GT: (-9.52, -4.76)
Epoch: [1/182], Loss: 28151.7, RTE: 45.85, Pred (dx,dy): (0.34, -0.52), GT: (-10.89, -11.17)
Epoch: [1/182], Loss: 18889.1, RTE: 37.19, Pred (dx,dy): (0.09, 0.97), GT: (5.00, 9.09)
Epoch: [1/182], Loss: 18409.6, RTE: 34.49, Pred (dx,dy): (-0.39, 0.81), GT: (4.40, 4.94)
Epoch: [1/182], Loss: 21689.6, RTE: 38.98, Pred (dx,dy): (0.10, -0.79), GT: (-11.10, 9.68)
Epoch: [1/182], Loss: 22187.6, RTE: 40.15, Pred (dx,dy): (0.57, -0.10), GT: (-2.65, 9.28)
Epoch: [1/182], Loss: 19836.3, RTE: 37.43, Pred (dx,dy): (-0.37, -0.53), GT: (0.58, -3.93)
Epoch: [1/182], Loss: 24113.6, RTE: 40.95, Pred (dx,dy): (-0.41, -0.52), GT: (11.29, -10.35)
Epoch: [1/182], Loss: 30062.2, RTE: 48.95, Pred (dx,dy): (0.43, 0.61), GT: (-9.12, -12.08)
Epoch: [1/182], Loss: 18572.8, RTE: 36.11, Pred (dx,dy): (0.24, -0.10), GT: (8.29, 6.76)
Epoch: [1/182], Loss: 22920.3, RTE: 40.32, Pred (dx,dy): (0.52, 0.21), GT: (4.86, 9.79)
Epoch: [1/182], Loss: 28732.4, RTE: 46.59, Pred (dx,dy): (1.47, -0.74), GT: (10.25, -3.44)
Epoch: [1/182], Loss: 25361.1, RTE: 42.70, Pred (dx,dy): (-0.16, -0.02), GT: (-3.85, 5.51)
Epoch: [1/182], Loss: 12888.3, RTE: 29.48, Pred (dx,dy): (-0.17, 1.06), GT: (4.93, 9.77)
Epoch: [1/182], Loss: 20444.0, RTE: 39.17, Pred (dx,dy): (-0.81, -0.54), GT: (8.66, 5.58)
Epoch: [1/182], Loss: 22015.2, RTE: 41.46, Pred (dx,dy): (-0.39, 0.32), GT: (-2.65, 7.10)
Epoch: [1/182], Loss: 33570.6, RTE: 49.98, Pred (dx,dy): (-1.56, 0.60), GT: (-7.45, 9.77)
Epoch: [1/182], Loss: 17820.4, RTE: 36.04, Pred (dx,dy): (0.02, -0.20), GT: (0.53, -8.55)
Epoch: [1/182], Loss: 23206.3, RTE: 40.68, Pred (dx,dy): (0.18, 0.74), GT: (5.41, 7.10)
Epoch: [1/182], Loss: 21234.1, RTE: 38.48, Pred (dx,dy): (-0.03, 0.56), GT: (-3.17, -1.44)
Epoch: [1/182], Loss: 29146.4, RTE: 46.33, Pred (dx,dy): (0.43, -0.13), GT: (-12.68, 8.39)
Epoch: [1/182], Loss: 22987.5, RTE: 40.95, Pred (dx,dy): (1.05, 0.32), GT: (2.76, -0.60)
Epoch: [1/182], Loss: 15708.0, RTE: 33.82, Pred (dx,dy): (0.77, -0.29), GT: (-2.82, -11.64)
Epoch: [1/182], Loss: 15492.1, RTE: 34.02, Pred (dx,dy): (0.01, -0.11), GT: (-3.91, -0.23)
Epoch: [1/182], Loss: 16677.4, RTE: 33.68, Pred (dx,dy): (-0.48, -0.31), GT: (-1.50, 9.02)
Epoch: [1/182], Loss: 19195.5, RTE: 35.79, Pred (dx,dy): (-0.14, -0.77), GT: (-7.75, -10.89)
Epoch: [1/182], Loss: 23836.3, RTE: 42.59, Pred (dx,dy): (1.04, -1.03), GT: (14.08, -0.33)
Epoch: [1/182], Loss: 18810.1, RTE: 33.81, Pred (dx,dy): (-0.62, 1.02), GT: (-10.73, 0.18)
Epoch: [1/182], Loss: 29344.1, RTE: 48.26, Pred (dx,dy): (1.14, -0.55), GT: (10.62, 7.05)
Epoch: [1/182], Loss: 23880.5, RTE: 40.40, Pred (dx,dy): (0.33, 0.59), GT: (1.89, -0.29)
Epoch: [1/182], Loss: 23800.7, RTE: 40.33, Pred (dx,dy): (-1.00, -0.49), GT: (-11.43, -7.15)
Epoch: [1/182], Loss: 18117.1, RTE: 37.77, Pred (dx,dy): (0.30, -1.53), GT: (-7.35, 0.35)
Epoch: [1/182], Loss: 25316.7, RTE: 41.80, Pred (dx,dy): (-0.68, -0.42), GT: (-11.24, -13.33)
Epoch: [1/182], Loss: 21319.4, RTE: 38.10, Pred (dx,dy): (-1.01, 0.46), GT: (-3.08, -2.02)
Epoch: [1/182], Loss: 15500.4, RTE: 34.26, Pred (dx,dy): (0.07, 0.08), GT: (6.42, -10.77)
Epoch: [1/182], Loss: 21816.2, RTE: 39.39, Pred (dx,dy): (-0.15, 0.57), GT: (10.38, -8.10)
Epoch: [1/182], Loss: 21179.8, RTE: 40.37, Pred (dx,dy): (-1.06, 0.23), GT: (-8.67, 8.18)
Epoch: [1/182], Loss: 25991.8, RTE: 44.95, Pred (dx,dy): (-0.11, 0.38), GT: (9.46, 13.87)
Epoch: [1/182], Loss: 25684.5, RTE: 44.66, Pred (dx,dy): (-0.33, 0.68), GT: (5.34, -12.66)
Epoch: [1/182], Loss: 26709.0, RTE: 44.48, Pred (dx,dy): (1.31, 0.21), GT: (13.36, -1.54)
Epoch: [1/182], Loss: 14714.4, RTE: 31.84, Pred (dx,dy): (-0.77, 1.25), GT: (-1.43, -1.48)
Epoch: [1/182], Loss: 14267.9, RTE: 30.58, Pred (dx,dy): (0.25, 1.09), GT: (2.82, 4.11)
Epoch: [1/182], Loss: 19421.1, RTE: 35.77, Pred (dx,dy): (0.70, -0.64), GT: (0.37, -7.11)
Epoch: [1/182], Loss: 25491.9, RTE: 44.81, Pred (dx,dy): (0.31, 0.61), GT: (-5.15, -7.34)
Epoch: [1/182], Loss: 22413.9, RTE: 41.39, Pred (dx,dy): (0.30, -0.21), GT: (-5.68, -8.07)
Epoch: [1/182], Loss: 17017.0, RTE: 32.27, Pred (dx,dy): (-0.45, -1.07), GT: (1.94, 0.21)
Epoch: [1/182], Loss: 24009.1, RTE: 41.07, Pred (dx,dy): (0.75, -1.43), GT: (0.73, 12.89)
Epoch: [1/182], Loss: 24553.9, RTE: 42.53, Pred (dx,dy): (0.44, 0.02), GT: (-2.33, 9.77)
Epoch: [1/182], Loss: 24969.3, RTE: 41.01, Pred (dx,dy): (-1.15, 0.62), GT: (-9.54, 12.90)
Epoch: [1/182], Loss: 20758.3, RTE: 38.94, Pred (dx,dy): (0.74, -0.44), GT: (-7.56, -1.61)
Epoch: [1/182], Loss: 25191.9, RTE: 42.01, Pred (dx,dy): (-0.23, -0.55), GT: (-12.80, -11.99)
Epoch: [1/182], Loss: 13598.9, RTE: 29.56, Pred (dx,dy): (0.31, -0.75), GT: (3.23, 2.94)
Epoch: [1/182], Loss: 26706.8, RTE: 44.96, Pred (dx,dy): (0.39, -0.19), GT: (-12.42, 12.79)
Epoch: [1/182], Loss: 26360.3, RTE: 44.66, Pred (dx,dy): (-0.69, 1.54), GT: (14.58, -1.02)
Epoch: [1/182], Loss: 21096.1, RTE: 38.11, Pred (dx,dy): (0.33, 0.59), GT: (4.61, 1.40)
Epoch: [1/182], Loss: 17183.4, RTE: 35.28, Pred (dx,dy): (0.48, 0.73), GT: (3.70, 14.90)
Epoch: [1/182], Loss: 18564.7, RTE: 34.83, Pred (dx,dy): (-0.06, -0.14), GT: (-6.60, -4.64)
Epoch: [1/182], Loss: 21643.3, RTE: 41.95, Pred (dx,dy): (0.63, -1.83), GT: (-11.06, 10.61)
Epoch: [1/182], Loss: 25311.5, RTE: 43.84, Pred (dx,dy): (0.14, -1.38), GT: (-7.87, -8.44)
Epoch: [1/182], Loss: 17837.1, RTE: 36.51, Pred (dx,dy): (-0.97, 0.59), GT: (-13.09, 3.94)
Epoch: [1/182], Loss: 21589.3, RTE: 35.15, Pred (dx,dy): (-1.40, 1.10), GT: (14.20, -2.20)
Epoch: [1/182], Loss: 17150.5, RTE: 36.14, Pred (dx,dy): (0.80, 1.12), GT: (7.51, 9.94)
Epoch: [1/182], Loss: 35721.6, RTE: 52.87, Pred (dx,dy): (-0.32, 1.44), GT: (14.26, 4.39)
Epoch: [1/182], Loss: 18382.3, RTE: 37.34, Pred (dx,dy): (0.38, 0.08), GT: (12.16, -5.59)
Epoch: [1/182], Loss: 19076.5, RTE: 35.76, Pred (dx,dy): (-0.09, 0.76), GT: (1.46, 11.87)
Epoch: [1/182], Loss: 26775.7, RTE: 44.38, Pred (dx,dy): (-0.37, -0.18), GT: (11.64, 14.98)
Epoch: [1/182], Loss: 28788.8, RTE: 47.28, Pred (dx,dy): (0.87, 0.18), GT: (9.04, -14.67)
[   500, 500/ 989, 0.0000326] 22074.8280, 8.4536, 84.5363, 256.1153, 255.1836, 
Epoch: [1/182], Loss: 23518.2, RTE: 42.04, Pred (dx,dy): (0.28, -0.42), GT: (-5.83, -11.52)
Epoch: [1/182], Loss: 19495.0, RTE: 37.14, Pred (dx,dy): (-0.93, 0.30), GT: (3.28, 5.45)
Epoch: [1/182], Loss: 13029.8, RTE: 29.03, Pred (dx,dy): (0.09, 0.80), GT: (-6.18, 3.39)
Epoch: [1/182], Loss: 19718.6, RTE: 39.21, Pred (dx,dy): (-0.33, 1.06), GT: (-1.13, -9.11)
Epoch: [1/182], Loss: 19408.5, RTE: 38.65, Pred (dx,dy): (-0.15, 0.76), GT: (-4.19, 13.66)
Epoch: [1/182], Loss: 13712.0, RTE: 31.26, Pred (dx,dy): (-0.29, 1.32), GT: (8.83, 7.22)
Epoch: [1/182], Loss: 19828.5, RTE: 38.36, Pred (dx,dy): (-0.13, -0.05), GT: (14.16, 5.57)
Epoch: [1/182], Loss: 23685.2, RTE: 38.58, Pred (dx,dy): (-0.24, 0.36), GT: (-0.78, 2.03)
Epoch: [1/182], Loss: 20949.1, RTE: 38.05, Pred (dx,dy): (0.95, 0.53), GT: (12.42, -3.33)
Epoch: [1/182], Loss: 24412.7, RTE: 42.44, Pred (dx,dy): (0.67, -0.72), GT: (1.55, 11.19)
Epoch: [1/182], Loss: 22061.4, RTE: 39.43, Pred (dx,dy): (0.27, -0.56), GT: (9.16, -1.67)
Epoch: [1/182], Loss: 22755.0, RTE: 39.55, Pred (dx,dy): (0.06, 0.13), GT: (-7.24, -6.71)
Epoch: [1/182], Loss: 18755.1, RTE: 36.99, Pred (dx,dy): (-0.23, 0.48), GT: (2.48, -9.95)
Epoch: [1/182], Loss: 33005.6, RTE: 48.39, Pred (dx,dy): (0.58, 0.36), GT: (8.01, -10.29)
Epoch: [1/182], Loss: 22181.6, RTE: 41.24, Pred (dx,dy): (-1.15, -1.46), GT: (-7.02, -12.05)
Epoch: [1/182], Loss: 26839.3, RTE: 42.63, Pred (dx,dy): (-0.07, -0.39), GT: (10.06, -5.04)
Epoch: [1/182], Loss: 25949.4, RTE: 43.57, Pred (dx,dy): (-0.20, 0.81), GT: (-2.76, -3.90)
Epoch: [1/182], Loss: 21322.0, RTE: 39.81, Pred (dx,dy): (0.49, -0.73), GT: (-11.70, -0.24)
Epoch: [1/182], Loss: 25415.9, RTE: 42.32, Pred (dx,dy): (1.66, -0.41), GT: (1.48, 8.36)
Epoch: [1/182], Loss: 16057.5, RTE: 33.43, Pred (dx,dy): (1.01, -0.63), GT: (8.75, -4.86)
Epoch: [1/182], Loss: 17992.0, RTE: 36.32, Pred (dx,dy): (-0.16, 0.13), GT: (2.14, 8.76)
Epoch: [1/182], Loss: 23655.4, RTE: 40.92, Pred (dx,dy): (0.41, -0.17), GT: (-6.18, 9.42)
Epoch: [1/182], Loss: 25470.8, RTE: 43.85, Pred (dx,dy): (0.19, 0.52), GT: (-13.77, -9.74)
Epoch: [1/182], Loss: 15820.5, RTE: 34.09, Pred (dx,dy): (0.29, -0.90), GT: (6.65, 9.69)
Epoch: [1/182], Loss: 13134.1, RTE: 27.56, Pred (dx,dy): (-0.43, 0.26), GT: (3.03, 1.65)
Epoch: [1/182], Loss: 21088.2, RTE: 38.81, Pred (dx,dy): (0.25, -0.12), GT: (-5.08, 4.48)
Epoch: [1/182], Loss: 19049.4, RTE: 35.00, Pred (dx,dy): (0.31, -1.82), GT: (11.77, 12.64)
Epoch: [1/182], Loss: 10530.9, RTE: 27.58, Pred (dx,dy): (-1.16, 0.35), GT: (5.06, -3.32)
Epoch: [1/182], Loss: 24244.6, RTE: 41.34, Pred (dx,dy): (-0.84, -0.65), GT: (-10.64, -10.13)
Epoch: [1/182], Loss: 16725.3, RTE: 34.47, Pred (dx,dy): (-0.73, -0.96), GT: (-5.01, -6.44)
Epoch: [1/182], Loss: 21820.1, RTE: 39.60, Pred (dx,dy): (-0.71, -1.48), GT: (11.16, 12.94)
Epoch: [1/182], Loss: 19743.0, RTE: 36.94, Pred (dx,dy): (-1.22, -0.42), GT: (-4.39, 0.29)
Epoch: [1/182], Loss: 22143.5, RTE: 39.62, Pred (dx,dy): (0.50, 0.13), GT: (7.46, 8.79)
Epoch: [1/182], Loss: 24584.7, RTE: 41.96, Pred (dx,dy): (-0.62, -0.03), GT: (11.75, 8.90)
Epoch: [1/182], Loss: 29304.7, RTE: 48.07, Pred (dx,dy): (-0.13, -0.75), GT: (13.67, -12.27)
Epoch: [1/182], Loss: 20066.7, RTE: 38.16, Pred (dx,dy): (0.65, -0.41), GT: (-11.61, 6.34)
Epoch: [1/182], Loss: 17570.8, RTE: 33.34, Pred (dx,dy): (0.38, 0.85), GT: (-12.18, 3.47)
Epoch: [1/182], Loss: 21746.6, RTE: 40.51, Pred (dx,dy): (0.64, 1.10), GT: (1.01, 14.50)
Epoch: [1/182], Loss: 21579.2, RTE: 37.55, Pred (dx,dy): (0.81, -1.19), GT: (3.03, -0.05)
Epoch: [1/182], Loss: 16059.0, RTE: 32.84, Pred (dx,dy): (-0.36, 0.83), GT: (-11.49, 3.69)
Epoch: [1/182], Loss: 26542.1, RTE: 40.89, Pred (dx,dy): (-0.37, -0.65), GT: (14.77, 14.07)
Epoch: [1/182], Loss: 19442.9, RTE: 37.00, Pred (dx,dy): (-0.15, -0.23), GT: (12.75, 0.19)
Epoch: [1/182], Loss: 19387.6, RTE: 36.71, Pred (dx,dy): (-0.13, 0.77), GT: (10.05, 6.70)
Epoch: [1/182], Loss: 22279.5, RTE: 38.09, Pred (dx,dy): (1.61, -0.30), GT: (9.81, 12.52)
Epoch: [1/182], Loss: 20622.5, RTE: 37.38, Pred (dx,dy): (0.92, -0.70), GT: (8.57, -5.50)
Epoch: [1/182], Loss: 17503.6, RTE: 34.42, Pred (dx,dy): (-1.54, -0.28), GT: (3.34, -5.34)
Epoch: [1/182], Loss: 21492.5, RTE: 40.75, Pred (dx,dy): (-0.40, 0.84), GT: (13.76, 9.35)
Epoch: [1/182], Loss: 20826.7, RTE: 39.87, Pred (dx,dy): (-1.73, -0.76), GT: (1.68, 9.92)
Epoch: [1/182], Loss: 15801.0, RTE: 34.88, Pred (dx,dy): (0.12, 0.09), GT: (-11.86, 0.96)
Epoch: [1/182], Loss: 21012.8, RTE: 38.45, Pred (dx,dy): (-0.29, 0.78), GT: (-8.60, -10.81)
Epoch: [1/182], Loss: 20065.4, RTE: 39.11, Pred (dx,dy): (-0.86, 0.11), GT: (-0.97, -12.39)
Epoch: [1/182], Loss: 20445.0, RTE: 38.32, Pred (dx,dy): (0.47, 0.44), GT: (5.19, -4.71)
Epoch: [1/182], Loss: 19576.6, RTE: 38.06, Pred (dx,dy): (0.31, -0.25), GT: (10.71, -7.40)
Epoch: [1/182], Loss: 15612.9, RTE: 31.62, Pred (dx,dy): (0.45, -1.07), GT: (-13.47, 3.61)
Epoch: [1/182], Loss: 12520.1, RTE: 30.11, Pred (dx,dy): (0.43, -0.76), GT: (-0.80, -9.95)
Epoch: [1/182], Loss: 20353.8, RTE: 36.79, Pred (dx,dy): (-0.09, 0.41), GT: (-9.23, -11.17)
Epoch: [1/182], Loss: 20609.5, RTE: 37.68, Pred (dx,dy): (0.25, 0.44), GT: (13.29, 6.91)
Epoch: [1/182], Loss: 19377.8, RTE: 37.36, Pred (dx,dy): (-0.45, 0.10), GT: (-12.17, -7.53)
Epoch: [1/182], Loss: 23007.0, RTE: 40.60, Pred (dx,dy): (0.66, -1.67), GT: (-8.29, -7.92)
Epoch: [1/182], Loss: 19233.7, RTE: 37.85, Pred (dx,dy): (0.98, -0.71), GT: (6.60, -3.30)
Epoch: [1/182], Loss: 25361.4, RTE: 44.17, Pred (dx,dy): (1.53, -0.27), GT: (14.61, -12.50)
Epoch: [1/182], Loss: 9167.8, RTE: 25.76, Pred (dx,dy): (-1.33, 0.32), GT: (-7.91, 0.33)
Epoch: [1/182], Loss: 21096.2, RTE: 38.48, Pred (dx,dy): (1.19, -0.87), GT: (2.59, 12.12)
Epoch: [1/182], Loss: 16887.2, RTE: 34.24, Pred (dx,dy): (0.34, -0.96), GT: (8.96, 9.55)
Epoch: [1/182], Loss: 11491.8, RTE: 28.06, Pred (dx,dy): (-0.75, 0.35), GT: (12.73, 2.91)
Epoch: [1/182], Loss: 19552.1, RTE: 37.30, Pred (dx,dy): (0.63, -1.27), GT: (-11.19, -8.34)
Epoch: [1/182], Loss: 22136.5, RTE: 39.62, Pred (dx,dy): (-0.04, 0.13), GT: (-11.99, -4.05)
Epoch: [1/182], Loss: 17333.5, RTE: 36.12, Pred (dx,dy): (-0.25, -1.11), GT: (6.98, -3.07)
Epoch: [1/182], Loss: 31153.4, RTE: 49.19, Pred (dx,dy): (-0.00, -0.36), GT: (-8.11, 14.72)
Epoch: [1/182], Loss: 22632.7, RTE: 39.45, Pred (dx,dy): (0.48, -0.28), GT: (14.22, -2.28)
Epoch: [1/182], Loss: 18951.1, RTE: 36.16, Pred (dx,dy): (-0.18, 0.61), GT: (-1.15, 2.49)
Epoch: [1/182], Loss: 26761.4, RTE: 44.35, Pred (dx,dy): (-0.02, 0.50), GT: (-10.25, 8.87)
Epoch: [1/182], Loss: 26595.8, RTE: 43.29, Pred (dx,dy): (0.19, -0.31), GT: (-11.27, 3.56)
Epoch: [1/182], Loss: 15140.3, RTE: 31.08, Pred (dx,dy): (0.60, 0.53), GT: (0.28, -4.65)
Epoch: [1/182], Loss: 23357.7, RTE: 43.23, Pred (dx,dy): (1.35, 1.12), GT: (1.45, 12.40)
Epoch: [1/182], Loss: 12515.1, RTE: 29.01, Pred (dx,dy): (-1.36, 0.57), GT: (-1.38, 6.13)
Epoch: [1/182], Loss: 12104.1, RTE: 29.80, Pred (dx,dy): (-0.07, 0.32), GT: (-7.01, 11.34)
Epoch: [1/182], Loss: 18382.1, RTE: 35.52, Pred (dx,dy): (0.37, 0.39), GT: (7.78, 12.75)
Epoch: [1/182], Loss: 21524.5, RTE: 41.29, Pred (dx,dy): (-0.23, -0.54), GT: (-10.34, -10.14)
Epoch: [1/182], Loss: 14899.4, RTE: 31.76, Pred (dx,dy): (0.48, -0.23), GT: (8.50, -14.65)
Epoch: [1/182], Loss: 14245.6, RTE: 31.36, Pred (dx,dy): (0.43, 0.10), GT: (5.96, -13.81)
Epoch: [1/182], Loss: 16844.5, RTE: 35.75, Pred (dx,dy): (-0.43, 1.31), GT: (1.70, -12.31)
Epoch: [1/182], Loss: 28235.8, RTE: 46.27, Pred (dx,dy): (0.77, -0.92), GT: (7.13, -9.52)
Epoch: [1/182], Loss: 14538.7, RTE: 32.49, Pred (dx,dy): (1.63, 0.56), GT: (6.12, 2.21)
Epoch: [1/182], Loss: 28401.0, RTE: 42.86, Pred (dx,dy): (0.37, -1.23), GT: (-4.79, -1.31)
Epoch: [1/182], Loss: 16283.1, RTE: 31.18, Pred (dx,dy): (-1.33, 0.92), GT: (-12.18, -10.29)
Epoch: [1/182], Loss: 21398.0, RTE: 36.92, Pred (dx,dy): (1.37, -1.03), GT: (0.59, 8.68)
Epoch: [1/182], Loss: 13908.0, RTE: 30.38, Pred (dx,dy): (-0.47, -0.62), GT: (1.21, 4.91)
Epoch: [1/182], Loss: 17263.5, RTE: 33.03, Pred (dx,dy): (-0.42, -1.67), GT: (-1.76, -7.00)
Epoch: [1/182], Loss: 18520.9, RTE: 35.44, Pred (dx,dy): (-0.27, 0.80), GT: (5.65, 14.07)
Epoch: [1/182], Loss: 17494.6, RTE: 35.60, Pred (dx,dy): (-0.23, 0.95), GT: (-2.44, -12.30)
Epoch: [1/182], Loss: 20555.4, RTE: 37.68, Pred (dx,dy): (1.81, -1.50), GT: (2.93, -12.25)
Epoch: [1/182], Loss: 16438.2, RTE: 33.16, Pred (dx,dy): (0.40, 0.76), GT: (-0.16, 3.28)
Epoch: [1/182], Loss: 23599.5, RTE: 41.08, Pred (dx,dy): (-1.20, 0.45), GT: (14.86, 12.02)
Epoch: [1/182], Loss: 17905.9, RTE: 35.46, Pred (dx,dy): (0.04, -0.85), GT: (-11.10, 5.53)
Epoch: [1/182], Loss: 24530.6, RTE: 42.36, Pred (dx,dy): (0.40, 1.14), GT: (-14.60, 12.44)
Epoch: [1/182], Loss: 23704.0, RTE: 41.60, Pred (dx,dy): (-0.75, -0.00), GT: (-8.04, -14.78)
Epoch: [1/182], Loss: 21439.3, RTE: 38.55, Pred (dx,dy): (0.45, 1.21), GT: (-10.01, 14.98)
Epoch: [1/182], Loss: 27464.3, RTE: 45.35, Pred (dx,dy): (-2.41, 0.44), GT: (-2.46, 8.02)
Epoch: [1/182], Loss: 15758.1, RTE: 32.69, Pred (dx,dy): (0.16, 0.26), GT: (-0.80, 8.11)
[   600, 600/ 989, 0.0000364] 20176.3932, 7.7010, 77.0100, 255.7867, 254.7695, 
Epoch: [1/182], Loss: 25441.4, RTE: 42.94, Pred (dx,dy): (-0.74, -0.85), GT: (-5.48, -9.84)
Epoch: [1/182], Loss: 23075.8, RTE: 38.79, Pred (dx,dy): (-0.24, -0.24), GT: (12.74, -0.42)
Epoch: [1/182], Loss: 11735.1, RTE: 28.66, Pred (dx,dy): (0.30, 1.15), GT: (-0.48, 12.38)
Epoch: [1/182], Loss: 19269.0, RTE: 35.05, Pred (dx,dy): (-1.41, -0.93), GT: (-8.00, 3.42)
Epoch: [1/182], Loss: 20315.8, RTE: 37.83, Pred (dx,dy): (-0.06, -0.92), GT: (2.92, -1.25)
Epoch: [1/182], Loss: 17390.9, RTE: 35.74, Pred (dx,dy): (-1.21, -0.02), GT: (-5.32, 11.95)
Epoch: [1/182], Loss: 28472.3, RTE: 47.88, Pred (dx,dy): (-0.57, -0.15), GT: (-4.88, 8.10)
Epoch: [1/182], Loss: 16430.1, RTE: 33.92, Pred (dx,dy): (1.20, -0.29), GT: (13.89, -11.45)
Epoch: [1/182], Loss: 16329.3, RTE: 35.19, Pred (dx,dy): (-0.45, -0.82), GT: (12.29, -0.03)
Epoch: [1/182], Loss: 27590.4, RTE: 44.95, Pred (dx,dy): (-1.08, -0.86), GT: (-4.50, -10.54)
Epoch: [1/182], Loss: 15920.8, RTE: 30.59, Pred (dx,dy): (0.54, 0.70), GT: (-4.92, 4.50)
Epoch: [1/182], Loss: 24311.8, RTE: 41.97, Pred (dx,dy): (0.04, -0.84), GT: (-13.67, -9.01)
Epoch: [1/182], Loss: 24321.1, RTE: 42.54, Pred (dx,dy): (-0.02, 0.86), GT: (1.21, 4.88)
Epoch: [1/182], Loss: 22575.0, RTE: 38.71, Pred (dx,dy): (0.64, 0.57), GT: (-2.81, 1.90)
Epoch: [1/182], Loss: 19275.2, RTE: 35.90, Pred (dx,dy): (0.73, -1.04), GT: (8.90, -12.60)
Epoch: [1/182], Loss: 16519.5, RTE: 34.07, Pred (dx,dy): (1.37, -0.43), GT: (13.91, -5.56)
Epoch: [1/182], Loss: 22161.2, RTE: 40.11, Pred (dx,dy): (0.43, 1.04), GT: (-1.15, 8.50)
Epoch: [1/182], Loss: 20510.3, RTE: 37.47, Pred (dx,dy): (0.13, -0.26), GT: (-11.23, -2.92)
Epoch: [1/182], Loss: 18736.2, RTE: 33.84, Pred (dx,dy): (-1.32, 0.72), GT: (-1.49, 3.88)
Epoch: [1/182], Loss: 25357.0, RTE: 40.81, Pred (dx,dy): (0.41, -0.72), GT: (14.28, -3.60)
Epoch: [1/182], Loss: 23412.0, RTE: 42.57, Pred (dx,dy): (0.45, 0.10), GT: (-13.84, -3.69)
Epoch: [1/182], Loss: 25673.5, RTE: 43.47, Pred (dx,dy): (-0.17, 0.35), GT: (12.58, 6.86)
Epoch: [1/182], Loss: 16118.2, RTE: 33.15, Pred (dx,dy): (-0.17, -0.40), GT: (6.72, 9.83)
Epoch: [1/182], Loss: 20147.2, RTE: 38.29, Pred (dx,dy): (-0.44, 1.31), GT: (-13.78, -7.67)
Epoch: [1/182], Loss: 16423.4, RTE: 34.30, Pred (dx,dy): (0.36, 0.45), GT: (8.30, 7.05)
Epoch: [1/182], Loss: 22321.2, RTE: 40.08, Pred (dx,dy): (-0.54, -0.01), GT: (7.42, 1.89)
Epoch: [1/182], Loss: 21180.4, RTE: 39.38, Pred (dx,dy): (-1.20, -0.43), GT: (11.26, 6.64)
Epoch: [1/182], Loss: 16994.3, RTE: 32.97, Pred (dx,dy): (0.45, -0.29), GT: (7.37, 14.04)
Epoch: [1/182], Loss: 17460.3, RTE: 36.54, Pred (dx,dy): (-0.97, 1.59), GT: (6.11, 9.85)
Epoch: [1/182], Loss: 16713.7, RTE: 33.30, Pred (dx,dy): (-0.66, -0.73), GT: (8.18, -6.35)
Epoch: [1/182], Loss: 14050.2, RTE: 28.47, Pred (dx,dy): (0.32, 0.70), GT: (-9.22, -12.14)
Epoch: [1/182], Loss: 17371.9, RTE: 34.27, Pred (dx,dy): (1.22, 0.01), GT: (6.23, 2.77)
Epoch: [1/182], Loss: 25107.8, RTE: 43.26, Pred (dx,dy): (-0.33, -0.04), GT: (-13.85, 14.87)
Epoch: [1/182], Loss: 13555.4, RTE: 30.11, Pred (dx,dy): (-1.16, -0.67), GT: (-5.85, -3.41)
Epoch: [1/182], Loss: 21193.0, RTE: 37.89, Pred (dx,dy): (-0.60, 0.46), GT: (11.18, -4.67)
Epoch: [1/182], Loss: 24493.6, RTE: 43.74, Pred (dx,dy): (2.23, -0.16), GT: (13.56, 3.77)
Epoch: [1/182], Loss: 15680.4, RTE: 31.78, Pred (dx,dy): (-0.69, -0.81), GT: (-5.24, -3.37)
Epoch: [1/182], Loss: 11970.9, RTE: 26.51, Pred (dx,dy): (-1.14, 1.06), GT: (4.65, 7.80)
Epoch: [1/182], Loss: 20736.5, RTE: 36.42, Pred (dx,dy): (-1.27, 0.16), GT: (-11.69, 8.50)
Epoch: [1/182], Loss: 18328.4, RTE: 35.67, Pred (dx,dy): (1.16, -2.60), GT: (11.40, -4.30)
Epoch: [1/182], Loss: 21088.2, RTE: 38.96, Pred (dx,dy): (-0.31, 1.02), GT: (-11.29, -1.29)
Epoch: [1/182], Loss: 23471.7, RTE: 42.52, Pred (dx,dy): (-1.32, -1.26), GT: (-14.98, 5.84)
Epoch: [1/182], Loss: 26346.8, RTE: 45.02, Pred (dx,dy): (-0.34, 1.37), GT: (14.84, 9.23)
Epoch: [1/182], Loss: 25441.4, RTE: 42.61, Pred (dx,dy): (-0.30, -0.49), GT: (-9.20, 10.59)
Epoch: [1/182], Loss: 18935.5, RTE: 38.04, Pred (dx,dy): (0.19, 1.83), GT: (5.94, 11.63)
Epoch: [1/182], Loss: 14755.0, RTE: 32.43, Pred (dx,dy): (-0.00, -0.74), GT: (11.76, -0.27)
Epoch: [1/182], Loss: 24702.4, RTE: 42.33, Pred (dx,dy): (-1.44, 0.68), GT: (8.05, 9.48)
Epoch: [1/182], Loss: 20007.1, RTE: 37.17, Pred (dx,dy): (0.67, -2.48), GT: (14.27, -10.45)
Epoch: [1/182], Loss: 14678.5, RTE: 32.37, Pred (dx,dy): (0.11, -0.29), GT: (-6.22, -7.79)
Epoch: [1/182], Loss: 25770.9, RTE: 41.58, Pred (dx,dy): (0.19, -0.57), GT: (6.64, 3.70)
Epoch: [1/182], Loss: 25475.9, RTE: 42.66, Pred (dx,dy): (1.25, 1.27), GT: (-7.04, 13.10)
Epoch: [1/182], Loss: 18411.2, RTE: 35.67, Pred (dx,dy): (0.25, 1.12), GT: (13.55, -0.41)
Epoch: [1/182], Loss: 21415.3, RTE: 41.03, Pred (dx,dy): (-0.52, -0.45), GT: (6.88, -7.41)
Epoch: [1/182], Loss: 22441.2, RTE: 42.45, Pred (dx,dy): (-0.33, 0.63), GT: (-10.68, 8.07)
Epoch: [1/182], Loss: 26812.4, RTE: 43.19, Pred (dx,dy): (-0.08, 0.39), GT: (-0.68, 10.63)
Epoch: [1/182], Loss: 17141.7, RTE: 32.31, Pred (dx,dy): (0.86, -0.15), GT: (4.68, -4.32)
Epoch: [1/182], Loss: 16969.4, RTE: 31.99, Pred (dx,dy): (0.95, 0.79), GT: (1.53, 6.30)
Epoch: [1/182], Loss: 18568.7, RTE: 36.33, Pred (dx,dy): (-0.69, 0.23), GT: (13.90, -7.14)
Epoch: [1/182], Loss: 19612.2, RTE: 34.12, Pred (dx,dy): (1.02, 0.69), GT: (12.53, 11.71)
Epoch: [1/182], Loss: 19682.6, RTE: 36.38, Pred (dx,dy): (0.22, -0.28), GT: (-13.79, -7.47)
Epoch: [1/182], Loss: 19131.0, RTE: 33.48, Pred (dx,dy): (-0.01, -0.67), GT: (14.59, -10.18)
Epoch: [1/182], Loss: 16559.1, RTE: 33.53, Pred (dx,dy): (-0.37, -0.21), GT: (-6.28, 7.85)
Epoch: [1/182], Loss: 13182.3, RTE: 28.01, Pred (dx,dy): (-0.18, -0.31), GT: (-0.58, 0.19)
Epoch: [1/182], Loss: 15011.0, RTE: 31.96, Pred (dx,dy): (2.25, -0.84), GT: (1.30, -10.81)
Epoch: [1/182], Loss: 25902.7, RTE: 44.75, Pred (dx,dy): (0.01, 0.25), GT: (-9.78, -5.72)
Epoch: [1/182], Loss: 11650.0, RTE: 25.73, Pred (dx,dy): (-0.25, 1.36), GT: (5.32, 3.35)
Epoch: [1/182], Loss: 21741.8, RTE: 39.05, Pred (dx,dy): (-0.23, -1.29), GT: (-12.05, -6.04)
Epoch: [1/182], Loss: 16826.7, RTE: 34.40, Pred (dx,dy): (-0.84, -0.91), GT: (1.07, -7.00)
Epoch: [1/182], Loss: 14545.4, RTE: 31.86, Pred (dx,dy): (0.65, -1.03), GT: (12.74, -0.05)
Epoch: [1/182], Loss: 20935.4, RTE: 38.31, Pred (dx,dy): (0.45, 0.35), GT: (-14.86, 11.34)
Epoch: [1/182], Loss: 20522.1, RTE: 37.81, Pred (dx,dy): (0.63, -0.17), GT: (-9.88, -8.70)
Epoch: [1/182], Loss: 15042.3, RTE: 31.16, Pred (dx,dy): (1.03, -0.95), GT: (2.29, -13.60)
Epoch: [1/182], Loss: 16889.6, RTE: 34.57, Pred (dx,dy): (-0.33, 0.90), GT: (10.81, 2.87)
Epoch: [1/182], Loss: 27042.9, RTE: 44.36, Pred (dx,dy): (-0.54, -1.75), GT: (-7.25, -13.67)
Epoch: [1/182], Loss: 26211.4, RTE: 43.30, Pred (dx,dy): (0.31, -0.30), GT: (2.24, -13.12)
Epoch: [1/182], Loss: 18395.1, RTE: 36.11, Pred (dx,dy): (-0.04, -0.86), GT: (3.28, 0.38)
Epoch: [1/182], Loss: 21470.2, RTE: 37.54, Pred (dx,dy): (0.76, -0.44), GT: (12.02, -10.92)
Epoch: [1/182], Loss: 17403.7, RTE: 31.66, Pred (dx,dy): (-0.17, 1.71), GT: (-3.73, 3.10)
Epoch: [1/182], Loss: 13530.2, RTE: 30.55, Pred (dx,dy): (0.29, -0.23), GT: (0.31, 2.84)
Epoch: [1/182], Loss: 21397.5, RTE: 38.65, Pred (dx,dy): (-0.08, -0.40), GT: (-5.06, -10.08)
Epoch: [1/182], Loss: 21019.1, RTE: 38.72, Pred (dx,dy): (-0.97, 0.83), GT: (13.53, 3.43)
Epoch: [1/182], Loss: 16287.4, RTE: 30.91, Pred (dx,dy): (-0.01, -0.78), GT: (0.87, -5.16)
Epoch: [1/182], Loss: 21763.0, RTE: 39.34, Pred (dx,dy): (-1.13, 1.24), GT: (-2.94, -1.32)
Epoch: [1/182], Loss: 24179.2, RTE: 41.42, Pred (dx,dy): (-0.81, 0.17), GT: (9.27, 13.86)
Epoch: [1/182], Loss: 24336.0, RTE: 40.80, Pred (dx,dy): (0.16, 0.30), GT: (-10.82, -5.28)
Epoch: [1/182], Loss: 15288.7, RTE: 31.23, Pred (dx,dy): (-0.01, -0.81), GT: (7.30, -3.66)
Epoch: [1/182], Loss: 21880.1, RTE: 40.83, Pred (dx,dy): (0.97, 1.17), GT: (11.94, 11.45)
Epoch: [1/182], Loss: 26308.2, RTE: 43.78, Pred (dx,dy): (-1.21, 0.19), GT: (-2.10, 11.75)
Epoch: [1/182], Loss: 18249.3, RTE: 35.98, Pred (dx,dy): (0.43, -1.81), GT: (4.67, -13.46)
Epoch: [1/182], Loss: 17005.3, RTE: 32.12, Pred (dx,dy): (1.99, -0.16), GT: (5.06, 7.17)
Epoch: [1/182], Loss: 18001.8, RTE: 35.73, Pred (dx,dy): (-0.37, 0.57), GT: (-12.12, -10.73)
Epoch: [1/182], Loss: 18138.5, RTE: 34.72, Pred (dx,dy): (-0.12, -0.69), GT: (7.79, -14.91)
Epoch: [1/182], Loss: 18273.6, RTE: 35.37, Pred (dx,dy): (-1.05, -1.82), GT: (-11.62, 10.41)
Epoch: [1/182], Loss: 15417.9, RTE: 32.45, Pred (dx,dy): (0.63, -0.23), GT: (0.88, -6.09)
Epoch: [1/182], Loss: 21567.3, RTE: 37.97, Pred (dx,dy): (0.02, -0.04), GT: (7.65, 4.81)
Epoch: [1/182], Loss: 14020.1, RTE: 31.48, Pred (dx,dy): (0.35, -2.30), GT: (-1.35, -9.23)
Epoch: [1/182], Loss: 21519.8, RTE: 38.91, Pred (dx,dy): (-0.12, -0.50), GT: (-0.01, -5.10)
Epoch: [1/182], Loss: 23345.7, RTE: 42.03, Pred (dx,dy): (-1.05, -1.11), GT: (-8.44, 11.02)
Epoch: [1/182], Loss: 24985.1, RTE: 41.88, Pred (dx,dy): (0.85, -1.47), GT: (-3.08, -14.01)
Epoch: [1/182], Loss: 24340.4, RTE: 43.22, Pred (dx,dy): (-0.69, 0.70), GT: (-11.33, 11.39)
[   700, 700/ 989, 0.0000401] 19975.1926, 7.4419, 74.4193, 255.3546, 254.3467, 
Epoch: [1/182], Loss: 27245.1, RTE: 45.18, Pred (dx,dy): (0.73, -0.03), GT: (-6.67, 14.71)
Epoch: [1/182], Loss: 11472.4, RTE: 27.64, Pred (dx,dy): (-0.72, 0.12), GT: (6.03, -0.89)
Epoch: [1/182], Loss: 14473.2, RTE: 30.02, Pred (dx,dy): (-0.49, 0.71), GT: (7.87, 12.96)
Epoch: [1/182], Loss: 18593.0, RTE: 35.79, Pred (dx,dy): (0.90, -1.20), GT: (12.39, -8.58)
Epoch: [1/182], Loss: 17766.9, RTE: 37.09, Pred (dx,dy): (0.55, -0.26), GT: (12.53, 6.99)
Epoch: [1/182], Loss: 25395.8, RTE: 41.37, Pred (dx,dy): (-0.67, 1.45), GT: (5.81, 7.77)
Epoch: [1/182], Loss: 21932.1, RTE: 41.61, Pred (dx,dy): (0.63, 0.36), GT: (0.49, 11.59)
Epoch: [1/182], Loss: 16303.4, RTE: 34.32, Pred (dx,dy): (1.36, -0.99), GT: (-7.03, -7.41)
Epoch: [1/182], Loss: 15291.3, RTE: 31.73, Pred (dx,dy): (-0.78, 0.12), GT: (-1.43, -4.15)
Epoch: [1/182], Loss: 27683.6, RTE: 46.76, Pred (dx,dy): (0.66, -0.32), GT: (11.43, -14.35)
Epoch: [1/182], Loss: 17561.4, RTE: 35.75, Pred (dx,dy): (0.05, 0.07), GT: (1.80, -0.31)
Epoch: [1/182], Loss: 21261.3, RTE: 38.46, Pred (dx,dy): (-0.07, -1.38), GT: (14.45, -7.08)
Epoch: [1/182], Loss: 19013.5, RTE: 37.13, Pred (dx,dy): (0.27, 1.69), GT: (13.42, 10.18)
Epoch: [1/182], Loss: 15691.4, RTE: 33.32, Pred (dx,dy): (-0.06, 0.92), GT: (-3.99, 13.47)
Epoch: [1/182], Loss: 17423.6, RTE: 32.59, Pred (dx,dy): (-1.82, 0.18), GT: (5.65, -0.68)
Epoch: [1/182], Loss: 19150.5, RTE: 35.10, Pred (dx,dy): (-0.42, -0.45), GT: (0.31, 10.62)
Epoch: [1/182], Loss: 17869.4, RTE: 35.08, Pred (dx,dy): (0.75, 0.10), GT: (-4.47, 10.61)
Epoch: [1/182], Loss: 17268.8, RTE: 34.00, Pred (dx,dy): (-0.50, -0.32), GT: (12.16, 8.77)
Epoch: [1/182], Loss: 12829.6, RTE: 27.60, Pred (dx,dy): (0.91, 0.77), GT: (3.56, 3.40)
Epoch: [1/182], Loss: 20791.2, RTE: 37.51, Pred (dx,dy): (-0.60, -1.51), GT: (-9.78, -13.32)
Epoch: [1/182], Loss: 13654.9, RTE: 29.05, Pred (dx,dy): (-0.17, 0.55), GT: (5.58, 0.29)
Epoch: [1/182], Loss: 19667.9, RTE: 37.45, Pred (dx,dy): (-0.96, -1.86), GT: (0.31, 8.35)
Epoch: [1/182], Loss: 14901.3, RTE: 33.85, Pred (dx,dy): (1.97, -0.47), GT: (11.20, 5.03)
Epoch: [1/182], Loss: 21126.0, RTE: 40.18, Pred (dx,dy): (-0.31, -0.23), GT: (12.43, 7.59)
Epoch: [1/182], Loss: 19545.3, RTE: 37.12, Pred (dx,dy): (0.02, -0.69), GT: (-13.69, 0.81)
Epoch: [1/182], Loss: 12740.7, RTE: 29.23, Pred (dx,dy): (0.45, -1.29), GT: (-2.07, -0.78)
Epoch: [1/182], Loss: 12265.0, RTE: 27.31, Pred (dx,dy): (-0.51, -1.61), GT: (-8.68, -6.01)
Epoch: [1/182], Loss: 14513.1, RTE: 28.97, Pred (dx,dy): (-0.01, -0.26), GT: (-2.48, -1.88)
Epoch: [1/182], Loss: 28674.2, RTE: 46.28, Pred (dx,dy): (2.30, -1.08), GT: (12.16, 14.40)
Epoch: [1/182], Loss: 21684.3, RTE: 39.83, Pred (dx,dy): (-0.90, -2.04), GT: (-12.24, 12.25)
Epoch: [1/182], Loss: 25065.1, RTE: 42.66, Pred (dx,dy): (0.89, -1.42), GT: (2.76, -2.61)
Epoch: [1/182], Loss: 16576.3, RTE: 31.12, Pred (dx,dy): (-1.95, 0.85), GT: (5.45, 10.56)
Epoch: [1/182], Loss: 25058.2, RTE: 43.17, Pred (dx,dy): (-0.05, 0.41), GT: (-9.60, 1.50)
Epoch: [1/182], Loss: 21897.9, RTE: 37.95, Pred (dx,dy): (-0.39, 0.30), GT: (-6.76, -10.23)
Epoch: [1/182], Loss: 17237.1, RTE: 35.44, Pred (dx,dy): (0.03, 1.94), GT: (4.04, -9.96)
Epoch: [1/182], Loss: 20366.1, RTE: 38.34, Pred (dx,dy): (1.75, 0.95), GT: (-10.24, 14.64)
Epoch: [1/182], Loss: 13020.0, RTE: 28.81, Pred (dx,dy): (-1.35, 0.06), GT: (-6.31, 0.93)
Epoch: [1/182], Loss: 19197.0, RTE: 35.67, Pred (dx,dy): (0.71, -0.26), GT: (5.31, 13.87)
Epoch: [1/182], Loss: 16350.8, RTE: 32.49, Pred (dx,dy): (1.38, -0.62), GT: (-3.19, 0.61)
Epoch: [1/182], Loss: 14811.8, RTE: 30.47, Pred (dx,dy): (-0.07, 0.59), GT: (-1.70, -0.16)
Epoch: [1/182], Loss: 19121.4, RTE: 38.16, Pred (dx,dy): (-0.37, -1.15), GT: (-8.40, -5.31)
Epoch: [1/182], Loss: 22031.9, RTE: 39.92, Pred (dx,dy): (0.37, 0.73), GT: (10.43, -2.55)
Epoch: [1/182], Loss: 18023.8, RTE: 34.75, Pred (dx,dy): (-2.31, -1.57), GT: (-4.98, -7.72)
Epoch: [1/182], Loss: 17916.6, RTE: 34.29, Pred (dx,dy): (-1.22, -0.07), GT: (-1.73, -1.45)
Epoch: [1/182], Loss: 18015.7, RTE: 33.40, Pred (dx,dy): (-0.52, 0.29), GT: (7.18, -13.85)
Epoch: [1/182], Loss: 11366.6, RTE: 29.01, Pred (dx,dy): (1.71, 1.09), GT: (-0.95, 9.39)
Epoch: [1/182], Loss: 21955.4, RTE: 40.27, Pred (dx,dy): (0.29, 0.64), GT: (-7.54, 4.24)
Epoch: [1/182], Loss: 16446.4, RTE: 30.44, Pred (dx,dy): (0.93, -0.62), GT: (-1.82, 4.61)
Epoch: [1/182], Loss: 14579.9, RTE: 30.73, Pred (dx,dy): (0.80, -0.53), GT: (-6.82, 2.78)
Epoch: [1/182], Loss: 19233.5, RTE: 37.40, Pred (dx,dy): (-0.44, -0.74), GT: (-5.47, -5.13)
Epoch: [1/182], Loss: 17421.7, RTE: 36.36, Pred (dx,dy): (-0.27, 1.08), GT: (-0.70, 10.59)
Epoch: [1/182], Loss: 22199.1, RTE: 40.46, Pred (dx,dy): (2.01, 0.69), GT: (12.75, -13.22)
Epoch: [1/182], Loss: 12439.3, RTE: 27.92, Pred (dx,dy): (0.56, -0.39), GT: (-7.16, 14.86)
Epoch: [1/182], Loss: 18632.3, RTE: 37.33, Pred (dx,dy): (-1.41, 0.64), GT: (-8.72, 6.86)
Epoch: [1/182], Loss: 15330.4, RTE: 32.55, Pred (dx,dy): (1.42, 0.21), GT: (-8.90, 9.75)
Epoch: [1/182], Loss: 17524.1, RTE: 35.80, Pred (dx,dy): (0.14, 1.00), GT: (0.72, 11.02)
Epoch: [1/182], Loss: 15519.0, RTE: 31.46, Pred (dx,dy): (-0.49, 0.58), GT: (0.02, 9.97)
Epoch: [1/182], Loss: 17903.0, RTE: 35.11, Pred (dx,dy): (0.93, 0.03), GT: (-2.08, -13.90)
Epoch: [1/182], Loss: 14461.8, RTE: 31.80, Pred (dx,dy): (0.31, 2.45), GT: (7.08, 0.02)
Epoch: [1/182], Loss: 22780.1, RTE: 40.99, Pred (dx,dy): (0.33, -1.17), GT: (7.33, 11.68)
Epoch: [1/182], Loss: 17165.1, RTE: 33.69, Pred (dx,dy): (-0.49, -0.03), GT: (-6.48, -13.43)
Epoch: [1/182], Loss: 17983.0, RTE: 36.40, Pred (dx,dy): (-0.59, 0.18), GT: (7.13, -2.60)
Epoch: [1/182], Loss: 11766.1, RTE: 25.63, Pred (dx,dy): (-0.92, 1.17), GT: (6.08, 2.21)
Epoch: [1/182], Loss: 8422.7, RTE: 24.11, Pred (dx,dy): (-1.42, 1.11), GT: (4.12, -4.77)
Epoch: [1/182], Loss: 12267.2, RTE: 28.58, Pred (dx,dy): (-1.04, 1.41), GT: (4.86, 8.37)
Epoch: [1/182], Loss: 21469.4, RTE: 37.36, Pred (dx,dy): (-0.54, -2.33), GT: (-13.81, -0.39)
Epoch: [1/182], Loss: 17431.3, RTE: 34.91, Pred (dx,dy): (-0.88, 0.20), GT: (8.35, -5.64)
Epoch: [1/182], Loss: 13298.4, RTE: 28.49, Pred (dx,dy): (0.28, -0.97), GT: (-2.52, 3.06)
Epoch: [1/182], Loss: 17415.4, RTE: 33.67, Pred (dx,dy): (-0.97, 0.65), GT: (-4.43, -3.98)
Epoch: [1/182], Loss: 18985.0, RTE: 35.89, Pred (dx,dy): (-0.57, 0.27), GT: (7.58, 11.27)
Epoch: [1/182], Loss: 17973.6, RTE: 35.63, Pred (dx,dy): (-1.09, 0.79), GT: (9.48, 0.72)
Epoch: [1/182], Loss: 13513.8, RTE: 30.00, Pred (dx,dy): (0.80, 0.49), GT: (8.83, 1.68)
Epoch: [1/182], Loss: 19270.0, RTE: 35.25, Pred (dx,dy): (-1.50, 0.65), GT: (4.40, -8.60)
Epoch: [1/182], Loss: 17930.9, RTE: 36.09, Pred (dx,dy): (-0.70, -0.05), GT: (-11.19, 0.52)
Epoch: [1/182], Loss: 17127.2, RTE: 31.69, Pred (dx,dy): (1.67, 0.43), GT: (-9.63, -4.09)
Epoch: [1/182], Loss: 24444.7, RTE: 40.93, Pred (dx,dy): (-0.18, -2.45), GT: (7.23, -9.24)
Epoch: [1/182], Loss: 15224.6, RTE: 32.45, Pred (dx,dy): (1.17, -0.85), GT: (5.26, -1.10)
Epoch: [1/182], Loss: 18212.2, RTE: 34.93, Pred (dx,dy): (0.66, 0.43), GT: (0.42, 14.78)
Epoch: [1/182], Loss: 25424.3, RTE: 41.85, Pred (dx,dy): (-0.55, 1.24), GT: (10.32, 14.20)
Epoch: [1/182], Loss: 12890.7, RTE: 29.90, Pred (dx,dy): (0.49, -1.21), GT: (-4.14, -6.32)
Epoch: [1/182], Loss: 18865.6, RTE: 35.28, Pred (dx,dy): (-1.02, -0.50), GT: (4.19, 4.62)
Epoch: [1/182], Loss: 19747.0, RTE: 37.27, Pred (dx,dy): (-0.50, 0.06), GT: (1.83, -13.73)
Epoch: [1/182], Loss: 16562.5, RTE: 31.58, Pred (dx,dy): (1.84, -0.43), GT: (6.09, 3.38)
Epoch: [1/182], Loss: 23677.9, RTE: 42.78, Pred (dx,dy): (0.85, 0.19), GT: (10.19, -7.42)
Epoch: [1/182], Loss: 20569.8, RTE: 34.59, Pred (dx,dy): (0.75, -1.09), GT: (11.37, 6.21)
Epoch: [1/182], Loss: 22536.0, RTE: 39.48, Pred (dx,dy): (-0.34, 0.55), GT: (-2.02, 4.90)
Epoch: [1/182], Loss: 19834.0, RTE: 36.43, Pred (dx,dy): (-0.07, 0.06), GT: (5.76, -9.97)
Epoch: [1/182], Loss: 18011.7, RTE: 34.07, Pred (dx,dy): (-0.33, 0.32), GT: (12.70, 5.70)
Epoch: [1/182], Loss: 14792.8, RTE: 31.24, Pred (dx,dy): (-0.21, -0.75), GT: (6.70, -2.77)
Epoch: [1/182], Loss: 17286.9, RTE: 32.91, Pred (dx,dy): (-1.19, -0.66), GT: (-1.55, -0.47)
Epoch: [1/182], Loss: 17421.1, RTE: 35.16, Pred (dx,dy): (0.32, 0.35), GT: (-7.15, 2.11)
Epoch: [1/182], Loss: 19071.9, RTE: 35.37, Pred (dx,dy): (0.20, -0.34), GT: (14.70, -13.27)
Epoch: [1/182], Loss: 23953.9, RTE: 40.74, Pred (dx,dy): (-0.02, -0.99), GT: (14.74, 12.84)
Epoch: [1/182], Loss: 15290.7, RTE: 33.06, Pred (dx,dy): (0.74, -1.29), GT: (6.63, -5.46)
Epoch: [1/182], Loss: 15442.4, RTE: 31.32, Pred (dx,dy): (-1.78, -0.06), GT: (-12.18, -6.31)
Epoch: [1/182], Loss: 19285.0, RTE: 37.32, Pred (dx,dy): (-1.59, -0.16), GT: (-7.51, -6.30)
Epoch: [1/182], Loss: 16011.9, RTE: 34.14, Pred (dx,dy): (0.98, 1.41), GT: (8.89, 8.44)
Epoch: [1/182], Loss: 16479.8, RTE: 31.11, Pred (dx,dy): (1.76, 0.02), GT: (4.82, 4.20)
Epoch: [1/182], Loss: 20670.6, RTE: 36.90, Pred (dx,dy): (-0.63, -1.45), GT: (-4.33, -6.38)
Epoch: [1/182], Loss: 19167.6, RTE: 35.75, Pred (dx,dy): (0.98, 1.05), GT: (12.28, 14.34)
[   800, 800/ 989, 0.0000438] 18072.7101, 6.8289, 68.2891, 255.5048, 254.8127, 
Epoch: [1/182], Loss: 25348.9, RTE: 41.07, Pred (dx,dy): (0.12, -1.33), GT: (-9.11, -5.02)
Epoch: [1/182], Loss: 21621.0, RTE: 39.49, Pred (dx,dy): (1.51, -1.01), GT: (-2.29, -11.72)
Epoch: [1/182], Loss: 11724.5, RTE: 26.54, Pred (dx,dy): (1.81, 0.38), GT: (-8.43, -0.57)
Epoch: [1/182], Loss: 15313.1, RTE: 32.90, Pred (dx,dy): (-1.02, -0.82), GT: (-8.57, 1.54)
Epoch: [1/182], Loss: 15463.8, RTE: 32.87, Pred (dx,dy): (0.46, 0.20), GT: (-3.22, 7.68)
Epoch: [1/182], Loss: 15758.3, RTE: 33.44, Pred (dx,dy): (0.95, -0.28), GT: (-7.23, 12.65)
Epoch: [1/182], Loss: 22325.1, RTE: 40.01, Pred (dx,dy): (-0.14, 0.06), GT: (-14.36, -10.55)
Epoch: [1/182], Loss: 10680.0, RTE: 25.46, Pred (dx,dy): (-0.12, 0.52), GT: (-4.65, 0.60)
Epoch: [1/182], Loss: 12743.6, RTE: 29.11, Pred (dx,dy): (-1.95, -1.54), GT: (-5.44, -1.35)
Epoch: [1/182], Loss: 19976.7, RTE: 38.62, Pred (dx,dy): (1.40, -1.08), GT: (13.60, -9.99)
Epoch: [1/182], Loss: 23194.1, RTE: 40.74, Pred (dx,dy): (2.89, -0.88), GT: (13.88, -14.87)
Epoch: [1/182], Loss: 16725.3, RTE: 34.01, Pred (dx,dy): (0.58, 0.42), GT: (12.17, 10.20)
Epoch: [1/182], Loss: 18836.2, RTE: 35.95, Pred (dx,dy): (-1.35, 1.07), GT: (-4.33, 12.76)
Epoch: [1/182], Loss: 12353.6, RTE: 30.07, Pred (dx,dy): (-0.69, -1.14), GT: (4.43, -6.88)
Epoch: [1/182], Loss: 17673.3, RTE: 35.15, Pred (dx,dy): (0.47, -1.36), GT: (-5.41, -4.85)
Epoch: [1/182], Loss: 18720.6, RTE: 34.78, Pred (dx,dy): (-0.41, -0.67), GT: (-6.62, 1.72)
Epoch: [1/182], Loss: 16017.5, RTE: 32.50, Pred (dx,dy): (2.45, -2.55), GT: (14.37, 4.94)
Epoch: [1/182], Loss: 18438.8, RTE: 36.25, Pred (dx,dy): (-1.37, 0.29), GT: (-2.25, 8.66)
Epoch: [1/182], Loss: 14785.3, RTE: 28.74, Pred (dx,dy): (0.22, -1.53), GT: (1.62, -6.82)
Epoch: [1/182], Loss: 18846.9, RTE: 33.29, Pred (dx,dy): (0.84, -1.91), GT: (-13.92, 9.95)
Epoch: [1/182], Loss: 18559.5, RTE: 36.44, Pred (dx,dy): (1.23, -0.57), GT: (-3.71, -2.17)
Epoch: [1/182], Loss: 12960.8, RTE: 28.23, Pred (dx,dy): (0.40, 0.19), GT: (-8.40, -3.01)
Epoch: [1/182], Loss: 17653.1, RTE: 36.66, Pred (dx,dy): (-0.42, -1.14), GT: (13.31, 4.92)
Epoch: [1/182], Loss: 13745.7, RTE: 28.65, Pred (dx,dy): (0.49, -2.17), GT: (-6.42, 14.09)
Epoch: [1/182], Loss: 20305.7, RTE: 36.32, Pred (dx,dy): (0.64, 0.71), GT: (4.66, 13.59)
Epoch: [1/182], Loss: 19864.0, RTE: 34.40, Pred (dx,dy): (-0.73, -0.07), GT: (-14.94, 4.57)
Epoch: [1/182], Loss: 14004.1, RTE: 30.87, Pred (dx,dy): (-1.03, -0.21), GT: (3.82, 11.38)
Epoch: [1/182], Loss: 15803.7, RTE: 31.94, Pred (dx,dy): (0.08, -0.00), GT: (1.29, 7.93)
Epoch: [1/182], Loss: 28811.6, RTE: 47.56, Pred (dx,dy): (-0.48, 1.58), GT: (-6.69, 14.67)
Epoch: [1/182], Loss: 21994.1, RTE: 39.91, Pred (dx,dy): (-0.58, -0.44), GT: (-7.44, -13.19)
Epoch: [1/182], Loss: 16182.3, RTE: 32.39, Pred (dx,dy): (-2.38, -0.54), GT: (-6.30, 8.03)
Epoch: [1/182], Loss: 22847.3, RTE: 40.23, Pred (dx,dy): (1.44, 1.24), GT: (14.04, 2.70)
Epoch: [1/182], Loss: 23797.8, RTE: 40.66, Pred (dx,dy): (1.05, -1.67), GT: (-12.67, -6.01)
Epoch: [1/182], Loss: 20301.5, RTE: 37.07, Pred (dx,dy): (-1.12, 0.68), GT: (-11.93, 1.38)
Epoch: [1/182], Loss: 17723.8, RTE: 34.44, Pred (dx,dy): (-0.70, 1.80), GT: (2.84, -12.55)
Epoch: [1/182], Loss: 18472.5, RTE: 34.86, Pred (dx,dy): (-0.73, -0.21), GT: (4.75, 6.04)
Epoch: [1/182], Loss: 15882.5, RTE: 31.96, Pred (dx,dy): (-0.88, -0.15), GT: (-5.29, 7.73)
Epoch: [1/182], Loss: 11417.6, RTE: 26.46, Pred (dx,dy): (0.03, 1.01), GT: (4.32, 8.33)
Epoch: [1/182], Loss: 12915.4, RTE: 27.59, Pred (dx,dy): (-0.27, 0.70), GT: (3.15, 10.22)
Epoch: [1/182], Loss: 14181.7, RTE: 30.08, Pred (dx,dy): (2.39, -1.03), GT: (8.64, -4.65)
Epoch: [1/182], Loss: 23757.7, RTE: 42.72, Pred (dx,dy): (0.19, -0.16), GT: (-5.56, -12.13)
Epoch: [1/182], Loss: 18126.1, RTE: 34.44, Pred (dx,dy): (1.37, 0.75), GT: (14.44, 9.90)
Epoch: [1/182], Loss: 21438.4, RTE: 36.48, Pred (dx,dy): (-0.24, 0.43), GT: (-14.31, -9.91)
Epoch: [1/182], Loss: 16661.8, RTE: 34.28, Pred (dx,dy): (1.28, -0.16), GT: (3.76, 12.88)
Epoch: [1/182], Loss: 26890.5, RTE: 44.01, Pred (dx,dy): (0.59, -1.40), GT: (1.88, -1.05)
Epoch: [1/182], Loss: 15071.0, RTE: 31.27, Pred (dx,dy): (-1.24, 1.40), GT: (-10.87, -4.30)
Epoch: [1/182], Loss: 21898.1, RTE: 40.35, Pred (dx,dy): (-1.12, 0.47), GT: (-14.52, 10.66)
Epoch: [1/182], Loss: 17804.3, RTE: 35.50, Pred (dx,dy): (1.14, -1.58), GT: (-0.13, 12.97)
Epoch: [1/182], Loss: 22000.6, RTE: 39.94, Pred (dx,dy): (-1.41, 1.96), GT: (3.22, 8.70)
Epoch: [1/182], Loss: 16714.9, RTE: 34.09, Pred (dx,dy): (-1.41, 0.23), GT: (5.01, 6.47)
Epoch: [1/182], Loss: 20265.5, RTE: 36.90, Pred (dx,dy): (1.59, 0.97), GT: (10.81, 6.63)
Epoch: [1/182], Loss: 21290.8, RTE: 40.20, Pred (dx,dy): (1.58, -0.16), GT: (11.78, -1.34)
Epoch: [1/182], Loss: 18431.5, RTE: 36.08, Pred (dx,dy): (0.30, -0.16), GT: (6.25, -4.20)
Epoch: [1/182], Loss: 18459.8, RTE: 33.81, Pred (dx,dy): (-1.58, -0.45), GT: (-0.93, -14.80)
Epoch: [1/182], Loss: 17050.4, RTE: 35.67, Pred (dx,dy): (-2.13, 1.32), GT: (-6.83, -9.38)
Epoch: [1/182], Loss: 15767.9, RTE: 32.13, Pred (dx,dy): (-1.25, 0.24), GT: (6.16, 0.28)
Epoch: [1/182], Loss: 16499.5, RTE: 33.68, Pred (dx,dy): (0.07, 0.04), GT: (0.07, -12.01)
Epoch: [1/182], Loss: 21360.5, RTE: 39.73, Pred (dx,dy): (-1.08, -0.22), GT: (-12.78, -0.38)
Epoch: [1/182], Loss: 16559.8, RTE: 34.05, Pred (dx,dy): (0.29, 0.94), GT: (-3.91, 9.30)
Epoch: [1/182], Loss: 17133.1, RTE: 33.91, Pred (dx,dy): (1.06, 0.25), GT: (2.15, 14.21)
Epoch: [1/182], Loss: 19436.8, RTE: 34.53, Pred (dx,dy): (0.33, -0.55), GT: (-9.10, -3.85)
Epoch: [1/182], Loss: 15022.8, RTE: 32.52, Pred (dx,dy): (0.30, -0.59), GT: (-13.94, 7.83)
Epoch: [1/182], Loss: 12026.6, RTE: 28.08, Pred (dx,dy): (0.33, 0.90), GT: (-3.22, -2.32)
Epoch: [1/182], Loss: 17688.6, RTE: 33.98, Pred (dx,dy): (1.17, -2.00), GT: (-9.67, -3.74)
Epoch: [1/182], Loss: 16436.1, RTE: 33.77, Pred (dx,dy): (-1.61, 0.06), GT: (-6.19, 10.67)
Epoch: [1/182], Loss: 20372.5, RTE: 36.47, Pred (dx,dy): (1.85, 0.35), GT: (14.57, 13.43)
Epoch: [1/182], Loss: 21015.6, RTE: 40.10, Pred (dx,dy): (1.00, -0.52), GT: (12.31, 2.84)
Epoch: [1/182], Loss: 17314.6, RTE: 35.63, Pred (dx,dy): (-1.42, 1.49), GT: (4.08, -12.14)
Epoch: [1/182], Loss: 18069.8, RTE: 36.45, Pred (dx,dy): (0.79, 1.12), GT: (14.31, -11.33)
Epoch: [1/182], Loss: 18293.1, RTE: 34.95, Pred (dx,dy): (-0.75, -0.72), GT: (10.54, -3.00)
Epoch: [1/182], Loss: 21177.8, RTE: 40.00, Pred (dx,dy): (0.11, 1.82), GT: (-4.57, 14.25)
Epoch: [1/182], Loss: 20553.4, RTE: 38.30, Pred (dx,dy): (-0.40, -0.35), GT: (-3.62, -9.27)
Epoch: [1/182], Loss: 13345.5, RTE: 29.01, Pred (dx,dy): (-0.91, -0.69), GT: (-5.53, -13.67)
Epoch: [1/182], Loss: 15714.0, RTE: 32.23, Pred (dx,dy): (-0.46, -0.07), GT: (1.06, 9.49)
Epoch: [1/182], Loss: 17037.6, RTE: 33.34, Pred (dx,dy): (1.13, -2.05), GT: (-7.42, 13.00)
Epoch: [1/182], Loss: 10757.6, RTE: 24.64, Pred (dx,dy): (0.80, 0.84), GT: (-3.37, 2.97)
Epoch: [1/182], Loss: 16561.7, RTE: 30.99, Pred (dx,dy): (-0.47, 1.18), GT: (10.08, 6.58)
Epoch: [1/182], Loss: 20738.8, RTE: 39.69, Pred (dx,dy): (-0.40, 0.30), GT: (-12.15, -10.86)
Epoch: [1/182], Loss: 18095.8, RTE: 33.83, Pred (dx,dy): (-0.74, 1.62), GT: (-4.12, -13.64)
Epoch: [1/182], Loss: 17529.9, RTE: 31.06, Pred (dx,dy): (-0.30, -0.16), GT: (-11.46, 14.81)
Epoch: [1/182], Loss: 14060.8, RTE: 31.38, Pred (dx,dy): (0.94, 0.10), GT: (3.77, -1.71)
Epoch: [1/182], Loss: 18496.8, RTE: 35.11, Pred (dx,dy): (-0.35, -1.23), GT: (-12.02, 5.06)
Epoch: [1/182], Loss: 17400.5, RTE: 33.16, Pred (dx,dy): (-3.84, -0.30), GT: (-2.13, -2.36)
Epoch: [1/182], Loss: 20552.1, RTE: 39.26, Pred (dx,dy): (-1.28, 1.20), GT: (-14.96, -4.72)
Epoch: [1/182], Loss: 25702.5, RTE: 43.58, Pred (dx,dy): (0.30, 0.31), GT: (9.22, -4.20)
Epoch: [1/182], Loss: 20268.0, RTE: 35.83, Pred (dx,dy): (-1.17, -2.52), GT: (-14.45, -14.75)
Epoch: [1/182], Loss: 23174.3, RTE: 42.36, Pred (dx,dy): (0.63, 0.38), GT: (-10.72, -7.64)
Epoch: [1/182], Loss: 17721.3, RTE: 33.92, Pred (dx,dy): (1.75, -0.42), GT: (-12.41, -5.16)
Epoch: [1/182], Loss: 15977.2, RTE: 32.61, Pred (dx,dy): (1.04, -1.37), GT: (-7.72, 10.39)
Epoch: [1/182], Loss: 13098.5, RTE: 30.10, Pred (dx,dy): (2.12, -2.19), GT: (10.29, -1.80)
Epoch: [1/182], Loss: 27213.1, RTE: 43.81, Pred (dx,dy): (-0.05, -0.41), GT: (4.77, 13.53)
Epoch: [1/182], Loss: 17790.5, RTE: 34.97, Pred (dx,dy): (0.92, -2.06), GT: (5.75, -8.76)
Epoch: [1/182], Loss: 23630.1, RTE: 43.16, Pred (dx,dy): (1.02, -1.17), GT: (-2.64, 10.49)
Epoch: [1/182], Loss: 20865.2, RTE: 38.29, Pred (dx,dy): (-1.64, 0.59), GT: (-6.53, -14.11)
Epoch: [1/182], Loss: 17417.1, RTE: 35.41, Pred (dx,dy): (0.00, -1.01), GT: (-8.64, -5.40)
Epoch: [1/182], Loss: 12290.9, RTE: 27.40, Pred (dx,dy): (1.52, -0.92), GT: (-3.86, -8.04)
Epoch: [1/182], Loss: 19878.0, RTE: 37.98, Pred (dx,dy): (0.06, -1.68), GT: (-13.14, -3.32)
Epoch: [1/182], Loss: 15105.5, RTE: 30.20, Pred (dx,dy): (1.00, -0.37), GT: (5.96, -2.71)
Epoch: [1/182], Loss: 18216.2, RTE: 35.29, Pred (dx,dy): (0.57, 0.17), GT: (1.08, 0.46)
Epoch: [1/182], Loss: 12637.5, RTE: 27.86, Pred (dx,dy): (0.58, -0.75), GT: (8.45, -5.08)
[   900, 900/ 989, 0.0000475] 18023.1414, 6.6830, 66.8303, 256.2739, 253.4562, 
Epoch: [1/182], Loss: 21824.7, RTE: 41.07, Pred (dx,dy): (0.34, -1.35), GT: (1.14, 12.55)
Epoch: [1/182], Loss: 19888.6, RTE: 37.11, Pred (dx,dy): (-0.32, 0.74), GT: (12.36, 6.82)
Epoch: [1/182], Loss: 15475.4, RTE: 31.05, Pred (dx,dy): (-1.02, 0.45), GT: (6.69, 6.02)
Epoch: [1/182], Loss: 12141.1, RTE: 25.98, Pred (dx,dy): (0.14, -0.83), GT: (-11.42, 9.65)
Epoch: [1/182], Loss: 16097.2, RTE: 32.04, Pred (dx,dy): (-1.09, -1.27), GT: (11.23, -6.57)
Epoch: [1/182], Loss: 19693.0, RTE: 38.12, Pred (dx,dy): (-0.40, -0.10), GT: (-6.61, 12.79)
Epoch: [1/182], Loss: 13152.6, RTE: 28.84, Pred (dx,dy): (1.33, -1.11), GT: (-12.04, -12.52)
Epoch: [1/182], Loss: 19378.4, RTE: 36.63, Pred (dx,dy): (0.76, 1.80), GT: (3.71, 10.15)
Epoch: [1/182], Loss: 18513.7, RTE: 34.35, Pred (dx,dy): (0.58, -1.84), GT: (4.76, 1.69)
Epoch: [1/182], Loss: 20795.4, RTE: 38.49, Pred (dx,dy): (-0.83, 0.24), GT: (11.03, 14.24)
Epoch: [1/182], Loss: 16836.6, RTE: 33.59, Pred (dx,dy): (-0.84, 2.15), GT: (-10.64, 5.47)
Epoch: [1/182], Loss: 21875.6, RTE: 39.66, Pred (dx,dy): (0.10, 0.29), GT: (-0.07, 6.90)
Epoch: [1/182], Loss: 20567.8, RTE: 40.11, Pred (dx,dy): (2.42, 0.72), GT: (12.58, -9.28)
Epoch: [1/182], Loss: 20813.9, RTE: 38.18, Pred (dx,dy): (1.01, -0.88), GT: (11.15, 7.06)
Epoch: [1/182], Loss: 20156.8, RTE: 36.14, Pred (dx,dy): (-0.18, 2.75), GT: (13.45, 14.50)
Epoch: [1/182], Loss: 19433.9, RTE: 36.70, Pred (dx,dy): (0.31, -1.26), GT: (4.54, -14.28)
Epoch: [1/182], Loss: 25677.6, RTE: 43.92, Pred (dx,dy): (-1.83, 1.06), GT: (-4.46, -9.61)
Epoch: [1/182], Loss: 17030.2, RTE: 35.17, Pred (dx,dy): (-0.11, -1.28), GT: (9.33, -1.97)
Epoch: [1/182], Loss: 10547.3, RTE: 25.05, Pred (dx,dy): (1.34, 0.54), GT: (-0.04, -3.08)
Epoch: [1/182], Loss: 15231.2, RTE: 30.78, Pred (dx,dy): (0.50, 0.03), GT: (-3.15, 14.44)
Epoch: [1/182], Loss: 13691.4, RTE: 28.50, Pred (dx,dy): (-0.03, 0.33), GT: (10.61, 14.73)
Epoch: [1/182], Loss: 20618.4, RTE: 38.03, Pred (dx,dy): (-0.66, -0.75), GT: (-6.60, 8.52)
Epoch: [1/182], Loss: 21480.7, RTE: 38.61, Pred (dx,dy): (-1.66, 0.56), GT: (2.15, 13.73)
Epoch: [1/182], Loss: 16616.3, RTE: 34.50, Pred (dx,dy): (-1.80, -0.54), GT: (9.26, 8.42)
Epoch: [1/182], Loss: 9970.3, RTE: 23.33, Pred (dx,dy): (0.62, -0.58), GT: (1.30, 11.50)
Epoch: [1/182], Loss: 20975.5, RTE: 38.56, Pred (dx,dy): (1.38, -1.65), GT: (5.26, -11.01)
Epoch: [1/182], Loss: 17960.7, RTE: 35.82, Pred (dx,dy): (1.39, -0.54), GT: (4.81, 2.90)
Epoch: [1/182], Loss: 19867.7, RTE: 37.72, Pred (dx,dy): (0.64, -1.04), GT: (8.50, -7.15)
Epoch: [1/182], Loss: 12318.8, RTE: 29.82, Pred (dx,dy): (-0.55, 0.21), GT: (-10.55, -0.54)
Epoch: [1/182], Loss: 21501.9, RTE: 37.62, Pred (dx,dy): (-0.97, -0.30), GT: (-7.91, -10.88)
Epoch: [1/182], Loss: 11780.7, RTE: 27.80, Pred (dx,dy): (1.83, -0.32), GT: (14.00, 6.20)
Epoch: [1/182], Loss: 16637.3, RTE: 34.54, Pred (dx,dy): (-0.90, -0.24), GT: (11.23, -13.48)
Epoch: [1/182], Loss: 11216.2, RTE: 26.97, Pred (dx,dy): (0.91, 1.54), GT: (3.32, 7.35)
Epoch: [1/182], Loss: 16468.4, RTE: 34.75, Pred (dx,dy): (0.32, -0.01), GT: (-4.40, 7.57)
Epoch: [1/182], Loss: 24697.9, RTE: 42.67, Pred (dx,dy): (-0.06, -1.33), GT: (-11.48, -13.49)
Epoch: [1/182], Loss: 17599.1, RTE: 33.95, Pred (dx,dy): (-0.87, -0.01), GT: (-13.97, 4.61)
Epoch: [1/182], Loss: 20288.9, RTE: 37.71, Pred (dx,dy): (-1.92, 0.11), GT: (-6.28, -14.82)
Epoch: [1/182], Loss: 13223.8, RTE: 29.14, Pred (dx,dy): (0.28, 0.31), GT: (3.48, 6.09)
Epoch: [1/182], Loss: 15499.7, RTE: 31.43, Pred (dx,dy): (0.10, -1.04), GT: (0.31, -9.72)
Epoch: [1/182], Loss: 18477.8, RTE: 35.58, Pred (dx,dy): (0.13, -0.09), GT: (-1.44, -13.72)
Epoch: [1/182], Loss: 14666.6, RTE: 32.57, Pred (dx,dy): (1.04, -1.31), GT: (9.07, 8.95)
Epoch: [1/182], Loss: 22019.3, RTE: 39.83, Pred (dx,dy): (0.13, 0.48), GT: (1.12, 13.50)
Epoch: [1/182], Loss: 15530.6, RTE: 30.46, Pred (dx,dy): (-0.85, -2.49), GT: (-1.71, 4.04)
Epoch: [1/182], Loss: 22524.7, RTE: 38.88, Pred (dx,dy): (-0.06, 1.05), GT: (0.24, -0.13)
Epoch: [1/182], Loss: 10961.8, RTE: 26.94, Pred (dx,dy): (-1.64, -1.53), GT: (11.08, -1.29)
Epoch: [1/182], Loss: 17128.4, RTE: 32.94, Pred (dx,dy): (1.29, 0.93), GT: (7.47, 8.67)
Epoch: [1/182], Loss: 25755.4, RTE: 43.85, Pred (dx,dy): (-0.80, 0.72), GT: (13.92, 13.93)
Epoch: [1/182], Loss: 14132.3, RTE: 32.12, Pred (dx,dy): (0.01, -0.50), GT: (7.67, -13.15)
Epoch: [1/182], Loss: 15534.5, RTE: 31.66, Pred (dx,dy): (0.21, 0.45), GT: (9.59, -3.36)
Epoch: [1/182], Loss: 14536.3, RTE: 30.27, Pred (dx,dy): (0.78, -0.15), GT: (12.03, 6.87)
Epoch: [1/182], Loss: 12250.0, RTE: 26.99, Pred (dx,dy): (-0.01, -1.47), GT: (-5.41, -0.55)
Epoch: [1/182], Loss: 16977.1, RTE: 32.39, Pred (dx,dy): (0.06, -1.41), GT: (-5.50, -3.99)
Epoch: [1/182], Loss: 10983.2, RTE: 26.95, Pred (dx,dy): (-1.01, -0.16), GT: (-2.85, 6.96)
Epoch: [1/182], Loss: 11118.2, RTE: 26.85, Pred (dx,dy): (0.34, 1.29), GT: (6.82, 13.48)
Epoch: [1/182], Loss: 15389.1, RTE: 31.85, Pred (dx,dy): (-0.28, 0.02), GT: (3.64, 1.99)
Epoch: [1/182], Loss: 20376.3, RTE: 39.29, Pred (dx,dy): (-0.08, 2.05), GT: (-12.72, 4.43)
Epoch: [1/182], Loss: 19466.6, RTE: 36.51, Pred (dx,dy): (-1.24, -0.97), GT: (-14.40, -6.49)
Epoch: [1/182], Loss: 21176.7, RTE: 39.56, Pred (dx,dy): (-0.37, 0.25), GT: (-10.39, 9.39)
Epoch: [1/182], Loss: 22265.3, RTE: 40.73, Pred (dx,dy): (0.42, -0.71), GT: (-13.59, -5.07)
Epoch: [1/182], Loss: 14952.6, RTE: 28.53, Pred (dx,dy): (-0.96, 0.14), GT: (1.75, 4.52)
Epoch: [1/182], Loss: 15440.1, RTE: 32.97, Pred (dx,dy): (-0.55, 0.75), GT: (8.34, 3.42)
Epoch: [1/182], Loss: 18245.1, RTE: 34.20, Pred (dx,dy): (-0.25, 2.26), GT: (12.46, -3.39)
Epoch: [1/182], Loss: 11173.2, RTE: 23.85, Pred (dx,dy): (-1.49, 0.54), GT: (2.09, 13.98)
Epoch: [1/182], Loss: 17406.8, RTE: 33.44, Pred (dx,dy): (0.60, -0.10), GT: (-4.04, -12.71)
Epoch: [1/182], Loss: 21002.1, RTE: 37.52, Pred (dx,dy): (0.18, -1.61), GT: (-9.81, 13.35)
Epoch: [1/182], Loss: 21959.2, RTE: 39.70, Pred (dx,dy): (0.64, -0.10), GT: (-3.05, 10.08)
Epoch: [1/182], Loss: 19836.5, RTE: 37.73, Pred (dx,dy): (-1.71, -0.56), GT: (-11.38, -10.99)
Epoch: [1/182], Loss: 13809.4, RTE: 29.40, Pred (dx,dy): (0.60, 0.24), GT: (4.55, -12.29)
Epoch: [1/182], Loss: 14557.9, RTE: 29.53, Pred (dx,dy): (-1.10, -0.73), GT: (-6.34, 6.50)
Epoch: [1/182], Loss: 15098.9, RTE: 31.84, Pred (dx,dy): (-0.51, -0.90), GT: (-13.70, -11.45)
Epoch: [1/182], Loss: 19579.1, RTE: 37.88, Pred (dx,dy): (2.16, -0.94), GT: (-12.04, 3.41)
Epoch: [1/182], Loss: 14049.6, RTE: 27.23, Pred (dx,dy): (-1.47, 0.98), GT: (-3.69, 5.73)
Epoch: [1/182], Loss: 17649.4, RTE: 33.24, Pred (dx,dy): (1.30, -0.54), GT: (12.18, 13.61)
Epoch: [1/182], Loss: 16259.1, RTE: 32.68, Pred (dx,dy): (-3.13, -1.27), GT: (-9.03, 5.85)
Epoch: [1/182], Loss: 16477.0, RTE: 35.05, Pred (dx,dy): (0.22, 1.54), GT: (9.51, -10.34)
Epoch: [1/182], Loss: 17963.7, RTE: 35.81, Pred (dx,dy): (-2.52, 0.28), GT: (10.48, 14.62)
Epoch: [1/182], Loss: 14558.4, RTE: 30.45, Pred (dx,dy): (0.26, 0.67), GT: (8.80, -4.24)
Epoch: [1/182], Loss: 15015.7, RTE: 30.90, Pred (dx,dy): (0.30, -0.10), GT: (-7.51, 6.85)
Epoch: [1/182], Loss: 15742.9, RTE: 30.99, Pred (dx,dy): (-1.83, -0.22), GT: (-3.63, 5.44)
Epoch: [1/182], Loss: 14295.1, RTE: 31.04, Pred (dx,dy): (1.52, 0.99), GT: (9.70, -12.50)
Epoch: [1/182], Loss: 19805.6, RTE: 37.37, Pred (dx,dy): (-0.62, -0.80), GT: (-0.40, 9.79)
Epoch: [1/182], Loss: 17872.4, RTE: 34.84, Pred (dx,dy): (1.26, 0.05), GT: (1.71, 9.69)
Epoch: [1/182], Loss: 25789.4, RTE: 43.59, Pred (dx,dy): (0.56, 0.06), GT: (-4.08, 10.08)
Epoch: [1/182], Loss: 19907.1, RTE: 36.20, Pred (dx,dy): (-0.82, -0.80), GT: (-10.85, -11.19)
Epoch: [1/182], Loss: 21068.5, RTE: 39.75, Pred (dx,dy): (1.83, -1.01), GT: (-13.43, 3.29)
Epoch: [1/182], Loss: 10305.7, RTE: 26.75, Pred (dx,dy): (1.45, -0.55), GT: (8.44, 10.85)
Epoch: [1/182], Loss: 16450.6, RTE: 31.66, Pred (dx,dy): (-1.15, -0.38), GT: (9.91, -4.19)
Epoch: [1/182], Loss: 14984.3, RTE: 31.46, Pred (dx,dy): (0.69, 2.45), GT: (11.52, 14.06)
Epoch: [1/182], Loss: 10012.0, RTE: 23.18, Pred (dx,dy): (-0.63, 0.99), GT: (-13.37, 9.70)
Epoch: [1/182], Loss: 16668.0, RTE: 33.49, Pred (dx,dy): (-1.30, -1.22), GT: (-14.60, -2.82)
Epoch: [1/182], Loss: 7485.7, RTE: 24.03, Pred (dx,dy): (5.02, -3.07), GT: (7.97, -1.85)
