{'gpuid': [0], 'mixed_precision': False, 'iters_lev0': 6, 'lev0': True, 'flow': True, 'p_siamese': True, 'CNN16': True, 'log_every': 10, 'dataset': 'zod', 'orig_label': False, 'cross_area': False, 'batch_size': 16, 'lr': 0.00035, 'num_steps': 76000, 'scheduler': 'OneCycle', 'loss_w': [0.1, 30.0, 100000.0], 'temperature': 4.0, 'augment': False, 'ori_noise': 45.0, 'orien': True, 'restore_ckpt': 'checkpoints/2026_01_09_14_36_50_best_checkpoint_zod.pth', 'model': None, 'wdecay': 0.0005, 'epsilon': 1e-07, 'clip': 1.0, 'gamma': 0.85, 'name': 'zod_train', 'validation': None, 'image_size': 512, 'zoom': 20, 'IMG_FREQ': 20000, 'SUM_FREQ': 100, 'use_augmentation': True, 'image_area_dg_m': 51.2, 'image_area_zod_m': 100, 'max_translation': 15.0, 'max_rot_deg': 20.0, 'z_range': [-2.5, 3.0], 'BEV_grid_resolution': 0.1, 'lidar_dataset_root': '/work/vita/datasets/zod', 'aerial_img_dataset_root': '/work/vita/datasets/zod_crossview_processed_100m', 'version': 'full', 'config': '/home/finckh/VITA/HC-Net/models/config/ZOD/train.json', 'best_dis': 100000000.0, 'start_step': 0}
[31m2026-01-11 17:52:20[0m
Loaded pretrained weights for efficientnet-b0
Parameter Count: 7754186
Loading train split : 23 drives
Loading val split : 6 drives
Training with 47407 samples, validation with 10393 samples.
Using 12 dataloader workers every process
Have load state_dict from: checkpoints/2026_01_09_14_36_50_best_checkpoint_zod.pth
Load checkpoint at steps 38519.
Best distance so far 3744.683837890625.
[34mLog will be saved to:./watch/zod/zod_train_20260111_175848.log[0m
Epoch: [13/25], Batch: 0/2963, Loss: 185.996, Trans_L2_m: 2.473, Yaw_err_deg: 1.562
Epoch: [13/25], Batch: 10/2963, Loss: 123.764, Trans_L2_m: 1.622, Yaw_err_deg: 1.161
Epoch: [13/25], Batch: 20/2963, Loss: 96.411, Trans_L2_m: 1.614, Yaw_err_deg: 1.310
Epoch: [13/25], Batch: 30/2963, Loss: 106.550, Trans_L2_m: 1.820, Yaw_err_deg: 1.250
Epoch: [13/25], Batch: 40/2963, Loss: 89.290, Trans_L2_m: 1.284, Yaw_err_deg: 1.362
Epoch: [13/25], Batch: 50/2963, Loss: 162.701, Trans_L2_m: 1.918, Yaw_err_deg: 1.199
Epoch: [13/25], Batch: 60/2963, Loss: 149.707, Trans_L2_m: 1.714, Yaw_err_deg: 1.841
Epoch: [13/25], Batch: 70/2963, Loss: 115.966, Trans_L2_m: 1.301, Yaw_err_deg: 1.753
Epoch: [13/25], Batch: 80/2963, Loss: 102.032, Trans_L2_m: 1.648, Yaw_err_deg: 1.286
Epoch: [13/25], Batch: 90/2963, Loss: 117.334, Trans_L2_m: 1.604, Yaw_err_deg: 1.120
Epoch: [13/25], Batch: 100/2963, Loss: 98.829, Trans_L2_m: 1.531, Yaw_err_deg: 1.166
Epoch: [13/25], Batch: 110/2963, Loss: 90.020, Trans_L2_m: 1.468, Yaw_err_deg: 1.300
Epoch: [13/25], Batch: 120/2963, Loss: 88.664, Trans_L2_m: 1.185, Yaw_err_deg: 1.159
Epoch: [13/25], Batch: 130/2963, Loss: 220.660, Trans_L2_m: 3.137, Yaw_err_deg: 1.920
Epoch: [13/25], Batch: 140/2963, Loss: 110.184, Trans_L2_m: 1.227, Yaw_err_deg: 1.428
Epoch: [13/25], Batch: 150/2963, Loss: 98.264, Trans_L2_m: 1.080, Yaw_err_deg: 1.258
Epoch: [13/25], Batch: 160/2963, Loss: 122.698, Trans_L2_m: 1.747, Yaw_err_deg: 1.353
Epoch: [13/25], Batch: 170/2963, Loss: 111.514, Trans_L2_m: 1.701, Yaw_err_deg: 0.897
Epoch: [13/25], Batch: 180/2963, Loss: 81.571, Trans_L2_m: 1.337, Yaw_err_deg: 1.005
Epoch: [13/25], Batch: 190/2963, Loss: 112.693, Trans_L2_m: 1.672, Yaw_err_deg: 1.244
Epoch: [13/25], Batch: 200/2963, Loss: 129.396, Trans_L2_m: 1.687, Yaw_err_deg: 1.541
Epoch: [13/25], Batch: 210/2963, Loss: 103.334, Trans_L2_m: 1.702, Yaw_err_deg: 1.114
Epoch: [13/25], Batch: 220/2963, Loss: 86.796, Trans_L2_m: 1.544, Yaw_err_deg: 0.822
Epoch: [13/25], Batch: 230/2963, Loss: 115.913, Trans_L2_m: 1.933, Yaw_err_deg: 1.352
Epoch: [13/25], Batch: 240/2963, Loss: 94.396, Trans_L2_m: 1.531, Yaw_err_deg: 1.097
Epoch: [13/25], Batch: 250/2963, Loss: 125.296, Trans_L2_m: 1.697, Yaw_err_deg: 1.485
Epoch: [13/25], Batch: 260/2963, Loss: 118.903, Trans_L2_m: 1.515, Yaw_err_deg: 1.740
Epoch: [13/25], Batch: 270/2963, Loss: 104.476, Trans_L2_m: 1.524, Yaw_err_deg: 1.139
Epoch: [13/25], Batch: 280/2963, Loss: 139.801, Trans_L2_m: 2.128, Yaw_err_deg: 1.223
Epoch: [13/25], Batch: 290/2963, Loss: 122.423, Trans_L2_m: 1.948, Yaw_err_deg: 1.235
Epoch: [13/25], Batch: 300/2963, Loss: 111.693, Trans_L2_m: 1.862, Yaw_err_deg: 1.439
Epoch: [13/25], Batch: 310/2963, Loss: 122.854, Trans_L2_m: 1.789, Yaw_err_deg: 1.292
Epoch: [13/25], Batch: 320/2963, Loss: 134.114, Trans_L2_m: 1.746, Yaw_err_deg: 1.342
Epoch: [13/25], Batch: 330/2963, Loss: 117.899, Trans_L2_m: 1.450, Yaw_err_deg: 1.890
Epoch: [13/25], Batch: 340/2963, Loss: 104.357, Trans_L2_m: 1.457, Yaw_err_deg: 1.251
Epoch: [13/25], Batch: 350/2963, Loss: 136.959, Trans_L2_m: 1.722, Yaw_err_deg: 1.903
Epoch: [13/25], Batch: 360/2963, Loss: 160.961, Trans_L2_m: 2.235, Yaw_err_deg: 1.401
Epoch: [13/25], Batch: 370/2963, Loss: 127.435, Trans_L2_m: 1.574, Yaw_err_deg: 1.760
Epoch: [13/25], Batch: 380/2963, Loss: 129.777, Trans_L2_m: 1.929, Yaw_err_deg: 1.636
Epoch: [13/25], Batch: 390/2963, Loss: 115.376, Trans_L2_m: 1.659, Yaw_err_deg: 1.335
Epoch: [13/25], Batch: 400/2963, Loss: 94.602, Trans_L2_m: 1.496, Yaw_err_deg: 1.190
Epoch: [13/25], Batch: 410/2963, Loss: 115.549, Trans_L2_m: 1.133, Yaw_err_deg: 1.915
Epoch: [13/25], Batch: 420/2963, Loss: 106.754, Trans_L2_m: 1.548, Yaw_err_deg: 1.396
Epoch: [13/25], Batch: 430/2963, Loss: 157.229, Trans_L2_m: 2.673, Yaw_err_deg: 1.253
Epoch: [13/25], Batch: 440/2963, Loss: 151.959, Trans_L2_m: 2.358, Yaw_err_deg: 1.321
Epoch: [13/25], Batch: 450/2963, Loss: 121.832, Trans_L2_m: 1.786, Yaw_err_deg: 1.019
Epoch: [13/25], Batch: 460/2963, Loss: 111.106, Trans_L2_m: 2.041, Yaw_err_deg: 1.315
Epoch: [13/25], Batch: 470/2963, Loss: 158.315, Trans_L2_m: 2.302, Yaw_err_deg: 1.177
Epoch: [13/25], Batch: 480/2963, Loss: 104.042, Trans_L2_m: 1.757, Yaw_err_deg: 0.932
Epoch: [13/25], Batch: 490/2963, Loss: 131.226, Trans_L2_m: 1.471, Yaw_err_deg: 1.875
Epoch: [13/25], Batch: 500/2963, Loss: 163.202, Trans_L2_m: 2.244, Yaw_err_deg: 1.400
Epoch: [13/25], Batch: 510/2963, Loss: 90.292, Trans_L2_m: 1.225, Yaw_err_deg: 1.160
Epoch: [13/25], Batch: 520/2963, Loss: 123.102, Trans_L2_m: 1.807, Yaw_err_deg: 1.343
Epoch: [13/25], Batch: 530/2963, Loss: 133.920, Trans_L2_m: 2.067, Yaw_err_deg: 1.307
Epoch: [13/25], Batch: 540/2963, Loss: 105.368, Trans_L2_m: 1.417, Yaw_err_deg: 1.215
Epoch: [13/25], Batch: 550/2963, Loss: 98.970, Trans_L2_m: 1.182, Yaw_err_deg: 1.455
Epoch: [13/25], Batch: 560/2963, Loss: 108.451, Trans_L2_m: 1.566, Yaw_err_deg: 1.026
Epoch: [13/25], Batch: 570/2963, Loss: 102.485, Trans_L2_m: 1.350, Yaw_err_deg: 1.289
Epoch: [13/25], Batch: 580/2963, Loss: 103.141, Trans_L2_m: 1.635, Yaw_err_deg: 1.587
Epoch: [13/25], Batch: 590/2963, Loss: 89.980, Trans_L2_m: 1.412, Yaw_err_deg: 1.080
Epoch: [13/25], Batch: 600/2963, Loss: 96.452, Trans_L2_m: 1.460, Yaw_err_deg: 1.290
Epoch: [13/25], Batch: 610/2963, Loss: 105.710, Trans_L2_m: 1.365, Yaw_err_deg: 1.039
Epoch: [13/25], Batch: 620/2963, Loss: 106.626, Trans_L2_m: 1.790, Yaw_err_deg: 1.411
Epoch: [13/25], Batch: 630/2963, Loss: 100.720, Trans_L2_m: 1.471, Yaw_err_deg: 1.245
Epoch: [13/25], Batch: 640/2963, Loss: 106.057, Trans_L2_m: 1.370, Yaw_err_deg: 1.648
Epoch: [13/25], Batch: 650/2963, Loss: 122.181, Trans_L2_m: 1.839, Yaw_err_deg: 1.775
Epoch: [13/25], Batch: 660/2963, Loss: 122.087, Trans_L2_m: 2.128, Yaw_err_deg: 1.389
Epoch: [13/25], Batch: 670/2963, Loss: 94.471, Trans_L2_m: 1.502, Yaw_err_deg: 0.944
Epoch: [13/25], Batch: 680/2963, Loss: 104.014, Trans_L2_m: 1.434, Yaw_err_deg: 1.167
Epoch: [13/25], Batch: 690/2963, Loss: 105.708, Trans_L2_m: 1.597, Yaw_err_deg: 1.348
Epoch: [13/25], Batch: 700/2963, Loss: 147.641, Trans_L2_m: 2.502, Yaw_err_deg: 1.288
Epoch: [13/25], Batch: 710/2963, Loss: 110.489, Trans_L2_m: 1.603, Yaw_err_deg: 1.127
Epoch: [13/25], Batch: 720/2963, Loss: 184.411, Trans_L2_m: 1.758, Yaw_err_deg: 2.338
Epoch: [13/25], Batch: 730/2963, Loss: 142.431, Trans_L2_m: 2.495, Yaw_err_deg: 1.416
Epoch: [13/25], Batch: 740/2963, Loss: 104.892, Trans_L2_m: 1.175, Yaw_err_deg: 1.500
Epoch: [13/25], Batch: 750/2963, Loss: 116.829, Trans_L2_m: 1.413, Yaw_err_deg: 1.544
Epoch: [13/25], Batch: 760/2963, Loss: 100.732, Trans_L2_m: 1.738, Yaw_err_deg: 0.971
Epoch: [13/25], Batch: 770/2963, Loss: 103.897, Trans_L2_m: 1.328, Yaw_err_deg: 1.122
Epoch: [13/25], Batch: 780/2963, Loss: 127.894, Trans_L2_m: 1.875, Yaw_err_deg: 0.884
Epoch: [13/25], Batch: 790/2963, Loss: 93.405, Trans_L2_m: 1.406, Yaw_err_deg: 1.003
Epoch: [13/25], Batch: 800/2963, Loss: 152.779, Trans_L2_m: 2.394, Yaw_err_deg: 1.394
Epoch: [13/25], Batch: 810/2963, Loss: 140.104, Trans_L2_m: 2.307, Yaw_err_deg: 1.262
Epoch: [13/25], Batch: 820/2963, Loss: 108.548, Trans_L2_m: 1.586, Yaw_err_deg: 1.405
Epoch: [13/25], Batch: 830/2963, Loss: 125.385, Trans_L2_m: 1.204, Yaw_err_deg: 1.659
Epoch: [13/25], Batch: 840/2963, Loss: 217.475, Trans_L2_m: 2.797, Yaw_err_deg: 1.769
Epoch: [13/25], Batch: 850/2963, Loss: 106.550, Trans_L2_m: 1.783, Yaw_err_deg: 0.733
Epoch: [13/25], Batch: 860/2963, Loss: 135.065, Trans_L2_m: 2.329, Yaw_err_deg: 1.266
Epoch: [13/25], Batch: 870/2963, Loss: 183.678, Trans_L2_m: 2.128, Yaw_err_deg: 1.114
Epoch: [13/25], Batch: 880/2963, Loss: 158.970, Trans_L2_m: 2.871, Yaw_err_deg: 1.368
Epoch: [13/25], Batch: 890/2963, Loss: 138.777, Trans_L2_m: 1.709, Yaw_err_deg: 2.071
Epoch: [13/25], Batch: 900/2963, Loss: 76.923, Trans_L2_m: 0.887, Yaw_err_deg: 1.114
Epoch: [13/25], Batch: 910/2963, Loss: 143.953, Trans_L2_m: 2.247, Yaw_err_deg: 1.325
Epoch: [13/25], Batch: 920/2963, Loss: 97.604, Trans_L2_m: 1.491, Yaw_err_deg: 1.285
Epoch: [13/25], Batch: 930/2963, Loss: 96.860, Trans_L2_m: 1.256, Yaw_err_deg: 0.960
Epoch: [13/25], Batch: 940/2963, Loss: 88.464, Trans_L2_m: 1.387, Yaw_err_deg: 1.135
Epoch: [13/25], Batch: 950/2963, Loss: 130.324, Trans_L2_m: 2.495, Yaw_err_deg: 1.167
Epoch: [13/25], Batch: 960/2963, Loss: 106.761, Trans_L2_m: 1.606, Yaw_err_deg: 1.152
Epoch: [13/25], Batch: 970/2963, Loss: 130.038, Trans_L2_m: 1.941, Yaw_err_deg: 1.431
Epoch: [13/25], Batch: 980/2963, Loss: 106.662, Trans_L2_m: 1.051, Yaw_err_deg: 1.447
Epoch: [13/25], Batch: 990/2963, Loss: 101.162, Trans_L2_m: 1.225, Yaw_err_deg: 1.446
Epoch: [13/25], Batch: 1000/2963, Loss: 118.684, Trans_L2_m: 1.487, Yaw_err_deg: 0.787
Epoch: [13/25], Batch: 1010/2963, Loss: 110.662, Trans_L2_m: 1.087, Yaw_err_deg: 1.398
Epoch: [13/25], Batch: 1020/2963, Loss: 83.828, Trans_L2_m: 1.090, Yaw_err_deg: 1.177
Epoch: [13/25], Batch: 1030/2963, Loss: 127.920, Trans_L2_m: 1.713, Yaw_err_deg: 1.732
Epoch: [13/25], Batch: 1040/2963, Loss: 141.062, Trans_L2_m: 2.199, Yaw_err_deg: 1.044
Epoch: [13/25], Batch: 1050/2963, Loss: 139.149, Trans_L2_m: 1.993, Yaw_err_deg: 1.515
Epoch: [13/25], Batch: 1060/2963, Loss: 495.084, Trans_L2_m: 4.031, Yaw_err_deg: 1.140
Epoch: [13/25], Batch: 1070/2963, Loss: 98.544, Trans_L2_m: 1.284, Yaw_err_deg: 1.372
Epoch: [13/25], Batch: 1080/2963, Loss: 122.935, Trans_L2_m: 1.917, Yaw_err_deg: 1.223
Epoch: [13/25], Batch: 1090/2963, Loss: 105.798, Trans_L2_m: 1.363, Yaw_err_deg: 1.268
Epoch: [13/25], Batch: 1100/2963, Loss: 171.315, Trans_L2_m: 2.966, Yaw_err_deg: 1.461
Epoch: [13/25], Batch: 1110/2963, Loss: 156.642, Trans_L2_m: 1.869, Yaw_err_deg: 1.460
Epoch: [13/25], Batch: 1120/2963, Loss: 118.625, Trans_L2_m: 1.830, Yaw_err_deg: 1.668
Epoch: [13/25], Batch: 1130/2963, Loss: 92.347, Trans_L2_m: 1.229, Yaw_err_deg: 1.448
Epoch: [13/25], Batch: 1140/2963, Loss: 186.206, Trans_L2_m: 2.746, Yaw_err_deg: 1.104
Epoch: [13/25], Batch: 1150/2963, Loss: 107.432, Trans_L2_m: 2.142, Yaw_err_deg: 1.153
Epoch: [13/25], Batch: 1160/2963, Loss: 138.301, Trans_L2_m: 1.808, Yaw_err_deg: 1.358
Epoch: [13/25], Batch: 1170/2963, Loss: 112.962, Trans_L2_m: 1.828, Yaw_err_deg: 0.931
Epoch: [13/25], Batch: 1180/2963, Loss: 94.194, Trans_L2_m: 1.413, Yaw_err_deg: 0.919
Epoch: [13/25], Batch: 1190/2963, Loss: 118.382, Trans_L2_m: 1.464, Yaw_err_deg: 1.691
Epoch: [13/25], Batch: 1200/2963, Loss: 105.742, Trans_L2_m: 1.383, Yaw_err_deg: 1.558
Epoch: [13/25], Batch: 1210/2963, Loss: 91.103, Trans_L2_m: 1.628, Yaw_err_deg: 1.101
Epoch: [13/25], Batch: 1220/2963, Loss: 92.020, Trans_L2_m: 1.337, Yaw_err_deg: 1.499
Epoch: [13/25], Batch: 1230/2963, Loss: 86.977, Trans_L2_m: 1.186, Yaw_err_deg: 1.034
Epoch: [13/25], Batch: 1240/2963, Loss: 87.998, Trans_L2_m: 1.195, Yaw_err_deg: 1.153
Epoch: [13/25], Batch: 1250/2963, Loss: 132.229, Trans_L2_m: 2.033, Yaw_err_deg: 1.236
Epoch: [13/25], Batch: 1260/2963, Loss: 110.989, Trans_L2_m: 1.186, Yaw_err_deg: 1.460
Epoch: [13/25], Batch: 1270/2963, Loss: 105.605, Trans_L2_m: 1.261, Yaw_err_deg: 1.244
Epoch: [13/25], Batch: 1280/2963, Loss: 167.284, Trans_L2_m: 2.450, Yaw_err_deg: 1.657
Epoch: [13/25], Batch: 1290/2963, Loss: 110.031, Trans_L2_m: 1.795, Yaw_err_deg: 1.165
Epoch: [13/25], Batch: 1300/2963, Loss: 126.882, Trans_L2_m: 1.567, Yaw_err_deg: 1.789
Epoch: [13/25], Batch: 1310/2963, Loss: 90.281, Trans_L2_m: 1.564, Yaw_err_deg: 0.561
Epoch: [13/25], Batch: 1320/2963, Loss: 308.670, Trans_L2_m: 2.984, Yaw_err_deg: 1.301
Epoch: [13/25], Batch: 1330/2963, Loss: 96.937, Trans_L2_m: 1.645, Yaw_err_deg: 1.289
Epoch: [13/25], Batch: 1340/2963, Loss: 191.033, Trans_L2_m: 2.485, Yaw_err_deg: 1.142
Epoch: [13/25], Batch: 1350/2963, Loss: 125.691, Trans_L2_m: 1.791, Yaw_err_deg: 1.428
Epoch: [13/25], Batch: 1360/2963, Loss: 126.226, Trans_L2_m: 1.659, Yaw_err_deg: 1.714
Epoch: [13/25], Batch: 1370/2963, Loss: 97.425, Trans_L2_m: 1.113, Yaw_err_deg: 1.099
Epoch: [13/25], Batch: 1380/2963, Loss: 104.224, Trans_L2_m: 1.897, Yaw_err_deg: 0.923
Epoch: [13/25], Batch: 1390/2963, Loss: 110.335, Trans_L2_m: 1.459, Yaw_err_deg: 1.378
Epoch: [13/25], Batch: 1400/2963, Loss: 105.393, Trans_L2_m: 1.656, Yaw_err_deg: 1.583
Epoch: [13/25], Batch: 1410/2963, Loss: 128.754, Trans_L2_m: 2.058, Yaw_err_deg: 1.190
Epoch: [13/25], Batch: 1420/2963, Loss: 109.670, Trans_L2_m: 1.345, Yaw_err_deg: 1.766
Epoch: [13/25], Batch: 1430/2963, Loss: 85.192, Trans_L2_m: 1.222, Yaw_err_deg: 1.011
Epoch: [13/25], Batch: 1440/2963, Loss: 96.547, Trans_L2_m: 1.752, Yaw_err_deg: 0.924
Epoch: [13/25], Batch: 1450/2963, Loss: 157.402, Trans_L2_m: 2.511, Yaw_err_deg: 1.173
Epoch: [13/25], Batch: 1460/2963, Loss: 106.810, Trans_L2_m: 1.805, Yaw_err_deg: 1.180
Epoch: [13/25], Batch: 1470/2963, Loss: 151.338, Trans_L2_m: 2.084, Yaw_err_deg: 1.487
Epoch: [13/25], Batch: 1480/2963, Loss: 134.407, Trans_L2_m: 2.149, Yaw_err_deg: 1.215
Epoch: [13/25], Batch: 1490/2963, Loss: 107.474, Trans_L2_m: 1.591, Yaw_err_deg: 1.227
Epoch: [13/25], Batch: 1500/2963, Loss: 123.087, Trans_L2_m: 1.821, Yaw_err_deg: 1.037
Epoch: [13/25], Batch: 1510/2963, Loss: 94.621, Trans_L2_m: 1.349, Yaw_err_deg: 0.997
Epoch: [13/25], Batch: 1520/2963, Loss: 85.193, Trans_L2_m: 1.338, Yaw_err_deg: 0.940
Epoch: [13/25], Batch: 1530/2963, Loss: 110.615, Trans_L2_m: 1.435, Yaw_err_deg: 1.522
Epoch: [13/25], Batch: 1540/2963, Loss: 126.100, Trans_L2_m: 1.941, Yaw_err_deg: 1.283
Epoch: [13/25], Batch: 1550/2963, Loss: 110.626, Trans_L2_m: 1.798, Yaw_err_deg: 1.128
Epoch: [13/25], Batch: 1560/2963, Loss: 85.688, Trans_L2_m: 1.345, Yaw_err_deg: 1.098
Epoch: [13/25], Batch: 1570/2963, Loss: 111.164, Trans_L2_m: 1.351, Yaw_err_deg: 1.576
Epoch: [13/25], Batch: 1580/2963, Loss: 103.268, Trans_L2_m: 1.500, Yaw_err_deg: 1.586
Epoch: [13/25], Batch: 1590/2963, Loss: 103.958, Trans_L2_m: 1.787, Yaw_err_deg: 0.988
Epoch: [13/25], Batch: 1600/2963, Loss: 114.445, Trans_L2_m: 2.048, Yaw_err_deg: 0.898
Epoch: [13/25], Batch: 1610/2963, Loss: 134.598, Trans_L2_m: 1.731, Yaw_err_deg: 1.567
Epoch: [13/25], Batch: 1620/2963, Loss: 134.217, Trans_L2_m: 2.527, Yaw_err_deg: 1.122
Epoch: [13/25], Batch: 1630/2963, Loss: 84.484, Trans_L2_m: 1.545, Yaw_err_deg: 0.884
Epoch: [13/25], Batch: 1640/2963, Loss: 101.998, Trans_L2_m: 1.489, Yaw_err_deg: 1.278
Epoch: [13/25], Batch: 1650/2963, Loss: 509.794, Trans_L2_m: 3.531, Yaw_err_deg: 1.361
Epoch: [13/25], Batch: 1660/2963, Loss: 124.245, Trans_L2_m: 1.481, Yaw_err_deg: 1.730
Epoch: [13/25], Batch: 1670/2963, Loss: 90.147, Trans_L2_m: 1.381, Yaw_err_deg: 0.995
Epoch: [13/25], Batch: 1680/2963, Loss: 115.259, Trans_L2_m: 1.533, Yaw_err_deg: 1.447
Epoch: [13/25], Batch: 1690/2963, Loss: 116.528, Trans_L2_m: 1.714, Yaw_err_deg: 1.055
Epoch: [13/25], Batch: 1700/2963, Loss: 126.599, Trans_L2_m: 1.940, Yaw_err_deg: 1.880
Epoch: [13/25], Batch: 1710/2963, Loss: 171.383, Trans_L2_m: 2.605, Yaw_err_deg: 0.785
Epoch: [13/25], Batch: 1720/2963, Loss: 124.506, Trans_L2_m: 2.231, Yaw_err_deg: 1.043
Epoch: [13/25], Batch: 1730/2963, Loss: 112.977, Trans_L2_m: 1.744, Yaw_err_deg: 1.712
Epoch: [13/25], Batch: 1740/2963, Loss: 99.035, Trans_L2_m: 1.446, Yaw_err_deg: 1.664
Epoch: [13/25], Batch: 1750/2963, Loss: 115.755, Trans_L2_m: 1.909, Yaw_err_deg: 1.307
Epoch: [13/25], Batch: 1760/2963, Loss: 193.616, Trans_L2_m: 2.475, Yaw_err_deg: 1.302
Epoch: [13/25], Batch: 1770/2963, Loss: 114.393, Trans_L2_m: 1.609, Yaw_err_deg: 1.215
Epoch: [13/25], Batch: 1780/2963, Loss: 117.683, Trans_L2_m: 2.211, Yaw_err_deg: 1.099
Epoch: [13/25], Batch: 1790/2963, Loss: 288.585, Trans_L2_m: 3.244, Yaw_err_deg: 1.354
Epoch: [13/25], Batch: 1800/2963, Loss: 88.970, Trans_L2_m: 1.161, Yaw_err_deg: 1.410
Epoch: [13/25], Batch: 1810/2963, Loss: 120.247, Trans_L2_m: 1.706, Yaw_err_deg: 1.408
Epoch: [13/25], Batch: 1820/2963, Loss: 97.593, Trans_L2_m: 1.495, Yaw_err_deg: 1.420
Epoch: [13/25], Batch: 1830/2963, Loss: 87.911, Trans_L2_m: 1.276, Yaw_err_deg: 0.688
Epoch: [13/25], Batch: 1840/2963, Loss: 98.058, Trans_L2_m: 1.627, Yaw_err_deg: 1.100
Epoch: [13/25], Batch: 1850/2963, Loss: 131.501, Trans_L2_m: 2.188, Yaw_err_deg: 1.358
Epoch: [13/25], Batch: 1860/2963, Loss: 120.385, Trans_L2_m: 1.319, Yaw_err_deg: 1.304
Epoch: [13/25], Batch: 1870/2963, Loss: 101.536, Trans_L2_m: 1.739, Yaw_err_deg: 0.899
Epoch: [13/25], Batch: 1880/2963, Loss: 146.123, Trans_L2_m: 2.065, Yaw_err_deg: 1.504
Epoch: [13/25], Batch: 1890/2963, Loss: 101.456, Trans_L2_m: 1.459, Yaw_err_deg: 1.107
Epoch: [13/25], Batch: 1900/2963, Loss: 118.617, Trans_L2_m: 2.030, Yaw_err_deg: 1.354
Epoch: [13/25], Batch: 1910/2963, Loss: 97.745, Trans_L2_m: 1.698, Yaw_err_deg: 0.960
Epoch: [13/25], Batch: 1920/2963, Loss: 224.335, Trans_L2_m: 1.865, Yaw_err_deg: 1.461
Epoch: [13/25], Batch: 1930/2963, Loss: 119.627, Trans_L2_m: 1.605, Yaw_err_deg: 1.176
Epoch: [13/25], Batch: 1940/2963, Loss: 142.924, Trans_L2_m: 2.015, Yaw_err_deg: 1.251
Epoch: [13/25], Batch: 1950/2963, Loss: 153.995, Trans_L2_m: 2.427, Yaw_err_deg: 1.050
Epoch: [13/25], Batch: 1960/2963, Loss: 113.799, Trans_L2_m: 1.842, Yaw_err_deg: 1.336
Epoch: [13/25], Batch: 1970/2963, Loss: 122.095, Trans_L2_m: 1.448, Yaw_err_deg: 1.522
Epoch: [13/25], Batch: 1980/2963, Loss: 127.955, Trans_L2_m: 2.154, Yaw_err_deg: 1.119
Epoch: [13/25], Batch: 1990/2963, Loss: 105.815, Trans_L2_m: 2.040, Yaw_err_deg: 1.173
Epoch: [13/25], Batch: 2000/2963, Loss: 111.091, Trans_L2_m: 1.898, Yaw_err_deg: 0.874
Epoch: [13/25], Batch: 2010/2963, Loss: 119.877, Trans_L2_m: 1.004, Yaw_err_deg: 2.030
Epoch: [13/25], Batch: 2020/2963, Loss: 165.572, Trans_L2_m: 2.506, Yaw_err_deg: 1.825
Epoch: [13/25], Batch: 2030/2963, Loss: 120.123, Trans_L2_m: 1.648, Yaw_err_deg: 1.602
Epoch: [13/25], Batch: 2040/2963, Loss: 118.478, Trans_L2_m: 1.786, Yaw_err_deg: 1.734
Epoch: [13/25], Batch: 2050/2963, Loss: 207.683, Trans_L2_m: 3.330, Yaw_err_deg: 1.421
Epoch: [13/25], Batch: 2060/2963, Loss: 165.363, Trans_L2_m: 1.950, Yaw_err_deg: 1.178
Epoch: [13/25], Batch: 2070/2963, Loss: 114.712, Trans_L2_m: 1.357, Yaw_err_deg: 1.307
Epoch: [13/25], Batch: 2080/2963, Loss: 106.658, Trans_L2_m: 1.553, Yaw_err_deg: 1.544
Epoch: [13/25], Batch: 2090/2963, Loss: 87.633, Trans_L2_m: 1.187, Yaw_err_deg: 0.831
Epoch: [13/25], Batch: 2100/2963, Loss: 117.379, Trans_L2_m: 1.343, Yaw_err_deg: 1.926
Epoch: [13/25], Batch: 2110/2963, Loss: 106.791, Trans_L2_m: 1.870, Yaw_err_deg: 0.746
Epoch: [13/25], Batch: 2120/2963, Loss: 128.067, Trans_L2_m: 2.099, Yaw_err_deg: 1.532
Epoch: [13/25], Batch: 2130/2963, Loss: 81.871, Trans_L2_m: 1.197, Yaw_err_deg: 1.142
Epoch: [13/25], Batch: 2140/2963, Loss: 115.206, Trans_L2_m: 1.272, Yaw_err_deg: 1.186
Epoch: [13/25], Batch: 2150/2963, Loss: 89.377, Trans_L2_m: 1.174, Yaw_err_deg: 1.103
Epoch: [13/25], Batch: 2160/2963, Loss: 155.494, Trans_L2_m: 2.306, Yaw_err_deg: 1.369
Epoch: [13/25], Batch: 2170/2963, Loss: 112.836, Trans_L2_m: 1.603, Yaw_err_deg: 1.129
Epoch: [13/25], Batch: 2180/2963, Loss: 86.932, Trans_L2_m: 1.440, Yaw_err_deg: 0.896
Epoch: [13/25], Batch: 2190/2963, Loss: 126.819, Trans_L2_m: 2.090, Yaw_err_deg: 1.150
Epoch: [13/25], Batch: 2200/2963, Loss: 158.794, Trans_L2_m: 2.468, Yaw_err_deg: 1.568
Epoch: [13/25], Batch: 2210/2963, Loss: 119.077, Trans_L2_m: 2.154, Yaw_err_deg: 1.398
Epoch: [13/25], Batch: 2220/2963, Loss: 101.502, Trans_L2_m: 1.622, Yaw_err_deg: 1.186
Epoch: [13/25], Batch: 2230/2963, Loss: 94.414, Trans_L2_m: 1.353, Yaw_err_deg: 1.163
Epoch: [13/25], Batch: 2240/2963, Loss: 92.811, Trans_L2_m: 1.793, Yaw_err_deg: 1.153
Epoch: [13/25], Batch: 2250/2963, Loss: 112.821, Trans_L2_m: 2.069, Yaw_err_deg: 1.137
Epoch: [13/25], Batch: 2260/2963, Loss: 101.125, Trans_L2_m: 1.568, Yaw_err_deg: 0.940
Epoch: [13/25], Batch: 2270/2963, Loss: 115.257, Trans_L2_m: 1.987, Yaw_err_deg: 0.869
Epoch: [13/25], Batch: 2280/2963, Loss: 104.403, Trans_L2_m: 1.679, Yaw_err_deg: 1.098
Epoch: [13/25], Batch: 2290/2963, Loss: 107.279, Trans_L2_m: 1.578, Yaw_err_deg: 1.312
Epoch: [13/25], Batch: 2300/2963, Loss: 102.977, Trans_L2_m: 1.367, Yaw_err_deg: 1.299
Epoch: [13/25], Batch: 2310/2963, Loss: 93.861, Trans_L2_m: 1.366, Yaw_err_deg: 0.956
Epoch: [13/25], Batch: 2320/2963, Loss: 87.014, Trans_L2_m: 1.226, Yaw_err_deg: 1.128
Epoch: [13/25], Batch: 2330/2963, Loss: 103.589, Trans_L2_m: 1.249, Yaw_err_deg: 1.316
Epoch: [13/25], Batch: 2340/2963, Loss: 103.347, Trans_L2_m: 1.412, Yaw_err_deg: 1.170
Epoch: [13/25], Batch: 2350/2963, Loss: 90.971, Trans_L2_m: 1.520, Yaw_err_deg: 1.113
Epoch: [13/25], Batch: 2360/2963, Loss: 108.503, Trans_L2_m: 1.683, Yaw_err_deg: 1.167
Epoch: [13/25], Batch: 2370/2963, Loss: 134.506, Trans_L2_m: 2.077, Yaw_err_deg: 1.234
Epoch: [13/25], Batch: 2380/2963, Loss: 130.561, Trans_L2_m: 1.954, Yaw_err_deg: 1.069
Epoch: [13/25], Batch: 2390/2963, Loss: 98.838, Trans_L2_m: 1.812, Yaw_err_deg: 0.878
Epoch: [13/25], Batch: 2400/2963, Loss: 103.109, Trans_L2_m: 1.329, Yaw_err_deg: 1.427
Epoch: [13/25], Batch: 2410/2963, Loss: 125.803, Trans_L2_m: 1.876, Yaw_err_deg: 1.168
Epoch: [13/25], Batch: 2420/2963, Loss: 122.530, Trans_L2_m: 1.930, Yaw_err_deg: 1.707
Epoch: [13/25], Batch: 2430/2963, Loss: 91.248, Trans_L2_m: 1.561, Yaw_err_deg: 1.065
Epoch: [13/25], Batch: 2440/2963, Loss: 110.647, Trans_L2_m: 1.507, Yaw_err_deg: 1.109
Epoch: [13/25], Batch: 2450/2963, Loss: 92.350, Trans_L2_m: 1.286, Yaw_err_deg: 1.227
Epoch: [13/25], Batch: 2460/2963, Loss: 99.706, Trans_L2_m: 1.390, Yaw_err_deg: 1.462
Epoch: [13/25], Batch: 2470/2963, Loss: 106.537, Trans_L2_m: 1.545, Yaw_err_deg: 1.212
Epoch: [13/25], Batch: 2480/2963, Loss: 120.762, Trans_L2_m: 1.409, Yaw_err_deg: 2.049
Epoch: [13/25], Batch: 2490/2963, Loss: 139.862, Trans_L2_m: 2.050, Yaw_err_deg: 1.795
Epoch: [13/25], Batch: 2500/2963, Loss: 161.232, Trans_L2_m: 2.490, Yaw_err_deg: 1.146
Epoch: [13/25], Batch: 2510/2963, Loss: 112.636, Trans_L2_m: 1.333, Yaw_err_deg: 1.454
Epoch: [13/25], Batch: 2520/2963, Loss: 84.397, Trans_L2_m: 1.219, Yaw_err_deg: 0.683
Epoch: [13/25], Batch: 2530/2963, Loss: 96.529, Trans_L2_m: 1.364, Yaw_err_deg: 1.355
Epoch: [13/25], Batch: 2540/2963, Loss: 107.745, Trans_L2_m: 2.034, Yaw_err_deg: 1.238
Epoch: [13/25], Batch: 2550/2963, Loss: 111.849, Trans_L2_m: 1.330, Yaw_err_deg: 1.576
Epoch: [13/25], Batch: 2560/2963, Loss: 113.163, Trans_L2_m: 1.651, Yaw_err_deg: 1.737
Epoch: [13/25], Batch: 2570/2963, Loss: 184.383, Trans_L2_m: 2.613, Yaw_err_deg: 1.609
Epoch: [13/25], Batch: 2580/2963, Loss: 133.130, Trans_L2_m: 2.089, Yaw_err_deg: 1.512
Epoch: [13/25], Batch: 2590/2963, Loss: 100.747, Trans_L2_m: 1.476, Yaw_err_deg: 0.991
Epoch: [13/25], Batch: 2600/2963, Loss: 88.550, Trans_L2_m: 1.148, Yaw_err_deg: 0.876
Epoch: [13/25], Batch: 2610/2963, Loss: 102.302, Trans_L2_m: 1.345, Yaw_err_deg: 1.484
Epoch: [13/25], Batch: 2620/2963, Loss: 106.574, Trans_L2_m: 1.722, Yaw_err_deg: 1.368
Epoch: [13/25], Batch: 2630/2963, Loss: 138.262, Trans_L2_m: 2.146, Yaw_err_deg: 1.042
Epoch: [13/25], Batch: 2640/2963, Loss: 148.521, Trans_L2_m: 2.147, Yaw_err_deg: 1.013
Epoch: [13/25], Batch: 2650/2963, Loss: 125.927, Trans_L2_m: 1.683, Yaw_err_deg: 1.221
Epoch: [13/25], Batch: 2660/2963, Loss: 97.447, Trans_L2_m: 1.391, Yaw_err_deg: 1.199
Epoch: [13/25], Batch: 2670/2963, Loss: 107.265, Trans_L2_m: 1.639, Yaw_err_deg: 0.999
Epoch: [13/25], Batch: 2680/2963, Loss: 86.797, Trans_L2_m: 1.295, Yaw_err_deg: 1.179
Epoch: [13/25], Batch: 2690/2963, Loss: 132.979, Trans_L2_m: 1.664, Yaw_err_deg: 1.709
Epoch: [13/25], Batch: 2700/2963, Loss: 79.293, Trans_L2_m: 1.011, Yaw_err_deg: 0.898
Epoch: [13/25], Batch: 2710/2963, Loss: 184.618, Trans_L2_m: 2.009, Yaw_err_deg: 0.966
Epoch: [13/25], Batch: 2720/2963, Loss: 88.729, Trans_L2_m: 1.534, Yaw_err_deg: 0.712
Epoch: [13/25], Batch: 2730/2963, Loss: 85.185, Trans_L2_m: 1.346, Yaw_err_deg: 1.034
Epoch: [13/25], Batch: 2740/2963, Loss: 120.305, Trans_L2_m: 1.808, Yaw_err_deg: 1.392
Epoch: [13/25], Batch: 2750/2963, Loss: 133.726, Trans_L2_m: 2.249, Yaw_err_deg: 1.199
Epoch: [13/25], Batch: 2760/2963, Loss: 129.405, Trans_L2_m: 1.838, Yaw_err_deg: 1.338
Epoch: [13/25], Batch: 2770/2963, Loss: 134.498, Trans_L2_m: 1.979, Yaw_err_deg: 1.788
Epoch: [13/25], Batch: 2780/2963, Loss: 132.135, Trans_L2_m: 1.949, Yaw_err_deg: 1.347
Epoch: [13/25], Batch: 2790/2963, Loss: 89.444, Trans_L2_m: 1.263, Yaw_err_deg: 1.033
Epoch: [13/25], Batch: 2800/2963, Loss: 124.748, Trans_L2_m: 2.100, Yaw_err_deg: 1.248
Epoch: [13/25], Batch: 2810/2963, Loss: 102.578, Trans_L2_m: 1.586, Yaw_err_deg: 1.202
Epoch: [13/25], Batch: 2820/2963, Loss: 410.808, Trans_L2_m: 3.128, Yaw_err_deg: 1.036
Epoch: [13/25], Batch: 2830/2963, Loss: 95.158, Trans_L2_m: 1.595, Yaw_err_deg: 0.798
Epoch: [13/25], Batch: 2840/2963, Loss: 111.156, Trans_L2_m: 1.485, Yaw_err_deg: 1.614
Epoch: [13/25], Batch: 2850/2963, Loss: 84.456, Trans_L2_m: 1.403, Yaw_err_deg: 0.778
Epoch: [13/25], Batch: 2860/2963, Loss: 107.604, Trans_L2_m: 1.435, Yaw_err_deg: 1.372
Epoch: [13/25], Batch: 2870/2963, Loss: 117.515, Trans_L2_m: 1.644, Yaw_err_deg: 1.619
Epoch: [13/25], Batch: 2880/2963, Loss: 93.038, Trans_L2_m: 1.688, Yaw_err_deg: 1.229
Epoch: [13/25], Batch: 2890/2963, Loss: 98.084, Trans_L2_m: 1.641, Yaw_err_deg: 1.145
Epoch: [13/25], Batch: 2900/2963, Loss: 139.575, Trans_L2_m: 1.974, Yaw_err_deg: 1.511
Epoch: [13/25], Batch: 2910/2963, Loss: 100.130, Trans_L2_m: 1.430, Yaw_err_deg: 1.543
Epoch: [13/25], Batch: 2920/2963, Loss: 127.285, Trans_L2_m: 1.848, Yaw_err_deg: 1.454
Epoch: [13/25], Batch: 2930/2963, Loss: 141.348, Trans_L2_m: 1.956, Yaw_err_deg: 1.698
Epoch: [13/25], Batch: 2940/2963, Loss: 110.783, Trans_L2_m: 1.822, Yaw_err_deg: 1.244
Epoch: [13/25], Batch: 2950/2963, Loss: 93.450, Trans_L2_m: 1.522, Yaw_err_deg: 1.139
Epoch: [13/25], Batch: 2960/2963, Loss: 96.944, Trans_L2_m: 1.331, Yaw_err_deg: 1.219
Epoch: [14/25], Batch: 0/2963, Loss: 101.818, Trans_L2_m: 1.207, Yaw_err_deg: 1.287
Epoch: [14/25], Batch: 10/2963, Loss: 104.055, Trans_L2_m: 1.692, Yaw_err_deg: 1.219
Epoch: [14/25], Batch: 20/2963, Loss: 87.454, Trans_L2_m: 1.422, Yaw_err_deg: 1.107
Epoch: [14/25], Batch: 30/2963, Loss: 89.461, Trans_L2_m: 1.380, Yaw_err_deg: 0.886
Epoch: [14/25], Batch: 40/2963, Loss: 96.735, Trans_L2_m: 1.319, Yaw_err_deg: 1.083
Epoch: [14/25], Batch: 50/2963, Loss: 100.648, Trans_L2_m: 1.642, Yaw_err_deg: 1.043
Epoch: [14/25], Batch: 60/2963, Loss: 87.643, Trans_L2_m: 0.905, Yaw_err_deg: 1.060
Epoch: [14/25], Batch: 70/2963, Loss: 75.449, Trans_L2_m: 1.045, Yaw_err_deg: 1.034
Epoch: [14/25], Batch: 80/2963, Loss: 114.245, Trans_L2_m: 1.580, Yaw_err_deg: 1.055
Epoch: [14/25], Batch: 90/2963, Loss: 137.882, Trans_L2_m: 1.960, Yaw_err_deg: 2.002
Epoch: [14/25], Batch: 100/2963, Loss: 106.837, Trans_L2_m: 1.989, Yaw_err_deg: 1.091
Epoch: [14/25], Batch: 110/2963, Loss: 94.051, Trans_L2_m: 1.255, Yaw_err_deg: 1.033
Epoch: [14/25], Batch: 120/2963, Loss: 102.806, Trans_L2_m: 1.581, Yaw_err_deg: 1.199
Epoch: [14/25], Batch: 130/2963, Loss: 123.283, Trans_L2_m: 2.029, Yaw_err_deg: 1.308
Epoch: [14/25], Batch: 140/2963, Loss: 90.975, Trans_L2_m: 1.405, Yaw_err_deg: 0.743
Epoch: [14/25], Batch: 150/2963, Loss: 102.442, Trans_L2_m: 1.714, Yaw_err_deg: 1.108
Epoch: [14/25], Batch: 160/2963, Loss: 91.732, Trans_L2_m: 1.116, Yaw_err_deg: 0.689
Epoch: [14/25], Batch: 170/2963, Loss: 89.466, Trans_L2_m: 1.366, Yaw_err_deg: 1.232
Epoch: [14/25], Batch: 180/2963, Loss: 94.929, Trans_L2_m: 1.414, Yaw_err_deg: 0.716
Epoch: [14/25], Batch: 190/2963, Loss: 87.432, Trans_L2_m: 1.386, Yaw_err_deg: 1.118
Epoch: [14/25], Batch: 200/2963, Loss: 117.252, Trans_L2_m: 1.480, Yaw_err_deg: 1.853
Epoch: [14/25], Batch: 210/2963, Loss: 94.372, Trans_L2_m: 1.375, Yaw_err_deg: 1.065
Epoch: [14/25], Batch: 220/2963, Loss: 110.618, Trans_L2_m: 1.329, Yaw_err_deg: 1.488
Epoch: [14/25], Batch: 230/2963, Loss: 83.170, Trans_L2_m: 1.418, Yaw_err_deg: 0.980
Epoch: [14/25], Batch: 240/2963, Loss: 94.777, Trans_L2_m: 1.230, Yaw_err_deg: 1.246
Epoch: [14/25], Batch: 250/2963, Loss: 104.322, Trans_L2_m: 1.537, Yaw_err_deg: 1.218
Epoch: [14/25], Batch: 260/2963, Loss: 95.448, Trans_L2_m: 1.246, Yaw_err_deg: 0.899
Epoch: [14/25], Batch: 270/2963, Loss: 95.982, Trans_L2_m: 1.438, Yaw_err_deg: 1.517
Epoch: [14/25], Batch: 280/2963, Loss: 100.111, Trans_L2_m: 1.516, Yaw_err_deg: 0.945
Epoch: [14/25], Batch: 290/2963, Loss: 107.015, Trans_L2_m: 1.637, Yaw_err_deg: 1.400
Epoch: [14/25], Batch: 300/2963, Loss: 93.654, Trans_L2_m: 1.478, Yaw_err_deg: 0.855
Epoch: [14/25], Batch: 310/2963, Loss: 113.076, Trans_L2_m: 1.529, Yaw_err_deg: 1.421
Epoch: [14/25], Batch: 320/2963, Loss: 104.857, Trans_L2_m: 1.493, Yaw_err_deg: 1.282
Epoch: [14/25], Batch: 330/2963, Loss: 122.517, Trans_L2_m: 1.841, Yaw_err_deg: 1.230
Epoch: [14/25], Batch: 340/2963, Loss: 132.088, Trans_L2_m: 2.187, Yaw_err_deg: 1.523
Epoch: [14/25], Batch: 350/2963, Loss: 88.380, Trans_L2_m: 1.102, Yaw_err_deg: 1.034
Epoch: [14/25], Batch: 360/2963, Loss: 88.500, Trans_L2_m: 1.378, Yaw_err_deg: 0.841
Epoch: [14/25], Batch: 370/2963, Loss: 136.844, Trans_L2_m: 1.446, Yaw_err_deg: 1.973
Epoch: [14/25], Batch: 380/2963, Loss: 108.190, Trans_L2_m: 1.414, Yaw_err_deg: 1.097
Epoch: [14/25], Batch: 390/2963, Loss: 93.785, Trans_L2_m: 1.232, Yaw_err_deg: 1.431
Epoch: [14/25], Batch: 400/2963, Loss: 87.257, Trans_L2_m: 1.245, Yaw_err_deg: 1.206
Epoch: [14/25], Batch: 410/2963, Loss: 111.362, Trans_L2_m: 1.642, Yaw_err_deg: 1.319
Epoch: [14/25], Batch: 420/2963, Loss: 123.373, Trans_L2_m: 1.259, Yaw_err_deg: 1.661
Epoch: [14/25], Batch: 430/2963, Loss: 90.875, Trans_L2_m: 1.334, Yaw_err_deg: 1.120
Epoch: [14/25], Batch: 440/2963, Loss: 118.814, Trans_L2_m: 1.853, Yaw_err_deg: 1.054
Epoch: [14/25], Batch: 450/2963, Loss: 100.142, Trans_L2_m: 1.406, Yaw_err_deg: 1.367
Epoch: [14/25], Batch: 460/2963, Loss: 95.534, Trans_L2_m: 1.122, Yaw_err_deg: 1.059
Epoch: [14/25], Batch: 470/2963, Loss: 90.533, Trans_L2_m: 1.272, Yaw_err_deg: 1.027
Epoch: [14/25], Batch: 480/2963, Loss: 104.089, Trans_L2_m: 1.231, Yaw_err_deg: 1.605
Epoch: [14/25], Batch: 490/2963, Loss: 100.325, Trans_L2_m: 1.327, Yaw_err_deg: 1.351
Epoch: [14/25], Batch: 500/2963, Loss: 86.385, Trans_L2_m: 1.164, Yaw_err_deg: 0.820
Epoch: [14/25], Batch: 510/2963, Loss: 102.987, Trans_L2_m: 1.841, Yaw_err_deg: 1.138
Epoch: [14/25], Batch: 520/2963, Loss: 81.816, Trans_L2_m: 0.983, Yaw_err_deg: 1.144
Epoch: [14/25], Batch: 530/2963, Loss: 102.002, Trans_L2_m: 1.388, Yaw_err_deg: 1.193
Epoch: [14/25], Batch: 540/2963, Loss: 98.345, Trans_L2_m: 1.407, Yaw_err_deg: 1.554
Epoch: [14/25], Batch: 550/2963, Loss: 124.884, Trans_L2_m: 2.273, Yaw_err_deg: 1.128
Epoch: [14/25], Batch: 560/2963, Loss: 101.872, Trans_L2_m: 1.449, Yaw_err_deg: 1.175
Epoch: [14/25], Batch: 570/2963, Loss: 121.918, Trans_L2_m: 1.612, Yaw_err_deg: 1.445
Epoch: [14/25], Batch: 580/2963, Loss: 148.932, Trans_L2_m: 2.427, Yaw_err_deg: 1.658
Epoch: [14/25], Batch: 590/2963, Loss: 113.919, Trans_L2_m: 1.570, Yaw_err_deg: 1.480
Epoch: [14/25], Batch: 600/2963, Loss: 108.916, Trans_L2_m: 1.971, Yaw_err_deg: 1.128
Epoch: [14/25], Batch: 610/2963, Loss: 112.558, Trans_L2_m: 1.917, Yaw_err_deg: 0.947
Epoch: [14/25], Batch: 620/2963, Loss: 104.373, Trans_L2_m: 1.461, Yaw_err_deg: 1.286
Epoch: [14/25], Batch: 630/2963, Loss: 116.474, Trans_L2_m: 1.734, Yaw_err_deg: 1.009
Epoch: [14/25], Batch: 640/2963, Loss: 83.343, Trans_L2_m: 1.553, Yaw_err_deg: 0.856
Epoch: [14/25], Batch: 650/2963, Loss: 105.857, Trans_L2_m: 1.382, Yaw_err_deg: 1.217
Epoch: [14/25], Batch: 660/2963, Loss: 108.065, Trans_L2_m: 1.830, Yaw_err_deg: 1.260
Epoch: [14/25], Batch: 670/2963, Loss: 135.070, Trans_L2_m: 1.971, Yaw_err_deg: 1.615
Epoch: [14/25], Batch: 680/2963, Loss: 134.032, Trans_L2_m: 2.176, Yaw_err_deg: 1.044
Epoch: [14/25], Batch: 690/2963, Loss: 100.497, Trans_L2_m: 1.306, Yaw_err_deg: 1.238
Epoch: [14/25], Batch: 700/2963, Loss: 119.025, Trans_L2_m: 1.987, Yaw_err_deg: 1.129
Epoch: [14/25], Batch: 710/2963, Loss: 109.841, Trans_L2_m: 1.229, Yaw_err_deg: 1.750
Epoch: [14/25], Batch: 720/2963, Loss: 115.746, Trans_L2_m: 1.693, Yaw_err_deg: 1.087
Epoch: [14/25], Batch: 730/2963, Loss: 86.804, Trans_L2_m: 1.133, Yaw_err_deg: 0.988
Epoch: [14/25], Batch: 740/2963, Loss: 124.595, Trans_L2_m: 1.546, Yaw_err_deg: 1.557
Epoch: [14/25], Batch: 750/2963, Loss: 99.234, Trans_L2_m: 1.446, Yaw_err_deg: 1.149
Epoch: [14/25], Batch: 760/2963, Loss: 91.142, Trans_L2_m: 1.353, Yaw_err_deg: 1.316
Epoch: [14/25], Batch: 770/2963, Loss: 104.568, Trans_L2_m: 1.363, Yaw_err_deg: 1.291
Epoch: [14/25], Batch: 780/2963, Loss: 89.555, Trans_L2_m: 1.211, Yaw_err_deg: 1.080
Epoch: [14/25], Batch: 790/2963, Loss: 95.615, Trans_L2_m: 1.165, Yaw_err_deg: 1.311
Epoch: [14/25], Batch: 800/2963, Loss: 93.670, Trans_L2_m: 1.136, Yaw_err_deg: 1.327
Epoch: [14/25], Batch: 810/2963, Loss: 139.521, Trans_L2_m: 2.267, Yaw_err_deg: 1.061
Epoch: [14/25], Batch: 820/2963, Loss: 93.826, Trans_L2_m: 1.276, Yaw_err_deg: 0.959
Epoch: [14/25], Batch: 830/2963, Loss: 105.127, Trans_L2_m: 1.428, Yaw_err_deg: 1.045
Epoch: [14/25], Batch: 840/2963, Loss: 128.888, Trans_L2_m: 2.000, Yaw_err_deg: 1.579
Epoch: [14/25], Batch: 850/2963, Loss: 107.959, Trans_L2_m: 1.717, Yaw_err_deg: 1.588
Epoch: [14/25], Batch: 860/2963, Loss: 112.644, Trans_L2_m: 1.718, Yaw_err_deg: 1.511
Epoch: [14/25], Batch: 870/2963, Loss: 113.653, Trans_L2_m: 1.635, Yaw_err_deg: 1.326
Epoch: [14/25], Batch: 880/2963, Loss: 96.444, Trans_L2_m: 1.345, Yaw_err_deg: 1.435
Epoch: [14/25], Batch: 890/2963, Loss: 88.527, Trans_L2_m: 1.214, Yaw_err_deg: 1.492
Epoch: [14/25], Batch: 900/2963, Loss: 103.775, Trans_L2_m: 1.510, Yaw_err_deg: 1.865
Epoch: [14/25], Batch: 910/2963, Loss: 91.539, Trans_L2_m: 1.282, Yaw_err_deg: 1.028
Epoch: [14/25], Batch: 920/2963, Loss: 132.387, Trans_L2_m: 2.072, Yaw_err_deg: 1.248
Epoch: [14/25], Batch: 930/2963, Loss: 90.635, Trans_L2_m: 1.786, Yaw_err_deg: 0.990
Epoch: [14/25], Batch: 940/2963, Loss: 105.587, Trans_L2_m: 1.580, Yaw_err_deg: 1.507
Epoch: [14/25], Batch: 950/2963, Loss: 94.823, Trans_L2_m: 1.286, Yaw_err_deg: 1.077
Epoch: [14/25], Batch: 960/2963, Loss: 104.138, Trans_L2_m: 1.236, Yaw_err_deg: 1.396
Epoch: [14/25], Batch: 970/2963, Loss: 103.611, Trans_L2_m: 1.123, Yaw_err_deg: 1.720
Epoch: [14/25], Batch: 980/2963, Loss: 104.474, Trans_L2_m: 1.213, Yaw_err_deg: 1.536
Epoch: [14/25], Batch: 990/2963, Loss: 84.172, Trans_L2_m: 1.553, Yaw_err_deg: 0.884
Epoch: [14/25], Batch: 1000/2963, Loss: 98.912, Trans_L2_m: 1.605, Yaw_err_deg: 1.176
Epoch: [14/25], Batch: 1010/2963, Loss: 85.246, Trans_L2_m: 1.192, Yaw_err_deg: 1.012
Epoch: [14/25], Batch: 1020/2963, Loss: 117.204, Trans_L2_m: 1.668, Yaw_err_deg: 0.766
Epoch: [14/25], Batch: 1030/2963, Loss: 109.736, Trans_L2_m: 1.783, Yaw_err_deg: 1.079
Epoch: [14/25], Batch: 1040/2963, Loss: 132.521, Trans_L2_m: 1.319, Yaw_err_deg: 1.695
Epoch: [14/25], Batch: 1050/2963, Loss: 101.073, Trans_L2_m: 1.674, Yaw_err_deg: 1.236
Epoch: [14/25], Batch: 1060/2963, Loss: 108.483, Trans_L2_m: 1.746, Yaw_err_deg: 1.276
Epoch: [14/25], Batch: 1070/2963, Loss: 108.973, Trans_L2_m: 1.546, Yaw_err_deg: 0.880
Epoch: [14/25], Batch: 1080/2963, Loss: 148.795, Trans_L2_m: 2.240, Yaw_err_deg: 1.549
Epoch: [14/25], Batch: 1090/2963, Loss: 103.543, Trans_L2_m: 1.814, Yaw_err_deg: 0.817
Epoch: [14/25], Batch: 1100/2963, Loss: 107.293, Trans_L2_m: 1.764, Yaw_err_deg: 1.573
Epoch: [14/25], Batch: 1110/2963, Loss: 111.287, Trans_L2_m: 1.039, Yaw_err_deg: 1.848
Epoch: [14/25], Batch: 1120/2963, Loss: 492.316, Trans_L2_m: 4.082, Yaw_err_deg: 0.765
Epoch: [14/25], Batch: 1130/2963, Loss: 99.354, Trans_L2_m: 1.336, Yaw_err_deg: 1.115
Epoch: [14/25], Batch: 1140/2963, Loss: 92.654, Trans_L2_m: 1.563, Yaw_err_deg: 1.210
Epoch: [14/25], Batch: 1150/2963, Loss: 86.623, Trans_L2_m: 1.484, Yaw_err_deg: 1.188
Epoch: [14/25], Batch: 1160/2963, Loss: 93.225, Trans_L2_m: 1.302, Yaw_err_deg: 0.799
Epoch: [14/25], Batch: 1170/2963, Loss: 113.087, Trans_L2_m: 1.579, Yaw_err_deg: 1.493
Epoch: [14/25], Batch: 1180/2963, Loss: 111.476, Trans_L2_m: 1.357, Yaw_err_deg: 1.526
Epoch: [14/25], Batch: 1190/2963, Loss: 109.473, Trans_L2_m: 1.470, Yaw_err_deg: 1.514
Epoch: [14/25], Batch: 1200/2963, Loss: 106.591, Trans_L2_m: 1.806, Yaw_err_deg: 1.225
Epoch: [14/25], Batch: 1210/2963, Loss: 100.438, Trans_L2_m: 1.663, Yaw_err_deg: 0.880
Epoch: [14/25], Batch: 1220/2963, Loss: 84.206, Trans_L2_m: 1.573, Yaw_err_deg: 1.193
Epoch: [14/25], Batch: 1230/2963, Loss: 110.801, Trans_L2_m: 1.483, Yaw_err_deg: 1.234
Epoch: [14/25], Batch: 1240/2963, Loss: 127.213, Trans_L2_m: 1.644, Yaw_err_deg: 1.310
Epoch: [14/25], Batch: 1250/2963, Loss: 157.089, Trans_L2_m: 2.039, Yaw_err_deg: 1.190
Epoch: [14/25], Batch: 1260/2963, Loss: 114.592, Trans_L2_m: 1.614, Yaw_err_deg: 1.279
Epoch: [14/25], Batch: 1270/2963, Loss: 108.428, Trans_L2_m: 1.259, Yaw_err_deg: 1.211
Epoch: [14/25], Batch: 1280/2963, Loss: 106.595, Trans_L2_m: 1.016, Yaw_err_deg: 0.940
Epoch: [14/25], Batch: 1290/2963, Loss: 102.830, Trans_L2_m: 1.714, Yaw_err_deg: 0.870
Epoch: [14/25], Batch: 1300/2963, Loss: 600.598, Trans_L2_m: 4.308, Yaw_err_deg: 1.342
Epoch: [14/25], Batch: 1310/2963, Loss: 103.459, Trans_L2_m: 1.346, Yaw_err_deg: 1.282
Epoch: [14/25], Batch: 1320/2963, Loss: 91.074, Trans_L2_m: 1.307, Yaw_err_deg: 0.995
Epoch: [14/25], Batch: 1330/2963, Loss: 125.508, Trans_L2_m: 1.543, Yaw_err_deg: 1.879
Epoch: [14/25], Batch: 1340/2963, Loss: 100.595, Trans_L2_m: 1.481, Yaw_err_deg: 1.297
Epoch: [14/25], Batch: 1350/2963, Loss: 75.229, Trans_L2_m: 0.888, Yaw_err_deg: 0.813
Epoch: [14/25], Batch: 1360/2963, Loss: 87.467, Trans_L2_m: 1.380, Yaw_err_deg: 1.115
Epoch: [14/25], Batch: 1370/2963, Loss: 101.977, Trans_L2_m: 1.606, Yaw_err_deg: 0.999
Epoch: [14/25], Batch: 1380/2963, Loss: 98.680, Trans_L2_m: 1.582, Yaw_err_deg: 0.978
Epoch: [14/25], Batch: 1390/2963, Loss: 102.857, Trans_L2_m: 1.625, Yaw_err_deg: 1.389
Epoch: [14/25], Batch: 1400/2963, Loss: 87.711, Trans_L2_m: 1.386, Yaw_err_deg: 1.075
Epoch: [14/25], Batch: 1410/2963, Loss: 106.900, Trans_L2_m: 1.300, Yaw_err_deg: 1.381
Epoch: [14/25], Batch: 1420/2963, Loss: 232.552, Trans_L2_m: 2.503, Yaw_err_deg: 1.153
Epoch: [14/25], Batch: 1430/2963, Loss: 89.038, Trans_L2_m: 1.264, Yaw_err_deg: 0.829
Epoch: [14/25], Batch: 1440/2963, Loss: 104.317, Trans_L2_m: 1.242, Yaw_err_deg: 1.209
Epoch: [14/25], Batch: 1450/2963, Loss: 103.794, Trans_L2_m: 1.474, Yaw_err_deg: 1.355
Epoch: [14/25], Batch: 1460/2963, Loss: 87.137, Trans_L2_m: 1.421, Yaw_err_deg: 1.030
Epoch: [14/25], Batch: 1470/2963, Loss: 89.780, Trans_L2_m: 1.283, Yaw_err_deg: 1.151
Epoch: [14/25], Batch: 1480/2963, Loss: 97.900, Trans_L2_m: 1.323, Yaw_err_deg: 1.619
Epoch: [14/25], Batch: 1490/2963, Loss: 118.784, Trans_L2_m: 1.422, Yaw_err_deg: 1.424
Epoch: [14/25], Batch: 1500/2963, Loss: 113.654, Trans_L2_m: 1.396, Yaw_err_deg: 1.619
Epoch: [14/25], Batch: 1510/2963, Loss: 113.785, Trans_L2_m: 1.761, Yaw_err_deg: 1.772
Epoch: [14/25], Batch: 1520/2963, Loss: 94.206, Trans_L2_m: 1.403, Yaw_err_deg: 1.501
Epoch: [14/25], Batch: 1530/2963, Loss: 89.451, Trans_L2_m: 1.214, Yaw_err_deg: 0.866
Epoch: [14/25], Batch: 1540/2963, Loss: 130.772, Trans_L2_m: 1.918, Yaw_err_deg: 1.377
Epoch: [14/25], Batch: 1550/2963, Loss: 118.279, Trans_L2_m: 1.716, Yaw_err_deg: 1.265
Epoch: [14/25], Batch: 1560/2963, Loss: 86.859, Trans_L2_m: 0.998, Yaw_err_deg: 1.002
Epoch: [14/25], Batch: 1570/2963, Loss: 102.849, Trans_L2_m: 1.687, Yaw_err_deg: 1.511
Epoch: [14/25], Batch: 1580/2963, Loss: 114.362, Trans_L2_m: 1.589, Yaw_err_deg: 1.502
Epoch: [14/25], Batch: 1590/2963, Loss: 106.232, Trans_L2_m: 1.320, Yaw_err_deg: 1.220
Epoch: [14/25], Batch: 1600/2963, Loss: 108.442, Trans_L2_m: 1.370, Yaw_err_deg: 1.713
Epoch: [14/25], Batch: 1610/2963, Loss: 104.481, Trans_L2_m: 1.623, Yaw_err_deg: 1.219
Epoch: [14/25], Batch: 1620/2963, Loss: 108.552, Trans_L2_m: 1.073, Yaw_err_deg: 1.521
Epoch: [14/25], Batch: 1630/2963, Loss: 83.424, Trans_L2_m: 1.301, Yaw_err_deg: 1.301
Epoch: [14/25], Batch: 1640/2963, Loss: 137.658, Trans_L2_m: 1.780, Yaw_err_deg: 1.061
Epoch: [14/25], Batch: 1650/2963, Loss: 102.915, Trans_L2_m: 1.656, Yaw_err_deg: 1.069
Epoch: [14/25], Batch: 1660/2963, Loss: 100.069, Trans_L2_m: 1.540, Yaw_err_deg: 0.973
Epoch: [14/25], Batch: 1670/2963, Loss: 103.143, Trans_L2_m: 1.539, Yaw_err_deg: 0.926
Epoch: [14/25], Batch: 1680/2963, Loss: 100.984, Trans_L2_m: 1.402, Yaw_err_deg: 1.148
Epoch: [14/25], Batch: 1690/2963, Loss: 92.229, Trans_L2_m: 1.250, Yaw_err_deg: 1.152
Epoch: [14/25], Batch: 1700/2963, Loss: 97.067, Trans_L2_m: 1.561, Yaw_err_deg: 1.064
Epoch: [14/25], Batch: 1710/2963, Loss: 132.055, Trans_L2_m: 2.158, Yaw_err_deg: 1.305
Epoch: [14/25], Batch: 1720/2963, Loss: 87.016, Trans_L2_m: 1.037, Yaw_err_deg: 1.229
Epoch: [14/25], Batch: 1730/2963, Loss: 118.637, Trans_L2_m: 1.888, Yaw_err_deg: 1.269
Epoch: [14/25], Batch: 1740/2963, Loss: 99.464, Trans_L2_m: 0.913, Yaw_err_deg: 1.334
Epoch: [14/25], Batch: 1750/2963, Loss: 105.635, Trans_L2_m: 1.364, Yaw_err_deg: 1.544
Epoch: [14/25], Batch: 1760/2963, Loss: 135.336, Trans_L2_m: 2.153, Yaw_err_deg: 0.913
Epoch: [14/25], Batch: 1770/2963, Loss: 103.965, Trans_L2_m: 1.155, Yaw_err_deg: 1.231
Epoch: [14/25], Batch: 1780/2963, Loss: 113.289, Trans_L2_m: 2.060, Yaw_err_deg: 0.747
Epoch: [14/25], Batch: 1790/2963, Loss: 95.398, Trans_L2_m: 1.121, Yaw_err_deg: 1.524
Epoch: [14/25], Batch: 1800/2963, Loss: 109.873, Trans_L2_m: 1.445, Yaw_err_deg: 1.144
Epoch: [14/25], Batch: 1810/2963, Loss: 137.980, Trans_L2_m: 1.847, Yaw_err_deg: 1.351
Epoch: [14/25], Batch: 1820/2963, Loss: 119.456, Trans_L2_m: 1.936, Yaw_err_deg: 1.109
Epoch: [14/25], Batch: 1830/2963, Loss: 99.395, Trans_L2_m: 1.654, Yaw_err_deg: 0.773
Epoch: [14/25], Batch: 1840/2963, Loss: 117.234, Trans_L2_m: 1.955, Yaw_err_deg: 1.145
Epoch: [14/25], Batch: 1850/2963, Loss: 103.169, Trans_L2_m: 1.186, Yaw_err_deg: 1.214
Epoch: [14/25], Batch: 1860/2963, Loss: 91.625, Trans_L2_m: 1.469, Yaw_err_deg: 1.509
Epoch: [14/25], Batch: 1870/2963, Loss: 114.589, Trans_L2_m: 1.800, Yaw_err_deg: 1.354
Epoch: [14/25], Batch: 1880/2963, Loss: 106.915, Trans_L2_m: 1.310, Yaw_err_deg: 1.320
Epoch: [14/25], Batch: 1890/2963, Loss: 89.338, Trans_L2_m: 1.304, Yaw_err_deg: 0.998
Epoch: [14/25], Batch: 1900/2963, Loss: 87.659, Trans_L2_m: 1.486, Yaw_err_deg: 0.876
Epoch: [14/25], Batch: 1910/2963, Loss: 106.839, Trans_L2_m: 1.848, Yaw_err_deg: 1.190
Epoch: [14/25], Batch: 1920/2963, Loss: 105.075, Trans_L2_m: 1.456, Yaw_err_deg: 0.616
Epoch: [14/25], Batch: 1930/2963, Loss: 93.646, Trans_L2_m: 1.422, Yaw_err_deg: 1.324
Epoch: [14/25], Batch: 1940/2963, Loss: 83.161, Trans_L2_m: 0.951, Yaw_err_deg: 1.370
Epoch: [14/25], Batch: 1950/2963, Loss: 496.245, Trans_L2_m: 3.744, Yaw_err_deg: 0.969
Epoch: [14/25], Batch: 1960/2963, Loss: 93.492, Trans_L2_m: 1.591, Yaw_err_deg: 1.022
Epoch: [14/25], Batch: 1970/2963, Loss: 115.816, Trans_L2_m: 1.657, Yaw_err_deg: 1.189
Epoch: [14/25], Batch: 1980/2963, Loss: 118.493, Trans_L2_m: 2.039, Yaw_err_deg: 1.457
Epoch: [14/25], Batch: 1990/2963, Loss: 95.743, Trans_L2_m: 1.330, Yaw_err_deg: 0.749
Epoch: [14/25], Batch: 2000/2963, Loss: 120.955, Trans_L2_m: 2.106, Yaw_err_deg: 1.654
Epoch: [14/25], Batch: 2010/2963, Loss: 88.998, Trans_L2_m: 1.166, Yaw_err_deg: 1.149
Epoch: [14/25], Batch: 2020/2963, Loss: 58.339, Trans_L2_m: 0.915, Yaw_err_deg: 0.787
Epoch: [14/25], Batch: 2030/2963, Loss: 425.724, Trans_L2_m: 3.082, Yaw_err_deg: 1.625
Epoch: [14/25], Batch: 2040/2963, Loss: 130.272, Trans_L2_m: 2.219, Yaw_err_deg: 1.342
Epoch: [14/25], Batch: 2050/2963, Loss: 92.306, Trans_L2_m: 1.322, Yaw_err_deg: 0.936
Epoch: [14/25], Batch: 2060/2963, Loss: 101.734, Trans_L2_m: 1.535, Yaw_err_deg: 1.129
Epoch: [14/25], Batch: 2070/2963, Loss: 125.890, Trans_L2_m: 1.933, Yaw_err_deg: 1.017
Epoch: [14/25], Batch: 2080/2963, Loss: 105.155, Trans_L2_m: 1.515, Yaw_err_deg: 0.978
Epoch: [14/25], Batch: 2090/2963, Loss: 70.028, Trans_L2_m: 0.957, Yaw_err_deg: 0.880
Epoch: [14/25], Batch: 2100/2963, Loss: 109.078, Trans_L2_m: 1.432, Yaw_err_deg: 0.959
Epoch: [14/25], Batch: 2110/2963, Loss: 113.814, Trans_L2_m: 1.927, Yaw_err_deg: 1.292
Epoch: [14/25], Batch: 2120/2963, Loss: 100.371, Trans_L2_m: 1.453, Yaw_err_deg: 1.459
Epoch: [14/25], Batch: 2130/2963, Loss: 143.871, Trans_L2_m: 1.945, Yaw_err_deg: 1.641
Epoch: [14/25], Batch: 2140/2963, Loss: 87.971, Trans_L2_m: 1.214, Yaw_err_deg: 1.006
Epoch: [14/25], Batch: 2150/2963, Loss: 137.890, Trans_L2_m: 2.288, Yaw_err_deg: 1.378
Epoch: [14/25], Batch: 2160/2963, Loss: 95.730, Trans_L2_m: 1.231, Yaw_err_deg: 1.132
Epoch: [14/25], Batch: 2170/2963, Loss: 100.687, Trans_L2_m: 1.271, Yaw_err_deg: 1.245
Epoch: [14/25], Batch: 2180/2963, Loss: 92.775, Trans_L2_m: 1.578, Yaw_err_deg: 1.031
Epoch: [14/25], Batch: 2190/2963, Loss: 116.065, Trans_L2_m: 1.471, Yaw_err_deg: 1.843
Epoch: [14/25], Batch: 2200/2963, Loss: 94.005, Trans_L2_m: 1.596, Yaw_err_deg: 0.893
Epoch: [14/25], Batch: 2210/2963, Loss: 205.165, Trans_L2_m: 2.757, Yaw_err_deg: 1.452
Epoch: [14/25], Batch: 2220/2963, Loss: 90.373, Trans_L2_m: 1.275, Yaw_err_deg: 0.853
Epoch: [14/25], Batch: 2230/2963, Loss: 132.421, Trans_L2_m: 2.312, Yaw_err_deg: 1.103
Epoch: [14/25], Batch: 2240/2963, Loss: 105.588, Trans_L2_m: 1.760, Yaw_err_deg: 1.493
Epoch: [14/25], Batch: 2250/2963, Loss: 104.592, Trans_L2_m: 1.678, Yaw_err_deg: 0.926
Epoch: [14/25], Batch: 2260/2963, Loss: 128.111, Trans_L2_m: 1.585, Yaw_err_deg: 1.246
Epoch: [14/25], Batch: 2270/2963, Loss: 137.200, Trans_L2_m: 1.958, Yaw_err_deg: 1.273
Epoch: [14/25], Batch: 2280/2963, Loss: 88.820, Trans_L2_m: 1.338, Yaw_err_deg: 1.162
Epoch: [14/25], Batch: 2290/2963, Loss: 99.453, Trans_L2_m: 1.257, Yaw_err_deg: 0.866
Epoch: [14/25], Batch: 2300/2963, Loss: 90.490, Trans_L2_m: 1.082, Yaw_err_deg: 1.053
Epoch: [14/25], Batch: 2310/2963, Loss: 105.135, Trans_L2_m: 1.484, Yaw_err_deg: 1.095
Epoch: [14/25], Batch: 2320/2963, Loss: 99.258, Trans_L2_m: 1.260, Yaw_err_deg: 1.102
Epoch: [14/25], Batch: 2330/2963, Loss: 88.357, Trans_L2_m: 1.091, Yaw_err_deg: 1.152
Epoch: [14/25], Batch: 2340/2963, Loss: 101.957, Trans_L2_m: 1.619, Yaw_err_deg: 1.365
Epoch: [14/25], Batch: 2350/2963, Loss: 88.819, Trans_L2_m: 1.144, Yaw_err_deg: 1.465
Epoch: [14/25], Batch: 2360/2963, Loss: 112.381, Trans_L2_m: 2.069, Yaw_err_deg: 1.067
Epoch: [14/25], Batch: 2370/2963, Loss: 103.645, Trans_L2_m: 1.488, Yaw_err_deg: 1.291
Epoch: [14/25], Batch: 2380/2963, Loss: 76.873, Trans_L2_m: 1.039, Yaw_err_deg: 0.736
Epoch: [14/25], Batch: 2390/2963, Loss: 107.110, Trans_L2_m: 1.814, Yaw_err_deg: 1.103
Epoch: [14/25], Batch: 2400/2963, Loss: 96.099, Trans_L2_m: 1.488, Yaw_err_deg: 0.739
Epoch: [14/25], Batch: 2410/2963, Loss: 106.052, Trans_L2_m: 1.345, Yaw_err_deg: 1.018
Epoch: [14/25], Batch: 2420/2963, Loss: 111.195, Trans_L2_m: 1.738, Yaw_err_deg: 1.490
Epoch: [14/25], Batch: 2430/2963, Loss: 119.140, Trans_L2_m: 1.520, Yaw_err_deg: 1.329
Epoch: [14/25], Batch: 2440/2963, Loss: 121.829, Trans_L2_m: 1.520, Yaw_err_deg: 1.684
Epoch: [14/25], Batch: 2450/2963, Loss: 100.642, Trans_L2_m: 1.551, Yaw_err_deg: 1.228
Epoch: [14/25], Batch: 2460/2963, Loss: 72.154, Trans_L2_m: 1.177, Yaw_err_deg: 0.935
Epoch: [14/25], Batch: 2470/2963, Loss: 93.516, Trans_L2_m: 1.470, Yaw_err_deg: 1.366
Epoch: [14/25], Batch: 2480/2963, Loss: 93.793, Trans_L2_m: 1.676, Yaw_err_deg: 1.412
Epoch: [14/25], Batch: 2490/2963, Loss: 107.592, Trans_L2_m: 1.403, Yaw_err_deg: 1.402
Epoch: [14/25], Batch: 2500/2963, Loss: 77.255, Trans_L2_m: 1.035, Yaw_err_deg: 1.127
Epoch: [14/25], Batch: 2510/2963, Loss: 105.392, Trans_L2_m: 1.037, Yaw_err_deg: 1.745
Epoch: [14/25], Batch: 2520/2963, Loss: 116.029, Trans_L2_m: 1.847, Yaw_err_deg: 1.139
Epoch: [14/25], Batch: 2530/2963, Loss: 96.081, Trans_L2_m: 1.171, Yaw_err_deg: 1.427
Epoch: [14/25], Batch: 2540/2963, Loss: 82.162, Trans_L2_m: 1.376, Yaw_err_deg: 1.180
Epoch: [14/25], Batch: 2550/2963, Loss: 103.182, Trans_L2_m: 1.168, Yaw_err_deg: 1.279
Epoch: [14/25], Batch: 2560/2963, Loss: 100.058, Trans_L2_m: 1.574, Yaw_err_deg: 0.858
Epoch: [14/25], Batch: 2570/2963, Loss: 89.556, Trans_L2_m: 1.229, Yaw_err_deg: 1.192
Epoch: [14/25], Batch: 2580/2963, Loss: 112.405, Trans_L2_m: 1.815, Yaw_err_deg: 1.656
Epoch: [14/25], Batch: 2590/2963, Loss: 97.621, Trans_L2_m: 1.442, Yaw_err_deg: 1.380
Epoch: [14/25], Batch: 2600/2963, Loss: 113.006, Trans_L2_m: 1.403, Yaw_err_deg: 1.436
Epoch: [14/25], Batch: 2610/2963, Loss: 86.484, Trans_L2_m: 1.238, Yaw_err_deg: 1.004
Epoch: [14/25], Batch: 2620/2963, Loss: 159.170, Trans_L2_m: 1.899, Yaw_err_deg: 1.547
Epoch: [14/25], Batch: 2630/2963, Loss: 139.927, Trans_L2_m: 1.991, Yaw_err_deg: 0.901
Epoch: [14/25], Batch: 2640/2963, Loss: 101.531, Trans_L2_m: 1.253, Yaw_err_deg: 1.284
Epoch: [14/25], Batch: 2650/2963, Loss: 97.602, Trans_L2_m: 1.640, Yaw_err_deg: 1.047
Epoch: [14/25], Batch: 2660/2963, Loss: 102.351, Trans_L2_m: 1.525, Yaw_err_deg: 1.480
Epoch: [14/25], Batch: 2670/2963, Loss: 83.664, Trans_L2_m: 1.036, Yaw_err_deg: 1.103
Epoch: [14/25], Batch: 2680/2963, Loss: 101.143, Trans_L2_m: 1.548, Yaw_err_deg: 1.318
Epoch: [14/25], Batch: 2690/2963, Loss: 120.731, Trans_L2_m: 1.957, Yaw_err_deg: 1.022
Epoch: [14/25], Batch: 2700/2963, Loss: 115.665, Trans_L2_m: 1.523, Yaw_err_deg: 0.999
Epoch: [14/25], Batch: 2710/2963, Loss: 92.267, Trans_L2_m: 1.533, Yaw_err_deg: 1.201
Epoch: [14/25], Batch: 2720/2963, Loss: 85.214, Trans_L2_m: 1.073, Yaw_err_deg: 1.003
Epoch: [14/25], Batch: 2730/2963, Loss: 110.086, Trans_L2_m: 1.304, Yaw_err_deg: 1.327
Epoch: [14/25], Batch: 2740/2963, Loss: 104.431, Trans_L2_m: 1.588, Yaw_err_deg: 1.415
Epoch: [14/25], Batch: 2750/2963, Loss: 98.329, Trans_L2_m: 1.373, Yaw_err_deg: 1.321
Epoch: [14/25], Batch: 2760/2963, Loss: 116.080, Trans_L2_m: 1.497, Yaw_err_deg: 1.408
Epoch: [14/25], Batch: 2770/2963, Loss: 98.566, Trans_L2_m: 1.650, Yaw_err_deg: 1.192
Epoch: [14/25], Batch: 2780/2963, Loss: 89.823, Trans_L2_m: 1.404, Yaw_err_deg: 0.952
Epoch: [14/25], Batch: 2790/2963, Loss: 79.485, Trans_L2_m: 1.248, Yaw_err_deg: 1.200
Epoch: [14/25], Batch: 2800/2963, Loss: 89.501, Trans_L2_m: 1.344, Yaw_err_deg: 1.309
Epoch: [14/25], Batch: 2810/2963, Loss: 98.589, Trans_L2_m: 1.482, Yaw_err_deg: 0.823
Epoch: [14/25], Batch: 2820/2963, Loss: 94.790, Trans_L2_m: 1.385, Yaw_err_deg: 0.867
Epoch: [14/25], Batch: 2830/2963, Loss: 100.808, Trans_L2_m: 1.450, Yaw_err_deg: 1.234
Epoch: [14/25], Batch: 2840/2963, Loss: 148.210, Trans_L2_m: 1.786, Yaw_err_deg: 1.420
Epoch: [14/25], Batch: 2850/2963, Loss: 104.506, Trans_L2_m: 1.893, Yaw_err_deg: 1.063
Epoch: [14/25], Batch: 2860/2963, Loss: 113.545, Trans_L2_m: 1.088, Yaw_err_deg: 1.670
Epoch: [14/25], Batch: 2870/2963, Loss: 120.431, Trans_L2_m: 1.776, Yaw_err_deg: 0.886
Epoch: [14/25], Batch: 2880/2963, Loss: 86.376, Trans_L2_m: 1.235, Yaw_err_deg: 1.051
Epoch: [14/25], Batch: 2890/2963, Loss: 88.114, Trans_L2_m: 1.467, Yaw_err_deg: 0.826
Epoch: [14/25], Batch: 2900/2963, Loss: 103.738, Trans_L2_m: 1.763, Yaw_err_deg: 1.541
Epoch: [14/25], Batch: 2910/2963, Loss: 109.039, Trans_L2_m: 0.935, Yaw_err_deg: 1.087
Epoch: [14/25], Batch: 2920/2963, Loss: 98.779, Trans_L2_m: 1.533, Yaw_err_deg: 0.902
Epoch: [14/25], Batch: 2930/2963, Loss: 112.323, Trans_L2_m: 1.578, Yaw_err_deg: 1.281
Epoch: [14/25], Batch: 2940/2963, Loss: 116.880, Trans_L2_m: 1.543, Yaw_err_deg: 1.373
Epoch: [14/25], Batch: 2950/2963, Loss: 236.066, Trans_L2_m: 2.560, Yaw_err_deg: 1.116
Epoch: [14/25], Batch: 2960/2963, Loss: 97.626, Trans_L2_m: 1.263, Yaw_err_deg: 1.232
Validation loss (homography): 4183.5809
Avg batch time: 1126.07 ms, total: 367.127 s
[1;91mVal has no improvement vs 3744.683837890625![0m
Epoch: [15/25], Batch: 0/2963, Loss: 96.178, Trans_L2_m: 1.606, Yaw_err_deg: 1.165
Epoch: [15/25], Batch: 10/2963, Loss: 97.157, Trans_L2_m: 1.762, Yaw_err_deg: 1.082
Epoch: [15/25], Batch: 20/2963, Loss: 87.825, Trans_L2_m: 1.185, Yaw_err_deg: 1.054
Epoch: [15/25], Batch: 30/2963, Loss: 115.512, Trans_L2_m: 1.524, Yaw_err_deg: 1.586
Epoch: [15/25], Batch: 40/2963, Loss: 112.272, Trans_L2_m: 2.011, Yaw_err_deg: 1.455
Epoch: [15/25], Batch: 50/2963, Loss: 81.775, Trans_L2_m: 1.151, Yaw_err_deg: 1.144
Epoch: [15/25], Batch: 60/2963, Loss: 78.315, Trans_L2_m: 1.071, Yaw_err_deg: 1.075
Epoch: [15/25], Batch: 70/2963, Loss: 159.697, Trans_L2_m: 2.175, Yaw_err_deg: 1.637
Epoch: [15/25], Batch: 80/2963, Loss: 93.150, Trans_L2_m: 1.163, Yaw_err_deg: 1.151
Epoch: [15/25], Batch: 90/2963, Loss: 80.786, Trans_L2_m: 1.448, Yaw_err_deg: 0.848
Epoch: [15/25], Batch: 100/2963, Loss: 96.943, Trans_L2_m: 1.428, Yaw_err_deg: 1.463
Epoch: [15/25], Batch: 110/2963, Loss: 98.450, Trans_L2_m: 1.399, Yaw_err_deg: 1.255
Epoch: [15/25], Batch: 120/2963, Loss: 130.174, Trans_L2_m: 2.134, Yaw_err_deg: 0.966
Epoch: [15/25], Batch: 130/2963, Loss: 103.906, Trans_L2_m: 1.961, Yaw_err_deg: 1.332
Epoch: [15/25], Batch: 140/2963, Loss: 83.110, Trans_L2_m: 1.220, Yaw_err_deg: 0.865
Epoch: [15/25], Batch: 150/2963, Loss: 97.748, Trans_L2_m: 1.630, Yaw_err_deg: 1.193
Epoch: [15/25], Batch: 160/2963, Loss: 93.387, Trans_L2_m: 1.302, Yaw_err_deg: 1.462
Epoch: [15/25], Batch: 170/2963, Loss: 96.767, Trans_L2_m: 1.392, Yaw_err_deg: 1.553
Epoch: [15/25], Batch: 180/2963, Loss: 91.658, Trans_L2_m: 1.297, Yaw_err_deg: 1.223
Epoch: [15/25], Batch: 190/2963, Loss: 105.281, Trans_L2_m: 1.751, Yaw_err_deg: 1.158
Epoch: [15/25], Batch: 200/2963, Loss: 83.453, Trans_L2_m: 1.263, Yaw_err_deg: 1.039
Epoch: [15/25], Batch: 210/2963, Loss: 98.209, Trans_L2_m: 1.547, Yaw_err_deg: 1.164
Epoch: [15/25], Batch: 220/2963, Loss: 109.842, Trans_L2_m: 1.249, Yaw_err_deg: 1.381
Epoch: [15/25], Batch: 230/2963, Loss: 80.874, Trans_L2_m: 1.199, Yaw_err_deg: 1.067
Epoch: [15/25], Batch: 240/2963, Loss: 93.256, Trans_L2_m: 1.484, Yaw_err_deg: 1.125
Epoch: [15/25], Batch: 250/2963, Loss: 89.917, Trans_L2_m: 1.157, Yaw_err_deg: 1.613
Epoch: [15/25], Batch: 260/2963, Loss: 88.077, Trans_L2_m: 1.448, Yaw_err_deg: 0.939
Epoch: [15/25], Batch: 270/2963, Loss: 125.955, Trans_L2_m: 1.663, Yaw_err_deg: 0.722
Epoch: [15/25], Batch: 280/2963, Loss: 87.777, Trans_L2_m: 1.353, Yaw_err_deg: 1.039
Epoch: [15/25], Batch: 290/2963, Loss: 80.384, Trans_L2_m: 1.281, Yaw_err_deg: 0.819
Epoch: [15/25], Batch: 300/2963, Loss: 157.296, Trans_L2_m: 2.728, Yaw_err_deg: 1.202
Epoch: [15/25], Batch: 310/2963, Loss: 117.460, Trans_L2_m: 1.779, Yaw_err_deg: 1.199
Epoch: [15/25], Batch: 320/2963, Loss: 121.526, Trans_L2_m: 1.910, Yaw_err_deg: 1.177
Epoch: [15/25], Batch: 330/2963, Loss: 102.720, Trans_L2_m: 1.683, Yaw_err_deg: 1.315
Epoch: [15/25], Batch: 340/2963, Loss: 89.873, Trans_L2_m: 1.184, Yaw_err_deg: 0.921
Epoch: [15/25], Batch: 350/2963, Loss: 93.180, Trans_L2_m: 1.963, Yaw_err_deg: 0.872
Epoch: [15/25], Batch: 360/2963, Loss: 85.516, Trans_L2_m: 1.425, Yaw_err_deg: 0.887
Epoch: [15/25], Batch: 370/2963, Loss: 101.369, Trans_L2_m: 1.292, Yaw_err_deg: 1.393
Epoch: [15/25], Batch: 380/2963, Loss: 96.932, Trans_L2_m: 1.377, Yaw_err_deg: 1.188
Epoch: [15/25], Batch: 390/2963, Loss: 83.304, Trans_L2_m: 1.110, Yaw_err_deg: 1.157
Epoch: [15/25], Batch: 400/2963, Loss: 72.657, Trans_L2_m: 1.036, Yaw_err_deg: 1.148
Epoch: [15/25], Batch: 410/2963, Loss: 103.833, Trans_L2_m: 1.726, Yaw_err_deg: 1.364
Epoch: [15/25], Batch: 420/2963, Loss: 117.643, Trans_L2_m: 2.254, Yaw_err_deg: 1.133
Epoch: [15/25], Batch: 430/2963, Loss: 87.832, Trans_L2_m: 1.491, Yaw_err_deg: 1.128
Epoch: [15/25], Batch: 440/2963, Loss: 98.879, Trans_L2_m: 1.899, Yaw_err_deg: 0.861
Epoch: [15/25], Batch: 450/2963, Loss: 77.390, Trans_L2_m: 1.253, Yaw_err_deg: 1.019
Epoch: [15/25], Batch: 460/2963, Loss: 196.087, Trans_L2_m: 2.249, Yaw_err_deg: 1.350
Epoch: [15/25], Batch: 470/2963, Loss: 92.023, Trans_L2_m: 1.157, Yaw_err_deg: 1.139
Epoch: [15/25], Batch: 480/2963, Loss: 92.317, Trans_L2_m: 1.279, Yaw_err_deg: 1.098
Epoch: [15/25], Batch: 490/2963, Loss: 104.322, Trans_L2_m: 1.783, Yaw_err_deg: 1.160
Epoch: [15/25], Batch: 500/2963, Loss: 106.205, Trans_L2_m: 1.593, Yaw_err_deg: 1.170
Epoch: [15/25], Batch: 510/2963, Loss: 105.395, Trans_L2_m: 1.344, Yaw_err_deg: 1.343
Epoch: [15/25], Batch: 520/2963, Loss: 94.331, Trans_L2_m: 1.452, Yaw_err_deg: 1.209
Epoch: [15/25], Batch: 530/2963, Loss: 88.415, Trans_L2_m: 1.236, Yaw_err_deg: 1.007
Epoch: [15/25], Batch: 540/2963, Loss: 108.282, Trans_L2_m: 1.490, Yaw_err_deg: 1.108
Epoch: [15/25], Batch: 550/2963, Loss: 82.879, Trans_L2_m: 1.144, Yaw_err_deg: 0.713
Epoch: [15/25], Batch: 560/2963, Loss: 91.448, Trans_L2_m: 1.178, Yaw_err_deg: 1.459
Epoch: [15/25], Batch: 570/2963, Loss: 154.489, Trans_L2_m: 2.291, Yaw_err_deg: 1.058
Epoch: [15/25], Batch: 580/2963, Loss: 91.179, Trans_L2_m: 1.018, Yaw_err_deg: 0.926
Epoch: [15/25], Batch: 590/2963, Loss: 93.227, Trans_L2_m: 1.407, Yaw_err_deg: 1.120
Epoch: [15/25], Batch: 600/2963, Loss: 100.181, Trans_L2_m: 1.361, Yaw_err_deg: 0.926
Epoch: [15/25], Batch: 610/2963, Loss: 91.079, Trans_L2_m: 1.439, Yaw_err_deg: 1.273
Epoch: [15/25], Batch: 620/2963, Loss: 78.199, Trans_L2_m: 1.111, Yaw_err_deg: 0.781
Epoch: [15/25], Batch: 630/2963, Loss: 144.565, Trans_L2_m: 2.089, Yaw_err_deg: 1.336
Epoch: [15/25], Batch: 640/2963, Loss: 93.468, Trans_L2_m: 1.348, Yaw_err_deg: 1.393
Epoch: [15/25], Batch: 650/2963, Loss: 86.528, Trans_L2_m: 1.339, Yaw_err_deg: 1.163
Epoch: [15/25], Batch: 660/2963, Loss: 145.891, Trans_L2_m: 2.257, Yaw_err_deg: 1.053
Epoch: [15/25], Batch: 670/2963, Loss: 85.929, Trans_L2_m: 1.435, Yaw_err_deg: 0.822
Epoch: [15/25], Batch: 680/2963, Loss: 94.361, Trans_L2_m: 0.986, Yaw_err_deg: 1.129
Epoch: [15/25], Batch: 690/2963, Loss: 157.796, Trans_L2_m: 2.440, Yaw_err_deg: 1.119
Epoch: [15/25], Batch: 700/2963, Loss: 82.002, Trans_L2_m: 1.219, Yaw_err_deg: 1.178
Epoch: [15/25], Batch: 710/2963, Loss: 88.490, Trans_L2_m: 1.393, Yaw_err_deg: 1.283
Epoch: [15/25], Batch: 720/2963, Loss: 83.860, Trans_L2_m: 1.379, Yaw_err_deg: 1.102
Epoch: [15/25], Batch: 730/2963, Loss: 81.995, Trans_L2_m: 1.324, Yaw_err_deg: 1.095
Epoch: [15/25], Batch: 740/2963, Loss: 81.423, Trans_L2_m: 0.987, Yaw_err_deg: 1.127
Epoch: [15/25], Batch: 750/2963, Loss: 86.152, Trans_L2_m: 1.318, Yaw_err_deg: 1.077
Epoch: [15/25], Batch: 760/2963, Loss: 88.075, Trans_L2_m: 1.051, Yaw_err_deg: 1.440
Epoch: [15/25], Batch: 770/2963, Loss: 96.042, Trans_L2_m: 1.570, Yaw_err_deg: 0.877
Epoch: [15/25], Batch: 780/2963, Loss: 82.124, Trans_L2_m: 1.070, Yaw_err_deg: 1.383
Epoch: [15/25], Batch: 790/2963, Loss: 74.306, Trans_L2_m: 0.889, Yaw_err_deg: 0.946
Epoch: [15/25], Batch: 800/2963, Loss: 102.365, Trans_L2_m: 1.785, Yaw_err_deg: 0.880
Epoch: [15/25], Batch: 810/2963, Loss: 120.084, Trans_L2_m: 1.051, Yaw_err_deg: 1.614
Epoch: [15/25], Batch: 820/2963, Loss: 83.247, Trans_L2_m: 1.192, Yaw_err_deg: 0.851
Epoch: [15/25], Batch: 830/2963, Loss: 91.915, Trans_L2_m: 1.426, Yaw_err_deg: 0.963
Epoch: [15/25], Batch: 840/2963, Loss: 144.182, Trans_L2_m: 1.945, Yaw_err_deg: 1.605
Epoch: [15/25], Batch: 850/2963, Loss: 78.513, Trans_L2_m: 0.897, Yaw_err_deg: 1.279
Epoch: [15/25], Batch: 860/2963, Loss: 86.897, Trans_L2_m: 1.275, Yaw_err_deg: 1.334
Epoch: [15/25], Batch: 870/2963, Loss: 98.232, Trans_L2_m: 1.619, Yaw_err_deg: 1.226
Epoch: [15/25], Batch: 880/2963, Loss: 89.366, Trans_L2_m: 1.524, Yaw_err_deg: 0.837
Epoch: [15/25], Batch: 890/2963, Loss: 102.120, Trans_L2_m: 1.383, Yaw_err_deg: 1.521
Epoch: [15/25], Batch: 900/2963, Loss: 91.088, Trans_L2_m: 1.385, Yaw_err_deg: 1.345
Epoch: [15/25], Batch: 910/2963, Loss: 102.692, Trans_L2_m: 1.547, Yaw_err_deg: 1.343
Epoch: [15/25], Batch: 920/2963, Loss: 69.657, Trans_L2_m: 1.207, Yaw_err_deg: 0.626
Epoch: [15/25], Batch: 930/2963, Loss: 115.531, Trans_L2_m: 1.805, Yaw_err_deg: 1.044
Epoch: [15/25], Batch: 940/2963, Loss: 98.687, Trans_L2_m: 1.025, Yaw_err_deg: 1.228
Epoch: [15/25], Batch: 950/2963, Loss: 78.513, Trans_L2_m: 1.097, Yaw_err_deg: 0.885
Epoch: [15/25], Batch: 960/2963, Loss: 79.163, Trans_L2_m: 1.200, Yaw_err_deg: 1.217
Epoch: [15/25], Batch: 970/2963, Loss: 115.259, Trans_L2_m: 1.565, Yaw_err_deg: 1.468
Epoch: [15/25], Batch: 980/2963, Loss: 91.982, Trans_L2_m: 1.494, Yaw_err_deg: 0.930
Epoch: [15/25], Batch: 990/2963, Loss: 99.220, Trans_L2_m: 1.505, Yaw_err_deg: 1.135
Epoch: [15/25], Batch: 1000/2963, Loss: 95.467, Trans_L2_m: 1.546, Yaw_err_deg: 1.340
Epoch: [15/25], Batch: 1010/2963, Loss: 98.315, Trans_L2_m: 0.795, Yaw_err_deg: 1.295
Epoch: [15/25], Batch: 1020/2963, Loss: 84.122, Trans_L2_m: 1.229, Yaw_err_deg: 1.352
Epoch: [15/25], Batch: 1030/2963, Loss: 96.689, Trans_L2_m: 1.270, Yaw_err_deg: 1.103
Epoch: [15/25], Batch: 1040/2963, Loss: 78.337, Trans_L2_m: 1.287, Yaw_err_deg: 0.719
Epoch: [15/25], Batch: 1050/2963, Loss: 88.083, Trans_L2_m: 1.559, Yaw_err_deg: 1.040
Epoch: [15/25], Batch: 1060/2963, Loss: 159.555, Trans_L2_m: 2.537, Yaw_err_deg: 1.164
Epoch: [15/25], Batch: 1070/2963, Loss: 89.933, Trans_L2_m: 1.493, Yaw_err_deg: 1.174
Epoch: [15/25], Batch: 1080/2963, Loss: 142.506, Trans_L2_m: 2.076, Yaw_err_deg: 1.310
Epoch: [15/25], Batch: 1090/2963, Loss: 95.963, Trans_L2_m: 1.477, Yaw_err_deg: 1.209
Epoch: [15/25], Batch: 1100/2963, Loss: 98.504, Trans_L2_m: 1.994, Yaw_err_deg: 1.312
Epoch: [15/25], Batch: 1110/2963, Loss: 76.581, Trans_L2_m: 1.175, Yaw_err_deg: 0.968
Epoch: [15/25], Batch: 1120/2963, Loss: 87.638, Trans_L2_m: 1.523, Yaw_err_deg: 1.142
Epoch: [15/25], Batch: 1130/2963, Loss: 92.208, Trans_L2_m: 1.592, Yaw_err_deg: 1.048
Epoch: [15/25], Batch: 1140/2963, Loss: 104.901, Trans_L2_m: 1.577, Yaw_err_deg: 1.330
Epoch: [15/25], Batch: 1150/2963, Loss: 89.204, Trans_L2_m: 1.261, Yaw_err_deg: 1.224
Epoch: [15/25], Batch: 1160/2963, Loss: 96.138, Trans_L2_m: 1.759, Yaw_err_deg: 0.868
Epoch: [15/25], Batch: 1170/2963, Loss: 94.717, Trans_L2_m: 1.307, Yaw_err_deg: 1.180
Epoch: [15/25], Batch: 1180/2963, Loss: 107.144, Trans_L2_m: 1.683, Yaw_err_deg: 1.376
Epoch: [15/25], Batch: 1190/2963, Loss: 94.976, Trans_L2_m: 1.539, Yaw_err_deg: 1.286
Epoch: [15/25], Batch: 1200/2963, Loss: 110.011, Trans_L2_m: 1.834, Yaw_err_deg: 0.756
Epoch: [15/25], Batch: 1210/2963, Loss: 81.489, Trans_L2_m: 1.083, Yaw_err_deg: 1.031
Epoch: [15/25], Batch: 1220/2963, Loss: 102.813, Trans_L2_m: 1.553, Yaw_err_deg: 1.125
Epoch: [15/25], Batch: 1230/2963, Loss: 82.905, Trans_L2_m: 0.960, Yaw_err_deg: 1.140
Epoch: [15/25], Batch: 1240/2963, Loss: 98.192, Trans_L2_m: 1.603, Yaw_err_deg: 0.807
Epoch: [15/25], Batch: 1250/2963, Loss: 96.710, Trans_L2_m: 1.320, Yaw_err_deg: 1.243
Epoch: [15/25], Batch: 1260/2963, Loss: 327.216, Trans_L2_m: 2.748, Yaw_err_deg: 0.804
Epoch: [15/25], Batch: 1270/2963, Loss: 95.612, Trans_L2_m: 1.278, Yaw_err_deg: 1.271
Epoch: [15/25], Batch: 1280/2963, Loss: 76.870, Trans_L2_m: 1.070, Yaw_err_deg: 0.854
Epoch: [15/25], Batch: 1290/2963, Loss: 72.119, Trans_L2_m: 0.911, Yaw_err_deg: 0.708
Epoch: [15/25], Batch: 1300/2963, Loss: 85.801, Trans_L2_m: 1.373, Yaw_err_deg: 0.906
Epoch: [15/25], Batch: 1310/2963, Loss: 86.739, Trans_L2_m: 1.341, Yaw_err_deg: 1.400
Epoch: [15/25], Batch: 1320/2963, Loss: 90.655, Trans_L2_m: 1.359, Yaw_err_deg: 1.148
Epoch: [15/25], Batch: 1330/2963, Loss: 67.406, Trans_L2_m: 0.987, Yaw_err_deg: 0.771
Epoch: [15/25], Batch: 1340/2963, Loss: 88.342, Trans_L2_m: 1.215, Yaw_err_deg: 0.892
Epoch: [15/25], Batch: 1350/2963, Loss: 105.326, Trans_L2_m: 1.808, Yaw_err_deg: 0.936
Epoch: [15/25], Batch: 1360/2963, Loss: 78.960, Trans_L2_m: 1.219, Yaw_err_deg: 0.955
Epoch: [15/25], Batch: 1370/2963, Loss: 118.236, Trans_L2_m: 1.930, Yaw_err_deg: 1.257
Epoch: [15/25], Batch: 1380/2963, Loss: 82.277, Trans_L2_m: 1.299, Yaw_err_deg: 1.206
Epoch: [15/25], Batch: 1390/2963, Loss: 84.464, Trans_L2_m: 1.223, Yaw_err_deg: 1.154
Epoch: [15/25], Batch: 1400/2963, Loss: 82.103, Trans_L2_m: 1.189, Yaw_err_deg: 1.021
Epoch: [15/25], Batch: 1410/2963, Loss: 87.949, Trans_L2_m: 1.369, Yaw_err_deg: 1.097
Epoch: [15/25], Batch: 1420/2963, Loss: 103.562, Trans_L2_m: 1.718, Yaw_err_deg: 1.381
Epoch: [15/25], Batch: 1430/2963, Loss: 88.465, Trans_L2_m: 1.264, Yaw_err_deg: 1.302
Epoch: [15/25], Batch: 1440/2963, Loss: 83.171, Trans_L2_m: 1.013, Yaw_err_deg: 1.352
Epoch: [15/25], Batch: 1450/2963, Loss: 111.569, Trans_L2_m: 1.608, Yaw_err_deg: 1.267
Epoch: [15/25], Batch: 1460/2963, Loss: 112.324, Trans_L2_m: 2.120, Yaw_err_deg: 0.620
Epoch: [15/25], Batch: 1470/2963, Loss: 81.859, Trans_L2_m: 1.146, Yaw_err_deg: 1.053
Epoch: [15/25], Batch: 1480/2963, Loss: 80.067, Trans_L2_m: 1.231, Yaw_err_deg: 0.989
Epoch: [15/25], Batch: 1490/2963, Loss: 102.417, Trans_L2_m: 1.991, Yaw_err_deg: 1.211
Epoch: [15/25], Batch: 1500/2963, Loss: 82.769, Trans_L2_m: 1.257, Yaw_err_deg: 1.117
Epoch: [15/25], Batch: 1510/2963, Loss: 89.175, Trans_L2_m: 1.128, Yaw_err_deg: 1.419
Epoch: [15/25], Batch: 1520/2963, Loss: 108.674, Trans_L2_m: 1.366, Yaw_err_deg: 1.150
Epoch: [15/25], Batch: 1530/2963, Loss: 90.248, Trans_L2_m: 1.219, Yaw_err_deg: 1.364
Epoch: [15/25], Batch: 1540/2963, Loss: 98.014, Trans_L2_m: 1.418, Yaw_err_deg: 1.140
Epoch: [15/25], Batch: 1550/2963, Loss: 89.016, Trans_L2_m: 1.359, Yaw_err_deg: 0.949
Epoch: [15/25], Batch: 1560/2963, Loss: 80.052, Trans_L2_m: 1.186, Yaw_err_deg: 0.753
Epoch: [15/25], Batch: 1570/2963, Loss: 106.032, Trans_L2_m: 1.550, Yaw_err_deg: 1.384
Epoch: [15/25], Batch: 1580/2963, Loss: 103.339, Trans_L2_m: 1.531, Yaw_err_deg: 1.095
Epoch: [15/25], Batch: 1590/2963, Loss: 95.208, Trans_L2_m: 1.040, Yaw_err_deg: 1.314
Epoch: [15/25], Batch: 1600/2963, Loss: 109.234, Trans_L2_m: 1.365, Yaw_err_deg: 1.386
Epoch: [15/25], Batch: 1610/2963, Loss: 99.828, Trans_L2_m: 1.413, Yaw_err_deg: 0.989
Epoch: [15/25], Batch: 1620/2963, Loss: 84.366, Trans_L2_m: 1.103, Yaw_err_deg: 1.097
Epoch: [15/25], Batch: 1630/2963, Loss: 130.802, Trans_L2_m: 1.971, Yaw_err_deg: 1.091
Epoch: [15/25], Batch: 1640/2963, Loss: 86.255, Trans_L2_m: 1.589, Yaw_err_deg: 0.791
Epoch: [15/25], Batch: 1650/2963, Loss: 97.944, Trans_L2_m: 1.638, Yaw_err_deg: 0.793
Epoch: [15/25], Batch: 1660/2963, Loss: 92.800, Trans_L2_m: 1.193, Yaw_err_deg: 1.078
Epoch: [15/25], Batch: 1670/2963, Loss: 92.667, Trans_L2_m: 1.153, Yaw_err_deg: 0.987
Epoch: [15/25], Batch: 1680/2963, Loss: 85.349, Trans_L2_m: 0.972, Yaw_err_deg: 1.048
Epoch: [15/25], Batch: 1690/2963, Loss: 93.617, Trans_L2_m: 1.493, Yaw_err_deg: 1.103
Epoch: [15/25], Batch: 1700/2963, Loss: 76.974, Trans_L2_m: 1.236, Yaw_err_deg: 0.823
Epoch: [15/25], Batch: 1710/2963, Loss: 89.727, Trans_L2_m: 1.429, Yaw_err_deg: 1.045
Epoch: [15/25], Batch: 1720/2963, Loss: 73.733, Trans_L2_m: 0.909, Yaw_err_deg: 0.843
Epoch: [15/25], Batch: 1730/2963, Loss: 87.212, Trans_L2_m: 1.399, Yaw_err_deg: 1.003
Epoch: [15/25], Batch: 1740/2963, Loss: 95.355, Trans_L2_m: 1.671, Yaw_err_deg: 0.849
Epoch: [15/25], Batch: 1750/2963, Loss: 92.579, Trans_L2_m: 1.445, Yaw_err_deg: 1.023
Epoch: [15/25], Batch: 1760/2963, Loss: 102.125, Trans_L2_m: 1.819, Yaw_err_deg: 1.100
Epoch: [15/25], Batch: 1770/2963, Loss: 89.280, Trans_L2_m: 1.398, Yaw_err_deg: 0.868
Epoch: [15/25], Batch: 1780/2963, Loss: 72.441, Trans_L2_m: 1.109, Yaw_err_deg: 1.202
Epoch: [15/25], Batch: 1790/2963, Loss: 103.511, Trans_L2_m: 1.698, Yaw_err_deg: 1.161
Epoch: [15/25], Batch: 1800/2963, Loss: 163.879, Trans_L2_m: 2.118, Yaw_err_deg: 1.342
Epoch: [15/25], Batch: 1810/2963, Loss: 122.360, Trans_L2_m: 1.852, Yaw_err_deg: 1.118
Epoch: [15/25], Batch: 1820/2963, Loss: 94.201, Trans_L2_m: 1.361, Yaw_err_deg: 1.841
Epoch: [15/25], Batch: 1830/2963, Loss: 85.636, Trans_L2_m: 1.340, Yaw_err_deg: 1.215
Epoch: [15/25], Batch: 1840/2963, Loss: 86.998, Trans_L2_m: 1.405, Yaw_err_deg: 1.049
Epoch: [15/25], Batch: 1850/2963, Loss: 98.737, Trans_L2_m: 1.335, Yaw_err_deg: 1.421
Epoch: [15/25], Batch: 1860/2963, Loss: 117.057, Trans_L2_m: 1.416, Yaw_err_deg: 1.509
Epoch: [15/25], Batch: 1870/2963, Loss: 87.065, Trans_L2_m: 1.135, Yaw_err_deg: 1.546
Epoch: [15/25], Batch: 1880/2963, Loss: 92.301, Trans_L2_m: 1.039, Yaw_err_deg: 0.976
Epoch: [15/25], Batch: 1890/2963, Loss: 79.294, Trans_L2_m: 1.008, Yaw_err_deg: 1.047
