{'gpuid': [0], 'mixed_precision': False, 'iters_lev0': 6, 'lev0': True, 'flow': True, 'p_siamese': True, 'CNN16': True, 'dataset': 'zod', 'orig_label': False, 'cross_area': False, 'batch_size': 5, 'lr': 0.00035, 'num_steps': 39000, 'scheduler': 'OneCycle', 'loss_w': [0.1, 1.0, 10.0], 'temperature': 4.0, 'augment': False, 'ori_noise': 45.0, 'orien': True, 'restore_ckpt': None, 'model': None, 'wdecay': 0.0005, 'epsilon': 1e-07, 'clip': 1.0, 'gamma': 0.85, 'name': 'zod_train', 'validation': None, 'image_size': 512, 'zoom': 20, 'IMG_FREQ': 20000, 'SUM_FREQ': 100, 'use_augmentation': True, 'image_area_dg_m': 51.2, 'image_area_zod_m': 100, 'max_translation': 15.0, 'max_rot_deg': 20.0, 'z_range': [-2.5, 3.0], 'BEV_grid_resolution': 0.1, 'lidar_dataset_root': '/work/vita/datasets/zod', 'aerial_img_dataset_root': '/work/vita/datasets/zod_crossview_processed_100m', 'version': 'full', 'config': '/home/finckh/VITA/HC-Net/models/config/ZOD/train.json', 'best_dis': 100000000.0, 'start_step': 0}
[31m2025-12-18 15:48:20[0m
Loaded pretrained weights for efficientnet-b0
Parameter Count: 7754186
Loading train split : 23 drives
Loading val split : 6 drives
Training with 47407 samples, validation with 10393 samples.
Using 5 dataloader workers every process
Best distance so far 100000000.0.
[34mLog will be saved to:./watch/zod/zod_train_20251218_155453.log[0m
Epoch: [1/4], Batch: 0/9482, Loss: 3624.948, Trans_L2_m: 12.529, Yaw_err_deg: 8.989
Epoch: [1/4], Batch: 10/9482, Loss: 3571.134, Trans_L2_m: 12.778, Yaw_err_deg: 11.907
Epoch: [1/4], Batch: 20/9482, Loss: 2830.979, Trans_L2_m: 11.338, Yaw_err_deg: 7.534
Epoch: [1/4], Batch: 30/9482, Loss: 1980.786, Trans_L2_m: 8.951, Yaw_err_deg: 11.950
Epoch: [1/4], Batch: 40/9482, Loss: 2723.008, Trans_L2_m: 9.850, Yaw_err_deg: 10.542
Epoch: [1/4], Batch: 50/9482, Loss: 3254.964, Trans_L2_m: 11.584, Yaw_err_deg: 14.943
Epoch: [1/4], Batch: 60/9482, Loss: 3190.487, Trans_L2_m: 11.089, Yaw_err_deg: 10.293
Epoch: [1/4], Batch: 70/9482, Loss: 1763.616, Trans_L2_m: 8.152, Yaw_err_deg: 7.350
Epoch: [1/4], Batch: 80/9482, Loss: 4508.767, Trans_L2_m: 14.445, Yaw_err_deg: 13.531
Epoch: [1/4], Batch: 90/9482, Loss: 3107.142, Trans_L2_m: 11.388, Yaw_err_deg: 9.059
Epoch: [1/4], Batch: 100/9482, Loss: 1427.073, Trans_L2_m: 6.975, Yaw_err_deg: 10.842
Epoch: [1/4], Batch: 110/9482, Loss: 3096.398, Trans_L2_m: 10.648, Yaw_err_deg: 13.623
Epoch: [1/4], Batch: 120/9482, Loss: 3292.760, Trans_L2_m: 11.663, Yaw_err_deg: 10.326
Epoch: [1/4], Batch: 130/9482, Loss: 2002.570, Trans_L2_m: 8.535, Yaw_err_deg: 7.763
Epoch: [1/4], Batch: 140/9482, Loss: 2613.710, Trans_L2_m: 10.674, Yaw_err_deg: 4.104
Epoch: [1/4], Batch: 150/9482, Loss: 2918.954, Trans_L2_m: 11.075, Yaw_err_deg: 8.330
Epoch: [1/4], Batch: 160/9482, Loss: 2445.043, Trans_L2_m: 9.501, Yaw_err_deg: 12.106
Epoch: [1/4], Batch: 170/9482, Loss: 3152.479, Trans_L2_m: 11.349, Yaw_err_deg: 5.089
Epoch: [1/4], Batch: 180/9482, Loss: 2906.972, Trans_L2_m: 10.701, Yaw_err_deg: 11.963
Epoch: [1/4], Batch: 190/9482, Loss: 1884.083, Trans_L2_m: 8.693, Yaw_err_deg: 11.317
Epoch: [1/4], Batch: 200/9482, Loss: 2095.692, Trans_L2_m: 9.028, Yaw_err_deg: 10.647
Epoch: [1/4], Batch: 210/9482, Loss: 1788.297, Trans_L2_m: 8.160, Yaw_err_deg: 9.564
Epoch: [1/4], Batch: 220/9482, Loss: 2976.213, Trans_L2_m: 11.017, Yaw_err_deg: 6.579
Epoch: [1/4], Batch: 230/9482, Loss: 2195.686, Trans_L2_m: 8.390, Yaw_err_deg: 10.235
Epoch: [1/4], Batch: 240/9482, Loss: 2454.009, Trans_L2_m: 9.241, Yaw_err_deg: 6.912
Epoch: [1/4], Batch: 250/9482, Loss: 1773.459, Trans_L2_m: 7.981, Yaw_err_deg: 8.015
Epoch: [1/4], Batch: 260/9482, Loss: 1308.390, Trans_L2_m: 6.088, Yaw_err_deg: 13.012
Epoch: [1/4], Batch: 270/9482, Loss: 2271.268, Trans_L2_m: 8.154, Yaw_err_deg: 10.710
Epoch: [1/4], Batch: 280/9482, Loss: 2657.808, Trans_L2_m: 9.883, Yaw_err_deg: 12.714
Epoch: [1/4], Batch: 290/9482, Loss: 2275.908, Trans_L2_m: 8.421, Yaw_err_deg: 9.667
Epoch: [1/4], Batch: 300/9482, Loss: 1693.645, Trans_L2_m: 7.052, Yaw_err_deg: 5.710
Epoch: [1/4], Batch: 310/9482, Loss: 1798.717, Trans_L2_m: 6.955, Yaw_err_deg: 10.037
Epoch: [1/4], Batch: 320/9482, Loss: 3325.516, Trans_L2_m: 10.928, Yaw_err_deg: 13.390
Epoch: [1/4], Batch: 330/9482, Loss: 1885.751, Trans_L2_m: 6.689, Yaw_err_deg: 12.417
Epoch: [1/4], Batch: 340/9482, Loss: 2841.147, Trans_L2_m: 9.718, Yaw_err_deg: 9.355
Epoch: [1/4], Batch: 350/9482, Loss: 2062.898, Trans_L2_m: 7.108, Yaw_err_deg: 12.404
Epoch: [1/4], Batch: 360/9482, Loss: 2213.773, Trans_L2_m: 8.391, Yaw_err_deg: 12.166
Epoch: [1/4], Batch: 370/9482, Loss: 4010.359, Trans_L2_m: 12.461, Yaw_err_deg: 6.613
Epoch: [1/4], Batch: 380/9482, Loss: 1526.084, Trans_L2_m: 6.766, Yaw_err_deg: 16.012
Epoch: [1/4], Batch: 390/9482, Loss: 2960.281, Trans_L2_m: 10.164, Yaw_err_deg: 7.585
Epoch: [1/4], Batch: 400/9482, Loss: 1448.648, Trans_L2_m: 6.510, Yaw_err_deg: 9.248
Epoch: [1/4], Batch: 410/9482, Loss: 1693.809, Trans_L2_m: 7.253, Yaw_err_deg: 8.177
Epoch: [1/4], Batch: 420/9482, Loss: 2379.913, Trans_L2_m: 8.314, Yaw_err_deg: 6.956
Epoch: [1/4], Batch: 430/9482, Loss: 2129.727, Trans_L2_m: 8.148, Yaw_err_deg: 11.487
Epoch: [1/4], Batch: 440/9482, Loss: 1719.875, Trans_L2_m: 6.431, Yaw_err_deg: 12.002
Epoch: [1/4], Batch: 450/9482, Loss: 1164.007, Trans_L2_m: 4.264, Yaw_err_deg: 7.852
Epoch: [1/4], Batch: 460/9482, Loss: 1202.798, Trans_L2_m: 4.611, Yaw_err_deg: 8.899
Epoch: [1/4], Batch: 470/9482, Loss: 1674.812, Trans_L2_m: 6.492, Yaw_err_deg: 10.325
Epoch: [1/4], Batch: 480/9482, Loss: 1466.056, Trans_L2_m: 5.943, Yaw_err_deg: 11.032
Epoch: [1/4], Batch: 490/9482, Loss: 3502.347, Trans_L2_m: 11.133, Yaw_err_deg: 11.543
Epoch: [1/4], Batch: 500/9482, Loss: 1327.717, Trans_L2_m: 4.892, Yaw_err_deg: 15.955
Epoch: [1/4], Batch: 510/9482, Loss: 1162.439, Trans_L2_m: 4.969, Yaw_err_deg: 6.756
Epoch: [1/4], Batch: 520/9482, Loss: 1474.296, Trans_L2_m: 5.443, Yaw_err_deg: 9.936
Epoch: [1/4], Batch: 530/9482, Loss: 1469.433, Trans_L2_m: 5.291, Yaw_err_deg: 7.238
Epoch: [1/4], Batch: 540/9482, Loss: 3019.919, Trans_L2_m: 9.640, Yaw_err_deg: 5.705
Epoch: [1/4], Batch: 550/9482, Loss: 2567.396, Trans_L2_m: 9.000, Yaw_err_deg: 7.774
Epoch: [1/4], Batch: 560/9482, Loss: 725.291, Trans_L2_m: 3.568, Yaw_err_deg: 10.477
Epoch: [1/4], Batch: 570/9482, Loss: 2157.359, Trans_L2_m: 7.681, Yaw_err_deg: 13.785
Epoch: [1/4], Batch: 580/9482, Loss: 2008.921, Trans_L2_m: 6.514, Yaw_err_deg: 13.452
Epoch: [1/4], Batch: 590/9482, Loss: 1480.569, Trans_L2_m: 5.600, Yaw_err_deg: 12.077
Epoch: [1/4], Batch: 600/9482, Loss: 828.099, Trans_L2_m: 3.050, Yaw_err_deg: 9.520
Epoch: [1/4], Batch: 610/9482, Loss: 1450.593, Trans_L2_m: 5.044, Yaw_err_deg: 11.492
Epoch: [1/4], Batch: 620/9482, Loss: 2217.426, Trans_L2_m: 7.617, Yaw_err_deg: 6.551
Epoch: [1/4], Batch: 630/9482, Loss: 1591.773, Trans_L2_m: 5.633, Yaw_err_deg: 8.428
Epoch: [1/4], Batch: 640/9482, Loss: 1877.710, Trans_L2_m: 6.626, Yaw_err_deg: 11.069
Epoch: [1/4], Batch: 650/9482, Loss: 1753.751, Trans_L2_m: 5.820, Yaw_err_deg: 10.687
Epoch: [1/4], Batch: 660/9482, Loss: 1703.424, Trans_L2_m: 5.841, Yaw_err_deg: 9.336
Epoch: [1/4], Batch: 670/9482, Loss: 1753.313, Trans_L2_m: 5.741, Yaw_err_deg: 10.024
Epoch: [1/4], Batch: 680/9482, Loss: 1459.894, Trans_L2_m: 5.551, Yaw_err_deg: 12.686
Epoch: [1/4], Batch: 690/9482, Loss: 2129.633, Trans_L2_m: 7.398, Yaw_err_deg: 8.225
Epoch: [1/4], Batch: 700/9482, Loss: 1718.947, Trans_L2_m: 6.132, Yaw_err_deg: 8.364
Epoch: [1/4], Batch: 710/9482, Loss: 1716.283, Trans_L2_m: 6.188, Yaw_err_deg: 3.970
Epoch: [1/4], Batch: 720/9482, Loss: 1887.906, Trans_L2_m: 6.348, Yaw_err_deg: 8.489
Epoch: [1/4], Batch: 730/9482, Loss: 1389.812, Trans_L2_m: 4.650, Yaw_err_deg: 8.705
Epoch: [1/4], Batch: 740/9482, Loss: 1872.307, Trans_L2_m: 6.250, Yaw_err_deg: 6.000
Epoch: [1/4], Batch: 750/9482, Loss: 1759.689, Trans_L2_m: 5.441, Yaw_err_deg: 6.199
Epoch: [1/4], Batch: 760/9482, Loss: 1587.545, Trans_L2_m: 5.535, Yaw_err_deg: 10.652
Epoch: [1/4], Batch: 770/9482, Loss: 968.135, Trans_L2_m: 3.678, Yaw_err_deg: 5.601
Epoch: [1/4], Batch: 780/9482, Loss: 1108.654, Trans_L2_m: 4.180, Yaw_err_deg: 10.150
Epoch: [1/4], Batch: 790/9482, Loss: 1741.812, Trans_L2_m: 5.443, Yaw_err_deg: 11.143
Epoch: [1/4], Batch: 800/9482, Loss: 1332.266, Trans_L2_m: 4.607, Yaw_err_deg: 12.438
Epoch: [1/4], Batch: 810/9482, Loss: 1787.228, Trans_L2_m: 5.772, Yaw_err_deg: 4.199
Epoch: [1/4], Batch: 820/9482, Loss: 2006.660, Trans_L2_m: 6.233, Yaw_err_deg: 9.793
Epoch: [1/4], Batch: 830/9482, Loss: 1474.887, Trans_L2_m: 4.600, Yaw_err_deg: 7.270
Epoch: [1/4], Batch: 840/9482, Loss: 1253.226, Trans_L2_m: 4.077, Yaw_err_deg: 13.386
Epoch: [1/4], Batch: 850/9482, Loss: 393.383, Trans_L2_m: 1.418, Yaw_err_deg: 10.332
Epoch: [1/4], Batch: 860/9482, Loss: 1036.595, Trans_L2_m: 3.858, Yaw_err_deg: 9.098
Epoch: [1/4], Batch: 870/9482, Loss: 814.183, Trans_L2_m: 2.047, Yaw_err_deg: 12.875
Epoch: [1/4], Batch: 880/9482, Loss: 2095.719, Trans_L2_m: 6.315, Yaw_err_deg: 7.575
Epoch: [1/4], Batch: 890/9482, Loss: 2161.165, Trans_L2_m: 6.224, Yaw_err_deg: 12.848
Epoch: [1/4], Batch: 900/9482, Loss: 1572.692, Trans_L2_m: 4.741, Yaw_err_deg: 7.273
Epoch: [1/4], Batch: 910/9482, Loss: 977.607, Trans_L2_m: 3.316, Yaw_err_deg: 11.872
Epoch: [1/4], Batch: 920/9482, Loss: 776.553, Trans_L2_m: 2.181, Yaw_err_deg: 11.931
Epoch: [1/4], Batch: 930/9482, Loss: 1556.383, Trans_L2_m: 4.746, Yaw_err_deg: 11.696
Epoch: [1/4], Batch: 940/9482, Loss: 1370.572, Trans_L2_m: 3.913, Yaw_err_deg: 11.600
Epoch: [1/4], Batch: 950/9482, Loss: 799.641, Trans_L2_m: 3.156, Yaw_err_deg: 12.541
Epoch: [1/4], Batch: 960/9482, Loss: 600.802, Trans_L2_m: 2.405, Yaw_err_deg: 7.317
Epoch: [1/4], Batch: 970/9482, Loss: 633.048, Trans_L2_m: 2.561, Yaw_err_deg: 7.156
Epoch: [1/4], Batch: 980/9482, Loss: 886.556, Trans_L2_m: 3.080, Yaw_err_deg: 10.702
Epoch: [1/4], Batch: 990/9482, Loss: 1283.942, Trans_L2_m: 4.069, Yaw_err_deg: 7.908
Epoch: [1/4], Batch: 1000/9482, Loss: 478.581, Trans_L2_m: 2.032, Yaw_err_deg: 9.754
Epoch: [1/4], Batch: 1010/9482, Loss: 736.656, Trans_L2_m: 1.865, Yaw_err_deg: 12.127
Epoch: [1/4], Batch: 1020/9482, Loss: 1234.622, Trans_L2_m: 3.180, Yaw_err_deg: 8.695
Epoch: [1/4], Batch: 1030/9482, Loss: 856.665, Trans_L2_m: 2.914, Yaw_err_deg: 2.855
Epoch: [1/4], Batch: 1040/9482, Loss: 1128.514, Trans_L2_m: 3.199, Yaw_err_deg: 6.562
Epoch: [1/4], Batch: 1050/9482, Loss: 825.885, Trans_L2_m: 2.479, Yaw_err_deg: 11.326
Epoch: [1/4], Batch: 1060/9482, Loss: 1172.109, Trans_L2_m: 3.267, Yaw_err_deg: 11.992
Epoch: [1/4], Batch: 1070/9482, Loss: 737.844, Trans_L2_m: 1.924, Yaw_err_deg: 8.350
Epoch: [1/4], Batch: 1080/9482, Loss: 2317.223, Trans_L2_m: 5.473, Yaw_err_deg: 7.690
Epoch: [1/4], Batch: 1090/9482, Loss: 857.789, Trans_L2_m: 2.441, Yaw_err_deg: 13.538
Epoch: [1/4], Batch: 1100/9482, Loss: 1083.554, Trans_L2_m: 2.703, Yaw_err_deg: 15.953
Epoch: [1/4], Batch: 1110/9482, Loss: 1240.724, Trans_L2_m: 3.708, Yaw_err_deg: 12.650
Epoch: [1/4], Batch: 1120/9482, Loss: 605.709, Trans_L2_m: 1.952, Yaw_err_deg: 10.026
Epoch: [1/4], Batch: 1130/9482, Loss: 844.954, Trans_L2_m: 2.370, Yaw_err_deg: 12.109
Epoch: [1/4], Batch: 1140/9482, Loss: 559.635, Trans_L2_m: 1.228, Yaw_err_deg: 11.950
Epoch: [1/4], Batch: 1150/9482, Loss: 742.650, Trans_L2_m: 1.561, Yaw_err_deg: 9.887
Epoch: [1/4], Batch: 1160/9482, Loss: 794.701, Trans_L2_m: 2.426, Yaw_err_deg: 12.212
Epoch: [1/4], Batch: 1170/9482, Loss: 407.930, Trans_L2_m: 2.086, Yaw_err_deg: 12.047
Epoch: [1/4], Batch: 1180/9482, Loss: 958.589, Trans_L2_m: 2.268, Yaw_err_deg: 11.081
Epoch: [1/4], Batch: 1190/9482, Loss: 616.635, Trans_L2_m: 1.409, Yaw_err_deg: 12.091
Epoch: [1/4], Batch: 1200/9482, Loss: 1583.144, Trans_L2_m: 3.299, Yaw_err_deg: 12.978
Epoch: [1/4], Batch: 1210/9482, Loss: 500.105, Trans_L2_m: 1.686, Yaw_err_deg: 7.440
Epoch: [1/4], Batch: 1220/9482, Loss: 475.748, Trans_L2_m: 2.318, Yaw_err_deg: 9.283
Epoch: [1/4], Batch: 1230/9482, Loss: 196.142, Trans_L2_m: 1.657, Yaw_err_deg: 8.429
Epoch: [1/4], Batch: 1240/9482, Loss: 633.476, Trans_L2_m: 1.443, Yaw_err_deg: 7.653
Epoch: [1/4], Batch: 1250/9482, Loss: 696.054, Trans_L2_m: 1.726, Yaw_err_deg: 10.984
Epoch: [1/4], Batch: 1260/9482, Loss: 431.144, Trans_L2_m: 2.703, Yaw_err_deg: 15.076
