{'gpuid': [0], 'mixed_precision': False, 'iters_lev0': 6, 'lev0': True, 'flow': True, 'p_siamese': True, 'CNN16': True, 'log_every': 10, 'dataset': 'zod', 'orig_label': False, 'cross_area': False, 'batch_size': 16, 'lr': 0.00035, 'num_steps': 76000, 'scheduler': 'OneCycle', 'loss_w': [0.1, 30.0, 100000.0], 'temperature': 4.0, 'augment': False, 'ori_noise': 45.0, 'orien': True, 'restore_ckpt': 'checkpoints/2026_01_11_17_52_20_lastest_checkpoint_zod.pth', 'model': None, 'wdecay': 0.0005, 'epsilon': 1e-07, 'clip': 1.0, 'gamma': 0.85, 'name': 'HC-Net', 'validation': 'val', 'image_size': 512, 'zoom': 20, 'IMG_FREQ': 20000, 'SUM_FREQ': 100, 'use_augmentation': True, 'image_area_dg_m': 51.2, 'image_area_zod_m': 100, 'max_translation': 15.0, 'max_rot_deg': 20.0, 'z_range': [-2.5, 3.0], 'BEV_grid_resolution': 0.1, 'lidar_dataset_root': '/work/vita/datasets/zod', 'aerial_img_dataset_root': '/work/vita/datasets/zod_crossview_processed_100m', 'version': 'full', 'config': 'models/config/ZOD/train.json'}
Loaded pretrained weights for efficientnet-b0
Loaded checkpoint: checkpoints/2026_01_11_17_52_20_lastest_checkpoint_zod.pth
Loading val split : 6 drives
Validation with 5198 samples.
Logging metrics to: metrics/val/2026_01_12_13_21_22_hcnet_zod_eval.csv
Starting evaluation on 325 batches...
[10/325] Mean L2: 9.980m | Mean Yaw: 2.83°
[20/325] Mean L2: 11.761m | Mean Yaw: 6.98°
[30/325] Mean L2: 11.356m | Mean Yaw: 5.82°
[40/325] Mean L2: 11.234m | Mean Yaw: 4.85°
[50/325] Mean L2: 11.098m | Mean Yaw: 5.34°
[60/325] Mean L2: 11.807m | Mean Yaw: 6.26°
[70/325] Mean L2: 13.343m | Mean Yaw: 6.79°
[80/325] Mean L2: 13.643m | Mean Yaw: 6.79°
[90/325] Mean L2: 12.899m | Mean Yaw: 6.42°
[100/325] Mean L2: 12.743m | Mean Yaw: 6.61°
[110/325] Mean L2: 12.749m | Mean Yaw: 6.42°
[120/325] Mean L2: 13.034m | Mean Yaw: 6.31°
[130/325] Mean L2: 12.909m | Mean Yaw: 6.18°
[140/325] Mean L2: 12.724m | Mean Yaw: 6.35°
[150/325] Mean L2: 12.386m | Mean Yaw: 6.23°
[160/325] Mean L2: 11.977m | Mean Yaw: 6.01°
[170/325] Mean L2: 11.812m | Mean Yaw: 6.01°
[180/325] Mean L2: 11.800m | Mean Yaw: 6.22°
[190/325] Mean L2: 11.719m | Mean Yaw: 6.18°
[200/325] Mean L2: 11.716m | Mean Yaw: 6.18°
[210/325] Mean L2: 11.968m | Mean Yaw: 6.10°
[220/325] Mean L2: 12.038m | Mean Yaw: 6.01°
[230/325] Mean L2: 12.238m | Mean Yaw: 6.02°
[240/325] Mean L2: 12.491m | Mean Yaw: 5.99°
[250/325] Mean L2: 12.164m | Mean Yaw: 5.82°
[260/325] Mean L2: 11.882m | Mean Yaw: 5.65°
[270/325] Mean L2: 12.038m | Mean Yaw: 5.76°
[280/325] Mean L2: 11.921m | Mean Yaw: 5.71°
[290/325] Mean L2: 11.969m | Mean Yaw: 5.70°
[300/325] Mean L2: 12.239m | Mean Yaw: 5.57°
[310/325] Mean L2: 12.380m | Mean Yaw: 5.67°
[320/325] Mean L2: 12.462m | Mean Yaw: 5.67°

========================================
 FINAL RESULTS (N=5198)
========================================
Position Error (m):
  Mean:   12.4130 m
  Median: 9.2667 m
  Std:    9.7678 m
--------------------
Orientation Error (°):
  Mean:   5.6239°
  Median: 3.6757°
--------------------
Success Rates (Recalls):
  @1m:    1.06%
  @3m:    5.96%
  @5m:    25.97%
  @10m:   53.17%
--------------------
  @1°:    16.60%
  @2°:    31.63%
  @5°:    60.70%
  @10°:   83.46%
========================================
