{'gpuid': [0], 'mixed_precision': False, 'iters_lev0': 6, 'lev0': True, 'flow': True, 'p_siamese': True, 'CNN16': True, 'log_every': 10, 'dataset': 'zod', 'orig_label': False, 'cross_area': False, 'batch_size': 16, 'lr': 0.00035, 'num_steps': 76000, 'scheduler': 'OneCycle', 'loss_w': [0.1, 30.0, 100000.0], 'temperature': 4.0, 'augment': False, 'ori_noise': 45.0, 'orien': True, 'restore_ckpt': None, 'model': None, 'wdecay': 0.0005, 'epsilon': 1e-07, 'clip': 1.0, 'gamma': 0.85, 'name': 'zod_train', 'validation': None, 'image_size': 512, 'zoom': 20, 'IMG_FREQ': 20000, 'SUM_FREQ': 100, 'use_augmentation': True, 'image_area_dg_m': 102.4, 'image_area_zod_m': 100, 'max_translation': 15.0, 'max_rot_deg': 20.0, 'z_range': [-2.5, 3.0], 'BEV_grid_resolution': 0.2, 'lidar_dataset_root': '/work/vita/datasets/zod', 'aerial_img_dataset_root': '/work/vita/datasets/zod_crossview_processed_100m', 'version': 'full', 'config': '/home/finckh/VITA/HC-Net/models/config/ZOD/train.json', 'best_dis': 100000000.0, 'start_step': 0}
[31m2026-01-09 12:19:03[0m
Loaded pretrained weights for efficientnet-b0
Parameter Count: 7746122
Loading train split : 23 drives
Loading val split : 6 drives
Training with 1 samples, validation with 1 samples.
Using 8 dataloader workers every process
Best distance so far 100000000.0.
[34mLog will be saved to:./watch/zod/zod_train_20260109_121921.log[0m
Epoch: [1/76000], Batch: 0/1, Loss: 1151.392, Trans_L2_m: 8.553, Yaw_err_deg: 0.061
Validation loss (homography): 1991.4211
[1;94mSave the best of 1991.421142578125, at checkpoints/2026_01_09_12_19_03_best_checkpoint_zod.pth[0m
Epoch: [2/76000], Batch: 0/1, Loss: 892.381, Trans_L2_m: 8.388, Yaw_err_deg: 0.173
Epoch: [3/76000], Batch: 0/1, Loss: 858.664, Trans_L2_m: 8.182, Yaw_err_deg: 0.098
Validation loss (homography): 1925.5012
[1;94mSave the best of 1925.501220703125, at checkpoints/2026_01_09_12_19_03_best_checkpoint_zod.pth[0m
Epoch: [4/76000], Batch: 0/1, Loss: 806.239, Trans_L2_m: 8.073, Yaw_err_deg: 0.083
Epoch: [5/76000], Batch: 0/1, Loss: 643.108, Trans_L2_m: 7.882, Yaw_err_deg: 0.089
Validation loss (homography): 1904.5778
[1;94mSave the best of 1904.5777587890625, at checkpoints/2026_01_09_12_19_03_best_checkpoint_zod.pth[0m
Epoch: [6/76000], Batch: 0/1, Loss: 625.229, Trans_L2_m: 7.774, Yaw_err_deg: 0.058
Epoch: [7/76000], Batch: 0/1, Loss: 518.945, Trans_L2_m: 7.701, Yaw_err_deg: 0.004
Validation loss (homography): 1867.5831
[1;94mSave the best of 1867.5831298828125, at checkpoints/2026_01_09_12_19_03_best_checkpoint_zod.pth[0m
Epoch: [8/76000], Batch: 0/1, Loss: 470.528, Trans_L2_m: 7.399, Yaw_err_deg: 0.113
Epoch: [9/76000], Batch: 0/1, Loss: 522.413, Trans_L2_m: 7.359, Yaw_err_deg: 0.114
Validation loss (homography): 1830.7067
[1;94mSave the best of 1830.7066650390625, at checkpoints/2026_01_09_12_19_03_best_checkpoint_zod.pth[0m
Epoch: [10/76000], Batch: 0/1, Loss: 363.061, Trans_L2_m: 7.141, Yaw_err_deg: 0.062
Epoch: [11/76000], Batch: 0/1, Loss: 354.700, Trans_L2_m: 6.972, Yaw_err_deg: 0.058
Validation loss (homography): 1792.0852
[1;94mSave the best of 1792.085205078125, at checkpoints/2026_01_09_12_19_03_best_checkpoint_zod.pth[0m
Epoch: [12/76000], Batch: 0/1, Loss: 354.411, Trans_L2_m: 7.021, Yaw_err_deg: 0.000
Epoch: [13/76000], Batch: 0/1, Loss: 328.894, Trans_L2_m: 6.756, Yaw_err_deg: 0.022
Validation loss (homography): 1752.2494
[1;94mSave the best of 1752.2493896484375, at checkpoints/2026_01_09_12_19_03_best_checkpoint_zod.pth[0m
Epoch: [14/76000], Batch: 0/1, Loss: 316.244, Trans_L2_m: 6.603, Yaw_err_deg: 0.014
Epoch: [15/76000], Batch: 0/1, Loss: 304.270, Trans_L2_m: 6.444, Yaw_err_deg: 0.013
Validation loss (homography): 1718.2477
[1;94mSave the best of 1718.2476806640625, at checkpoints/2026_01_09_12_19_03_best_checkpoint_zod.pth[0m
Epoch: [16/76000], Batch: 0/1, Loss: 338.942, Trans_L2_m: 6.443, Yaw_err_deg: 0.021
Epoch: [17/76000], Batch: 0/1, Loss: 315.798, Trans_L2_m: 6.473, Yaw_err_deg: 0.026
Validation loss (homography): 1683.0557
[1;94mSave the best of 1683.0556640625, at checkpoints/2026_01_09_12_19_03_best_checkpoint_zod.pth[0m
Epoch: [18/76000], Batch: 0/1, Loss: 296.720, Trans_L2_m: 6.197, Yaw_err_deg: 0.034
Epoch: [19/76000], Batch: 0/1, Loss: 288.758, Trans_L2_m: 5.969, Yaw_err_deg: 0.001
Validation loss (homography): 1650.4352
[1;94mSave the best of 1650.4351806640625, at checkpoints/2026_01_09_12_19_03_best_checkpoint_zod.pth[0m
Epoch: [20/76000], Batch: 0/1, Loss: 283.379, Trans_L2_m: 5.878, Yaw_err_deg: 0.001
Epoch: [21/76000], Batch: 0/1, Loss: 274.967, Trans_L2_m: 5.777, Yaw_err_deg: 0.004
Validation loss (homography): 1621.5002
[1;94mSave the best of 1621.500244140625, at checkpoints/2026_01_09_12_19_03_best_checkpoint_zod.pth[0m
Epoch: [22/76000], Batch: 0/1, Loss: 269.405, Trans_L2_m: 5.678, Yaw_err_deg: 0.015
Epoch: [23/76000], Batch: 0/1, Loss: 279.612, Trans_L2_m: 5.685, Yaw_err_deg: 0.019
Validation loss (homography): 1595.7206
[1;94mSave the best of 1595.7205810546875, at checkpoints/2026_01_09_12_19_03_best_checkpoint_zod.pth[0m
Epoch: [24/76000], Batch: 0/1, Loss: 264.739, Trans_L2_m: 5.494, Yaw_err_deg: 0.042
Epoch: [25/76000], Batch: 0/1, Loss: 258.309, Trans_L2_m: 5.410, Yaw_err_deg: 0.054
Validation loss (homography): 1572.4130
[1;94mSave the best of 1572.4129638671875, at checkpoints/2026_01_09_12_19_03_best_checkpoint_zod.pth[0m
Epoch: [26/76000], Batch: 0/1, Loss: 273.449, Trans_L2_m: 5.590, Yaw_err_deg: 0.003
Epoch: [27/76000], Batch: 0/1, Loss: 248.594, Trans_L2_m: 5.240, Yaw_err_deg: 0.076
Validation loss (homography): 1548.8075
[1;94mSave the best of 1548.8074951171875, at checkpoints/2026_01_09_12_19_03_best_checkpoint_zod.pth[0m
Epoch: [28/76000], Batch: 0/1, Loss: 244.900, Trans_L2_m: 5.146, Yaw_err_deg: 0.086
Epoch: [29/76000], Batch: 0/1, Loss: 270.072, Trans_L2_m: 5.397, Yaw_err_deg: 0.030
Validation loss (homography): 1529.3687
[1;94mSave the best of 1529.36865234375, at checkpoints/2026_01_09_12_19_03_best_checkpoint_zod.pth[0m
Epoch: [30/76000], Batch: 0/1, Loss: 238.014, Trans_L2_m: 4.976, Yaw_err_deg: 0.105
Epoch: [31/76000], Batch: 0/1, Loss: 249.150, Trans_L2_m: 5.130, Yaw_err_deg: 0.053
Validation loss (homography): 1509.6885
[1;94mSave the best of 1509.6884765625, at checkpoints/2026_01_09_12_19_03_best_checkpoint_zod.pth[0m
Epoch: [32/76000], Batch: 0/1, Loss: 241.326, Trans_L2_m: 5.013, Yaw_err_deg: 0.031
Epoch: [33/76000], Batch: 0/1, Loss: 272.013, Trans_L2_m: 4.770, Yaw_err_deg: 0.134
Validation loss (homography): 1488.9280
[1;94mSave the best of 1488.927978515625, at checkpoints/2026_01_09_12_19_03_best_checkpoint_zod.pth[0m
Epoch: [34/76000], Batch: 0/1, Loss: 241.294, Trans_L2_m: 4.826, Yaw_err_deg: 0.063
Epoch: [35/76000], Batch: 0/1, Loss: 254.214, Trans_L2_m: 4.665, Yaw_err_deg: 0.146
Validation loss (homography): 1473.8093
[1;94mSave the best of 1473.809326171875, at checkpoints/2026_01_09_12_19_03_best_checkpoint_zod.pth[0m
Epoch: [36/76000], Batch: 0/1, Loss: 240.613, Trans_L2_m: 4.891, Yaw_err_deg: 0.043
Epoch: [37/76000], Batch: 0/1, Loss: 231.601, Trans_L2_m: 4.761, Yaw_err_deg: 0.106
Validation loss (homography): 1466.1187
[1;94mSave the best of 1466.11865234375, at checkpoints/2026_01_09_12_19_03_best_checkpoint_zod.pth[0m
Epoch: [38/76000], Batch: 0/1, Loss: 242.950, Trans_L2_m: 4.764, Yaw_err_deg: 0.135
Epoch: [39/76000], Batch: 0/1, Loss: 228.919, Trans_L2_m: 4.547, Yaw_err_deg: 0.089
Validation loss (homography): 1446.0006
[1;94mSave the best of 1446.0006103515625, at checkpoints/2026_01_09_12_19_03_best_checkpoint_zod.pth[0m
Epoch: [40/76000], Batch: 0/1, Loss: 227.777, Trans_L2_m: 4.588, Yaw_err_deg: 0.063
Epoch: [41/76000], Batch: 0/1, Loss: 227.417, Trans_L2_m: 4.418, Yaw_err_deg: 0.152
Validation loss (homography): 1419.3345
[1;94mSave the best of 1419.33447265625, at checkpoints/2026_01_09_12_19_03_best_checkpoint_zod.pth[0m
Epoch: [42/76000], Batch: 0/1, Loss: 227.947, Trans_L2_m: 4.540, Yaw_err_deg: 0.131
Epoch: [43/76000], Batch: 0/1, Loss: 215.838, Trans_L2_m: 4.340, Yaw_err_deg: 0.147
Validation loss (homography): 1409.8865
[1;94mSave the best of 1409.886474609375, at checkpoints/2026_01_09_12_19_03_best_checkpoint_zod.pth[0m
Epoch: [44/76000], Batch: 0/1, Loss: 248.378, Trans_L2_m: 4.614, Yaw_err_deg: 0.101
Epoch: [45/76000], Batch: 0/1, Loss: 216.606, Trans_L2_m: 4.252, Yaw_err_deg: 0.133
Validation loss (homography): 1406.2734
[1;94mSave the best of 1406.2734375, at checkpoints/2026_01_09_12_19_03_best_checkpoint_zod.pth[0m
Epoch: [46/76000], Batch: 0/1, Loss: 211.334, Trans_L2_m: 4.248, Yaw_err_deg: 0.057
Epoch: [47/76000], Batch: 0/1, Loss: 213.847, Trans_L2_m: 4.327, Yaw_err_deg: 0.064
Validation loss (homography): 1404.0234
[1;94mSave the best of 1404.0234375, at checkpoints/2026_01_09_12_19_03_best_checkpoint_zod.pth[0m
Epoch: [48/76000], Batch: 0/1, Loss: 205.954, Trans_L2_m: 4.132, Yaw_err_deg: 0.118
Epoch: [49/76000], Batch: 0/1, Loss: 220.317, Trans_L2_m: 4.288, Yaw_err_deg: 0.012
Validation loss (homography): 1384.5392
[1;94mSave the best of 1384.5391845703125, at checkpoints/2026_01_09_12_19_03_best_checkpoint_zod.pth[0m
Epoch: [50/76000], Batch: 0/1, Loss: 207.547, Trans_L2_m: 4.154, Yaw_err_deg: 0.096
Epoch: [51/76000], Batch: 0/1, Loss: 208.278, Trans_L2_m: 4.061, Yaw_err_deg: 0.027
Validation loss (homography): 1380.2808
[1;94mSave the best of 1380.28076171875, at checkpoints/2026_01_09_12_19_03_best_checkpoint_zod.pth[0m
Epoch: [52/76000], Batch: 0/1, Loss: 199.272, Trans_L2_m: 3.951, Yaw_err_deg: 0.078
Epoch: [53/76000], Batch: 0/1, Loss: 220.976, Trans_L2_m: 3.977, Yaw_err_deg: 0.068
Validation loss (homography): 1357.5728
[1;94mSave the best of 1357.57275390625, at checkpoints/2026_01_09_12_19_03_best_checkpoint_zod.pth[0m
Epoch: [54/76000], Batch: 0/1, Loss: 202.542, Trans_L2_m: 3.969, Yaw_err_deg: 0.032
Epoch: [55/76000], Batch: 0/1, Loss: 282.552, Trans_L2_m: 4.176, Yaw_err_deg: 0.021
Validation loss (homography): 1338.1143
[1;94mSave the best of 1338.1142578125, at checkpoints/2026_01_09_12_19_03_best_checkpoint_zod.pth[0m
Epoch: [56/76000], Batch: 0/1, Loss: 222.626, Trans_L2_m: 3.885, Yaw_err_deg: 0.002
Epoch: [57/76000], Batch: 0/1, Loss: 205.403, Trans_L2_m: 3.856, Yaw_err_deg: 0.006
Validation loss (homography): 1324.1969
[1;94mSave the best of 1324.1968994140625, at checkpoints/2026_01_09_12_19_03_best_checkpoint_zod.pth[0m
Epoch: [58/76000], Batch: 0/1, Loss: 197.660, Trans_L2_m: 3.782, Yaw_err_deg: 0.034
Epoch: [59/76000], Batch: 0/1, Loss: 202.887, Trans_L2_m: 3.850, Yaw_err_deg: 0.097
Validation loss (homography): 1314.0532
[1;94mSave the best of 1314.05322265625, at checkpoints/2026_01_09_12_19_03_best_checkpoint_zod.pth[0m
Epoch: [60/76000], Batch: 0/1, Loss: 202.500, Trans_L2_m: 3.731, Yaw_err_deg: 0.028
Epoch: [61/76000], Batch: 0/1, Loss: 200.549, Trans_L2_m: 3.709, Yaw_err_deg: 0.026
Validation loss (homography): 1314.6829
[1;91mVal has no improvement vs 1314.05322265625![0m
Epoch: [62/76000], Batch: 0/1, Loss: 195.530, Trans_L2_m: 3.686, Yaw_err_deg: 0.024
Epoch: [63/76000], Batch: 0/1, Loss: 189.427, Trans_L2_m: 3.663, Yaw_err_deg: 0.022
Validation loss (homography): 1314.1083
[1;91mVal has no improvement vs 1314.05322265625![0m
Epoch: [64/76000], Batch: 0/1, Loss: 189.534, Trans_L2_m: 3.638, Yaw_err_deg: 0.018
Epoch: [65/76000], Batch: 0/1, Loss: 211.783, Trans_L2_m: 3.655, Yaw_err_deg: 0.022
Validation loss (homography): 1315.8682
[1;91mVal has no improvement vs 1314.05322265625![0m
Epoch: [66/76000], Batch: 0/1, Loss: 194.842, Trans_L2_m: 3.663, Yaw_err_deg: 0.022
Epoch: [67/76000], Batch: 0/1, Loss: 205.187, Trans_L2_m: 3.624, Yaw_err_deg: 0.012
Validation loss (homography): 1307.9474
[1;94mSave the best of 1307.9473876953125, at checkpoints/2026_01_09_12_19_03_best_checkpoint_zod.pth[0m
Epoch: [68/76000], Batch: 0/1, Loss: 186.853, Trans_L2_m: 3.549, Yaw_err_deg: 0.014
Epoch: [69/76000], Batch: 0/1, Loss: 183.905, Trans_L2_m: 3.531, Yaw_err_deg: 0.014
Validation loss (homography): 1312.9528
[1;91mVal has no improvement vs 1307.9473876953125![0m
Epoch: [70/76000], Batch: 0/1, Loss: 203.794, Trans_L2_m: 3.547, Yaw_err_deg: 0.023
Epoch: [71/76000], Batch: 0/1, Loss: 183.697, Trans_L2_m: 3.472, Yaw_err_deg: 0.016
Validation loss (homography): 1311.6858
[1;91mVal has no improvement vs 1307.9473876953125![0m
Epoch: [72/76000], Batch: 0/1, Loss: 202.150, Trans_L2_m: 3.681, Yaw_err_deg: 0.079
Epoch: [73/76000], Batch: 0/1, Loss: 183.950, Trans_L2_m: 3.433, Yaw_err_deg: 0.021
Validation loss (homography): 1305.5944
[1;94mSave the best of 1305.5943603515625, at checkpoints/2026_01_09_12_19_03_best_checkpoint_zod.pth[0m
Epoch: [74/76000], Batch: 0/1, Loss: 226.091, Trans_L2_m: 3.647, Yaw_err_deg: 0.031
Epoch: [75/76000], Batch: 0/1, Loss: 192.377, Trans_L2_m: 3.459, Yaw_err_deg: 0.014
Validation loss (homography): 1299.4949
[1;94mSave the best of 1299.494873046875, at checkpoints/2026_01_09_12_19_03_best_checkpoint_zod.pth[0m
Epoch: [76/76000], Batch: 0/1, Loss: 187.032, Trans_L2_m: 3.444, Yaw_err_deg: 0.035
Epoch: [77/76000], Batch: 0/1, Loss: 188.977, Trans_L2_m: 3.440, Yaw_err_deg: 0.016
Validation loss (homography): 1293.6383
[1;94mSave the best of 1293.6383056640625, at checkpoints/2026_01_09_12_19_03_best_checkpoint_zod.pth[0m
Epoch: [78/76000], Batch: 0/1, Loss: 180.499, Trans_L2_m: 3.409, Yaw_err_deg: 0.010
Epoch: [79/76000], Batch: 0/1, Loss: 185.447, Trans_L2_m: 3.414, Yaw_err_deg: 0.002
Validation loss (homography): 1286.2461
[1;94mSave the best of 1286.24609375, at checkpoints/2026_01_09_12_19_03_best_checkpoint_zod.pth[0m
Epoch: [80/76000], Batch: 0/1, Loss: 186.267, Trans_L2_m: 3.349, Yaw_err_deg: 0.028
Epoch: [81/76000], Batch: 0/1, Loss: 247.850, Trans_L2_m: 3.679, Yaw_err_deg: 0.055
Validation loss (homography): 1280.2224
[1;94mSave the best of 1280.222412109375, at checkpoints/2026_01_09_12_19_03_best_checkpoint_zod.pth[0m
Epoch: [82/76000], Batch: 0/1, Loss: 192.231, Trans_L2_m: 3.506, Yaw_err_deg: 0.001
Epoch: [83/76000], Batch: 0/1, Loss: 186.233, Trans_L2_m: 3.457, Yaw_err_deg: 0.004
Validation loss (homography): 1274.3967
[1;94mSave the best of 1274.396728515625, at checkpoints/2026_01_09_12_19_03_best_checkpoint_zod.pth[0m
Epoch: [84/76000], Batch: 0/1, Loss: 190.842, Trans_L2_m: 3.418, Yaw_err_deg: 0.023
Epoch: [85/76000], Batch: 0/1, Loss: 197.247, Trans_L2_m: 3.366, Yaw_err_deg: 0.000
Validation loss (homography): 1268.2299
[1;94mSave the best of 1268.2298583984375, at checkpoints/2026_01_09_12_19_03_best_checkpoint_zod.pth[0m
Epoch: [86/76000], Batch: 0/1, Loss: 183.508, Trans_L2_m: 3.312, Yaw_err_deg: 0.028
Epoch: [87/76000], Batch: 0/1, Loss: 178.259, Trans_L2_m: 3.305, Yaw_err_deg: 0.026
Validation loss (homography): 1266.8160
[1;94mSave the best of 1266.8160400390625, at checkpoints/2026_01_09_12_19_03_best_checkpoint_zod.pth[0m
Epoch: [88/76000], Batch: 0/1, Loss: 183.679, Trans_L2_m: 3.401, Yaw_err_deg: 0.085
Epoch: [89/76000], Batch: 0/1, Loss: 192.543, Trans_L2_m: 3.339, Yaw_err_deg: 0.018
Validation loss (homography): 1268.4194
[1;91mVal has no improvement vs 1266.8160400390625![0m
Epoch: [90/76000], Batch: 0/1, Loss: 184.568, Trans_L2_m: 3.276, Yaw_err_deg: 0.014
Epoch: [91/76000], Batch: 0/1, Loss: 186.483, Trans_L2_m: 3.290, Yaw_err_deg: 0.012
Validation loss (homography): 1270.7672
[1;91mVal has no improvement vs 1266.8160400390625![0m
Epoch: [92/76000], Batch: 0/1, Loss: 182.263, Trans_L2_m: 3.329, Yaw_err_deg: 0.070
Epoch: [93/76000], Batch: 0/1, Loss: 180.928, Trans_L2_m: 3.303, Yaw_err_deg: 0.035
Validation loss (homography): 1274.0546
[1;91mVal has no improvement vs 1266.8160400390625![0m
Epoch: [94/76000], Batch: 0/1, Loss: 190.439, Trans_L2_m: 3.314, Yaw_err_deg: 0.041
Epoch: [95/76000], Batch: 0/1, Loss: 175.716, Trans_L2_m: 3.245, Yaw_err_deg: 0.001
Validation loss (homography): 1276.5830
[1;91mVal has no improvement vs 1266.8160400390625![0m
Epoch: [96/76000], Batch: 0/1, Loss: 181.012, Trans_L2_m: 3.274, Yaw_err_deg: 0.019
Epoch: [97/76000], Batch: 0/1, Loss: 195.395, Trans_L2_m: 3.419, Yaw_err_deg: 0.039
Validation loss (homography): 1277.1921
[1;91mVal has no improvement vs 1266.8160400390625![0m
Epoch: [98/76000], Batch: 0/1, Loss: 174.897, Trans_L2_m: 3.227, Yaw_err_deg: 0.004
Epoch: [99/76000], Batch: 0/1, Loss: 181.819, Trans_L2_m: 3.293, Yaw_err_deg: 0.033
Validation loss (homography): 1276.0354
[1;91mVal has no improvement vs 1266.8160400390625![0m
Epoch: [100/76000], Batch: 0/1, Loss: 179.825, Trans_L2_m: 3.213, Yaw_err_deg: 0.009
Epoch: [101/76000], Batch: 0/1, Loss: 180.290, Trans_L2_m: 3.262, Yaw_err_deg: 0.032
Validation loss (homography): 1273.7792
[1;91mVal has no improvement vs 1266.8160400390625![0m
Epoch: [102/76000], Batch: 0/1, Loss: 173.483, Trans_L2_m: 3.202, Yaw_err_deg: 0.015
Epoch: [103/76000], Batch: 0/1, Loss: 180.227, Trans_L2_m: 3.232, Yaw_err_deg: 0.046
Validation loss (homography): 1270.3954
[1;91mVal has no improvement vs 1266.8160400390625![0m
Epoch: [104/76000], Batch: 0/1, Loss: 185.672, Trans_L2_m: 3.187, Yaw_err_deg: 0.015
Epoch: [105/76000], Batch: 0/1, Loss: 177.292, Trans_L2_m: 3.278, Yaw_err_deg: 0.002
Validation loss (homography): 1268.2404
[1;91mVal has no improvement vs 1266.8160400390625![0m
Epoch: [106/76000], Batch: 0/1, Loss: 175.771, Trans_L2_m: 3.175, Yaw_err_deg: 0.013
Epoch: [107/76000], Batch: 0/1, Loss: 177.512, Trans_L2_m: 3.225, Yaw_err_deg: 0.017
Validation loss (homography): 1267.4736
[1;91mVal has no improvement vs 1266.8160400390625![0m
Epoch: [108/76000], Batch: 0/1, Loss: 175.655, Trans_L2_m: 3.167, Yaw_err_deg: 0.009
Epoch: [109/76000], Batch: 0/1, Loss: 173.116, Trans_L2_m: 3.162, Yaw_err_deg: 0.006
Validation loss (homography): 1267.3590
[1;91mVal has no improvement vs 1266.8160400390625![0m
Epoch: [110/76000], Batch: 0/1, Loss: 198.189, Trans_L2_m: 3.241, Yaw_err_deg: 0.001
Epoch: [111/76000], Batch: 0/1, Loss: 174.902, Trans_L2_m: 3.184, Yaw_err_deg: 0.007
Validation loss (homography): 1268.8451
[1;91mVal has no improvement vs 1266.8160400390625![0m
Epoch: [112/76000], Batch: 0/1, Loss: 178.861, Trans_L2_m: 3.218, Yaw_err_deg: 0.012
Epoch: [113/76000], Batch: 0/1, Loss: 179.906, Trans_L2_m: 3.142, Yaw_err_deg: 0.001
Validation loss (homography): 1273.7595
[1;91mVal has no improvement vs 1266.8160400390625![0m
Epoch: [114/76000], Batch: 0/1, Loss: 180.967, Trans_L2_m: 3.206, Yaw_err_deg: 0.017
Epoch: [115/76000], Batch: 0/1, Loss: 177.968, Trans_L2_m: 3.136, Yaw_err_deg: 0.003
Validation loss (homography): 1278.8303
[1;91mVal has no improvement vs 1266.8160400390625![0m
Epoch: [116/76000], Batch: 0/1, Loss: 189.370, Trans_L2_m: 3.179, Yaw_err_deg: 0.014
Epoch: [117/76000], Batch: 0/1, Loss: 185.693, Trans_L2_m: 3.157, Yaw_err_deg: 0.044
Validation loss (homography): 1281.4929
[1;91mVal has no improvement vs 1266.8160400390625![0m
Epoch: [118/76000], Batch: 0/1, Loss: 182.929, Trans_L2_m: 3.218, Yaw_err_deg: 0.004
Epoch: [119/76000], Batch: 0/1, Loss: 172.691, Trans_L2_m: 3.149, Yaw_err_deg: 0.008
Validation loss (homography): 1283.6008
[1;91mVal has no improvement vs 1266.8160400390625![0m
Epoch: [120/76000], Batch: 0/1, Loss: 187.380, Trans_L2_m: 3.145, Yaw_err_deg: 0.020
Epoch: [121/76000], Batch: 0/1, Loss: 175.346, Trans_L2_m: 3.123, Yaw_err_deg: 0.002
Validation loss (homography): 1283.1924
[1;91mVal has no improvement vs 1266.8160400390625![0m
Epoch: [122/76000], Batch: 0/1, Loss: 171.949, Trans_L2_m: 3.120, Yaw_err_deg: 0.003
Epoch: [123/76000], Batch: 0/1, Loss: 184.223, Trans_L2_m: 3.181, Yaw_err_deg: 0.001
Validation loss (homography): 1283.0272
[1;91mVal has no improvement vs 1266.8160400390625![0m
Epoch: [124/76000], Batch: 0/1, Loss: 184.936, Trans_L2_m: 3.191, Yaw_err_deg: 0.028
Epoch: [125/76000], Batch: 0/1, Loss: 188.605, Trans_L2_m: 3.130, Yaw_err_deg: 0.008
Validation loss (homography): 1283.3605
[1;91mVal has no improvement vs 1266.8160400390625![0m
Epoch: [126/76000], Batch: 0/1, Loss: 189.727, Trans_L2_m: 3.156, Yaw_err_deg: 0.004
Epoch: [127/76000], Batch: 0/1, Loss: 170.534, Trans_L2_m: 3.103, Yaw_err_deg: 0.013
Validation loss (homography): 1286.2617
[1;91mVal has no improvement vs 1266.8160400390625![0m
Epoch: [128/76000], Batch: 0/1, Loss: 178.740, Trans_L2_m: 3.207, Yaw_err_deg: 0.028
Epoch: [129/76000], Batch: 0/1, Loss: 175.687, Trans_L2_m: 3.113, Yaw_err_deg: 0.038
Validation loss (homography): 1289.7869
[1;91mVal has no improvement vs 1266.8160400390625![0m
Epoch: [130/76000], Batch: 0/1, Loss: 197.138, Trans_L2_m: 3.118, Yaw_err_deg: 0.024
Epoch: [131/76000], Batch: 0/1, Loss: 181.755, Trans_L2_m: 3.220, Yaw_err_deg: 0.037
Validation loss (homography): 1290.1600
[1;91mVal has no improvement vs 1266.8160400390625![0m
Epoch: [132/76000], Batch: 0/1, Loss: 179.952, Trans_L2_m: 3.264, Yaw_err_deg: 0.014
Epoch: [133/76000], Batch: 0/1, Loss: 173.710, Trans_L2_m: 3.182, Yaw_err_deg: 0.003
Validation loss (homography): 1289.7035
[1;91mVal has no improvement vs 1266.8160400390625![0m
Epoch: [134/76000], Batch: 0/1, Loss: 184.860, Trans_L2_m: 3.218, Yaw_err_deg: 0.033
Epoch: [135/76000], Batch: 0/1, Loss: 183.410, Trans_L2_m: 3.121, Yaw_err_deg: 0.025
Validation loss (homography): 1291.4487
[1;91mVal has no improvement vs 1266.8160400390625![0m
Epoch: [136/76000], Batch: 0/1, Loss: 179.358, Trans_L2_m: 3.107, Yaw_err_deg: 0.004
Epoch: [137/76000], Batch: 0/1, Loss: 172.344, Trans_L2_m: 3.107, Yaw_err_deg: 0.004
Validation loss (homography): 1292.7644
[1;91mVal has no improvement vs 1266.8160400390625![0m
Epoch: [138/76000], Batch: 0/1, Loss: 195.003, Trans_L2_m: 3.092, Yaw_err_deg: 0.017
Epoch: [139/76000], Batch: 0/1, Loss: 183.745, Trans_L2_m: 3.096, Yaw_err_deg: 0.027
Validation loss (homography): 1291.4788
[1;91mVal has no improvement vs 1266.8160400390625![0m
Epoch: [140/76000], Batch: 0/1, Loss: 180.086, Trans_L2_m: 3.082, Yaw_err_deg: 0.017
Epoch: [141/76000], Batch: 0/1, Loss: 171.771, Trans_L2_m: 3.092, Yaw_err_deg: 0.009
Validation loss (homography): 1290.5028
[1;91mVal has no improvement vs 1266.8160400390625![0m
Epoch: [142/76000], Batch: 0/1, Loss: 174.201, Trans_L2_m: 3.070, Yaw_err_deg: 0.015
Epoch: [143/76000], Batch: 0/1, Loss: 184.152, Trans_L2_m: 3.079, Yaw_err_deg: 0.030
Validation loss (homography): 1289.7120
[1;91mVal has no improvement vs 1266.8160400390625![0m
Epoch: [144/76000], Batch: 0/1, Loss: 173.031, Trans_L2_m: 3.061, Yaw_err_deg: 0.006
Epoch: [145/76000], Batch: 0/1, Loss: 170.303, Trans_L2_m: 3.071, Yaw_err_deg: 0.012
Validation loss (homography): 1288.4309
[1;91mVal has no improvement vs 1266.8160400390625![0m
Epoch: [146/76000], Batch: 0/1, Loss: 169.783, Trans_L2_m: 3.055, Yaw_err_deg: 0.000
Epoch: [147/76000], Batch: 0/1, Loss: 168.827, Trans_L2_m: 3.049, Yaw_err_deg: 0.002
Validation loss (homography): 1289.3256
[1;91mVal has no improvement vs 1266.8160400390625![0m
Epoch: [148/76000], Batch: 0/1, Loss: 169.179, Trans_L2_m: 3.038, Yaw_err_deg: 0.000
Epoch: [149/76000], Batch: 0/1, Loss: 168.522, Trans_L2_m: 3.030, Yaw_err_deg: 0.005
Validation loss (homography): 1291.0620
[1;91mVal has no improvement vs 1266.8160400390625![0m
Epoch: [150/76000], Batch: 0/1, Loss: 188.572, Trans_L2_m: 3.063, Yaw_err_deg: 0.011
Epoch: [151/76000], Batch: 0/1, Loss: 178.480, Trans_L2_m: 3.060, Yaw_err_deg: 0.007
Validation loss (homography): 1292.7418
[1;91mVal has no improvement vs 1266.8160400390625![0m
Epoch: [152/76000], Batch: 0/1, Loss: 170.407, Trans_L2_m: 3.065, Yaw_err_deg: 0.015
Epoch: [153/76000], Batch: 0/1, Loss: 173.913, Trans_L2_m: 3.108, Yaw_err_deg: 0.001
Validation loss (homography): 1290.6794
[1;91mVal has no improvement vs 1266.8160400390625![0m
Epoch: [154/76000], Batch: 0/1, Loss: 201.657, Trans_L2_m: 3.060, Yaw_err_deg: 0.024
Epoch: [155/76000], Batch: 0/1, Loss: 170.771, Trans_L2_m: 3.029, Yaw_err_deg: 0.037
Validation loss (homography): 1286.2079
[1;91mVal has no improvement vs 1266.8160400390625![0m
Epoch: [156/76000], Batch: 0/1, Loss: 170.875, Trans_L2_m: 3.015, Yaw_err_deg: 0.039
Epoch: [157/76000], Batch: 0/1, Loss: 170.338, Trans_L2_m: 3.027, Yaw_err_deg: 0.044
Validation loss (homography): 1278.5886
[1;91mVal has no improvement vs 1266.8160400390625![0m
Epoch: [158/76000], Batch: 0/1, Loss: 174.558, Trans_L2_m: 3.005, Yaw_err_deg: 0.039
Epoch: [159/76000], Batch: 0/1, Loss: 173.027, Trans_L2_m: 3.001, Yaw_err_deg: 0.036
Validation loss (homography): 1271.5201
[1;91mVal has no improvement vs 1266.8160400390625![0m
Epoch: [160/76000], Batch: 0/1, Loss: 170.450, Trans_L2_m: 3.020, Yaw_err_deg: 0.028
Epoch: [161/76000], Batch: 0/1, Loss: 197.153, Trans_L2_m: 3.275, Yaw_err_deg: 0.041
Validation loss (homography): 1262.9370
[1;94mSave the best of 1262.93701171875, at checkpoints/2026_01_09_12_19_03_best_checkpoint_zod.pth[0m
Epoch: [162/76000], Batch: 0/1, Loss: 172.062, Trans_L2_m: 3.064, Yaw_err_deg: 0.036
Epoch: [163/76000], Batch: 0/1, Loss: 172.382, Trans_L2_m: 3.113, Yaw_err_deg: 0.004
Validation loss (homography): 1255.0592
[1;94mSave the best of 1255.0592041015625, at checkpoints/2026_01_09_12_19_03_best_checkpoint_zod.pth[0m
Epoch: [164/76000], Batch: 0/1, Loss: 183.338, Trans_L2_m: 3.005, Yaw_err_deg: 0.012
Epoch: [165/76000], Batch: 0/1, Loss: 174.251, Trans_L2_m: 2.988, Yaw_err_deg: 0.016
Validation loss (homography): 1250.1924
[1;94mSave the best of 1250.1923828125, at checkpoints/2026_01_09_12_19_03_best_checkpoint_zod.pth[0m
Epoch: [166/76000], Batch: 0/1, Loss: 169.662, Trans_L2_m: 2.989, Yaw_err_deg: 0.015
Epoch: [167/76000], Batch: 0/1, Loss: 167.676, Trans_L2_m: 2.985, Yaw_err_deg: 0.014
Validation loss (homography): 1248.7977
[1;94mSave the best of 1248.7977294921875, at checkpoints/2026_01_09_12_19_03_best_checkpoint_zod.pth[0m
Epoch: [168/76000], Batch: 0/1, Loss: 168.960, Trans_L2_m: 2.976, Yaw_err_deg: 0.012
Epoch: [169/76000], Batch: 0/1, Loss: 175.237, Trans_L2_m: 2.984, Yaw_err_deg: 0.023
Validation loss (homography): 1249.4760
[1;91mVal has no improvement vs 1248.7977294921875![0m
Epoch: [170/76000], Batch: 0/1, Loss: 167.903, Trans_L2_m: 2.975, Yaw_err_deg: 0.012
Epoch: [171/76000], Batch: 0/1, Loss: 168.157, Trans_L2_m: 2.980, Yaw_err_deg: 0.002
Validation loss (homography): 1248.2871
[1;94mSave the best of 1248.287109375, at checkpoints/2026_01_09_12_19_03_best_checkpoint_zod.pth[0m
Epoch: [172/76000], Batch: 0/1, Loss: 191.718, Trans_L2_m: 2.966, Yaw_err_deg: 0.014
Epoch: [173/76000], Batch: 0/1, Loss: 178.292, Trans_L2_m: 2.964, Yaw_err_deg: 0.020
Validation loss (homography): 1247.2748
[1;94mSave the best of 1247.2747802734375, at checkpoints/2026_01_09_12_19_03_best_checkpoint_zod.pth[0m
Epoch: [174/76000], Batch: 0/1, Loss: 169.675, Trans_L2_m: 2.973, Yaw_err_deg: 0.035
Epoch: [175/76000], Batch: 0/1, Loss: 180.796, Trans_L2_m: 3.000, Yaw_err_deg: 0.001
Validation loss (homography): 1246.0859
[1;94mSave the best of 1246.0859375, at checkpoints/2026_01_09_12_19_03_best_checkpoint_zod.pth[0m
Epoch: [176/76000], Batch: 0/1, Loss: 168.144, Trans_L2_m: 2.959, Yaw_err_deg: 0.033
Epoch: [177/76000], Batch: 0/1, Loss: 169.749, Trans_L2_m: 2.950, Yaw_err_deg: 0.034
Validation loss (homography): 1242.1484
[1;94mSave the best of 1242.1484375, at checkpoints/2026_01_09_12_19_03_best_checkpoint_zod.pth[0m
Epoch: [178/76000], Batch: 0/1, Loss: 168.137, Trans_L2_m: 2.942, Yaw_err_deg: 0.034
Epoch: [179/76000], Batch: 0/1, Loss: 166.871, Trans_L2_m: 2.933, Yaw_err_deg: 0.032
Validation loss (homography): 1237.9485
[1;94mSave the best of 1237.948486328125, at checkpoints/2026_01_09_12_19_03_best_checkpoint_zod.pth[0m
Epoch: [180/76000], Batch: 0/1, Loss: 166.049, Trans_L2_m: 2.924, Yaw_err_deg: 0.028
Epoch: [181/76000], Batch: 0/1, Loss: 184.343, Trans_L2_m: 2.945, Yaw_err_deg: 0.025
Validation loss (homography): 1236.4121
[1;94mSave the best of 1236.412109375, at checkpoints/2026_01_09_12_19_03_best_checkpoint_zod.pth[0m
Epoch: [182/76000], Batch: 0/1, Loss: 174.104, Trans_L2_m: 2.938, Yaw_err_deg: 0.032
Epoch: [183/76000], Batch: 0/1, Loss: 177.977, Trans_L2_m: 2.913, Yaw_err_deg: 0.009
Validation loss (homography): 1233.1635
[1;94mSave the best of 1233.1634521484375, at checkpoints/2026_01_09_12_19_03_best_checkpoint_zod.pth[0m
Epoch: [184/76000], Batch: 0/1, Loss: 166.568, Trans_L2_m: 2.927, Yaw_err_deg: 0.005
Epoch: [185/76000], Batch: 0/1, Loss: 173.590, Trans_L2_m: 2.908, Yaw_err_deg: 0.002
Validation loss (homography): 1227.6825
[1;94mSave the best of 1227.6824951171875, at checkpoints/2026_01_09_12_19_03_best_checkpoint_zod.pth[0m
Epoch: [186/76000], Batch: 0/1, Loss: 166.685, Trans_L2_m: 2.904, Yaw_err_deg: 0.004
Epoch: [187/76000], Batch: 0/1, Loss: 165.864, Trans_L2_m: 2.899, Yaw_err_deg: 0.006
Validation loss (homography): 1224.6381
[1;94mSave the best of 1224.6380615234375, at checkpoints/2026_01_09_12_19_03_best_checkpoint_zod.pth[0m
Epoch: [188/76000], Batch: 0/1, Loss: 189.059, Trans_L2_m: 2.930, Yaw_err_deg: 0.002
Epoch: [189/76000], Batch: 0/1, Loss: 165.241, Trans_L2_m: 2.889, Yaw_err_deg: 0.003
Validation loss (homography): 1223.0453
[1;94mSave the best of 1223.0452880859375, at checkpoints/2026_01_09_12_19_03_best_checkpoint_zod.pth[0m
Epoch: [190/76000], Batch: 0/1, Loss: 173.078, Trans_L2_m: 2.893, Yaw_err_deg: 0.006
Epoch: [191/76000], Batch: 0/1, Loss: 165.262, Trans_L2_m: 2.893, Yaw_err_deg: 0.002
Validation loss (homography): 1220.0317
[1;94mSave the best of 1220.03173828125, at checkpoints/2026_01_09_12_19_03_best_checkpoint_zod.pth[0m
Epoch: [192/76000], Batch: 0/1, Loss: 179.968, Trans_L2_m: 2.931, Yaw_err_deg: 0.028
Epoch: [193/76000], Batch: 0/1, Loss: 167.720, Trans_L2_m: 2.875, Yaw_err_deg: 0.010
Validation loss (homography): 1215.2855
[1;94mSave the best of 1215.2855224609375, at checkpoints/2026_01_09_12_19_03_best_checkpoint_zod.pth[0m
Epoch: [194/76000], Batch: 0/1, Loss: 166.168, Trans_L2_m: 2.871, Yaw_err_deg: 0.015
Epoch: [195/76000], Batch: 0/1, Loss: 176.310, Trans_L2_m: 2.888, Yaw_err_deg: 0.007
Validation loss (homography): 1211.8419
[1;94mSave the best of 1211.8419189453125, at checkpoints/2026_01_09_12_19_03_best_checkpoint_zod.pth[0m
Epoch: [196/76000], Batch: 0/1, Loss: 167.888, Trans_L2_m: 2.873, Yaw_err_deg: 0.005
Epoch: [197/76000], Batch: 0/1, Loss: 169.327, Trans_L2_m: 2.862, Yaw_err_deg: 0.027
Validation loss (homography): 1208.6895
[1;94mSave the best of 1208.689453125, at checkpoints/2026_01_09_12_19_03_best_checkpoint_zod.pth[0m
Epoch: [198/76000], Batch: 0/1, Loss: 164.949, Trans_L2_m: 2.858, Yaw_err_deg: 0.029
Epoch: [199/76000], Batch: 0/1, Loss: 168.468, Trans_L2_m: 2.850, Yaw_err_deg: 0.027
Validation loss (homography): 1208.4299
[1;94mSave the best of 1208.429931640625, at checkpoints/2026_01_09_12_19_03_best_checkpoint_zod.pth[0m
Epoch: [200/76000], Batch: 0/1, Loss: 165.458, Trans_L2_m: 2.862, Yaw_err_deg: 0.015
Epoch: [201/76000], Batch: 0/1, Loss: 163.457, Trans_L2_m: 2.851, Yaw_err_deg: 0.027
Validation loss (homography): 1208.3300
[1;94mSave the best of 1208.3299560546875, at checkpoints/2026_01_09_12_19_03_best_checkpoint_zod.pth[0m
Epoch: [202/76000], Batch: 0/1, Loss: 163.557, Trans_L2_m: 2.836, Yaw_err_deg: 0.021
Epoch: [203/76000], Batch: 0/1, Loss: 167.262, Trans_L2_m: 2.854, Yaw_err_deg: 0.017
Validation loss (homography): 1207.9220
[1;94mSave the best of 1207.9219970703125, at checkpoints/2026_01_09_12_19_03_best_checkpoint_zod.pth[0m
Epoch: [204/76000], Batch: 0/1, Loss: 166.246, Trans_L2_m: 2.855, Yaw_err_deg: 0.017
Epoch: [205/76000], Batch: 0/1, Loss: 175.753, Trans_L2_m: 2.849, Yaw_err_deg: 0.016
Validation loss (homography): 1208.1121
[1;91mVal has no improvement vs 1207.9219970703125![0m
Epoch: [206/76000], Batch: 0/1, Loss: 162.414, Trans_L2_m: 2.819, Yaw_err_deg: 0.003
Epoch: [207/76000], Batch: 0/1, Loss: 162.717, Trans_L2_m: 2.822, Yaw_err_deg: 0.009
Validation loss (homography): 1205.3568
[1;94mSave the best of 1205.3568115234375, at checkpoints/2026_01_09_12_19_03_best_checkpoint_zod.pth[0m
Epoch: [208/76000], Batch: 0/1, Loss: 161.826, Trans_L2_m: 2.807, Yaw_err_deg: 0.009
Epoch: [209/76000], Batch: 0/1, Loss: 165.226, Trans_L2_m: 2.829, Yaw_err_deg: 0.006
Validation loss (homography): 1202.9265
[1;94mSave the best of 1202.926513671875, at checkpoints/2026_01_09_12_19_03_best_checkpoint_zod.pth[0m
Epoch: [210/76000], Batch: 0/1, Loss: 165.800, Trans_L2_m: 2.795, Yaw_err_deg: 0.023
Epoch: [211/76000], Batch: 0/1, Loss: 163.647, Trans_L2_m: 2.792, Yaw_err_deg: 0.029
Validation loss (homography): 1202.1487
[1;94mSave the best of 1202.148681640625, at checkpoints/2026_01_09_12_19_03_best_checkpoint_zod.pth[0m
Epoch: [212/76000], Batch: 0/1, Loss: 165.542, Trans_L2_m: 2.800, Yaw_err_deg: 0.026
Epoch: [213/76000], Batch: 0/1, Loss: 161.355, Trans_L2_m: 2.782, Yaw_err_deg: 0.035
Validation loss (homography): 1199.5784
[1;94mSave the best of 1199.578369140625, at checkpoints/2026_01_09_12_19_03_best_checkpoint_zod.pth[0m
Epoch: [214/76000], Batch: 0/1, Loss: 161.586, Trans_L2_m: 2.779, Yaw_err_deg: 0.016
Epoch: [215/76000], Batch: 0/1, Loss: 163.168, Trans_L2_m: 2.775, Yaw_err_deg: 0.023
Validation loss (homography): 1197.9734
[1;94mSave the best of 1197.973388671875, at checkpoints/2026_01_09_12_19_03_best_checkpoint_zod.pth[0m
Epoch: [216/76000], Batch: 0/1, Loss: 165.174, Trans_L2_m: 2.771, Yaw_err_deg: 0.022
Epoch: [217/76000], Batch: 0/1, Loss: 191.641, Trans_L2_m: 2.756, Yaw_err_deg: 0.013
Validation loss (homography): 1193.5485
[1;94mSave the best of 1193.5484619140625, at checkpoints/2026_01_09_12_19_03_best_checkpoint_zod.pth[0m
Epoch: [218/76000], Batch: 0/1, Loss: 184.855, Trans_L2_m: 2.756, Yaw_err_deg: 0.002
Epoch: [219/76000], Batch: 0/1, Loss: 164.964, Trans_L2_m: 2.766, Yaw_err_deg: 0.010
Validation loss (homography): 1188.8707
[1;94mSave the best of 1188.8707275390625, at checkpoints/2026_01_09_12_19_03_best_checkpoint_zod.pth[0m
Epoch: [220/76000], Batch: 0/1, Loss: 181.864, Trans_L2_m: 2.758, Yaw_err_deg: 0.006
Epoch: [221/76000], Batch: 0/1, Loss: 160.898, Trans_L2_m: 2.746, Yaw_err_deg: 0.007
Validation loss (homography): 1184.5320
[1;94mSave the best of 1184.531982421875, at checkpoints/2026_01_09_12_19_03_best_checkpoint_zod.pth[0m
Epoch: [222/76000], Batch: 0/1, Loss: 171.063, Trans_L2_m: 2.743, Yaw_err_deg: 0.001
Epoch: [223/76000], Batch: 0/1, Loss: 161.772, Trans_L2_m: 2.738, Yaw_err_deg: 0.007
Validation loss (homography): 1180.4475
[1;94mSave the best of 1180.447509765625, at checkpoints/2026_01_09_12_19_03_best_checkpoint_zod.pth[0m
Epoch: [224/76000], Batch: 0/1, Loss: 161.419, Trans_L2_m: 2.723, Yaw_err_deg: 0.011
Epoch: [225/76000], Batch: 0/1, Loss: 176.545, Trans_L2_m: 2.806, Yaw_err_deg: 0.016
Validation loss (homography): 1177.0450
[1;94mSave the best of 1177.0450439453125, at checkpoints/2026_01_09_12_19_03_best_checkpoint_zod.pth[0m
Epoch: [226/76000], Batch: 0/1, Loss: 160.436, Trans_L2_m: 2.725, Yaw_err_deg: 0.012
Epoch: [227/76000], Batch: 0/1, Loss: 160.071, Trans_L2_m: 2.711, Yaw_err_deg: 0.020
Validation loss (homography): 1174.8997
[1;94mSave the best of 1174.899658203125, at checkpoints/2026_01_09_12_19_03_best_checkpoint_zod.pth[0m
Epoch: [228/76000], Batch: 0/1, Loss: 177.286, Trans_L2_m: 2.762, Yaw_err_deg: 0.039
Epoch: [229/76000], Batch: 0/1, Loss: 173.876, Trans_L2_m: 2.722, Yaw_err_deg: 0.017
Validation loss (homography): 1174.6693
[1;94mSave the best of 1174.6693115234375, at checkpoints/2026_01_09_12_19_03_best_checkpoint_zod.pth[0m
Epoch: [230/76000], Batch: 0/1, Loss: 161.610, Trans_L2_m: 2.726, Yaw_err_deg: 0.038
Epoch: [231/76000], Batch: 0/1, Loss: 166.587, Trans_L2_m: 2.746, Yaw_err_deg: 0.006
Validation loss (homography): 1172.0227
[1;94mSave the best of 1172.022705078125, at checkpoints/2026_01_09_12_19_03_best_checkpoint_zod.pth[0m
Epoch: [232/76000], Batch: 0/1, Loss: 158.816, Trans_L2_m: 2.698, Yaw_err_deg: 0.019
Epoch: [233/76000], Batch: 0/1, Loss: 182.452, Trans_L2_m: 2.694, Yaw_err_deg: 0.016
Validation loss (homography): 1167.8733
[1;94mSave the best of 1167.873291015625, at checkpoints/2026_01_09_12_19_03_best_checkpoint_zod.pth[0m
Epoch: [234/76000], Batch: 0/1, Loss: 167.669, Trans_L2_m: 2.686, Yaw_err_deg: 0.001
Epoch: [235/76000], Batch: 0/1, Loss: 161.985, Trans_L2_m: 2.687, Yaw_err_deg: 0.006
Validation loss (homography): 1161.7822
[1;94mSave the best of 1161.7822265625, at checkpoints/2026_01_09_12_19_03_best_checkpoint_zod.pth[0m
Epoch: [236/76000], Batch: 0/1, Loss: 158.670, Trans_L2_m: 2.685, Yaw_err_deg: 0.008
Epoch: [237/76000], Batch: 0/1, Loss: 159.815, Trans_L2_m: 2.670, Yaw_err_deg: 0.003
Validation loss (homography): 1154.3375
[1;94mSave the best of 1154.3375244140625, at checkpoints/2026_01_09_12_19_03_best_checkpoint_zod.pth[0m
Epoch: [238/76000], Batch: 0/1, Loss: 158.512, Trans_L2_m: 2.658, Yaw_err_deg: 0.003
Epoch: [239/76000], Batch: 0/1, Loss: 158.427, Trans_L2_m: 2.670, Yaw_err_deg: 0.010
Validation loss (homography): 1150.0167
[1;94mSave the best of 1150.0167236328125, at checkpoints/2026_01_09_12_19_03_best_checkpoint_zod.pth[0m
Epoch: [240/76000], Batch: 0/1, Loss: 158.863, Trans_L2_m: 2.645, Yaw_err_deg: 0.020
Epoch: [241/76000], Batch: 0/1, Loss: 158.833, Trans_L2_m: 2.645, Yaw_err_deg: 0.025
Validation loss (homography): 1144.2856
[1;94mSave the best of 1144.28564453125, at checkpoints/2026_01_09_12_19_03_best_checkpoint_zod.pth[0m
Epoch: [242/76000], Batch: 0/1, Loss: 157.481, Trans_L2_m: 2.640, Yaw_err_deg: 0.030
Epoch: [243/76000], Batch: 0/1, Loss: 156.887, Trans_L2_m: 2.631, Yaw_err_deg: 0.030
Validation loss (homography): 1138.9823
[1;94mSave the best of 1138.9822998046875, at checkpoints/2026_01_09_12_19_03_best_checkpoint_zod.pth[0m
Epoch: [244/76000], Batch: 0/1, Loss: 156.808, Trans_L2_m: 2.621, Yaw_err_deg: 0.019
Epoch: [245/76000], Batch: 0/1, Loss: 157.889, Trans_L2_m: 2.610, Yaw_err_deg: 0.012
Validation loss (homography): 1131.8309
[1;94mSave the best of 1131.8309326171875, at checkpoints/2026_01_09_12_19_03_best_checkpoint_zod.pth[0m
Epoch: [246/76000], Batch: 0/1, Loss: 157.172, Trans_L2_m: 2.618, Yaw_err_deg: 0.007
Epoch: [247/76000], Batch: 0/1, Loss: 157.326, Trans_L2_m: 2.607, Yaw_err_deg: 0.002
Validation loss (homography): 1125.6830
[1;94mSave the best of 1125.6829833984375, at checkpoints/2026_01_09_12_19_03_best_checkpoint_zod.pth[0m
Epoch: [248/76000], Batch: 0/1, Loss: 155.955, Trans_L2_m: 2.598, Yaw_err_deg: 0.000
Epoch: [249/76000], Batch: 0/1, Loss: 156.929, Trans_L2_m: 2.581, Yaw_err_deg: 0.003
Validation loss (homography): 1125.3291
[1;94mSave the best of 1125.3291015625, at checkpoints/2026_01_09_12_19_03_best_checkpoint_zod.pth[0m
Epoch: [250/76000], Batch: 0/1, Loss: 162.645, Trans_L2_m: 2.630, Yaw_err_deg: 0.012
Epoch: [251/76000], Batch: 0/1, Loss: 162.256, Trans_L2_m: 2.611, Yaw_err_deg: 0.003
Validation loss (homography): 1126.1510
[1;91mVal has no improvement vs 1125.3291015625![0m
Epoch: [252/76000], Batch: 0/1, Loss: 161.670, Trans_L2_m: 2.610, Yaw_err_deg: 0.030
Epoch: [253/76000], Batch: 0/1, Loss: 166.104, Trans_L2_m: 2.608, Yaw_err_deg: 0.007
Validation loss (homography): 1127.1923
[1;91mVal has no improvement vs 1125.3291015625![0m
Epoch: [254/76000], Batch: 0/1, Loss: 156.509, Trans_L2_m: 2.579, Yaw_err_deg: 0.002
Epoch: [255/76000], Batch: 0/1, Loss: 163.293, Trans_L2_m: 2.583, Yaw_err_deg: 0.008
Validation loss (homography): 1125.8313
[1;91mVal has no improvement vs 1125.3291015625![0m
Epoch: [256/76000], Batch: 0/1, Loss: 158.751, Trans_L2_m: 2.567, Yaw_err_deg: 0.018
Epoch: [257/76000], Batch: 0/1, Loss: 155.660, Trans_L2_m: 2.556, Yaw_err_deg: 0.027
Validation loss (homography): 1121.9718
[1;94mSave the best of 1121.9718017578125, at checkpoints/2026_01_09_12_19_03_best_checkpoint_zod.pth[0m
Epoch: [258/76000], Batch: 0/1, Loss: 159.451, Trans_L2_m: 2.546, Yaw_err_deg: 0.013
Epoch: [259/76000], Batch: 0/1, Loss: 156.253, Trans_L2_m: 2.531, Yaw_err_deg: 0.011
Validation loss (homography): 1117.6692
[1;94mSave the best of 1117.669189453125, at checkpoints/2026_01_09_12_19_03_best_checkpoint_zod.pth[0m
Epoch: [260/76000], Batch: 0/1, Loss: 155.332, Trans_L2_m: 2.542, Yaw_err_deg: 0.009
Epoch: [261/76000], Batch: 0/1, Loss: 156.793, Trans_L2_m: 2.540, Yaw_err_deg: 0.029
Validation loss (homography): 1115.3384
[1;94mSave the best of 1115.33837890625, at checkpoints/2026_01_09_12_19_03_best_checkpoint_zod.pth[0m
Epoch: [262/76000], Batch: 0/1, Loss: 155.536, Trans_L2_m: 2.517, Yaw_err_deg: 0.028
Epoch: [263/76000], Batch: 0/1, Loss: 155.071, Trans_L2_m: 2.517, Yaw_err_deg: 0.014
Validation loss (homography): 1113.9742
[1;94mSave the best of 1113.9742431640625, at checkpoints/2026_01_09_12_19_03_best_checkpoint_zod.pth[0m
Epoch: [264/76000], Batch: 0/1, Loss: 153.629, Trans_L2_m: 2.510, Yaw_err_deg: 0.020
Epoch: [265/76000], Batch: 0/1, Loss: 158.528, Trans_L2_m: 2.494, Yaw_err_deg: 0.021
Validation loss (homography): 1111.4816
[1;94mSave the best of 1111.4815673828125, at checkpoints/2026_01_09_12_19_03_best_checkpoint_zod.pth[0m
Epoch: [266/76000], Batch: 0/1, Loss: 173.327, Trans_L2_m: 2.508, Yaw_err_deg: 0.011
Epoch: [267/76000], Batch: 0/1, Loss: 153.153, Trans_L2_m: 2.485, Yaw_err_deg: 0.011
Validation loss (homography): 1109.6436
[1;94mSave the best of 1109.6435546875, at checkpoints/2026_01_09_12_19_03_best_checkpoint_zod.pth[0m
Epoch: [268/76000], Batch: 0/1, Loss: 157.233, Trans_L2_m: 2.480, Yaw_err_deg: 0.007
Epoch: [269/76000], Batch: 0/1, Loss: 160.316, Trans_L2_m: 2.475, Yaw_err_deg: 0.002
Validation loss (homography): 1108.7230
[1;94mSave the best of 1108.7230224609375, at checkpoints/2026_01_09_12_19_03_best_checkpoint_zod.pth[0m
Epoch: [270/76000], Batch: 0/1, Loss: 155.009, Trans_L2_m: 2.467, Yaw_err_deg: 0.007
Epoch: [271/76000], Batch: 0/1, Loss: 168.266, Trans_L2_m: 2.470, Yaw_err_deg: 0.016
Validation loss (homography): 1108.9727
[1;91mVal has no improvement vs 1108.7230224609375![0m
Epoch: [272/76000], Batch: 0/1, Loss: 159.795, Trans_L2_m: 2.460, Yaw_err_deg: 0.004
Epoch: [273/76000], Batch: 0/1, Loss: 154.435, Trans_L2_m: 2.455, Yaw_err_deg: 0.004
Validation loss (homography): 1108.8223
[1;91mVal has no improvement vs 1108.7230224609375![0m
Epoch: [274/76000], Batch: 0/1, Loss: 154.457, Trans_L2_m: 2.453, Yaw_err_deg: 0.006
Epoch: [275/76000], Batch: 0/1, Loss: 153.147, Trans_L2_m: 2.456, Yaw_err_deg: 0.012
Validation loss (homography): 1108.5394
[1;94mSave the best of 1108.5394287109375, at checkpoints/2026_01_09_12_19_03_best_checkpoint_zod.pth[0m
Epoch: [276/76000], Batch: 0/1, Loss: 158.567, Trans_L2_m: 2.439, Yaw_err_deg: 0.004
Epoch: [277/76000], Batch: 0/1, Loss: 152.058, Trans_L2_m: 2.434, Yaw_err_deg: 0.013
Validation loss (homography): 1107.0325
[1;94mSave the best of 1107.032470703125, at checkpoints/2026_01_09_12_19_03_best_checkpoint_zod.pth[0m
Epoch: [278/76000], Batch: 0/1, Loss: 152.854, Trans_L2_m: 2.425, Yaw_err_deg: 0.013
Epoch: [279/76000], Batch: 0/1, Loss: 158.227, Trans_L2_m: 2.440, Yaw_err_deg: 0.004
Validation loss (homography): 1099.3608
[1;94mSave the best of 1099.36083984375, at checkpoints/2026_01_09_12_19_03_best_checkpoint_zod.pth[0m
Epoch: [280/76000], Batch: 0/1, Loss: 153.184, Trans_L2_m: 2.421, Yaw_err_deg: 0.010
Epoch: [281/76000], Batch: 0/1, Loss: 164.206, Trans_L2_m: 2.414, Yaw_err_deg: 0.020
Validation loss (homography): 1094.7863
[1;94mSave the best of 1094.7862548828125, at checkpoints/2026_01_09_12_19_03_best_checkpoint_zod.pth[0m
Epoch: [282/76000], Batch: 0/1, Loss: 156.638, Trans_L2_m: 2.411, Yaw_err_deg: 0.018
Epoch: [283/76000], Batch: 0/1, Loss: 153.185, Trans_L2_m: 2.411, Yaw_err_deg: 0.006
Validation loss (homography): 1094.0255
[1;94mSave the best of 1094.0255126953125, at checkpoints/2026_01_09_12_19_03_best_checkpoint_zod.pth[0m
Epoch: [284/76000], Batch: 0/1, Loss: 164.700, Trans_L2_m: 2.430, Yaw_err_deg: 0.000
Epoch: [285/76000], Batch: 0/1, Loss: 160.856, Trans_L2_m: 2.433, Yaw_err_deg: 0.004
Validation loss (homography): 1090.0142
[1;94mSave the best of 1090.01416015625, at checkpoints/2026_01_09_12_19_03_best_checkpoint_zod.pth[0m
Epoch: [286/76000], Batch: 0/1, Loss: 165.269, Trans_L2_m: 2.396, Yaw_err_deg: 0.014
Epoch: [287/76000], Batch: 0/1, Loss: 169.264, Trans_L2_m: 2.390, Yaw_err_deg: 0.004
Validation loss (homography): 1089.3865
[1;94mSave the best of 1089.386474609375, at checkpoints/2026_01_09_12_19_03_best_checkpoint_zod.pth[0m
Epoch: [288/76000], Batch: 0/1, Loss: 155.854, Trans_L2_m: 2.386, Yaw_err_deg: 0.001
Epoch: [289/76000], Batch: 0/1, Loss: 152.857, Trans_L2_m: 2.382, Yaw_err_deg: 0.003
Validation loss (homography): 1092.9368
[1;91mVal has no improvement vs 1089.386474609375![0m
Epoch: [290/76000], Batch: 0/1, Loss: 150.286, Trans_L2_m: 2.378, Yaw_err_deg: 0.005
Epoch: [291/76000], Batch: 0/1, Loss: 150.459, Trans_L2_m: 2.369, Yaw_err_deg: 0.009
Validation loss (homography): 1088.1510
[1;94mSave the best of 1088.1510009765625, at checkpoints/2026_01_09_12_19_03_best_checkpoint_zod.pth[0m
Epoch: [292/76000], Batch: 0/1, Loss: 154.436, Trans_L2_m: 2.361, Yaw_err_deg: 0.005
Epoch: [293/76000], Batch: 0/1, Loss: 156.385, Trans_L2_m: 2.359, Yaw_err_deg: 0.004
Validation loss (homography): 1083.5739
[1;94mSave the best of 1083.5738525390625, at checkpoints/2026_01_09_12_19_03_best_checkpoint_zod.pth[0m
Epoch: [294/76000], Batch: 0/1, Loss: 151.893, Trans_L2_m: 2.357, Yaw_err_deg: 0.004
Epoch: [295/76000], Batch: 0/1, Loss: 155.826, Trans_L2_m: 2.359, Yaw_err_deg: 0.013
Validation loss (homography): 1083.7501
[1;91mVal has no improvement vs 1083.5738525390625![0m
Epoch: [296/76000], Batch: 0/1, Loss: 151.665, Trans_L2_m: 2.347, Yaw_err_deg: 0.011
Epoch: [297/76000], Batch: 0/1, Loss: 150.548, Trans_L2_m: 2.337, Yaw_err_deg: 0.007
Validation loss (homography): 1086.1638
[1;91mVal has no improvement vs 1083.5738525390625![0m
Epoch: [298/76000], Batch: 0/1, Loss: 149.677, Trans_L2_m: 2.332, Yaw_err_deg: 0.010
Epoch: [299/76000], Batch: 0/1, Loss: 148.595, Trans_L2_m: 2.323, Yaw_err_deg: 0.008
Validation loss (homography): 1086.6554
[1;91mVal has no improvement vs 1083.5738525390625![0m
Epoch: [300/76000], Batch: 0/1, Loss: 153.331, Trans_L2_m: 2.321, Yaw_err_deg: 0.001
Epoch: [301/76000], Batch: 0/1, Loss: 150.014, Trans_L2_m: 2.314, Yaw_err_deg: 0.001
Validation loss (homography): 1084.3342
[1;91mVal has no improvement vs 1083.5738525390625![0m
Epoch: [302/76000], Batch: 0/1, Loss: 154.425, Trans_L2_m: 2.305, Yaw_err_deg: 0.009
Epoch: [303/76000], Batch: 0/1, Loss: 154.575, Trans_L2_m: 2.307, Yaw_err_deg: 0.009
Validation loss (homography): 1084.0801
[1;91mVal has no improvement vs 1083.5738525390625![0m
Epoch: [304/76000], Batch: 0/1, Loss: 152.117, Trans_L2_m: 2.303, Yaw_err_deg: 0.010
Epoch: [305/76000], Batch: 0/1, Loss: 151.170, Trans_L2_m: 2.291, Yaw_err_deg: 0.020
Validation loss (homography): 1084.0615
[1;91mVal has no improvement vs 1083.5738525390625![0m
Epoch: [306/76000], Batch: 0/1, Loss: 147.968, Trans_L2_m: 2.288, Yaw_err_deg: 0.019
Epoch: [307/76000], Batch: 0/1, Loss: 148.525, Trans_L2_m: 2.274, Yaw_err_deg: 0.016
Validation loss (homography): 1086.5654
[1;91mVal has no improvement vs 1083.5738525390625![0m
Epoch: [308/76000], Batch: 0/1, Loss: 147.133, Trans_L2_m: 2.266, Yaw_err_deg: 0.015
Epoch: [309/76000], Batch: 0/1, Loss: 146.913, Trans_L2_m: 2.257, Yaw_err_deg: 0.012
Validation loss (homography): 1085.7339
[1;91mVal has no improvement vs 1083.5738525390625![0m
Epoch: [310/76000], Batch: 0/1, Loss: 146.732, Trans_L2_m: 2.245, Yaw_err_deg: 0.002
Epoch: [311/76000], Batch: 0/1, Loss: 146.531, Trans_L2_m: 2.240, Yaw_err_deg: 0.005
Validation loss (homography): 1083.2719
[1;94mSave the best of 1083.2718505859375, at checkpoints/2026_01_09_12_19_03_best_checkpoint_zod.pth[0m
Epoch: [312/76000], Batch: 0/1, Loss: 146.505, Trans_L2_m: 2.230, Yaw_err_deg: 0.014
Epoch: [313/76000], Batch: 0/1, Loss: 147.039, Trans_L2_m: 2.218, Yaw_err_deg: 0.000
Validation loss (homography): 1082.1448
[1;94mSave the best of 1082.144775390625, at checkpoints/2026_01_09_12_19_03_best_checkpoint_zod.pth[0m
Epoch: [314/76000], Batch: 0/1, Loss: 146.645, Trans_L2_m: 2.210, Yaw_err_deg: 0.004
Epoch: [315/76000], Batch: 0/1, Loss: 147.872, Trans_L2_m: 2.197, Yaw_err_deg: 0.007
Validation loss (homography): 1080.4979
[1;94mSave the best of 1080.4979248046875, at checkpoints/2026_01_09_12_19_03_best_checkpoint_zod.pth[0m
Epoch: [316/76000], Batch: 0/1, Loss: 145.453, Trans_L2_m: 2.192, Yaw_err_deg: 0.005
Epoch: [317/76000], Batch: 0/1, Loss: 149.418, Trans_L2_m: 2.178, Yaw_err_deg: 0.011
Validation loss (homography): 1080.5435
[1;91mVal has no improvement vs 1080.4979248046875![0m
Epoch: [318/76000], Batch: 0/1, Loss: 146.169, Trans_L2_m: 2.171, Yaw_err_deg: 0.021
Epoch: [319/76000], Batch: 0/1, Loss: 146.483, Trans_L2_m: 2.164, Yaw_err_deg: 0.010
Validation loss (homography): 1078.9647
[1;94mSave the best of 1078.9647216796875, at checkpoints/2026_01_09_12_19_03_best_checkpoint_zod.pth[0m
Epoch: [320/76000], Batch: 0/1, Loss: 144.505, Trans_L2_m: 2.151, Yaw_err_deg: 0.025
Epoch: [321/76000], Batch: 0/1, Loss: 144.991, Trans_L2_m: 2.144, Yaw_err_deg: 0.010
Validation loss (homography): 1072.6024
[1;94mSave the best of 1072.6024169921875, at checkpoints/2026_01_09_12_19_03_best_checkpoint_zod.pth[0m
Epoch: [322/76000], Batch: 0/1, Loss: 145.371, Trans_L2_m: 2.139, Yaw_err_deg: 0.020
Epoch: [323/76000], Batch: 0/1, Loss: 149.400, Trans_L2_m: 2.127, Yaw_err_deg: 0.017
Validation loss (homography): 1066.3605
[1;94mSave the best of 1066.3604736328125, at checkpoints/2026_01_09_12_19_03_best_checkpoint_zod.pth[0m
Epoch: [324/76000], Batch: 0/1, Loss: 143.587, Trans_L2_m: 2.118, Yaw_err_deg: 0.011
Epoch: [325/76000], Batch: 0/1, Loss: 150.449, Trans_L2_m: 2.107, Yaw_err_deg: 0.013
Validation loss (homography): 1059.5864
[1;94mSave the best of 1059.58642578125, at checkpoints/2026_01_09_12_19_03_best_checkpoint_zod.pth[0m
Epoch: [326/76000], Batch: 0/1, Loss: 151.322, Trans_L2_m: 2.098, Yaw_err_deg: 0.012
Epoch: [327/76000], Batch: 0/1, Loss: 145.926, Trans_L2_m: 2.092, Yaw_err_deg: 0.006
Validation loss (homography): 1055.4663
[1;94mSave the best of 1055.46630859375, at checkpoints/2026_01_09_12_19_03_best_checkpoint_zod.pth[0m
Epoch: [328/76000], Batch: 0/1, Loss: 142.539, Trans_L2_m: 2.084, Yaw_err_deg: 0.008
Epoch: [329/76000], Batch: 0/1, Loss: 142.295, Trans_L2_m: 2.072, Yaw_err_deg: 0.004
Validation loss (homography): 1057.0223
[1;91mVal has no improvement vs 1055.46630859375![0m
Epoch: [330/76000], Batch: 0/1, Loss: 143.234, Trans_L2_m: 2.059, Yaw_err_deg: 0.002
Epoch: [331/76000], Batch: 0/1, Loss: 142.010, Trans_L2_m: 2.051, Yaw_err_deg: 0.000
Validation loss (homography): 1057.5917
[1;91mVal has no improvement vs 1055.46630859375![0m
Epoch: [332/76000], Batch: 0/1, Loss: 142.250, Trans_L2_m: 2.048, Yaw_err_deg: 0.005
Epoch: [333/76000], Batch: 0/1, Loss: 144.160, Trans_L2_m: 2.032, Yaw_err_deg: 0.006
Validation loss (homography): 1054.5549
[1;94mSave the best of 1054.554931640625, at checkpoints/2026_01_09_12_19_03_best_checkpoint_zod.pth[0m
Epoch: [334/76000], Batch: 0/1, Loss: 142.024, Trans_L2_m: 2.029, Yaw_err_deg: 0.001
Epoch: [335/76000], Batch: 0/1, Loss: 142.911, Trans_L2_m: 2.015, Yaw_err_deg: 0.014
Validation loss (homography): 1050.9604
[1;94mSave the best of 1050.96044921875, at checkpoints/2026_01_09_12_19_03_best_checkpoint_zod.pth[0m
Epoch: [336/76000], Batch: 0/1, Loss: 142.373, Trans_L2_m: 2.015, Yaw_err_deg: 0.010
Epoch: [337/76000], Batch: 0/1, Loss: 145.598, Trans_L2_m: 2.005, Yaw_err_deg: 0.005
Validation loss (homography): 1050.5941
[1;94mSave the best of 1050.5941162109375, at checkpoints/2026_01_09_12_19_03_best_checkpoint_zod.pth[0m
Epoch: [338/76000], Batch: 0/1, Loss: 144.996, Trans_L2_m: 1.991, Yaw_err_deg: 0.022
Epoch: [339/76000], Batch: 0/1, Loss: 142.790, Trans_L2_m: 1.982, Yaw_err_deg: 0.024
Validation loss (homography): 1049.6007
[1;94mSave the best of 1049.6007080078125, at checkpoints/2026_01_09_12_19_03_best_checkpoint_zod.pth[0m
Epoch: [340/76000], Batch: 0/1, Loss: 140.400, Trans_L2_m: 1.973, Yaw_err_deg: 0.023
Epoch: [341/76000], Batch: 0/1, Loss: 140.030, Trans_L2_m: 1.962, Yaw_err_deg: 0.017
Validation loss (homography): 1047.3584
[1;94mSave the best of 1047.3583984375, at checkpoints/2026_01_09_12_19_03_best_checkpoint_zod.pth[0m
Epoch: [342/76000], Batch: 0/1, Loss: 143.186, Trans_L2_m: 1.959, Yaw_err_deg: 0.008
Epoch: [343/76000], Batch: 0/1, Loss: 141.427, Trans_L2_m: 1.944, Yaw_err_deg: 0.007
Validation loss (homography): 1043.9399
[1;94mSave the best of 1043.93994140625, at checkpoints/2026_01_09_12_19_03_best_checkpoint_zod.pth[0m
Epoch: [344/76000], Batch: 0/1, Loss: 140.099, Trans_L2_m: 1.943, Yaw_err_deg: 0.009
Epoch: [345/76000], Batch: 0/1, Loss: 140.289, Trans_L2_m: 1.930, Yaw_err_deg: 0.002
Validation loss (homography): 1038.7303
[1;94mSave the best of 1038.7303466796875, at checkpoints/2026_01_09_12_19_03_best_checkpoint_zod.pth[0m
Epoch: [346/76000], Batch: 0/1, Loss: 141.183, Trans_L2_m: 1.924, Yaw_err_deg: 0.008
Epoch: [347/76000], Batch: 0/1, Loss: 138.365, Trans_L2_m: 1.915, Yaw_err_deg: 0.010
Validation loss (homography): 1036.2267
[1;94mSave the best of 1036.2266845703125, at checkpoints/2026_01_09_12_19_03_best_checkpoint_zod.pth[0m
Epoch: [348/76000], Batch: 0/1, Loss: 138.357, Trans_L2_m: 1.908, Yaw_err_deg: 0.003
Epoch: [349/76000], Batch: 0/1, Loss: 140.856, Trans_L2_m: 1.908, Yaw_err_deg: 0.001
Validation loss (homography): 1040.5704
[1;91mVal has no improvement vs 1036.2266845703125![0m
Epoch: [350/76000], Batch: 0/1, Loss: 140.110, Trans_L2_m: 1.891, Yaw_err_deg: 0.001
Epoch: [351/76000], Batch: 0/1, Loss: 139.343, Trans_L2_m: 1.882, Yaw_err_deg: 0.015
Validation loss (homography): 1044.3137
[1;91mVal has no improvement vs 1036.2266845703125![0m
Epoch: [352/76000], Batch: 0/1, Loss: 138.134, Trans_L2_m: 1.880, Yaw_err_deg: 0.020
Epoch: [353/76000], Batch: 0/1, Loss: 138.146, Trans_L2_m: 1.864, Yaw_err_deg: 0.023
Validation loss (homography): 1041.9609
[1;91mVal has no improvement vs 1036.2266845703125![0m
Epoch: [354/76000], Batch: 0/1, Loss: 137.939, Trans_L2_m: 1.852, Yaw_err_deg: 0.016
Epoch: [355/76000], Batch: 0/1, Loss: 136.482, Trans_L2_m: 1.841, Yaw_err_deg: 0.016
Validation loss (homography): 1037.9115
[1;91mVal has no improvement vs 1036.2266845703125![0m
Epoch: [356/76000], Batch: 0/1, Loss: 137.978, Trans_L2_m: 1.828, Yaw_err_deg: 0.007
Epoch: [357/76000], Batch: 0/1, Loss: 136.614, Trans_L2_m: 1.818, Yaw_err_deg: 0.003
Validation loss (homography): 1035.0321
[1;94mSave the best of 1035.0321044921875, at checkpoints/2026_01_09_12_19_03_best_checkpoint_zod.pth[0m
Epoch: [358/76000], Batch: 0/1, Loss: 135.845, Trans_L2_m: 1.811, Yaw_err_deg: 0.004
Epoch: [359/76000], Batch: 0/1, Loss: 137.371, Trans_L2_m: 1.802, Yaw_err_deg: 0.009
Validation loss (homography): 1029.2511
[1;94mSave the best of 1029.2510986328125, at checkpoints/2026_01_09_12_19_03_best_checkpoint_zod.pth[0m
Epoch: [360/76000], Batch: 0/1, Loss: 136.687, Trans_L2_m: 1.789, Yaw_err_deg: 0.004
Epoch: [361/76000], Batch: 0/1, Loss: 135.198, Trans_L2_m: 1.778, Yaw_err_deg: 0.000
Validation loss (homography): 1026.1189
[1;94mSave the best of 1026.118896484375, at checkpoints/2026_01_09_12_19_03_best_checkpoint_zod.pth[0m
Epoch: [362/76000], Batch: 0/1, Loss: 135.509, Trans_L2_m: 1.764, Yaw_err_deg: 0.001
Epoch: [363/76000], Batch: 0/1, Loss: 142.774, Trans_L2_m: 1.753, Yaw_err_deg: 0.002
Validation loss (homography): 1026.3546
[1;91mVal has no improvement vs 1026.118896484375![0m
Epoch: [364/76000], Batch: 0/1, Loss: 134.487, Trans_L2_m: 1.745, Yaw_err_deg: 0.009
Epoch: [365/76000], Batch: 0/1, Loss: 136.671, Trans_L2_m: 1.735, Yaw_err_deg: 0.014
Validation loss (homography): 1024.9662
[1;94mSave the best of 1024.9661865234375, at checkpoints/2026_01_09_12_19_03_best_checkpoint_zod.pth[0m
Epoch: [366/76000], Batch: 0/1, Loss: 134.372, Trans_L2_m: 1.722, Yaw_err_deg: 0.016
Epoch: [367/76000], Batch: 0/1, Loss: 134.021, Trans_L2_m: 1.709, Yaw_err_deg: 0.020
Validation loss (homography): 1020.3167
[1;94mSave the best of 1020.316650390625, at checkpoints/2026_01_09_12_19_03_best_checkpoint_zod.pth[0m
Epoch: [368/76000], Batch: 0/1, Loss: 134.695, Trans_L2_m: 1.701, Yaw_err_deg: 0.012
Epoch: [369/76000], Batch: 0/1, Loss: 138.739, Trans_L2_m: 1.689, Yaw_err_deg: 0.014
Validation loss (homography): 1016.8629
[1;94mSave the best of 1016.8628540039062, at checkpoints/2026_01_09_12_19_03_best_checkpoint_zod.pth[0m
Epoch: [370/76000], Batch: 0/1, Loss: 133.240, Trans_L2_m: 1.680, Yaw_err_deg: 0.003
Epoch: [371/76000], Batch: 0/1, Loss: 135.389, Trans_L2_m: 1.672, Yaw_err_deg: 0.005
Validation loss (homography): 1015.8303
[1;94mSave the best of 1015.830322265625, at checkpoints/2026_01_09_12_19_03_best_checkpoint_zod.pth[0m
Epoch: [372/76000], Batch: 0/1, Loss: 132.616, Trans_L2_m: 1.655, Yaw_err_deg: 0.004
Epoch: [373/76000], Batch: 0/1, Loss: 132.355, Trans_L2_m: 1.644, Yaw_err_deg: 0.003
Validation loss (homography): 1015.3024
[1;94mSave the best of 1015.3024291992188, at checkpoints/2026_01_09_12_19_03_best_checkpoint_zod.pth[0m
Epoch: [374/76000], Batch: 0/1, Loss: 133.364, Trans_L2_m: 1.637, Yaw_err_deg: 0.008
Epoch: [375/76000], Batch: 0/1, Loss: 132.688, Trans_L2_m: 1.623, Yaw_err_deg: 0.001
Validation loss (homography): 1013.1539
[1;94mSave the best of 1013.1538696289062, at checkpoints/2026_01_09_12_19_03_best_checkpoint_zod.pth[0m
Epoch: [376/76000], Batch: 0/1, Loss: 131.576, Trans_L2_m: 1.613, Yaw_err_deg: 0.002
Epoch: [377/76000], Batch: 0/1, Loss: 131.887, Trans_L2_m: 1.602, Yaw_err_deg: 0.001
Validation loss (homography): 1008.3034
[1;94mSave the best of 1008.3034057617188, at checkpoints/2026_01_09_12_19_03_best_checkpoint_zod.pth[0m
Epoch: [378/76000], Batch: 0/1, Loss: 131.314, Trans_L2_m: 1.590, Yaw_err_deg: 0.010
Epoch: [379/76000], Batch: 0/1, Loss: 131.510, Trans_L2_m: 1.595, Yaw_err_deg: 0.019
Validation loss (homography): 1005.6284
[1;94mSave the best of 1005.62841796875, at checkpoints/2026_01_09_12_19_03_best_checkpoint_zod.pth[0m
Epoch: [380/76000], Batch: 0/1, Loss: 131.018, Trans_L2_m: 1.571, Yaw_err_deg: 0.012
Epoch: [381/76000], Batch: 0/1, Loss: 130.151, Trans_L2_m: 1.561, Yaw_err_deg: 0.006
Validation loss (homography): 1004.9576
[1;94mSave the best of 1004.9576416015625, at checkpoints/2026_01_09_12_19_03_best_checkpoint_zod.pth[0m
Epoch: [382/76000], Batch: 0/1, Loss: 140.907, Trans_L2_m: 1.558, Yaw_err_deg: 0.013
Epoch: [383/76000], Batch: 0/1, Loss: 131.226, Trans_L2_m: 1.537, Yaw_err_deg: 0.000
Validation loss (homography): 1003.0801
[1;94mSave the best of 1003.0801391601562, at checkpoints/2026_01_09_12_19_03_best_checkpoint_zod.pth[0m
Epoch: [384/76000], Batch: 0/1, Loss: 131.019, Trans_L2_m: 1.529, Yaw_err_deg: 0.007
Epoch: [385/76000], Batch: 0/1, Loss: 130.923, Trans_L2_m: 1.519, Yaw_err_deg: 0.003
Validation loss (homography): 1001.3839
[1;94mSave the best of 1001.3838500976562, at checkpoints/2026_01_09_12_19_03_best_checkpoint_zod.pth[0m
Epoch: [386/76000], Batch: 0/1, Loss: 133.933, Trans_L2_m: 1.514, Yaw_err_deg: 0.011
Epoch: [387/76000], Batch: 0/1, Loss: 128.836, Trans_L2_m: 1.498, Yaw_err_deg: 0.013
Validation loss (homography): 998.9312
[1;94mSave the best of 998.9312133789062, at checkpoints/2026_01_09_12_19_03_best_checkpoint_zod.pth[0m
Epoch: [388/76000], Batch: 0/1, Loss: 129.233, Trans_L2_m: 1.485, Yaw_err_deg: 0.003
Epoch: [389/76000], Batch: 0/1, Loss: 129.357, Trans_L2_m: 1.477, Yaw_err_deg: 0.006
Validation loss (homography): 997.1079
[1;94mSave the best of 997.10791015625, at checkpoints/2026_01_09_12_19_03_best_checkpoint_zod.pth[0m
Epoch: [390/76000], Batch: 0/1, Loss: 128.290, Trans_L2_m: 1.471, Yaw_err_deg: 0.000
Epoch: [391/76000], Batch: 0/1, Loss: 128.226, Trans_L2_m: 1.454, Yaw_err_deg: 0.005
Validation loss (homography): 994.3421
[1;94mSave the best of 994.3421020507812, at checkpoints/2026_01_09_12_19_03_best_checkpoint_zod.pth[0m
Epoch: [392/76000], Batch: 0/1, Loss: 128.199, Trans_L2_m: 1.444, Yaw_err_deg: 0.008
Epoch: [393/76000], Batch: 0/1, Loss: 128.905, Trans_L2_m: 1.432, Yaw_err_deg: 0.005
Validation loss (homography): 990.0303
[1;94mSave the best of 990.0302734375, at checkpoints/2026_01_09_12_19_03_best_checkpoint_zod.pth[0m
Epoch: [394/76000], Batch: 0/1, Loss: 127.632, Trans_L2_m: 1.421, Yaw_err_deg: 0.015
Epoch: [395/76000], Batch: 0/1, Loss: 126.925, Trans_L2_m: 1.408, Yaw_err_deg: 0.020
Validation loss (homography): 987.8936
[1;94mSave the best of 987.8936157226562, at checkpoints/2026_01_09_12_19_03_best_checkpoint_zod.pth[0m
Epoch: [396/76000], Batch: 0/1, Loss: 126.859, Trans_L2_m: 1.394, Yaw_err_deg: 0.014
Epoch: [397/76000], Batch: 0/1, Loss: 126.403, Trans_L2_m: 1.382, Yaw_err_deg: 0.004
Validation loss (homography): 988.7341
[1;91mVal has no improvement vs 987.8936157226562![0m
Epoch: [398/76000], Batch: 0/1, Loss: 126.094, Trans_L2_m: 1.368, Yaw_err_deg: 0.004
Epoch: [399/76000], Batch: 0/1, Loss: 125.762, Trans_L2_m: 1.352, Yaw_err_deg: 0.002
Validation loss (homography): 982.5418
[1;94mSave the best of 982.5418090820312, at checkpoints/2026_01_09_12_19_03_best_checkpoint_zod.pth[0m
Epoch: [400/76000], Batch: 0/1, Loss: 125.410, Trans_L2_m: 1.338, Yaw_err_deg: 0.007
Epoch: [401/76000], Batch: 0/1, Loss: 128.829, Trans_L2_m: 1.328, Yaw_err_deg: 0.005
Validation loss (homography): 974.7779
[1;94mSave the best of 974.7778930664062, at checkpoints/2026_01_09_12_19_03_best_checkpoint_zod.pth[0m
Epoch: [402/76000], Batch: 0/1, Loss: 124.804, Trans_L2_m: 1.309, Yaw_err_deg: 0.021
Epoch: [403/76000], Batch: 0/1, Loss: 124.479, Trans_L2_m: 1.292, Yaw_err_deg: 0.011
Validation loss (homography): 978.5631
[1;91mVal has no improvement vs 974.7778930664062![0m
Epoch: [404/76000], Batch: 0/1, Loss: 124.206, Trans_L2_m: 1.278, Yaw_err_deg: 0.011
Epoch: [405/76000], Batch: 0/1, Loss: 124.207, Trans_L2_m: 1.261, Yaw_err_deg: 0.012
Validation loss (homography): 977.3847
[1;91mVal has no improvement vs 974.7778930664062![0m
Epoch: [406/76000], Batch: 0/1, Loss: 126.222, Trans_L2_m: 1.247, Yaw_err_deg: 0.002
Epoch: [407/76000], Batch: 0/1, Loss: 125.285, Trans_L2_m: 1.233, Yaw_err_deg: 0.008
Validation loss (homography): 972.7789
[1;94mSave the best of 972.7789306640625, at checkpoints/2026_01_09_12_19_03_best_checkpoint_zod.pth[0m
Epoch: [408/76000], Batch: 0/1, Loss: 123.420, Trans_L2_m: 1.218, Yaw_err_deg: 0.008
Epoch: [409/76000], Batch: 0/1, Loss: 122.785, Trans_L2_m: 1.203, Yaw_err_deg: 0.017
Validation loss (homography): 966.8154
[1;94mSave the best of 966.8153686523438, at checkpoints/2026_01_09_12_19_03_best_checkpoint_zod.pth[0m
Epoch: [410/76000], Batch: 0/1, Loss: 122.407, Trans_L2_m: 1.188, Yaw_err_deg: 0.014
Epoch: [411/76000], Batch: 0/1, Loss: 126.431, Trans_L2_m: 1.183, Yaw_err_deg: 0.004
Validation loss (homography): 962.7904
[1;94mSave the best of 962.7904052734375, at checkpoints/2026_01_09_12_19_03_best_checkpoint_zod.pth[0m
Epoch: [412/76000], Batch: 0/1, Loss: 122.067, Trans_L2_m: 1.164, Yaw_err_deg: 0.002
Epoch: [413/76000], Batch: 0/1, Loss: 125.608, Trans_L2_m: 1.154, Yaw_err_deg: 0.007
Validation loss (homography): 960.5676
[1;94mSave the best of 960.5675659179688, at checkpoints/2026_01_09_12_19_03_best_checkpoint_zod.pth[0m
Epoch: [414/76000], Batch: 0/1, Loss: 121.608, Trans_L2_m: 1.138, Yaw_err_deg: 0.003
Epoch: [415/76000], Batch: 0/1, Loss: 122.686, Trans_L2_m: 1.122, Yaw_err_deg: 0.002
Validation loss (homography): 957.6910
[1;94mSave the best of 957.6909790039062, at checkpoints/2026_01_09_12_19_03_best_checkpoint_zod.pth[0m
Epoch: [416/76000], Batch: 0/1, Loss: 122.475, Trans_L2_m: 1.109, Yaw_err_deg: 0.006
Epoch: [417/76000], Batch: 0/1, Loss: 122.351, Trans_L2_m: 1.099, Yaw_err_deg: 0.015
Validation loss (homography): 954.9641
[1;94mSave the best of 954.9640502929688, at checkpoints/2026_01_09_12_19_03_best_checkpoint_zod.pth[0m
Epoch: [418/76000], Batch: 0/1, Loss: 135.556, Trans_L2_m: 1.091, Yaw_err_deg: 0.010
Epoch: [419/76000], Batch: 0/1, Loss: 122.342, Trans_L2_m: 1.083, Yaw_err_deg: 0.001
Validation loss (homography): 951.9824
[1;94mSave the best of 951.982421875, at checkpoints/2026_01_09_12_19_03_best_checkpoint_zod.pth[0m
Epoch: [420/76000], Batch: 0/1, Loss: 122.401, Trans_L2_m: 1.067, Yaw_err_deg: 0.007
Epoch: [421/76000], Batch: 0/1, Loss: 120.441, Trans_L2_m: 1.058, Yaw_err_deg: 0.007
Validation loss (homography): 947.8066
[1;94mSave the best of 947.8065795898438, at checkpoints/2026_01_09_12_19_03_best_checkpoint_zod.pth[0m
Epoch: [422/76000], Batch: 0/1, Loss: 119.945, Trans_L2_m: 1.047, Yaw_err_deg: 0.004
Epoch: [423/76000], Batch: 0/1, Loss: 121.909, Trans_L2_m: 1.038, Yaw_err_deg: 0.001
Validation loss (homography): 944.1534
[1;94mSave the best of 944.1533813476562, at checkpoints/2026_01_09_12_19_03_best_checkpoint_zod.pth[0m
Epoch: [424/76000], Batch: 0/1, Loss: 123.035, Trans_L2_m: 1.026, Yaw_err_deg: 0.005
Epoch: [425/76000], Batch: 0/1, Loss: 123.096, Trans_L2_m: 1.027, Yaw_err_deg: 0.002
Validation loss (homography): 942.4907
[1;94mSave the best of 942.49072265625, at checkpoints/2026_01_09_12_19_03_best_checkpoint_zod.pth[0m
Epoch: [426/76000], Batch: 0/1, Loss: 119.990, Trans_L2_m: 1.014, Yaw_err_deg: 0.000
Epoch: [427/76000], Batch: 0/1, Loss: 118.834, Trans_L2_m: 1.002, Yaw_err_deg: 0.007
Validation loss (homography): 942.0649
[1;94mSave the best of 942.0648803710938, at checkpoints/2026_01_09_12_19_03_best_checkpoint_zod.pth[0m
Epoch: [428/76000], Batch: 0/1, Loss: 122.567, Trans_L2_m: 0.989, Yaw_err_deg: 0.012
Epoch: [429/76000], Batch: 0/1, Loss: 118.793, Trans_L2_m: 0.982, Yaw_err_deg: 0.008
Validation loss (homography): 940.9006
[1;94mSave the best of 940.900634765625, at checkpoints/2026_01_09_12_19_03_best_checkpoint_zod.pth[0m
Epoch: [430/76000], Batch: 0/1, Loss: 119.456, Trans_L2_m: 0.971, Yaw_err_deg: 0.012
Epoch: [431/76000], Batch: 0/1, Loss: 118.475, Trans_L2_m: 0.963, Yaw_err_deg: 0.010
Validation loss (homography): 936.8798
[1;94mSave the best of 936.8797607421875, at checkpoints/2026_01_09_12_19_03_best_checkpoint_zod.pth[0m
Epoch: [432/76000], Batch: 0/1, Loss: 120.383, Trans_L2_m: 0.953, Yaw_err_deg: 0.008
Epoch: [433/76000], Batch: 0/1, Loss: 118.419, Trans_L2_m: 0.942, Yaw_err_deg: 0.001
Validation loss (homography): 934.5372
[1;94mSave the best of 934.5371704101562, at checkpoints/2026_01_09_12_19_03_best_checkpoint_zod.pth[0m
Epoch: [434/76000], Batch: 0/1, Loss: 121.111, Trans_L2_m: 0.933, Yaw_err_deg: 0.004
Epoch: [435/76000], Batch: 0/1, Loss: 124.491, Trans_L2_m: 0.926, Yaw_err_deg: 0.013
Validation loss (homography): 932.3120
[1;94mSave the best of 932.3119506835938, at checkpoints/2026_01_09_12_19_03_best_checkpoint_zod.pth[0m
Epoch: [436/76000], Batch: 0/1, Loss: 118.278, Trans_L2_m: 0.917, Yaw_err_deg: 0.002
Epoch: [437/76000], Batch: 0/1, Loss: 117.429, Trans_L2_m: 0.909, Yaw_err_deg: 0.002
Validation loss (homography): 933.4733
[1;91mVal has no improvement vs 932.3119506835938![0m
Epoch: [438/76000], Batch: 0/1, Loss: 119.857, Trans_L2_m: 0.900, Yaw_err_deg: 0.001
Epoch: [439/76000], Batch: 0/1, Loss: 117.185, Trans_L2_m: 0.891, Yaw_err_deg: 0.003
Validation loss (homography): 933.4362
[1;91mVal has no improvement vs 932.3119506835938![0m
Epoch: [440/76000], Batch: 0/1, Loss: 116.630, Trans_L2_m: 0.880, Yaw_err_deg: 0.004
Epoch: [441/76000], Batch: 0/1, Loss: 116.430, Trans_L2_m: 0.869, Yaw_err_deg: 0.008
Validation loss (homography): 927.4581
[1;94mSave the best of 927.4581298828125, at checkpoints/2026_01_09_12_19_03_best_checkpoint_zod.pth[0m
Epoch: [442/76000], Batch: 0/1, Loss: 116.903, Trans_L2_m: 0.859, Yaw_err_deg: 0.012
Epoch: [443/76000], Batch: 0/1, Loss: 116.061, Trans_L2_m: 0.851, Yaw_err_deg: 0.015
Validation loss (homography): 925.5711
[1;94mSave the best of 925.5711059570312, at checkpoints/2026_01_09_12_19_03_best_checkpoint_zod.pth[0m
Epoch: [444/76000], Batch: 0/1, Loss: 116.053, Trans_L2_m: 0.837, Yaw_err_deg: 0.001
Epoch: [445/76000], Batch: 0/1, Loss: 119.006, Trans_L2_m: 0.828, Yaw_err_deg: 0.015
Validation loss (homography): 925.7399
[1;91mVal has no improvement vs 925.5711059570312![0m
Epoch: [446/76000], Batch: 0/1, Loss: 115.426, Trans_L2_m: 0.814, Yaw_err_deg: 0.012
Epoch: [447/76000], Batch: 0/1, Loss: 115.115, Trans_L2_m: 0.801, Yaw_err_deg: 0.003
Validation loss (homography): 918.7090
[1;94mSave the best of 918.7090454101562, at checkpoints/2026_01_09_12_19_03_best_checkpoint_zod.pth[0m
Epoch: [448/76000], Batch: 0/1, Loss: 114.872, Trans_L2_m: 0.787, Yaw_err_deg: 0.011
Epoch: [449/76000], Batch: 0/1, Loss: 116.196, Trans_L2_m: 0.777, Yaw_err_deg: 0.007
Validation loss (homography): 918.6127
[1;94mSave the best of 918.6126708984375, at checkpoints/2026_01_09_12_19_03_best_checkpoint_zod.pth[0m
Epoch: [450/76000], Batch: 0/1, Loss: 114.634, Trans_L2_m: 0.762, Yaw_err_deg: 0.018
Epoch: [451/76000], Batch: 0/1, Loss: 115.587, Trans_L2_m: 0.747, Yaw_err_deg: 0.001
Validation loss (homography): 917.2979
[1;94mSave the best of 917.2979125976562, at checkpoints/2026_01_09_12_19_03_best_checkpoint_zod.pth[0m
Epoch: [452/76000], Batch: 0/1, Loss: 117.145, Trans_L2_m: 0.735, Yaw_err_deg: 0.005
Epoch: [453/76000], Batch: 0/1, Loss: 114.327, Trans_L2_m: 0.725, Yaw_err_deg: 0.005
Validation loss (homography): 916.5400
[1;94mSave the best of 916.5400390625, at checkpoints/2026_01_09_12_19_03_best_checkpoint_zod.pth[0m
Epoch: [454/76000], Batch: 0/1, Loss: 114.631, Trans_L2_m: 0.710, Yaw_err_deg: 0.002
Epoch: [455/76000], Batch: 0/1, Loss: 113.380, Trans_L2_m: 0.697, Yaw_err_deg: 0.002
Validation loss (homography): 911.4584
[1;94mSave the best of 911.4584350585938, at checkpoints/2026_01_09_12_19_03_best_checkpoint_zod.pth[0m
Epoch: [456/76000], Batch: 0/1, Loss: 113.781, Trans_L2_m: 0.684, Yaw_err_deg: 0.001
Epoch: [457/76000], Batch: 0/1, Loss: 115.692, Trans_L2_m: 0.674, Yaw_err_deg: 0.000
Validation loss (homography): 906.9553
[1;94mSave the best of 906.955322265625, at checkpoints/2026_01_09_12_19_03_best_checkpoint_zod.pth[0m
Epoch: [458/76000], Batch: 0/1, Loss: 115.233, Trans_L2_m: 0.664, Yaw_err_deg: 0.001
Epoch: [459/76000], Batch: 0/1, Loss: 113.335, Trans_L2_m: 0.655, Yaw_err_deg: 0.010
Validation loss (homography): 909.5575
[1;91mVal has no improvement vs 906.955322265625![0m
Epoch: [460/76000], Batch: 0/1, Loss: 116.832, Trans_L2_m: 0.638, Yaw_err_deg: 0.008
Epoch: [461/76000], Batch: 0/1, Loss: 112.913, Trans_L2_m: 0.627, Yaw_err_deg: 0.012
Validation loss (homography): 911.2322
[1;91mVal has no improvement vs 906.955322265625![0m
Epoch: [462/76000], Batch: 0/1, Loss: 112.339, Trans_L2_m: 0.615, Yaw_err_deg: 0.013
Epoch: [463/76000], Batch: 0/1, Loss: 112.257, Trans_L2_m: 0.604, Yaw_err_deg: 0.009
Validation loss (homography): 907.2219
[1;91mVal has no improvement vs 906.955322265625![0m
Epoch: [464/76000], Batch: 0/1, Loss: 111.742, Trans_L2_m: 0.594, Yaw_err_deg: 0.002
Epoch: [465/76000], Batch: 0/1, Loss: 114.602, Trans_L2_m: 0.583, Yaw_err_deg: 0.008
Validation loss (homography): 907.5815
[1;91mVal has no improvement vs 906.955322265625![0m
Epoch: [466/76000], Batch: 0/1, Loss: 111.736, Trans_L2_m: 0.570, Yaw_err_deg: 0.006
Epoch: [467/76000], Batch: 0/1, Loss: 111.767, Trans_L2_m: 0.561, Yaw_err_deg: 0.009
Validation loss (homography): 910.0087
[1;91mVal has no improvement vs 906.955322265625![0m
Epoch: [468/76000], Batch: 0/1, Loss: 122.678, Trans_L2_m: 0.549, Yaw_err_deg: 0.009
Epoch: [469/76000], Batch: 0/1, Loss: 110.870, Trans_L2_m: 0.536, Yaw_err_deg: 0.010
Validation loss (homography): 908.0006
[1;91mVal has no improvement vs 906.955322265625![0m
Epoch: [470/76000], Batch: 0/1, Loss: 110.844, Trans_L2_m: 0.524, Yaw_err_deg: 0.006
Epoch: [471/76000], Batch: 0/1, Loss: 110.530, Trans_L2_m: 0.513, Yaw_err_deg: 0.008
Validation loss (homography): 901.6554
[1;94mSave the best of 901.6553955078125, at checkpoints/2026_01_09_12_19_03_best_checkpoint_zod.pth[0m
Epoch: [472/76000], Batch: 0/1, Loss: 111.696, Trans_L2_m: 0.504, Yaw_err_deg: 0.012
Epoch: [473/76000], Batch: 0/1, Loss: 110.884, Trans_L2_m: 0.492, Yaw_err_deg: 0.009
Validation loss (homography): 902.6968
[1;91mVal has no improvement vs 901.6553955078125![0m
Epoch: [474/76000], Batch: 0/1, Loss: 110.076, Trans_L2_m: 0.483, Yaw_err_deg: 0.003
Epoch: [475/76000], Batch: 0/1, Loss: 110.883, Trans_L2_m: 0.467, Yaw_err_deg: 0.000
Validation loss (homography): 906.2299
[1;91mVal has no improvement vs 901.6553955078125![0m
Epoch: [476/76000], Batch: 0/1, Loss: 109.611, Trans_L2_m: 0.454, Yaw_err_deg: 0.004
Epoch: [477/76000], Batch: 0/1, Loss: 109.397, Trans_L2_m: 0.446, Yaw_err_deg: 0.006
Validation loss (homography): 901.7402
[1;91mVal has no improvement vs 901.6553955078125![0m
Epoch: [478/76000], Batch: 0/1, Loss: 109.228, Trans_L2_m: 0.433, Yaw_err_deg: 0.009
Epoch: [479/76000], Batch: 0/1, Loss: 109.256, Trans_L2_m: 0.419, Yaw_err_deg: 0.004
Validation loss (homography): 894.1995
[1;94mSave the best of 894.1995239257812, at checkpoints/2026_01_09_12_19_03_best_checkpoint_zod.pth[0m
Epoch: [480/76000], Batch: 0/1, Loss: 109.226, Trans_L2_m: 0.408, Yaw_err_deg: 0.012
Epoch: [481/76000], Batch: 0/1, Loss: 108.693, Trans_L2_m: 0.395, Yaw_err_deg: 0.018
Validation loss (homography): 893.6444
[1;94mSave the best of 893.6444091796875, at checkpoints/2026_01_09_12_19_03_best_checkpoint_zod.pth[0m
Epoch: [482/76000], Batch: 0/1, Loss: 108.512, Trans_L2_m: 0.381, Yaw_err_deg: 0.013
Epoch: [483/76000], Batch: 0/1, Loss: 108.884, Trans_L2_m: 0.366, Yaw_err_deg: 0.011
Validation loss (homography): 895.7982
[1;91mVal has no improvement vs 893.6444091796875![0m
Epoch: [484/76000], Batch: 0/1, Loss: 109.062, Trans_L2_m: 0.358, Yaw_err_deg: 0.002
Epoch: [485/76000], Batch: 0/1, Loss: 107.827, Trans_L2_m: 0.344, Yaw_err_deg: 0.008
Validation loss (homography): 888.5486
[1;94mSave the best of 888.5486450195312, at checkpoints/2026_01_09_12_19_03_best_checkpoint_zod.pth[0m
Epoch: [486/76000], Batch: 0/1, Loss: 108.147, Trans_L2_m: 0.332, Yaw_err_deg: 0.017
Epoch: [487/76000], Batch: 0/1, Loss: 107.432, Trans_L2_m: 0.322, Yaw_err_deg: 0.010
Validation loss (homography): 886.2434
[1;94mSave the best of 886.243408203125, at checkpoints/2026_01_09_12_19_03_best_checkpoint_zod.pth[0m
Epoch: [488/76000], Batch: 0/1, Loss: 109.658, Trans_L2_m: 0.306, Yaw_err_deg: 0.005
Epoch: [489/76000], Batch: 0/1, Loss: 107.388, Trans_L2_m: 0.293, Yaw_err_deg: 0.015
Validation loss (homography): 890.0365
[1;91mVal has no improvement vs 886.243408203125![0m
Epoch: [490/76000], Batch: 0/1, Loss: 106.871, Trans_L2_m: 0.279, Yaw_err_deg: 0.024
Epoch: [491/76000], Batch: 0/1, Loss: 108.385, Trans_L2_m: 0.264, Yaw_err_deg: 0.020
Validation loss (homography): 886.5634
[1;91mVal has no improvement vs 886.243408203125![0m
Epoch: [492/76000], Batch: 0/1, Loss: 107.314, Trans_L2_m: 0.255, Yaw_err_deg: 0.011
Epoch: [493/76000], Batch: 0/1, Loss: 108.017, Trans_L2_m: 0.250, Yaw_err_deg: 0.015
Validation loss (homography): 880.7551
[1;94mSave the best of 880.755126953125, at checkpoints/2026_01_09_12_19_03_best_checkpoint_zod.pth[0m
Epoch: [494/76000], Batch: 0/1, Loss: 108.044, Trans_L2_m: 0.238, Yaw_err_deg: 0.006
Epoch: [495/76000], Batch: 0/1, Loss: 106.562, Trans_L2_m: 0.227, Yaw_err_deg: 0.010
Validation loss (homography): 882.0807
[1;91mVal has no improvement vs 880.755126953125![0m
Epoch: [496/76000], Batch: 0/1, Loss: 106.360, Trans_L2_m: 0.212, Yaw_err_deg: 0.004
Epoch: [497/76000], Batch: 0/1, Loss: 106.103, Trans_L2_m: 0.197, Yaw_err_deg: 0.001
Validation loss (homography): 881.6495
[1;91mVal has no improvement vs 880.755126953125![0m
Epoch: [498/76000], Batch: 0/1, Loss: 106.008, Trans_L2_m: 0.187, Yaw_err_deg: 0.003
Epoch: [499/76000], Batch: 0/1, Loss: 107.336, Trans_L2_m: 0.180, Yaw_err_deg: 0.014
Validation loss (homography): 875.2467
[1;94mSave the best of 875.2467041015625, at checkpoints/2026_01_09_12_19_03_best_checkpoint_zod.pth[0m
Epoch: [500/76000], Batch: 0/1, Loss: 107.658, Trans_L2_m: 0.173, Yaw_err_deg: 0.019
Epoch: [501/76000], Batch: 0/1, Loss: 106.599, Trans_L2_m: 0.167, Yaw_err_deg: 0.023
Validation loss (homography): 875.5416
[1;91mVal has no improvement vs 875.2467041015625![0m
Epoch: [502/76000], Batch: 0/1, Loss: 105.891, Trans_L2_m: 0.152, Yaw_err_deg: 0.016
Epoch: [503/76000], Batch: 0/1, Loss: 105.145, Trans_L2_m: 0.136, Yaw_err_deg: 0.007
Validation loss (homography): 879.6673
[1;91mVal has no improvement vs 875.2467041015625![0m
Epoch: [504/76000], Batch: 0/1, Loss: 105.154, Trans_L2_m: 0.123, Yaw_err_deg: 0.003
Epoch: [505/76000], Batch: 0/1, Loss: 104.807, Trans_L2_m: 0.114, Yaw_err_deg: 0.012
Validation loss (homography): 875.8020
[1;91mVal has no improvement vs 875.2467041015625![0m
Epoch: [506/76000], Batch: 0/1, Loss: 104.593, Trans_L2_m: 0.108, Yaw_err_deg: 0.001
Epoch: [507/76000], Batch: 0/1, Loss: 104.133, Trans_L2_m: 0.104, Yaw_err_deg: 0.007
Validation loss (homography): 873.0978
[1;94mSave the best of 873.0977783203125, at checkpoints/2026_01_09_12_19_03_best_checkpoint_zod.pth[0m
Epoch: [508/76000], Batch: 0/1, Loss: 103.992, Trans_L2_m: 0.095, Yaw_err_deg: 0.008
Epoch: [509/76000], Batch: 0/1, Loss: 103.831, Trans_L2_m: 0.076, Yaw_err_deg: 0.002
Validation loss (homography): 878.3895
[1;91mVal has no improvement vs 873.0977783203125![0m
Epoch: [510/76000], Batch: 0/1, Loss: 103.970, Trans_L2_m: 0.055, Yaw_err_deg: 0.009
Epoch: [511/76000], Batch: 0/1, Loss: 103.434, Trans_L2_m: 0.043, Yaw_err_deg: 0.003
Validation loss (homography): 868.2333
[1;94mSave the best of 868.2332763671875, at checkpoints/2026_01_09_12_19_03_best_checkpoint_zod.pth[0m
Epoch: [512/76000], Batch: 0/1, Loss: 105.819, Trans_L2_m: 0.050, Yaw_err_deg: 0.002
Epoch: [513/76000], Batch: 0/1, Loss: 103.195, Trans_L2_m: 0.076, Yaw_err_deg: 0.017
Validation loss (homography): 865.6317
[1;94mSave the best of 865.6316528320312, at checkpoints/2026_01_09_12_19_03_best_checkpoint_zod.pth[0m
Epoch: [514/76000], Batch: 0/1, Loss: 102.952, Trans_L2_m: 0.055, Yaw_err_deg: 0.021
Epoch: [515/76000], Batch: 0/1, Loss: 103.740, Trans_L2_m: 0.024, Yaw_err_deg: 0.005
Validation loss (homography): 876.3425
[1;91mVal has no improvement vs 865.6316528320312![0m
Epoch: [516/76000], Batch: 0/1, Loss: 102.490, Trans_L2_m: 0.031, Yaw_err_deg: 0.010
Epoch: [517/76000], Batch: 0/1, Loss: 102.340, Trans_L2_m: 0.051, Yaw_err_deg: 0.008
Validation loss (homography): 854.9097
[1;94mSave the best of 854.9097290039062, at checkpoints/2026_01_09_12_19_03_best_checkpoint_zod.pth[0m
Epoch: [518/76000], Batch: 0/1, Loss: 103.281, Trans_L2_m: 0.088, Yaw_err_deg: 0.002
Epoch: [519/76000], Batch: 0/1, Loss: 102.576, Trans_L2_m: 0.131, Yaw_err_deg: 0.016
Validation loss (homography): 849.1741
[1;94mSave the best of 849.1741333007812, at checkpoints/2026_01_09_12_19_03_best_checkpoint_zod.pth[0m
Epoch: [520/76000], Batch: 0/1, Loss: 102.190, Trans_L2_m: 0.120, Yaw_err_deg: 0.018
Epoch: [521/76000], Batch: 0/1, Loss: 103.259, Trans_L2_m: 0.100, Yaw_err_deg: 0.008
Validation loss (homography): 868.1004
[1;91mVal has no improvement vs 849.1741333007812![0m
Epoch: [522/76000], Batch: 0/1, Loss: 101.890, Trans_L2_m: 0.115, Yaw_err_deg: 0.004
Epoch: [523/76000], Batch: 0/1, Loss: 106.609, Trans_L2_m: 0.124, Yaw_err_deg: 0.017
Validation loss (homography): 860.9269
[1;91mVal has no improvement vs 849.1741333007812![0m
Epoch: [524/76000], Batch: 0/1, Loss: 101.623, Trans_L2_m: 0.136, Yaw_err_deg: 0.004
Epoch: [525/76000], Batch: 0/1, Loss: 102.986, Trans_L2_m: 0.150, Yaw_err_deg: 0.014
Validation loss (homography): 843.6087
[1;94mSave the best of 843.6087036132812, at checkpoints/2026_01_09_12_19_03_best_checkpoint_zod.pth[0m
Epoch: [526/76000], Batch: 0/1, Loss: 101.292, Trans_L2_m: 0.181, Yaw_err_deg: 0.013
Epoch: [527/76000], Batch: 0/1, Loss: 100.746, Trans_L2_m: 0.187, Yaw_err_deg: 0.003
Validation loss (homography): 855.8898
[1;91mVal has no improvement vs 843.6087036132812![0m
Epoch: [528/76000], Batch: 0/1, Loss: 101.147, Trans_L2_m: 0.185, Yaw_err_deg: 0.002
Epoch: [529/76000], Batch: 0/1, Loss: 100.736, Trans_L2_m: 0.198, Yaw_err_deg: 0.004
Validation loss (homography): 859.2104
[1;91mVal has no improvement vs 843.6087036132812![0m
Epoch: [530/76000], Batch: 0/1, Loss: 100.438, Trans_L2_m: 0.210, Yaw_err_deg: 0.000
Epoch: [531/76000], Batch: 0/1, Loss: 100.449, Trans_L2_m: 0.238, Yaw_err_deg: 0.007
Validation loss (homography): 837.5331
[1;94mSave the best of 837.5330810546875, at checkpoints/2026_01_09_12_19_03_best_checkpoint_zod.pth[0m
Epoch: [532/76000], Batch: 0/1, Loss: 100.344, Trans_L2_m: 0.259, Yaw_err_deg: 0.011
Epoch: [533/76000], Batch: 0/1, Loss: 100.113, Trans_L2_m: 0.260, Yaw_err_deg: 0.004
Validation loss (homography): 851.2326
[1;91mVal has no improvement vs 837.5330810546875![0m
Epoch: [534/76000], Batch: 0/1, Loss: 100.184, Trans_L2_m: 0.262, Yaw_err_deg: 0.002
Epoch: [535/76000], Batch: 0/1, Loss: 99.470, Trans_L2_m: 0.277, Yaw_err_deg: 0.006
Validation loss (homography): 846.0811
[1;91mVal has no improvement vs 837.5330810546875![0m
Epoch: [536/76000], Batch: 0/1, Loss: 99.382, Trans_L2_m: 0.293, Yaw_err_deg: 0.005
Epoch: [537/76000], Batch: 0/1, Loss: 99.498, Trans_L2_m: 0.314, Yaw_err_deg: 0.011
Validation loss (homography): 835.2075
[1;94mSave the best of 835.2074584960938, at checkpoints/2026_01_09_12_19_03_best_checkpoint_zod.pth[0m
Epoch: [538/76000], Batch: 0/1, Loss: 106.459, Trans_L2_m: 0.327, Yaw_err_deg: 0.007
Epoch: [539/76000], Batch: 0/1, Loss: 99.901, Trans_L2_m: 0.343, Yaw_err_deg: 0.012
Validation loss (homography): 840.0513
[1;91mVal has no improvement vs 835.2074584960938![0m
Epoch: [540/76000], Batch: 0/1, Loss: 101.456, Trans_L2_m: 0.348, Yaw_err_deg: 0.003
Epoch: [541/76000], Batch: 0/1, Loss: 99.152, Trans_L2_m: 0.355, Yaw_err_deg: 0.003
Validation loss (homography): 849.8210
[1;91mVal has no improvement vs 835.2074584960938![0m
Epoch: [542/76000], Batch: 0/1, Loss: 99.781, Trans_L2_m: 0.364, Yaw_err_deg: 0.006
Epoch: [543/76000], Batch: 0/1, Loss: 98.993, Trans_L2_m: 0.378, Yaw_err_deg: 0.003
Validation loss (homography): 846.0249
[1;91mVal has no improvement vs 835.2074584960938![0m
Epoch: [544/76000], Batch: 0/1, Loss: 98.364, Trans_L2_m: 0.390, Yaw_err_deg: 0.005
Epoch: [545/76000], Batch: 0/1, Loss: 98.257, Trans_L2_m: 0.407, Yaw_err_deg: 0.006
Validation loss (homography): 832.1552
[1;94mSave the best of 832.1552124023438, at checkpoints/2026_01_09_12_19_03_best_checkpoint_zod.pth[0m
Epoch: [546/76000], Batch: 0/1, Loss: 98.685, Trans_L2_m: 0.418, Yaw_err_deg: 0.000
Epoch: [547/76000], Batch: 0/1, Loss: 98.740, Trans_L2_m: 0.432, Yaw_err_deg: 0.001
Validation loss (homography): 835.5136
[1;91mVal has no improvement vs 832.1552124023438![0m
